layer at (0,0) size 800x600
  RenderView at (0,0) size 800x600
layer at (0,0) size 800x600
  RenderBlock {HTML} at (0,0) size 800x600
    RenderBody {BODY} at (8,8) size 784x584
      RenderBlock {DIV} at (0,0) size 10x42
        RenderText {#text} at (0,0) size 25x17
          text run at (0,0) width 25: "Foo"
        RenderImage {IMG} at (0,17) size 25x25
      RenderBlock {DIV} at (0,42) size 10x42
        RenderText {#text} at (0,0) size 25x17
          text run at (0,0) width 25: "Foo"
        RenderMenuList {SELECT} at (2,19) size 52x21 [bgcolor=#FFFFFF]
          RenderBlock (anonymous) at (4,3) size 24x15
            RenderText at (0,0) size 24x15
              text run at (0,0) width 24: "One"
      RenderBlock {DIV} at (0,84) size 10x40
        RenderText {#text} at (0,0) size 25x17
          text run at (0,0) width 25: "Foo"
        RenderTextControl {INPUT} at (2,19) size 170x19
      RenderBlock {DIV} at (0,124) size 10x42
        RenderImage {IMG} at (0,0) size 25x25
        RenderText {#text} at (0,25) size 25x17
          text run at (0,25) width 25: "Foo"
      RenderBlock {DIV} at (0,166) size 10x42
        RenderMenuList {SELECT} at (2,2) size 52x21 [bgcolor=#FFFFFF]
          RenderBlock (anonymous) at (4,3) size 24x15
            RenderText at (0,0) size 24x15
              text run at (0,0) width 24: "One"
        RenderText {#text} at (0,25) size 25x17
          text run at (0,25) width 25: "Foo"
      RenderBlock {DIV} at (0,208) size 10x40
        RenderTextControl {INPUT} at (2,2) size 170x19
        RenderText {#text} at (0,23) size 25x17
          text run at (0,23) width 25: "Foo"
layer at (12,113) size 166x15
  RenderBlock {DIV} at (2,2) size 166x15
layer at (12,220) size 166x15
  RenderBlock {DIV} at (2,2) size 166x15
