layer at (0,0) size 800x600
  RenderView at (0,0) size 800x600
layer at (0,0) size 800x600
  RenderBlock {HTML} at (0,0) size 800x600
    RenderBody {BODY} at (8,8) size 784x584
      RenderBlock {P} at (0,0) size 784x17
        RenderText {#text} at (0,0) size 563x17
          text run at (0,0) width 563: "The following button elements should all be rendered on the left, with their text center justified."
      RenderBlock (anonymous) at (0,33) size 784x124
        RenderButton {BUTTON} at (0,2) size 300x27 [bgcolor=#C0C0C0]
          RenderBlock (anonymous) at (6,6) size 288x15
            RenderText {#text} at (49,0) size 190x15
              text run at (49,0) width 190: "This is should be center justified."
        RenderText {#text} at (300,6) size 4x17
          text run at (300,6) width 4: " "
        RenderBR {BR} at (0,0) size 0x0
        RenderButton {BUTTON} at (0,33) size 300x27 [bgcolor=#C0C0C0]
          RenderBlock (anonymous) at (6,6) size 288x15
            RenderText {#text} at (49,0) size 190x15
              text run at (49,0) width 190: "This is should be center justified."
        RenderText {#text} at (300,37) size 4x17
          text run at (300,37) width 4: " "
        RenderBR {BR} at (0,0) size 0x0
        RenderButton {BUTTON} at (0,64) size 300x27 [bgcolor=#C0C0C0]
          RenderBlock (anonymous) at (6,6) size 288x15
            RenderText {#text} at (49,0) size 190x15
              text run at (49,0) width 190: "This is should be center justified."
        RenderText {#text} at (300,68) size 4x17
          text run at (300,68) width 4: " "
        RenderBR {BR} at (0,0) size 0x0
        RenderButton {BUTTON} at (0,95) size 300x27 [bgcolor=#C0C0C0]
          RenderBlock (anonymous) at (6,6) size 288x15
            RenderText {#text} at (49,0) size 190x15
              text run at (49,0) width 190: "This is should be center justified."
        RenderText {#text} at (0,0) size 0x0
        RenderText {#text} at (0,0) size 0x0
      RenderBlock {DIV} at (0,157) size 784x31
        RenderButton {BUTTON} at (0,2) size 300x27 [bgcolor=#C0C0C0]
          RenderBlock (anonymous) at (6,6) size 288x15
            RenderText {#text} at (49,0) size 190x15
              text run at (49,0) width 190: "This is should be center justified."
