layer at (0,0) size 800x600
  RenderView at (0,0) size 800x600
layer at (0,0) size 800x600
  RenderBlock {HTML} at (0,0) size 800x600
    RenderBody {BODY} at (8,8) size 784x584
      RenderButton {BUTTON} at (0,8) size 37x23 [bgcolor=#C0C0C0]
        RenderBlock (anonymous) at (6,8) size 25x7
          RenderText {#text} at (0,0) size 25x6
            text run at (0,0) width 25: "Test Button"
      RenderText {#text} at (37,7) size 4x17
        text run at (37,7) width 4: " "
      RenderButton {BUTTON} at (41,8) size 43x23 [bgcolor=#C0C0C0]
        RenderBlock (anonymous) at (6,8) size 31x7
          RenderText {#text} at (0,0) size 31x6
            text run at (0,0) width 31: "Test Button"
      RenderText {#text} at (84,7) size 4x17
        text run at (84,7) width 4: " "
      RenderButton {BUTTON} at (88,7) size 50x23 [bgcolor=#C0C0C0]
        RenderBlock (anonymous) at (6,8) size 38x7
          RenderText {#text} at (0,0) size 38x7
            text run at (0,0) width 38: "Test Button"
      RenderText {#text} at (138,7) size 4x17
        text run at (138,7) width 4: " "
      RenderButton {BUTTON} at (142,7) size 50x23 [bgcolor=#C0C0C0]
        RenderBlock (anonymous) at (6,7) size 38x9
          RenderText {#text} at (0,0) size 38x9
            text run at (0,0) width 38: "Test Button"
      RenderText {#text} at (192,7) size 4x17
        text run at (192,7) width 4: " "
      RenderButton {BUTTON} at (196,7) size 60x23 [bgcolor=#C0C0C0]
        RenderBlock (anonymous) at (6,6) size 48x11
          RenderText {#text} at (0,0) size 48x10
            text run at (0,0) width 48: "Test Button"
      RenderText {#text} at (256,7) size 4x17
        text run at (256,7) width 4: " "
      RenderButton {BUTTON} at (260,6) size 66x23 [bgcolor=#C0C0C0]
        RenderBlock (anonymous) at (6,6) size 54x11
          RenderText {#text} at (0,0) size 54x11
            text run at (0,0) width 54: "Test Button"
      RenderText {#text} at (326,7) size 4x17
        text run at (326,7) width 4: " "
      RenderButton {BUTTON} at (332,5) size 67x24 [bgcolor=#C0C0C0]
        RenderBlock (anonymous) at (6,6) size 55x12
          RenderText {#text} at (0,0) size 55x12
            text run at (0,0) width 55: "Test Button"
      RenderText {#text} at (401,7) size 4x17
        text run at (401,7) width 4: " "
      RenderButton {INPUT} at (407,3) size 79x27 [bgcolor=#C0C0C0]
        RenderBlock (anonymous) at (6,6) size 67x15
          RenderText at (0,0) size 67x15
            text run at (0,0) width 67: "Test Button"
      RenderText {#text} at (488,7) size 4x17
        text run at (488,7) width 4: " "
      RenderButton {BUTTON} at (494,4) size 74x26 [bgcolor=#C0C0C0]
        RenderBlock (anonymous) at (6,6) size 62x14
          RenderText {#text} at (0,0) size 62x14
            text run at (0,0) width 62: "Test Button"
      RenderText {#text} at (570,7) size 4x17
        text run at (570,7) width 4: " "
      RenderButton {BUTTON} at (576,3) size 79x27 [bgcolor=#C0C0C0]
        RenderBlock (anonymous) at (6,6) size 67x15
          RenderText {#text} at (0,0) size 67x15
            text run at (0,0) width 67: "Test Button"
      RenderText {#text} at (657,7) size 4x17
        text run at (657,7) width 4: " "
      RenderButton {BUTTON} at (663,2) size 85x28 [bgcolor=#C0C0C0]
        RenderBlock (anonymous) at (6,6) size 73x16
          RenderText {#text} at (0,0) size 73x16
            text run at (0,0) width 73: "Test Button"
      RenderText {#text} at (750,7) size 4x17
        text run at (750,7) width 4: " "
      RenderButton {BUTTON} at (2,39) size 87x29 [bgcolor=#C0C0C0]
        RenderBlock (anonymous) at (6,6) size 75x17
          RenderText {#text} at (0,0) size 75x17
            text run at (0,0) width 75: "Test Button"
      RenderText {#text} at (91,45) size 4x17
        text run at (91,45) width 4: " "
      RenderButton {BUTTON} at (97,39) size 90x29 [bgcolor=#C0C0C0]
        RenderBlock (anonymous) at (6,6) size 78x17
          RenderText {#text} at (0,0) size 78x17
            text run at (0,0) width 78: "Test Button"
      RenderText {#text} at (189,45) size 4x17
        text run at (189,45) width 4: " "
      RenderButton {BUTTON} at (195,38) size 93x31 [bgcolor=#C0C0C0]
        RenderBlock (anonymous) at (6,6) size 81x19
          RenderText {#text} at (0,0) size 81x19
            text run at (0,0) width 81: "Test Button"
      RenderText {#text} at (290,45) size 4x17
        text run at (290,45) width 4: " "
      RenderButton {BUTTON} at (296,37) size 105x32 [bgcolor=#C0C0C0]
        RenderBlock (anonymous) at (6,6) size 93x20
          RenderText {#text} at (0,0) size 93x20
            text run at (0,0) width 93: "Test Button"
      RenderText {#text} at (403,45) size 4x17
        text run at (403,45) width 4: " "
      RenderButton {BUTTON} at (409,36) size 109x33 [bgcolor=#C0C0C0]
        RenderBlock (anonymous) at (6,6) size 97x21
          RenderText {#text} at (0,0) size 97x21
            text run at (0,0) width 97: "Test Button"
      RenderText {#text} at (520,45) size 4x17
        text run at (520,45) width 4: " "
      RenderButton {BUTTON} at (526,35) size 113x34 [bgcolor=#C0C0C0]
        RenderBlock (anonymous) at (6,6) size 101x22
          RenderText {#text} at (0,0) size 101x22
            text run at (0,0) width 101: "Test Button"
      RenderText {#text} at (641,45) size 4x17
        text run at (641,45) width 4: " "
      RenderButton {BUTTON} at (647,34) size 119x35 [bgcolor=#C0C0C0]
        RenderBlock (anonymous) at (6,6) size 107x23
          RenderText {#text} at (0,0) size 107x23
            text run at (0,0) width 107: "Test Button"
      RenderText {#text} at (0,0) size 0x0
