layer at (0,0) size 800x600
  RenderView at (0,0) size 800x600
layer at (0,0) size 800x600
  RenderBlock {HTML} at (0,0) size 800x600
    RenderBody {BODY} at (8,8) size 784x584
      RenderBlock {FORM} at (0,0) size 784x23
        RenderTextControl {INPUT} at (2,2) size 170x19
        RenderText {#text} at (0,0) size 0x0
      RenderBlock (anonymous) at (0,39) size 784x17
        RenderText {#text} at (0,0) size 116x17
          text run at (0,0) width 116: "multipart/form-data"
layer at (12,12) size 166x15
  RenderBlock {DIV} at (2,2) size 166x15
