layer at (0,0) size 785x640
  RenderView at (0,0) size 785x600
layer at (0,0) size 785x640
  RenderBlock {HTML} at (0,0) size 785x640
    RenderBody {BODY} at (8,8) size 769x624
      RenderBlock {P} at (0,0) size 769x17
        RenderText {#text} at (0,0) size 515x17
          text run at (0,0) width 515: "This page has a few tables within form elements within divs with various display styles."
      RenderBlock {P} at (0,33) size 769x17
        RenderText {#text} at (0,0) size 27x17
          text run at (0,0) width 27: "See "
        RenderInline {A} at (0,0) size 110x17 [color=#0000EE]
          RenderText {#text} at (27,0) size 110x17
            text run at (27,0) width 110: "Bugzilla Bug 4977"
        RenderText {#text} at (137,0) size 4x17
          text run at (137,0) width 4: "."
      RenderBlock {DIV} at (0,66) size 769x23
        RenderBlock (anonymous) at (0,0) size 769x0
          RenderInline {DIV} at (0,0) size 0x0
        RenderBlock (anonymous) at (0,0) size 769x23
          RenderBlock {FORM} at (0,0) size 769x23
            RenderTable {TABLE} at (0,0) size 85x23
              RenderTableSection {TBODY} at (0,0) size 85x23
                RenderTableRow {TR} at (0,2) size 85x19
                  RenderTableCell {TD} at (2,2) size 81x19 [r=0 c=0 rs=1 cs=1]
                    RenderText {#text} at (1,1) size 79x17
                      text run at (1,1) width 79: "display: inline"
        RenderBlock (anonymous) at (0,39) size 769x0
          RenderInline {DIV} at (0,0) size 0x0
      RenderBlock {DIV} at (0,105) size 769x23
        RenderBlock {DIV} at (0,0) size 769x23
          RenderBlock {FORM} at (0,0) size 769x23
            RenderTable {TABLE} at (0,0) size 89x23
              RenderTableSection {TBODY} at (0,0) size 89x23
                RenderTableRow {TR} at (0,2) size 89x19
                  RenderTableCell {TD} at (2,2) size 85x19 [r=0 c=0 rs=1 cs=1]
                    RenderText {#text} at (1,1) size 83x17
                      text run at (1,1) width 83: "display: block"
      RenderBlock {DIV} at (0,144) size 769x40
        RenderListItem {DIV} at (0,0) size 769x40
          RenderBlock (anonymous) at (0,0) size 769x17
            RenderListMarker at (-17,0) size 7x17: bullet
          RenderBlock {FORM} at (0,17) size 769x23
            RenderTable {TABLE} at (0,0) size 102x23
              RenderTableSection {TBODY} at (0,0) size 102x23
                RenderTableRow {TR} at (0,2) size 102x19
                  RenderTableCell {TD} at (2,2) size 98x19 [r=0 c=0 rs=1 cs=1]
                    RenderText {#text} at (1,1) size 96x17
                      text run at (1,1) width 96: "display: list-item"
      RenderBlock {DIV} at (0,200) size 769x23
        RenderBlock {DIV} at (0,0) size 769x23
          RenderBlock {FORM} at (0,0) size 769x23
            RenderTable {TABLE} at (0,0) size 107x23
              RenderTableSection {TBODY} at (0,0) size 107x23
                RenderTableRow {TR} at (0,2) size 107x19
                  RenderTableCell {TD} at (2,2) size 103x19 [r=0 c=0 rs=1 cs=1]
                    RenderText {#text} at (1,1) size 101x17
                      text run at (1,1) width 101: "display: compact"
      RenderBlock {DIV} at (0,239) size 769x39
        RenderBlock {DIV} at (0,0) size 125x39
          RenderBlock {FORM} at (0,0) size 125x23
            RenderTable {TABLE} at (0,0) size 125x23
              RenderTableSection {TBODY} at (0,0) size 125x23
                RenderTableRow {TR} at (0,2) size 125x19
                  RenderTableCell {TD} at (2,2) size 121x19 [r=0 c=0 rs=1 cs=1]
                    RenderText {#text} at (1,1) size 119x17
                      text run at (1,1) width 119: "display: inline-block"
      RenderBlock {DIV} at (0,278) size 769x39
        RenderTable {DIV} at (0,0) size 84x39
          RenderTableSection (anonymous) at (0,0) size 84x39
            RenderTableRow (anonymous) at (0,0) size 84x39
              RenderTableCell (anonymous) at (0,0) size 84x39 [r=0 c=0 rs=1 cs=1]
                RenderBlock {FORM} at (0,0) size 84x23
                  RenderTable {TABLE} at (0,0) size 84x23
                    RenderTableSection {TBODY} at (0,0) size 84x23
                      RenderTableRow {TR} at (0,2) size 84x19
                        RenderTableCell {TD} at (2,2) size 80x19 [r=0 c=0 rs=1 cs=1]
                          RenderText {#text} at (1,1) size 78x17
                            text run at (1,1) width 78: "display: table"
      RenderBlock {DIV} at (0,317) size 769x39
        RenderTable {DIV} at (0,0) size 120x39
          RenderTableSection (anonymous) at (0,0) size 120x39
            RenderTableRow (anonymous) at (0,0) size 120x39
              RenderTableCell (anonymous) at (0,0) size 120x39 [r=0 c=0 rs=1 cs=1]
                RenderBlock {FORM} at (0,0) size 120x23
                  RenderTable {TABLE} at (0,0) size 120x23
                    RenderTableSection {TBODY} at (0,0) size 120x23
                      RenderTableRow {TR} at (0,2) size 120x19
                        RenderTableCell {TD} at (2,2) size 116x19 [r=0 c=0 rs=1 cs=1]
                          RenderText {#text} at (1,1) size 114x17
                            text run at (1,1) width 114: "display: inline-table"
      RenderBlock {DIV} at (0,356) size 769x39
        RenderTable at (0,0) size 155x39
          RenderTableSection {DIV} at (0,0) size 155x39
            RenderTableRow (anonymous) at (0,0) size 155x39
              RenderTableCell (anonymous) at (0,0) size 155x39 [r=0 c=0 rs=1 cs=1]
                RenderBlock {FORM} at (0,0) size 155x23
                  RenderTable {TABLE} at (0,0) size 155x23
                    RenderTableSection {TBODY} at (0,0) size 155x23
                      RenderTableRow {TR} at (0,2) size 155x19
                        RenderTableCell {TD} at (2,2) size 151x19 [r=0 c=0 rs=1 cs=1]
                          RenderText {#text} at (1,1) size 149x17
                            text run at (1,1) width 149: "display: table-row-group"
      RenderBlock {DIV} at (0,395) size 769x39
        RenderTable at (0,0) size 172x39
          RenderTableSection {DIV} at (0,0) size 172x39
            RenderTableRow (anonymous) at (0,0) size 172x39
              RenderTableCell (anonymous) at (0,0) size 172x39 [r=0 c=0 rs=1 cs=1]
                RenderBlock {FORM} at (0,0) size 172x23
                  RenderTable {TABLE} at (0,0) size 172x23
                    RenderTableSection {TBODY} at (0,0) size 172x23
                      RenderTableRow {TR} at (0,2) size 172x19
                        RenderTableCell {TD} at (2,2) size 168x19 [r=0 c=0 rs=1 cs=1]
                          RenderText {#text} at (1,1) size 166x17
                            text run at (1,1) width 166: "display: table-header-group"
      RenderBlock {DIV} at (0,434) size 769x39
        RenderTable at (0,0) size 167x39
          RenderTableSection {DIV} at (0,0) size 167x39
            RenderTableRow (anonymous) at (0,0) size 167x39
              RenderTableCell (anonymous) at (0,0) size 167x39 [r=0 c=0 rs=1 cs=1]
                RenderBlock {FORM} at (0,0) size 167x23
                  RenderTable {TABLE} at (0,0) size 167x23
                    RenderTableSection {TBODY} at (0,0) size 167x23
                      RenderTableRow {TR} at (0,2) size 167x19
                        RenderTableCell {TD} at (2,2) size 163x19 [r=0 c=0 rs=1 cs=1]
                          RenderText {#text} at (1,1) size 161x17
                            text run at (1,1) width 161: "display: table-footer-group"
      RenderBlock {DIV} at (0,473) size 769x39
        RenderTable at (0,0) size 114x39
          RenderTableSection (anonymous) at (0,0) size 114x39
            RenderTableRow {DIV} at (0,0) size 114x39
              RenderTableCell (anonymous) at (0,0) size 114x39 [r=0 c=0 rs=1 cs=1]
                RenderBlock {FORM} at (0,0) size 114x23
                  RenderTable {TABLE} at (0,0) size 114x23
                    RenderTableSection {TBODY} at (0,0) size 114x23
                      RenderTableRow {TR} at (0,2) size 114x19
                        RenderTableCell {TD} at (2,2) size 110x19 [r=0 c=0 rs=1 cs=1]
                          RenderText {#text} at (1,1) size 108x17
                            text run at (1,1) width 108: "display: table-row"
      RenderBlock {DIV} at (0,512) size 769x0
        RenderTable at (0,0) size 0x0
          RenderTableCol {DIV} at (0,0) size 0x0
      RenderBlock {DIV} at (0,512) size 769x0
        RenderTable at (0,0) size 0x0
          RenderTableCol {DIV} at (0,0) size 0x0
      RenderBlock {DIV} at (0,512) size 769x39
        RenderTable at (0,0) size 110x39
          RenderTableSection (anonymous) at (0,0) size 110x39
            RenderTableRow (anonymous) at (0,0) size 110x39
              RenderTableCell {DIV} at (0,0) size 110x39 [r=0 c=0 rs=1 cs=1]
                RenderBlock {FORM} at (0,0) size 110x23
                  RenderTable {TABLE} at (0,0) size 110x23
                    RenderTableSection {TBODY} at (0,0) size 110x23
                      RenderTableRow {TR} at (0,2) size 110x19
                        RenderTableCell {TD} at (2,2) size 106x19 [r=0 c=0 rs=1 cs=1]
                          RenderText {#text} at (1,1) size 104x17
                            text run at (1,1) width 104: "display: table-cell"
      RenderBlock {DIV} at (0,551) size 769x73
        RenderTable at (0,0) size 51x73
          RenderBlock {DIV} at (0,0) size 51x73
            RenderBlock {FORM} at (0,0) size 51x57
              RenderTable {TABLE} at (0,0) size 51x57
                RenderTableSection {TBODY} at (0,0) size 51x57
                  RenderTableRow {TR} at (0,2) size 51x53
                    RenderTableCell {TD} at (2,2) size 47x53 [r=0 c=0 rs=1 cs=1]
                      RenderText {#text} at (1,1) size 45x51
                        text run at (1,1) width 45: "display:"
                        text run at (1,18) width 35: "table-"
                        text run at (1,35) width 44: "caption"
