layer at (0,0) size 800x600
  RenderView at (0,0) size 800x600
layer at (0,0) size 800x600
  RenderBlock {HTML} at (0,0) size 800x600
    RenderBody {BODY} at (8,8) size 784x576
      RenderBlock (anonymous) at (0,0) size 784x23
        RenderTextControl {INPUT} at (2,2) size 170x19
        RenderText {#text} at (0,0) size 0x0
      RenderBlock {P} at (0,39) size 784x17
        RenderText {#text} at (0,0) size 617x17
          text run at (0,0) width 617: "Tests option-deleting a word. If the test succeeds, the word \"word\" should end up with a space after it."
layer at (12,12) size 166x15
  RenderBlock {DIV} at (2,2) size 166x15
    RenderText {#text} at (0,0) size 31x15
      text run at (0,0) width 31: "word "
caret: position 5 of child 0 {#text} of child 0 {DIV} of {#document-fragment} of child 0 {INPUT} of body
