layer at (0,0) size 800x600
  RenderView at (0,0) size 800x600
layer at (0,0) size 800x600
  RenderBlock {HTML} at (0,0) size 800x600
    RenderBody {BODY} at (8,8) size 784x584
      RenderButton {INPUT} at (0,9) size 37x23 [bgcolor=#C0C0C0]
        RenderBlock (anonymous) at (6,8) size 25x7
          RenderText at (0,0) size 25x6
            text run at (0,0) width 25: "Test Button"
      RenderText {#text} at (37,8) size 4x17
        text run at (37,8) width 4: " "
      RenderButton {INPUT} at (41,9) size 43x23 [bgcolor=#C0C0C0]
        RenderBlock (anonymous) at (6,8) size 31x7
          RenderText at (0,0) size 31x6
            text run at (0,0) width 31: "Test Button"
      RenderText {#text} at (84,8) size 4x17
        text run at (84,8) width 4: " "
      RenderButton {INPUT} at (88,8) size 50x23 [bgcolor=#C0C0C0]
        RenderBlock (anonymous) at (6,8) size 38x7
          RenderText at (0,0) size 38x7
            text run at (0,0) width 38: "Test Button"
      RenderText {#text} at (138,8) size 4x17
        text run at (138,8) width 4: " "
      RenderButton {INPUT} at (142,8) size 50x23 [bgcolor=#C0C0C0]
        RenderBlock (anonymous) at (6,7) size 38x9
          RenderText at (0,0) size 38x9
            text run at (0,0) width 38: "Test Button"
      RenderText {#text} at (192,8) size 4x17
        text run at (192,8) width 4: " "
      RenderButton {INPUT} at (196,8) size 60x23 [bgcolor=#C0C0C0]
        RenderBlock (anonymous) at (6,6) size 48x11
          RenderText at (0,0) size 48x10
            text run at (0,0) width 48: "Test Button"
      RenderText {#text} at (256,8) size 4x17
        text run at (256,8) width 4: " "
      RenderButton {INPUT} at (260,7) size 66x23 [bgcolor=#C0C0C0]
        RenderBlock (anonymous) at (6,6) size 54x11
          RenderText at (0,0) size 54x11
            text run at (0,0) width 54: "Test Button"
      RenderText {#text} at (326,8) size 4x17
        text run at (326,8) width 4: " "
      RenderButton {INPUT} at (332,6) size 67x24 [bgcolor=#C0C0C0]
        RenderBlock (anonymous) at (6,6) size 55x12
          RenderText at (0,0) size 55x12
            text run at (0,0) width 55: "Test Button"
      RenderText {#text} at (401,8) size 4x17
        text run at (401,8) width 4: " "
      RenderButton {INPUT} at (407,5) size 74x26 [bgcolor=#C0C0C0]
        RenderBlock (anonymous) at (6,6) size 62x14
          RenderText at (0,0) size 62x14
            text run at (0,0) width 62: "Test Button"
      RenderText {#text} at (483,8) size 4x17
        text run at (483,8) width 4: " "
      RenderButton {INPUT} at (489,4) size 79x27 [bgcolor=#C0C0C0]
        RenderBlock (anonymous) at (6,6) size 67x15
          RenderText at (0,0) size 67x15
            text run at (0,0) width 67: "Test Button"
      RenderText {#text} at (570,8) size 4x17
        text run at (570,8) width 4: " "
      RenderButton {INPUT} at (576,3) size 85x28 [bgcolor=#C0C0C0]
        RenderBlock (anonymous) at (6,6) size 73x16
          RenderText at (0,0) size 73x16
            text run at (0,0) width 73: "Test Button"
      RenderText {#text} at (663,8) size 4x17
        text run at (663,8) width 4: " "
      RenderButton {INPUT} at (669,2) size 87x29 [bgcolor=#C0C0C0]
        RenderBlock (anonymous) at (6,6) size 75x17
          RenderText at (0,0) size 75x17
            text run at (0,0) width 75: "Test Button"
      RenderText {#text} at (758,8) size 4x17
        text run at (758,8) width 4: " "
      RenderButton {INPUT} at (2,40) size 90x29 [bgcolor=#C0C0C0]
        RenderBlock (anonymous) at (6,6) size 78x17
          RenderText at (0,0) size 78x17
            text run at (0,0) width 78: "Test Button"
      RenderText {#text} at (94,46) size 4x17
        text run at (94,46) width 4: " "
      RenderButton {INPUT} at (100,39) size 93x31 [bgcolor=#C0C0C0]
        RenderBlock (anonymous) at (6,6) size 81x19
          RenderText at (0,0) size 81x19
            text run at (0,0) width 81: "Test Button"
      RenderText {#text} at (195,46) size 4x17
        text run at (195,46) width 4: " "
      RenderButton {INPUT} at (201,38) size 105x32 [bgcolor=#C0C0C0]
        RenderBlock (anonymous) at (6,6) size 93x20
          RenderText at (0,0) size 93x20
            text run at (0,0) width 93: "Test Button"
      RenderText {#text} at (308,46) size 4x17
        text run at (308,46) width 4: " "
      RenderButton {INPUT} at (314,37) size 109x33 [bgcolor=#C0C0C0]
        RenderBlock (anonymous) at (6,6) size 97x21
          RenderText at (0,0) size 97x21
            text run at (0,0) width 97: "Test Button"
      RenderText {#text} at (425,46) size 4x17
        text run at (425,46) width 4: " "
      RenderButton {INPUT} at (431,36) size 113x34 [bgcolor=#C0C0C0]
        RenderBlock (anonymous) at (6,6) size 101x22
          RenderText at (0,0) size 101x22
            text run at (0,0) width 101: "Test Button"
      RenderText {#text} at (546,46) size 4x17
        text run at (546,46) width 4: " "
      RenderButton {INPUT} at (552,35) size 119x35 [bgcolor=#C0C0C0]
        RenderBlock (anonymous) at (6,6) size 107x23
          RenderText at (0,0) size 107x23
            text run at (0,0) width 107: "Test Button"
      RenderText {#text} at (0,0) size 0x0
