layer at (0,0) size 800x600
  RenderView at (0,0) size 800x600
layer at (0,0) size 800x600
  RenderBlock {HTML} at (0,0) size 800x600
    RenderBody {BODY} at (8,8) size 784x576
      RenderBlock (anonymous) at (0,0) size 784x23
        RenderTextControl {INPUT} at (2,2) size 170x19
        RenderText {#text} at (0,0) size 0x0
      RenderBlock {P} at (0,39) size 784x34
        RenderText {#text} at (0,0) size 761x34
          text run at (0,0) width 761: "Tests clicking on an input element that has a value that self-destructs. If the test succeeds, there should be a blinking caret in the"
          text run at (0,17) width 55: "text field."
layer at (12,12) size 166x15
  RenderBlock {DIV} at (2,2) size 166x15
caret: position 0 of child 0 {DIV} of {#document-fragment} of child 0 {INPUT} of body
