layer at (0,0) size 800x600
  RenderView at (0,0) size 800x600
layer at (0,0) size 800x600
  RenderBlock {HTML} at (0,0) size 800x600
    RenderBody {BODY} at (8,8) size 784x584
      RenderBlock {P} at (0,0) size 784x17
        RenderText {#text} at (0,0) size 235x17
          text run at (0,0) width 235: "Test appearances of outer-spin-button."
      RenderBlock {DIV} at (0,33) size 784x0
      RenderBlock {DIV} at (0,33) size 784x480
        RenderTable {TABLE} at (0,0) size 512x480
          RenderTableSection {TBODY} at (0,0) size 512x480
            RenderTableRow {TR} at (0,2) size 512x476
              RenderTableCell {TD} at (2,77) size 201x326 [r=0 c=0 rs=1 cs=1]
                RenderBlock {DIV} at (1,1) size 199x31
                  RenderTextControl {INPUT} at (0,5) size 108x13
                  RenderText {#text} at (108,0) size 4x17
                    text run at (108,0) width 4: " "
                  RenderBR {BR} at (112,14) size 0x0
                  RenderTextControl {INPUT} at (0,18) size 108x13
                    RenderFlexibleBox {DIV} at (2,2) size 104x9
                      RenderBlock {DIV} at (0,0) size 89x9
                RenderBlock {DIV} at (1,32) size 199x32
                  RenderTextControl {INPUT} at (0,4) size 109x14
                  RenderText {#text} at (109,0) size 4x17
                    text run at (109,0) width 4: " "
                  RenderBR {BR} at (113,14) size 0x0
                  RenderTextControl {INPUT} at (0,18) size 109x14
                    RenderFlexibleBox {DIV} at (2,2) size 105x10
                      RenderBlock {DIV} at (0,0) size 90x10
                RenderBlock {DIV} at (1,64) size 199x33
                  RenderTextControl {INPUT} at (0,3) size 129x15
                  RenderText {#text} at (129,0) size 4x17
                    text run at (129,0) width 4: " "
                  RenderBR {BR} at (133,14) size 0x0
                  RenderTextControl {INPUT} at (0,18) size 129x15
                    RenderFlexibleBox {DIV} at (2,2) size 125x11
                      RenderBlock {DIV} at (0,0) size 110x11
                RenderBlock {DIV} at (1,97) size 199x40
                  RenderTextControl {INPUT} at (2,2) size 130x16
                  RenderText {#text} at (134,0) size 4x17
                    text run at (134,0) width 4: " "
                  RenderBR {BR} at (138,14) size 0x0
                  RenderTextControl {INPUT} at (2,22) size 130x16
                    RenderFlexibleBox {DIV} at (2,2) size 126x12
                      RenderBlock {DIV} at (0,0) size 111x12
                RenderBlock {DIV} at (1,137) size 199x44
                  RenderTextControl {INPUT} at (2,2) size 150x18
                  RenderText {#text} at (154,1) size 4x17
                    text run at (154,1) width 4: " "
                  RenderBR {BR} at (158,15) size 0x0
                  RenderTextControl {INPUT} at (2,24) size 150x18
                    RenderFlexibleBox {DIV} at (2,2) size 146x14
                      RenderBlock {DIV} at (0,0) size 131x14
                RenderBlock {DIV} at (1,181) size 199x46
                  RenderTextControl {INPUT} at (2,2) size 170x19
                  RenderText {#text} at (174,2) size 4x17
                    text run at (174,2) width 4: " "
                  RenderBR {BR} at (178,16) size 0x0
                  RenderTextControl {INPUT} at (2,25) size 170x19
                    RenderFlexibleBox {DIV} at (2,2) size 166x15
                      RenderBlock {DIV} at (0,0) size 151x15
                RenderBlock {DIV} at (1,227) size 199x48
                  RenderTextControl {INPUT} at (2,2) size 171x20
                  RenderText {#text} at (175,3) size 4x17
                    text run at (175,3) width 4: " "
                  RenderBR {BR} at (179,17) size 0x0
                  RenderTextControl {INPUT} at (2,26) size 171x20
                    RenderFlexibleBox {DIV} at (2,2) size 167x16
                      RenderBlock {DIV} at (0,0) size 152x16
                RenderBlock {DIV} at (1,275) size 199x50
                  RenderTextControl {INPUT} at (2,2) size 191x21
                  RenderText {#text} at (195,4) size 4x17
                    text run at (195,4) width 4: " "
                  RenderBR {BR} at (199,18) size 0x0
                  RenderTextControl {INPUT} at (2,27) size 191x21
                    RenderFlexibleBox {DIV} at (2,2) size 187x17
                      RenderBlock {DIV} at (0,0) size 172x17
              RenderTableCell {TD} at (205,2) size 305x476 [r=0 c=1 rs=1 cs=1]
                RenderBlock {DIV} at (1,1) size 303x50
                  RenderTextControl {INPUT} at (2,2) size 193x21
                  RenderText {#text} at (197,4) size 4x17
                    text run at (197,4) width 4: " "
                  RenderBR {BR} at (201,18) size 0x0
                  RenderTextControl {INPUT} at (2,27) size 193x21
                    RenderFlexibleBox {DIV} at (2,2) size 189x17
                      RenderBlock {DIV} at (0,0) size 174x17
                RenderBlock {DIV} at (1,51) size 303x54
                  RenderTextControl {INPUT} at (2,2) size 213x23
                  RenderText {#text} at (217,5) size 4x17
                    text run at (217,5) width 4: " "
                  RenderBR {BR} at (221,19) size 0x0
                  RenderTextControl {INPUT} at (2,29) size 213x23
                    RenderFlexibleBox {DIV} at (2,2) size 209x19
                      RenderBlock {DIV} at (0,0) size 194x19
                RenderBlock {DIV} at (1,105) size 303x56
                  RenderTextControl {INPUT} at (2,2) size 233x24
                  RenderText {#text} at (237,6) size 4x17
                    text run at (237,6) width 4: " "
                  RenderBR {BR} at (241,20) size 0x0
                  RenderTextControl {INPUT} at (2,30) size 233x24
                    RenderFlexibleBox {DIV} at (2,2) size 229x20
                      RenderBlock {DIV} at (0,0) size 214x20
                RenderBlock {DIV} at (1,161) size 303x58
                  RenderTextControl {INPUT} at (2,2) size 234x25
                  RenderText {#text} at (238,7) size 4x17
                    text run at (238,7) width 4: " "
                  RenderBR {BR} at (242,21) size 0x0
                  RenderTextControl {INPUT} at (2,31) size 234x25
                    RenderFlexibleBox {DIV} at (2,2) size 230x21
                      RenderBlock {DIV} at (0,0) size 215x21
                RenderBlock {DIV} at (1,219) size 303x60
                  RenderTextControl {INPUT} at (2,2) size 254x26
                  RenderText {#text} at (258,8) size 4x17
                    text run at (258,8) width 4: " "
                  RenderBR {BR} at (262,22) size 0x0
                  RenderTextControl {INPUT} at (2,32) size 254x26
                    RenderFlexibleBox {DIV} at (2,2) size 250x22
                      RenderBlock {DIV} at (0,0) size 235x22
                RenderBlock {DIV} at (1,279) size 303x62
                  RenderTextControl {INPUT} at (2,2) size 255x27
                  RenderText {#text} at (259,9) size 4x17
                    text run at (259,9) width 4: " "
                  RenderBR {BR} at (263,23) size 0x0
                  RenderTextControl {INPUT} at (2,33) size 255x27
                    RenderFlexibleBox {DIV} at (2,2) size 251x23
                      RenderBlock {DIV} at (0,0) size 236x23
                RenderBlock {DIV} at (1,341) size 303x66
                  RenderTextControl {INPUT} at (2,2) size 275x29
                  RenderText {#text} at (279,10) size 4x17
                    text run at (279,10) width 4: " "
                  RenderBR {BR} at (283,24) size 0x0
                  RenderTextControl {INPUT} at (2,35) size 275x29
                    RenderFlexibleBox {DIV} at (2,2) size 271x25
                      RenderBlock {DIV} at (0,0) size 256x25
                RenderBlock {DIV} at (1,407) size 303x68
                  RenderTextControl {INPUT} at (2,2) size 295x30
                  RenderText {#text} at (299,11) size 4x17
                    text run at (299,11) width 4: " "
                  RenderBR {BR} at (303,25) size 0x0
                  RenderTextControl {INPUT} at (2,36) size 295x30
                    RenderFlexibleBox {DIV} at (2,2) size 291x26
                      RenderBlock {DIV} at (0,0) size 276x26
layer at (13,126) size 104x9
  RenderBlock {DIV} at (2,2) size 104x9
layer at (13,139) size 89x9
  RenderBlock {DIV} at (0,0) size 89x9
layer at (13,156) size 105x10
  RenderBlock {DIV} at (2,2) size 105x10
layer at (13,170) size 90x10
  RenderBlock {DIV} at (0,0) size 90x10
layer at (13,187) size 125x11
  RenderBlock {DIV} at (2,2) size 125x11
layer at (13,202) size 110x11
  RenderBlock {DIV} at (0,0) size 110x11
layer at (15,219) size 126x12
  RenderBlock {DIV} at (2,2) size 126x12
layer at (15,239) size 111x12
  RenderBlock {DIV} at (0,0) size 111x12
layer at (15,259) size 146x14
  RenderBlock {DIV} at (2,2) size 146x14
layer at (15,281) size 131x14
  RenderBlock {DIV} at (0,0) size 131x14
layer at (15,303) size 166x15
  RenderBlock {DIV} at (2,2) size 166x15
layer at (15,326) size 151x15
  RenderBlock {DIV} at (0,0) size 151x15
layer at (15,349) size 167x16
  RenderBlock {DIV} at (2,2) size 167x16
layer at (15,373) size 152x16
  RenderBlock {DIV} at (0,0) size 152x16
layer at (15,397) size 187x17
  RenderBlock {DIV} at (2,2) size 187x17
layer at (15,422) size 172x17
  RenderBlock {DIV} at (0,0) size 172x17
layer at (218,48) size 189x17
  RenderBlock {DIV} at (2,2) size 189x17
layer at (218,73) size 174x17
  RenderBlock {DIV} at (0,0) size 174x17
layer at (218,98) size 209x19
  RenderBlock {DIV} at (2,2) size 209x19
layer at (218,125) size 194x19
  RenderBlock {DIV} at (0,0) size 194x19
layer at (218,152) size 229x20
  RenderBlock {DIV} at (2,2) size 229x20
layer at (218,180) size 214x20
  RenderBlock {DIV} at (0,0) size 214x20
layer at (218,208) size 230x21
  RenderBlock {DIV} at (2,2) size 230x21
layer at (218,237) size 215x21
  RenderBlock {DIV} at (0,0) size 215x21
layer at (218,266) size 250x22
  RenderBlock {DIV} at (2,2) size 250x22
layer at (218,296) size 235x22
  RenderBlock {DIV} at (0,0) size 235x22
layer at (218,326) size 251x23
  RenderBlock {DIV} at (2,2) size 251x23
layer at (218,357) size 236x23
  RenderBlock {DIV} at (0,0) size 236x23
layer at (218,388) size 271x25
  RenderBlock {DIV} at (2,2) size 271x25
layer at (218,421) size 256x25
  RenderBlock {DIV} at (0,0) size 256x25
layer at (218,454) size 291x26
  RenderBlock {DIV} at (2,2) size 291x26
layer at (218,488) size 276x26
  RenderBlock {DIV} at (0,0) size 276x26
layer at (104,137) size 15x13
  RenderBlock (relative positioned) {DIV} at (91,-2) size 15x13
layer at (105,168) size 15x14
  RenderBlock (relative positioned) {DIV} at (92,-2) size 15x14
layer at (125,200) size 15x15
  RenderBlock (relative positioned) {DIV} at (112,-2) size 15x15
layer at (128,237) size 15x16
  RenderBlock (relative positioned) {DIV} at (113,-2) size 15x16
layer at (148,279) size 15x18
  RenderBlock (relative positioned) {DIV} at (133,-2) size 15x18
layer at (168,324) size 15x19
  RenderBlock (relative positioned) {DIV} at (153,-2) size 15x19
layer at (169,371) size 15x20
  RenderBlock (relative positioned) {DIV} at (154,-2) size 15x20
layer at (189,420) size 15x21
  RenderBlock (relative positioned) {DIV} at (174,-2) size 15x21
layer at (394,71) size 15x21
  RenderBlock (relative positioned) {DIV} at (176,-2) size 15x21
layer at (414,123) size 15x23
  RenderBlock (relative positioned) {DIV} at (196,-2) size 15x23
layer at (434,178) size 15x24
  RenderBlock (relative positioned) {DIV} at (216,-2) size 15x24
layer at (435,235) size 15x25
  RenderBlock (relative positioned) {DIV} at (217,-2) size 15x25
layer at (455,294) size 15x26
  RenderBlock (relative positioned) {DIV} at (237,-2) size 15x26
layer at (456,355) size 15x27
  RenderBlock (relative positioned) {DIV} at (238,-2) size 15x27
layer at (476,419) size 15x29
  RenderBlock (relative positioned) {DIV} at (258,-2) size 15x29
layer at (496,486) size 15x30
  RenderBlock (relative positioned) {DIV} at (278,-2) size 15x30
