layer at (0,0) size 800x600
  RenderView at (0,0) size 800x600
layer at (0,0) size 800x600
  RenderBlock {HTML} at (0,0) size 800x600
    RenderBody {BODY} at (8,8) size 784x584
      RenderText {#text} at (0,0) size 674x17
        text run at (0,0) width 674: "This tests that the option text is clipped properly, and doesn't spill over into the arrow part of the popup control. "
      RenderBR {BR} at (674,14) size 0x0
      RenderMenuList {SELECT} at (0,19) size 150x21 [bgcolor=#FFFFFF]
        RenderBlock (anonymous) at (4,3) size 125x15
          RenderText at (0,0) size 147x15
            text run at (0,0) width 147: "12345 6789 ABCD EFGH"
      RenderText {#text} at (0,0) size 0x0
