layer at (0,0) size 800x600
  RenderView at (0,0) size 800x600
layer at (0,0) size 800x600
  RenderBlock {HTML} at (0,0) size 800x600
    RenderBody {BODY} at (8,8) size 784x576
      RenderBlock {P} at (0,0) size 784x17
        RenderText {#text} at (0,0) size 51x17
          text run at (0,0) width 51: "Test for "
        RenderInline {I} at (0,0) size 701x17
          RenderInline {A} at (0,0) size 305x17 [color=#0000EE]
            RenderText {#text} at (51,0) size 305x17
              text run at (51,0) width 305: "http://bugs.webkit.org/show_bug.cgi?id=11916"
          RenderText {#text} at (356,0) size 396x17
            text run at (356,0) width 4: " "
            text run at (360,0) width 392: "REGRESSION (SearchField): RTL search fields are mixed up"
        RenderText {#text} at (752,0) size 4x17
          text run at (752,0) width 4: "."
      RenderBlock {P} at (0,33) size 784x69
        RenderTextControl {INPUT} at (2,2) size 179x19
          RenderFlexibleBox {DIV} at (2,2) size 175x15
            RenderBlock {DIV} at (0,7) size 0x0
            RenderBlock {DIV} at (0,0) size 166x15
            RenderBlock {DIV} at (166,3) size 9x9
        RenderText {#text} at (183,2) size 4x17
          text run at (183,2) width 4: " "
        RenderBR {BR} at (0,0) size 0x0
        RenderTextControl {INPUT} at (2,25) size 259x19
          RenderFlexibleBox {DIV} at (2,2) size 255x15
            RenderBlock {DIV} at (0,7) size 0x0
            RenderBlock {DIV} at (0,0) size 246x15
            RenderBlock {DIV} at (246,3) size 9x9
        RenderText {#text} at (263,25) size 4x17
          text run at (263,25) width 4: " "
        RenderBR {BR} at (0,0) size 0x0
        RenderTextControl {INPUT} at (2,48) size 179x19
          RenderFlexibleBox {DIV} at (2,2) size 175x15
            RenderBlock {DIV} at (0,7) size 0x0
            RenderBlock {DIV} at (0,0) size 166x15
            RenderBlock {DIV} at (166,3) size 9x9
        RenderText {#text} at (0,0) size 0x0
      RenderBlock {P} at (0,118) size 784x17
        RenderText {#text} at (0,0) size 38x17
          text run at (0,0) width 38: "PASS"
layer at (12,45) size 166x15 scrollX 13 scrollWidth 179
  RenderBlock {DIV} at (0,0) size 166x15
    RenderText {#text} at (-13,0) size 179x15
      text run at (-13,0) width 36 RTL: " \x{5D5}\x{5D6}\x{5D4}\x{5D5}"
      text run at (23,0) width 21: "she"
      text run at (44,0) width 60 RTL: " \x{5D5}\x{5D4}\x{5D9}\x{5D0} \x{5D6}\x{5D4} "
      text run at (104,0) width 14: "he"
      text run at (118,0) width 48 RTL: "\x{5D4}\x{5D5}\x{5D0} \x{5D6}\x{5D4} "
layer at (12,68) size 246x15
  RenderBlock {DIV} at (0,0) size 246x15
    RenderText {#text} at (67,0) size 179x15
      text run at (67,0) width 36 RTL: " \x{5D5}\x{5D6}\x{5D4}\x{5D5}"
      text run at (103,0) width 21: "she"
      text run at (124,0) width 60 RTL: " \x{5D5}\x{5D4}\x{5D9}\x{5D0} \x{5D6}\x{5D4} "
      text run at (184,0) width 14: "he"
      text run at (198,0) width 48 RTL: "\x{5D4}\x{5D5}\x{5D0} \x{5D6}\x{5D4} "
layer at (12,91) size 166x15
  RenderBlock {DIV} at (0,0) size 166x15
caret: position 0 of child 0 {DIV} of child 1 {DIV} of child 0 {DIV} of {#document-fragment} of child 9 {INPUT} of child 3 {P} of body
