layer at (0,0) size 800x600
  RenderView at (0,0) size 800x600
layer at (0,0) size 800x600
  RenderBlock {HTML} at (0,0) size 800x600
    RenderBody {BODY} at (8,8) size 784x576
      RenderBlock {P} at (0,0) size 784x34
        RenderText {#text} at (0,0) size 784x34
          text run at (0,0) width 398: "Test that search field text is vertically centered if the search field is "
          text run at (398,0) width 386: "taller than the text. In each of the following pairs of a search field"
          text run at (0,17) width 26: "and "
          text run at (26,17) width 338: "a text field, the vertical position of the text should be the "
          text run at (364,17) width 115: "same in both fields."
      RenderBlock {P} at (0,50) size 784x45
        RenderTextControl {INPUT} at (2,0) size 181x45 [bgcolor=#FFFFFF] [border: (2px inset #000000)]
          RenderFlexibleBox {DIV} at (3,3) size 175x39
            RenderBlock {DIV} at (0,19) size 0x0
            RenderBlock {DIV} at (0,12) size 166x15
            RenderBlock {DIV} at (166,15) size 9x9
        RenderText {#text} at (185,13) size 4x17
          text run at (185,13) width 4: " "
        RenderTextControl {INPUT} at (191,0) size 172x45 [bgcolor=#FFFFFF] [border: (2px inset #000000)]
        RenderText {#text} at (0,0) size 0x0
      RenderBlock {P} at (0,111) size 784x18
        RenderTextControl {INPUT} at (2,2) size 181x16 [bgcolor=#FFFFFF] [border: (2px inset #000000)]
          RenderFlexibleBox {DIV} at (3,0) size 175x15
            RenderBlock {DIV} at (0,7) size 0x0
            RenderBlock {DIV} at (0,0) size 166x15
            RenderBlock {DIV} at (166,3) size 9x9
        RenderText {#text} at (185,0) size 4x17
          text run at (185,0) width 4: " "
        RenderTextControl {INPUT} at (191,2) size 172x16 [bgcolor=#FFFFFF] [border: (2px inset #000000)]
        RenderText {#text} at (0,0) size 0x0
      RenderBlock {P} at (0,145) size 784x17
        RenderTextControl {INPUT} at (2,5) size 181x12 [bgcolor=#FFFFFF] [border: (2px inset #000000)]
          RenderFlexibleBox {DIV} at (3,0) size 175x12
            RenderBlock {DIV} at (0,6) size 0x0
            RenderBlock {DIV} at (0,3) size 166x6
            RenderBlock {DIV} at (166,1) size 9x10
        RenderText {#text} at (185,0) size 4x17
          text run at (185,0) width 4: " "
        RenderTextControl {INPUT} at (191,5) size 172x12 [bgcolor=#FFFFFF] [border: (2px inset #000000)]
        RenderText {#text} at (0,0) size 0x0
layer at (13,73) size 166x15
  RenderBlock {DIV} at (0,0) size 166x15
    RenderText {#text} at (0,0) size 25x15
      text run at (0,0) width 25: "Text"
layer at (202,73) size 166x15
  RenderBlock {DIV} at (3,15) size 166x15
    RenderText {#text} at (0,0) size 25x15
      text run at (0,0) width 25: "Text"
layer at (13,121) size 166x15
  RenderBlock {DIV} at (0,0) size 166x15
    RenderText {#text} at (0,0) size 25x15
      text run at (0,0) width 25: "Text"
layer at (202,121) size 166x15
  RenderBlock {DIV} at (3,0) size 166x15
    RenderText {#text} at (0,0) size 25x15
      text run at (0,0) width 25: "Text"
layer at (13,161) size 166x6 scrollHeight 15
  RenderBlock {DIV} at (0,0) size 166x6
    RenderText {#text} at (0,0) size 25x15
      text run at (0,0) width 25: "Text"
layer at (202,161) size 166x6 scrollHeight 15
  RenderBlock {DIV} at (3,3) size 166x6
    RenderText {#text} at (0,0) size 25x15
      text run at (0,0) width 25: "Text"
