layer at (0,0) size 800x600
  RenderView at (0,0) size 800x600
layer at (0,0) size 800x600
  RenderBlock {HTML} at (0,0) size 800x600
    RenderBody {BODY} at (8,8) size 784x584
      RenderMenuList {SELECT} at (2,2) size 278x21 [bgcolor=#FFFFFF]
        RenderBlock (anonymous) at (4,3) size 250x15
          RenderText at (0,0) size 180x15
            text run at (0,0) width 180: "should see this option selected"
      RenderText {#text} at (0,0) size 0x0
