layer at (0,0) size 800x600
  RenderView at (0,0) size 800x600
layer at (0,0) size 800x600
  RenderBlock {HTML} at (0,0) size 800x600
    RenderBody {BODY} at (8,8) size 784x584
      RenderText {#text} at (200,186) size 4x17
        text run at (200,186) width 4: " "
      RenderText {#text} at (204,186) size 52x17
        text run at (204,186) width 52: "185 364"
layer at (8,8) size 200x200 clip at (8,8) size 185x200 scrollHeight 364
  RenderTextControl {TEXTAREA} at (0,0) size 200x200
    RenderBlock {DIV} at (2,2) size 181x360
      RenderText {#text} at (0,0) size 90x345
        text run at (0,0) width 90: "Lots of content."
        text run at (0,15) width 90: "Lots of content."
        text run at (0,30) width 90: "Lots of content."
        text run at (0,45) width 90: "Lots of content."
        text run at (0,60) width 0: " "
        text run at (0,75) width 90: "Lots of content."
        text run at (0,90) width 90: "Lots of content."
        text run at (0,105) width 0: " "
        text run at (0,120) width 90: "Lots of content."
        text run at (0,135) width 90: "Lots of content."
        text run at (0,150) width 0: " "
        text run at (0,165) width 90: "Lots of content."
        text run at (0,180) width 90: "Lots of content."
        text run at (0,195) width 0: " "
        text run at (0,210) width 90: "Lots of content."
        text run at (0,225) width 90: "Lots of content."
        text run at (0,240) width 0: " "
        text run at (0,255) width 90: "Lots of content."
        text run at (0,270) width 90: "Lots of content."
        text run at (0,285) width 0: " "
        text run at (0,300) width 90: "Lots of content."
        text run at (0,315) width 90: "Lots of content."
        text run at (0,330) width 0: " "
      RenderBR {BR} at (0,345) size 0x15
