layer at (0,0) size 800x600
  RenderView at (0,0) size 800x600
layer at (0,0) size 800x600
  RenderBlock {HTML} at (0,0) size 800x600
    RenderBody {BODY} at (8,8) size 784x584
      RenderBlock (anonymous) at (0,0) size 784x17
        RenderText {#text} at (0,0) size 158x17
          text run at (0,0) width 158: "The text should be default:"
      RenderBlock {FORM} at (0,25) size 784x43
        RenderBlock {HR} at (0,0) size 784x2 [border: (1px inset #000000)]
        RenderBlock (anonymous) at (0,10) size 784x23
          RenderInline {LABEL} at (0,0) size 481x17
            RenderText {#text} at (0,2) size 307x17
              text run at (0,2) width 307: "This is a searchable index. Enter search keywords: "
            RenderTextControl {INPUT} at (309,2) size 170x19
        RenderBlock {HR} at (0,41) size 784x2 [border: (1px inset #000000)]
      RenderBlock (anonymous) at (0,84) size 784x17
        RenderText {#text} at (0,0) size 138x17
          text run at (0,0) width 138: "The text should be red:"
      RenderBlock {FORM} at (0,109) size 784x43
        RenderBlock {HR} at (0,0) size 784x2 [border: (1px inset #000000)]
        RenderBlock (anonymous) at (0,10) size 784x23
          RenderInline {LABEL} at (0,0) size 481x17
            RenderText {#text} at (0,2) size 307x17
              text run at (0,2) width 307: "This is a searchable index. Enter search keywords: "
            RenderTextControl {INPUT} at (309,2) size 170x19 [color=#FF0000]
        RenderBlock {HR} at (0,41) size 784x2 [border: (1px inset #000000)]
      RenderBlock (anonymous) at (0,168) size 784x17
        RenderText {#text} at (0,0) size 200x17
          text run at (0,0) width 200: "The text should be gray on green:"
      RenderBlock {FORM} at (0,193) size 784x45
        RenderBlock {HR} at (0,0) size 784x2 [border: (1px inset #000000)]
        RenderBlock (anonymous) at (0,10) size 784x25
          RenderInline {LABEL} at (0,0) size 483x17
            RenderText {#text} at (0,3) size 307x17
              text run at (0,3) width 307: "This is a searchable index. Enter search keywords: "
            RenderTextControl {INPUT} at (309,2) size 172x21 [bgcolor=#008000] [border: (2px inset #000000)]
        RenderBlock {HR} at (0,43) size 784x2 [border: (1px inset #000000)]
      RenderBlock (anonymous) at (0,254) size 784x17
        RenderText {#text} at (0,0) size 198x17
          text run at (0,0) width 198: "The text should be red on Green:"
      RenderBlock {FORM} at (0,279) size 784x45
        RenderBlock {HR} at (0,0) size 784x2 [border: (1px inset #000000)]
        RenderBlock (anonymous) at (0,10) size 784x25
          RenderInline {LABEL} at (0,0) size 483x17
            RenderText {#text} at (0,3) size 307x17
              text run at (0,3) width 307: "This is a searchable index. Enter search keywords: "
            RenderTextControl {INPUT} at (309,2) size 172x21 [color=#FF0000] [bgcolor=#008000] [border: (2px inset #FF0000)]
        RenderBlock {HR} at (0,43) size 784x2 [border: (1px inset #000000)]
      RenderBlock (anonymous) at (0,340) size 784x25
        RenderTextControl {INPUT} at (2,3) size 170x19
        RenderText {#text} at (174,3) size 4x17
          text run at (174,3) width 4: " "
        RenderTextControl {INPUT} at (180,3) size 170x19 [color=#FF0000]
        RenderText {#text} at (352,3) size 4x17
          text run at (352,3) width 4: " "
        RenderTextControl {INPUT} at (358,2) size 172x21 [bgcolor=#008000] [border: (2px inset #000000)]
        RenderText {#text} at (532,3) size 4x17
          text run at (532,3) width 4: " "
        RenderTextControl {INPUT} at (538,2) size 172x21 [color=#FF0000] [bgcolor=#008000] [border: (2px inset #FF0000)]
        RenderText {#text} at (0,0) size 0x0
layer at (319,47) size 166x15
  RenderBlock {DIV} at (2,2) size 166x15
    RenderText {#text} at (0,0) size 38x15
      text run at (0,0) width 38: "default"
layer at (319,131) size 166x15
  RenderBlock {DIV} at (2,2) size 166x15
    RenderText {#text} at (0,0) size 18x15
      text run at (0,0) width 18: "red"
layer at (320,216) size 166x15
  RenderBlock {DIV} at (3,3) size 166x15
    RenderText {#text} at (0,0) size 92x15
      text run at (0,0) width 92: "default on green"
layer at (320,302) size 166x15
  RenderBlock {DIV} at (3,3) size 166x15
    RenderText {#text} at (0,0) size 72x15
      text run at (0,0) width 72: "red on green"
layer at (12,353) size 166x15
  RenderBlock {DIV} at (2,2) size 166x15
    RenderText {#text} at (0,0) size 38x15
      text run at (0,0) width 38: "default"
layer at (190,353) size 166x15
  RenderBlock {DIV} at (2,2) size 166x15
    RenderText {#text} at (0,0) size 18x15
      text run at (0,0) width 18: "red"
layer at (369,353) size 166x15
  RenderBlock {DIV} at (3,3) size 166x15
    RenderText {#text} at (0,0) size 92x15
      text run at (0,0) width 92: "default on green"
layer at (549,353) size 166x15
  RenderBlock {DIV} at (3,3) size 166x15
    RenderText {#text} at (0,0) size 72x15
      text run at (0,0) width 72: "red on green"
