layer at (0,0) size 800x600
  RenderView at (0,0) size 800x600
layer at (0,0) size 800x600
  RenderBlock {HTML} at (0,0) size 800x600
    RenderBody {BODY} at (8,8) size 784x584
      RenderTable {TABLE} at (0,0) size 745x50 [border: (1px outset #808080)]
        RenderTableSection {TBODY} at (1,1) size 743x48
          RenderTableRow {TR} at (0,2) size 743x44
            RenderTableCell {TD} at (2,2) size 237x44 [border: (1px inset #808080)] [r=0 c=0 rs=1 cs=1]
              RenderTable {TABLE} at (2,2) size 233x40
                RenderTableSection {TBODY} at (0,0) size 233x40
                  RenderTableRow {TR} at (0,2) size 233x36
                    RenderTableCell {TD} at (2,2) size 229x36 [r=0 c=0 rs=1 cs=1]
                      RenderText {#text} at (1,1) size 210x34
                        text run at (1,1) width 210: "This is the first column. It has some"
                        text run at (1,18) width 51: "text in it."
            RenderTableCell {TD} at (240,2) size 501x44 [border: (1px inset #808080)] [r=0 c=1 rs=1 cs=1]
              RenderTable {TABLE} at (2,2) size 496x40
                RenderTableSection {TBODY} at (0,0) size 496x40
                  RenderTableRow {TR} at (0,2) size 496x36
                    RenderTableCell {TD} at (2,2) size 492x36 [r=0 c=0 rs=1 cs=1]
                      RenderText {#text} at (1,1) size 467x34
                        text run at (1,1) width 162: "This is the second column. "
                        text run at (163,1) width 278: "It has a lot more content than the first column. "
                        text run at (441,1) width 27: "That"
                        text run at (1,18) width 99: "shouldn't matter."
