layer at (0,0) size 800x600
  RenderView at (0,0) size 800x600
layer at (0,0) size 800x600
  RenderBlock {HTML} at (0,0) size 800x600
    RenderBody {BODY} at (8,8) size 784x584
      RenderTable {TABLE} at (0,0) size 145x40
        RenderTableSection {TBODY} at (0,0) size 145x40
          RenderTableRow {TR} at (0,2) size 145x36
            RenderTableCell {TD} at (2,2) size 45x36 [r=0 c=0 rs=1 cs=1]
              RenderText {#text} at (1,1) size 43x34
                text run at (1,1) width 28: "first-"
                text run at (1,18) width 43: "column"
            RenderTableCell {TD} at (49,10) size 94x20 [bgcolor=#BBBBBB] [r=0 c=1 rs=1 cs=1]
              RenderText {#text} at (1,1) size 92x18
                text run at (1,2) width 92: "second-column"
