layer at (0,0) size 785x706
  RenderView at (0,0) size 785x600
layer at (0,0) size 785x706
  RenderBlock {HTML} at (0,0) size 785x706
    RenderBody {BODY} at (8,8) size 769x682
      RenderTable {TABLE} at (0,0) size 769x76
        RenderTableSection {TBODY} at (0,0) size 769x76
          RenderTableRow {TR} at (0,2) size 769x72
            RenderTableCell {TD} at (2,27) size 691x22 [border: (1px solid #008000)] [r=0 c=0 rs=1 cs=1]
              RenderText {#text} at (2,2) size 8x18
                text run at (2,3) width 8: "1"
            RenderTableCell {TD} at (695,2) size 58x72 [border: (1px solid #008000)] [r=0 c=1 rs=1 cs=1]
              RenderText {#text} at (2,2) size 54x68
                text run at (2,2) width 51: "See, this"
                text run at (2,19) width 31: "is the"
                text run at (2,36) width 54: "problem."
                text run at (2,53) width 45: "It will..."
            RenderTableCell {TD} at (755,27) size 12x22 [border: (1px solid #008000)] [r=0 c=2 rs=1 cs=1]
              RenderText {#text} at (2,2) size 8x18
                text run at (2,3) width 8: "3"
      RenderBlock {P} at (0,92) size 769x0
      RenderTable {TABLE} at (0,92) size 769x186
        RenderTableSection {TBODY} at (0,0) size 769x186
          RenderTableRow {TR} at (0,2) size 769x182
            RenderTableCell {TD} at (2,2) size 765x182 [border: (1px solid #008000)] [r=0 c=0 rs=1 cs=1]
              RenderTable {TABLE} at (2,2) size 761x178
                RenderTableSection {TBODY} at (0,0) size 761x178
                  RenderTableRow {TR} at (0,2) size 761x174
                    RenderTableCell {TD} at (2,78) size 683x22 [border: (1px solid #008000)] [r=0 c=0 rs=1 cs=1]
                      RenderText {#text} at (2,2) size 8x18
                        text run at (2,3) width 8: "1"
                    RenderTableCell {TD} at (687,2) size 58x174 [border: (1px solid #008000)] [r=0 c=1 rs=1 cs=1]
                      RenderText {#text} at (2,2) size 54x170
                        text run at (2,2) width 51: "See, this"
                        text run at (2,19) width 31: "is the"
                        text run at (2,36) width 54: "problem."
                        text run at (2,53) width 40: "S See,"
                        text run at (2,70) width 33: "this is"
                        text run at (2,87) width 18: "the"
                        text run at (2,104) width 54: "problem."
                        text run at (2,121) width 51: "See, this"
                        text run at (2,138) width 31: "is the"
                        text run at (2,155) width 54: "problem."
                    RenderTableCell {TD} at (747,78) size 12x22 [border: (1px solid #008000)] [r=0 c=2 rs=1 cs=1]
                      RenderText {#text} at (2,2) size 8x18
                        text run at (2,3) width 8: "3"
      RenderBlock {P} at (0,294) size 769x0
      RenderTable {TABLE} at (0,294) size 497x186
        RenderTableSection {TBODY} at (0,0) size 497x186
          RenderTableRow {TR} at (0,2) size 497x182
            RenderTableCell {TD} at (2,2) size 493x182 [border: (1px solid #008000)] [r=0 c=0 rs=1 cs=1]
              RenderTable {TABLE} at (2,2) size 489x178
                RenderTableSection {TBODY} at (0,0) size 489x178
                  RenderTableRow {TR} at (0,2) size 489x174
                    RenderTableCell {TD} at (2,78) size 411x22 [border: (1px solid #008000)] [r=0 c=0 rs=1 cs=1]
                      RenderText {#text} at (2,2) size 8x18
                        text run at (2,3) width 8: "1"
                    RenderTableCell {TD} at (415,2) size 58x174 [border: (1px solid #008000)] [r=0 c=1 rs=1 cs=1]
                      RenderText {#text} at (2,2) size 54x170
                        text run at (2,2) width 51: "See, this"
                        text run at (2,19) width 31: "is the"
                        text run at (2,36) width 54: "problem."
                        text run at (2,53) width 40: "S See,"
                        text run at (2,70) width 33: "this is"
                        text run at (2,87) width 18: "the"
                        text run at (2,104) width 54: "problem."
                        text run at (2,121) width 51: "See, this"
                        text run at (2,138) width 31: "is the"
                        text run at (2,155) width 54: "problem."
                    RenderTableCell {TD} at (475,78) size 12x22 [border: (1px solid #008000)] [r=0 c=2 rs=1 cs=1]
                      RenderText {#text} at (2,2) size 8x18
                        text run at (2,3) width 8: "3"
      RenderBlock {P} at (0,496) size 769x0
      RenderTable {TABLE} at (0,496) size 497x186
        RenderTableSection {TBODY} at (0,0) size 497x186
          RenderTableRow {TR} at (0,2) size 497x182
            RenderTableCell {TD} at (2,2) size 493x182 [border: (1px solid #008000)] [r=0 c=0 rs=1 cs=1]
              RenderBlock {DIV} at (2,2) size 489x178
                RenderTable {TABLE} at (0,0) size 489x178
                  RenderTableSection {TBODY} at (0,0) size 489x178
                    RenderTableRow {TR} at (0,2) size 489x174
                      RenderTableCell {TD} at (2,78) size 411x22 [border: (1px solid #008000)] [r=0 c=0 rs=1 cs=1]
                        RenderText {#text} at (2,2) size 8x18
                          text run at (2,3) width 8: "1"
                      RenderTableCell {TD} at (415,2) size 58x174 [border: (1px solid #008000)] [r=0 c=1 rs=1 cs=1]
                        RenderText {#text} at (2,2) size 54x170
                          text run at (2,2) width 51: "See, this"
                          text run at (2,19) width 31: "is the"
                          text run at (2,36) width 54: "problem."
                          text run at (2,53) width 40: "S See,"
                          text run at (2,70) width 33: "this is"
                          text run at (2,87) width 18: "the"
                          text run at (2,104) width 54: "problem."
                          text run at (2,121) width 51: "See, this"
                          text run at (2,138) width 31: "is the"
                          text run at (2,155) width 54: "problem."
                      RenderTableCell {TD} at (475,78) size 12x22 [border: (1px solid #008000)] [r=0 c=2 rs=1 cs=1]
                        RenderText {#text} at (2,2) size 8x18
                          text run at (2,3) width 8: "3"
      RenderBlock {P} at (0,698) size 769x0
