layer at (0,0) size 800x600
  RenderView at (0,0) size 800x600
layer at (0,0) size 800x130
  RenderBlock {HTML} at (0,0) size 800x130
    RenderBody {BODY} at (8,8) size 784x114
      RenderTable {TABLE} at (0,0) size 253x57
        RenderBlock {CAPTION} at (0,0) size 253x34
          RenderText {#text} at (29,0) size 195x34
            text run at (29,0) width 195: "The next line should have yellow"
            text run at (88,17) width 77: "background."
        RenderTableCol {COLGROUP} at (0,0) size 0x0
          RenderTableCol {COL} at (0,0) size 0x0 [bgcolor=#FFFF00]
        RenderTableSection {TBODY} at (0,34) size 253x23
          RenderTableRow {TR} at (0,2) size 253x19
            RenderTableCell {TD} at (2,2) size 249x19 [r=0 c=0 rs=1 cs=1]
              RenderText {#text} at (1,1) size 247x17
                text run at (1,1) width 247: "This line should have yellow background."
      RenderTable {TABLE} at (0,57) size 253x57
        RenderBlock {CAPTION} at (0,0) size 253x34
          RenderText {#text} at (29,0) size 195x34
            text run at (29,0) width 195: "The next line should have yellow"
            text run at (88,17) width 77: "background."
        RenderTableCol {COLGROUP} at (0,0) size 0x0
          RenderTableCol {COL} at (0,0) size 0x0 [bgcolor=#FFFF00]
        RenderTableSection {TBODY} at (0,34) size 253x23
          RenderTableRow {TR} at (0,2) size 253x19
            RenderTableCell {TD} at (2,2) size 249x19 [r=0 c=0 rs=1 cs=1]
              RenderText {#text} at (1,1) size 247x17
                text run at (1,1) width 247: "This line should have yellow background."
