layer at (0,0) size 785x7338
  RenderView at (0,0) size 785x600
layer at (0,0) size 785x7338
  RenderBlock {HTML} at (0,0) size 785x7338
    RenderBody {BODY} at (8,8) size 769x7282
      RenderTable {TABLE} at (0,0) size 261x112
        RenderBlock {CAPTION} at (0,0) size 261x17
          RenderInline {A} at (0,0) size 226x17
            RenderText {#text} at (15,0) size 226x17
              text run at (15,0) width 226: "Frame=\x{201C}void\x{201D} and Rules=\x{201C}none\x{201D}"
          RenderInline (generated) at (0,0) size 5x17
            RenderText at (241,0) size 5x17
              text run at (241,0) width 5: ":"
        RenderTableSection {THEAD} at (0,17) size 261x19
          RenderTableRow {TR} at (0,0) size 261x19
            RenderTableCell {TD} at (0,0) size 87x19 [r=0 c=0 rs=1 cs=1]
              RenderText {#text} at (1,1) size 85x17
                text run at (1,1) width 85: "Row 1, Cell 1"
            RenderTableCell {TD} at (87,0) size 87x19 [r=0 c=1 rs=1 cs=1]
              RenderText {#text} at (1,1) size 85x17
                text run at (1,1) width 85: "Row 1, Cell 2"
            RenderTableCell {TD} at (174,0) size 87x19 [r=0 c=2 rs=1 cs=1]
              RenderText {#text} at (1,1) size 85x17
                text run at (1,1) width 85: "Row 1, Cell 3"
        RenderTableSection {TBODY} at (0,36) size 261x57
          RenderTableRow {TR} at (0,0) size 261x19
            RenderTableCell {TD} at (0,9) size 87x20 [r=0 c=0 rs=2 cs=1]
              RenderText {#text} at (1,1) size 85x18
                text run at (1,2) width 85: "Row 2, Cell 1"
            RenderTableCell {TD} at (87,0) size 174x19 [r=0 c=1 rs=1 cs=2]
              RenderText {#text} at (1,1) size 85x17
                text run at (1,1) width 85: "Row 2, Cell 2"
          RenderTableRow {TR} at (0,19) size 261x19
            RenderTableCell {TD} at (87,19) size 87x19 [r=1 c=1 rs=1 cs=1]
              RenderText {#text} at (1,1) size 85x17
                text run at (1,1) width 85: "Row 3, Cell 2"
            RenderTableCell {TD} at (174,28) size 87x20 [r=1 c=2 rs=2 cs=1]
              RenderText {#text} at (1,1) size 85x18
                text run at (1,2) width 85: "Row 3, Cell 3"
          RenderTableRow {TR} at (0,38) size 261x19
            RenderTableCell {TD} at (0,38) size 174x19 [r=2 c=0 rs=1 cs=2]
              RenderText {#text} at (1,1) size 85x17
                text run at (1,1) width 85: "Row 4, Cell 1"
        RenderTableSection {TFOOT} at (0,93) size 261x19
          RenderTableRow {TR} at (0,0) size 261x19
            RenderTableCell {TD} at (0,0) size 87x19 [r=0 c=0 rs=1 cs=1]
              RenderText {#text} at (1,1) size 85x17
                text run at (1,1) width 85: "Row 5, Cell 1"
            RenderTableCell {TD} at (87,0) size 87x19 [r=0 c=1 rs=1 cs=1]
              RenderText {#text} at (1,1) size 85x17
                text run at (1,1) width 85: "Row 5, Cell 2"
            RenderTableCell {TD} at (174,0) size 87x19 [r=0 c=2 rs=1 cs=1]
              RenderText {#text} at (1,1) size 85x17
                text run at (1,1) width 85: "Row 5, Cell 3"
      RenderTable {TABLE} at (0,160) size 261x113
        RenderBlock {CAPTION} at (0,0) size 261x17
          RenderInline {A} at (0,0) size 236x17
            RenderText {#text} at (10,0) size 236x17
              text run at (10,0) width 236: "Frame=\x{201C}above\x{201D} and Rules=\x{201C}none\x{201D}"
          RenderInline (generated) at (0,0) size 5x17
            RenderText at (246,0) size 5x17
              text run at (246,0) width 5: ":"
        RenderTableSection {THEAD} at (0,17) size 261x20
          RenderTableRow {TR} at (0,0) size 261x20
            RenderTableCell {TD} at (0,0) size 87x20 [border: (1px none #000000)] [r=0 c=0 rs=1 cs=1]
              RenderText {#text} at (1,2) size 85x17
                text run at (1,2) width 85: "Row 1, Cell 1"
            RenderTableCell {TD} at (87,0) size 87x20 [border: (1px none #000000)] [r=0 c=1 rs=1 cs=1]
              RenderText {#text} at (1,2) size 85x17
                text run at (1,2) width 85: "Row 1, Cell 2"
            RenderTableCell {TD} at (174,0) size 87x20 [border: (1px none #000000)] [r=0 c=2 rs=1 cs=1]
              RenderText {#text} at (1,2) size 85x17
                text run at (1,2) width 85: "Row 1, Cell 3"
        RenderTableSection {TBODY} at (0,37) size 261x57
          RenderTableRow {TR} at (0,0) size 261x19
            RenderTableCell {TD} at (0,9) size 87x20 [r=0 c=0 rs=2 cs=1]
              RenderText {#text} at (1,1) size 85x18
                text run at (1,2) width 85: "Row 2, Cell 1"
            RenderTableCell {TD} at (87,0) size 174x19 [r=0 c=1 rs=1 cs=2]
              RenderText {#text} at (1,1) size 85x17
                text run at (1,1) width 85: "Row 2, Cell 2"
          RenderTableRow {TR} at (0,19) size 261x19
            RenderTableCell {TD} at (87,19) size 87x19 [r=1 c=1 rs=1 cs=1]
              RenderText {#text} at (1,1) size 85x17
                text run at (1,1) width 85: "Row 3, Cell 2"
            RenderTableCell {TD} at (174,28) size 87x20 [r=1 c=2 rs=2 cs=1]
              RenderText {#text} at (1,1) size 85x18
                text run at (1,2) width 85: "Row 3, Cell 3"
          RenderTableRow {TR} at (0,38) size 261x19
            RenderTableCell {TD} at (0,38) size 174x19 [r=2 c=0 rs=1 cs=2]
              RenderText {#text} at (1,1) size 85x17
                text run at (1,1) width 85: "Row 4, Cell 1"
        RenderTableSection {TFOOT} at (0,94) size 261x19
          RenderTableRow {TR} at (0,0) size 261x19
            RenderTableCell {TD} at (0,0) size 87x19 [r=0 c=0 rs=1 cs=1]
              RenderText {#text} at (1,1) size 85x17
                text run at (1,1) width 85: "Row 5, Cell 1"
            RenderTableCell {TD} at (87,0) size 87x19 [r=0 c=1 rs=1 cs=1]
              RenderText {#text} at (1,1) size 85x17
                text run at (1,1) width 85: "Row 5, Cell 2"
            RenderTableCell {TD} at (174,0) size 87x19 [r=0 c=2 rs=1 cs=1]
              RenderText {#text} at (1,1) size 85x17
                text run at (1,1) width 85: "Row 5, Cell 3"
      RenderTable {TABLE} at (0,321) size 261x113 [border: none (1px solid #808080) none]
        RenderBlock {CAPTION} at (0,0) size 261x17
          RenderInline {A} at (0,0) size 238x17
            RenderText {#text} at (9,0) size 238x17
              text run at (9,0) width 238: "Frame=\x{201C}below\x{201D} and Rules=\x{201C}none\x{201D}"
          RenderInline (generated) at (0,0) size 6x17
            RenderText at (246,0) size 6x17
              text run at (246,0) width 6: ":"
        RenderTableSection {THEAD} at (0,17) size 261x19
          RenderTableRow {TR} at (0,0) size 261x19
            RenderTableCell {TD} at (0,0) size 87x19 [r=0 c=0 rs=1 cs=1]
              RenderText {#text} at (1,1) size 85x17
                text run at (1,1) width 85: "Row 1, Cell 1"
            RenderTableCell {TD} at (87,0) size 87x19 [r=0 c=1 rs=1 cs=1]
              RenderText {#text} at (1,1) size 85x17
                text run at (1,1) width 85: "Row 1, Cell 2"
            RenderTableCell {TD} at (174,0) size 87x19 [r=0 c=2 rs=1 cs=1]
              RenderText {#text} at (1,1) size 85x17
                text run at (1,1) width 85: "Row 1, Cell 3"
        RenderTableSection {TBODY} at (0,36) size 261x57
          RenderTableRow {TR} at (0,0) size 261x19
            RenderTableCell {TD} at (0,9) size 87x20 [r=0 c=0 rs=2 cs=1]
              RenderText {#text} at (1,1) size 85x18
                text run at (1,2) width 85: "Row 2, Cell 1"
            RenderTableCell {TD} at (87,0) size 174x19 [r=0 c=1 rs=1 cs=2]
              RenderText {#text} at (1,1) size 85x17
                text run at (1,1) width 85: "Row 2, Cell 2"
          RenderTableRow {TR} at (0,19) size 261x19
            RenderTableCell {TD} at (87,19) size 87x19 [r=1 c=1 rs=1 cs=1]
              RenderText {#text} at (1,1) size 85x17
                text run at (1,1) width 85: "Row 3, Cell 2"
            RenderTableCell {TD} at (174,28) size 87x20 [r=1 c=2 rs=2 cs=1]
              RenderText {#text} at (1,1) size 85x18
                text run at (1,2) width 85: "Row 3, Cell 3"
          RenderTableRow {TR} at (0,38) size 261x19
            RenderTableCell {TD} at (0,38) size 174x19 [r=2 c=0 rs=1 cs=2]
              RenderText {#text} at (1,1) size 85x17
                text run at (1,1) width 85: "Row 4, Cell 1"
        RenderTableSection {TFOOT} at (0,93) size 261x19
          RenderTableRow {TR} at (0,0) size 261x19
            RenderTableCell {TD} at (0,0) size 87x19 [r=0 c=0 rs=1 cs=1]
              RenderText {#text} at (1,1) size 85x17
                text run at (1,1) width 85: "Row 5, Cell 1"
            RenderTableCell {TD} at (87,0) size 87x19 [r=0 c=1 rs=1 cs=1]
              RenderText {#text} at (1,1) size 85x17
                text run at (1,1) width 85: "Row 5, Cell 2"
            RenderTableCell {TD} at (174,0) size 87x19 [r=0 c=2 rs=1 cs=1]
              RenderText {#text} at (1,1) size 85x17
                text run at (1,1) width 85: "Row 5, Cell 3"
      RenderTable {TABLE} at (0,482) size 261x114 [border: none none (1px solid #808080) none]
        RenderBlock {CAPTION} at (0,0) size 261x17
          RenderInline {A} at (0,0) size 240x17
            RenderText {#text} at (8,0) size 240x17
              text run at (8,0) width 240: "Frame=\x{201C}hsides\x{201D} and Rules=\x{201C}none\x{201D}"
          RenderInline (generated) at (0,0) size 6x17
            RenderText at (247,0) size 6x17
              text run at (247,0) width 6: ":"
        RenderTableSection {THEAD} at (0,17) size 261x20
          RenderTableRow {TR} at (0,0) size 261x20
            RenderTableCell {TD} at (0,0) size 87x20 [border: (1px none #000000)] [r=0 c=0 rs=1 cs=1]
              RenderText {#text} at (1,2) size 85x17
                text run at (1,2) width 85: "Row 1, Cell 1"
            RenderTableCell {TD} at (87,0) size 87x20 [border: (1px none #000000)] [r=0 c=1 rs=1 cs=1]
              RenderText {#text} at (1,2) size 85x17
                text run at (1,2) width 85: "Row 1, Cell 2"
            RenderTableCell {TD} at (174,0) size 87x20 [border: (1px none #000000)] [r=0 c=2 rs=1 cs=1]
              RenderText {#text} at (1,2) size 85x17
                text run at (1,2) width 85: "Row 1, Cell 3"
        RenderTableSection {TBODY} at (0,37) size 261x57
          RenderTableRow {TR} at (0,0) size 261x19
            RenderTableCell {TD} at (0,9) size 87x20 [r=0 c=0 rs=2 cs=1]
              RenderText {#text} at (1,1) size 85x18
                text run at (1,2) width 85: "Row 2, Cell 1"
            RenderTableCell {TD} at (87,0) size 174x19 [r=0 c=1 rs=1 cs=2]
              RenderText {#text} at (1,1) size 85x17
                text run at (1,1) width 85: "Row 2, Cell 2"
          RenderTableRow {TR} at (0,19) size 261x19
            RenderTableCell {TD} at (87,19) size 87x19 [r=1 c=1 rs=1 cs=1]
              RenderText {#text} at (1,1) size 85x17
                text run at (1,1) width 85: "Row 3, Cell 2"
            RenderTableCell {TD} at (174,28) size 87x20 [r=1 c=2 rs=2 cs=1]
              RenderText {#text} at (1,1) size 85x18
                text run at (1,2) width 85: "Row 3, Cell 3"
          RenderTableRow {TR} at (0,38) size 261x19
            RenderTableCell {TD} at (0,38) size 174x19 [r=2 c=0 rs=1 cs=2]
              RenderText {#text} at (1,1) size 85x17
                text run at (1,1) width 85: "Row 4, Cell 1"
        RenderTableSection {TFOOT} at (0,94) size 261x19
          RenderTableRow {TR} at (0,0) size 261x19
            RenderTableCell {TD} at (0,0) size 87x19 [r=0 c=0 rs=1 cs=1]
              RenderText {#text} at (1,1) size 85x17
                text run at (1,1) width 85: "Row 5, Cell 1"
            RenderTableCell {TD} at (87,0) size 87x19 [r=0 c=1 rs=1 cs=1]
              RenderText {#text} at (1,1) size 85x17
                text run at (1,1) width 85: "Row 5, Cell 2"
            RenderTableCell {TD} at (174,0) size 87x19 [r=0 c=2 rs=1 cs=1]
              RenderText {#text} at (1,1) size 85x17
                text run at (1,1) width 85: "Row 5, Cell 3"
      RenderTable {TABLE} at (0,644) size 263x112 [border: none (1px solid #808080) none none]
        RenderBlock {CAPTION} at (0,0) size 263x17
          RenderInline {A} at (0,0) size 238x17
            RenderText {#text} at (10,0) size 238x17
              text run at (10,0) width 238: "Frame=\x{201C}vsides\x{201D} and Rules=\x{201C}none\x{201D}"
          RenderInline (generated) at (0,0) size 6x17
            RenderText at (247,0) size 6x17
              text run at (247,0) width 6: ":"
        RenderTableSection {THEAD} at (0,17) size 262x19
          RenderTableRow {TR} at (0,0) size 262x19
            RenderTableCell {TD} at (0,0) size 88x19 [border: none] [r=0 c=0 rs=1 cs=1]
              RenderText {#text} at (2,1) size 85x17
                text run at (2,1) width 85: "Row 1, Cell 1"
            RenderTableCell {TD} at (88,0) size 87x19 [r=0 c=1 rs=1 cs=1]
              RenderText {#text} at (1,1) size 85x17
                text run at (1,1) width 85: "Row 1, Cell 2"
            RenderTableCell {TD} at (175,0) size 87x19 [r=0 c=2 rs=1 cs=1]
              RenderText {#text} at (1,1) size 85x17
                text run at (1,1) width 85: "Row 1, Cell 3"
        RenderTableSection {TBODY} at (0,36) size 262x57
          RenderTableRow {TR} at (0,0) size 262x19
            RenderTableCell {TD} at (0,9) size 88x20 [border: none] [r=0 c=0 rs=2 cs=1]
              RenderText {#text} at (2,1) size 85x18
                text run at (2,2) width 85: "Row 2, Cell 1"
            RenderTableCell {TD} at (88,0) size 174x19 [r=0 c=1 rs=1 cs=2]
              RenderText {#text} at (1,1) size 85x17
                text run at (1,1) width 85: "Row 2, Cell 2"
          RenderTableRow {TR} at (0,19) size 262x19
            RenderTableCell {TD} at (88,19) size 87x19 [r=1 c=1 rs=1 cs=1]
              RenderText {#text} at (1,1) size 85x17
                text run at (1,1) width 85: "Row 3, Cell 2"
            RenderTableCell {TD} at (175,28) size 87x20 [r=1 c=2 rs=2 cs=1]
              RenderText {#text} at (1,1) size 85x18
                text run at (1,2) width 85: "Row 3, Cell 3"
          RenderTableRow {TR} at (0,38) size 262x19
            RenderTableCell {TD} at (0,38) size 175x19 [border: none] [r=2 c=0 rs=1 cs=2]
              RenderText {#text} at (2,1) size 85x17
                text run at (2,1) width 85: "Row 4, Cell 1"
        RenderTableSection {TFOOT} at (0,93) size 262x19
          RenderTableRow {TR} at (0,0) size 262x19
            RenderTableCell {TD} at (0,0) size 88x19 [border: none] [r=0 c=0 rs=1 cs=1]
              RenderText {#text} at (2,1) size 85x17
                text run at (2,1) width 85: "Row 5, Cell 1"
            RenderTableCell {TD} at (88,0) size 87x19 [r=0 c=1 rs=1 cs=1]
              RenderText {#text} at (1,1) size 85x17
                text run at (1,1) width 85: "Row 5, Cell 2"
            RenderTableCell {TD} at (175,0) size 87x19 [r=0 c=2 rs=1 cs=1]
              RenderText {#text} at (1,1) size 85x17
                text run at (1,1) width 85: "Row 5, Cell 3"
      RenderTable {TABLE} at (0,804) size 262x112
        RenderBlock {CAPTION} at (0,0) size 262x17
          RenderInline {A} at (0,0) size 219x17
            RenderText {#text} at (19,0) size 219x17
              text run at (19,0) width 219: "Frame=\x{201C}lhs\x{201D} and Rules=\x{201C}none\x{201D}"
          RenderInline (generated) at (0,0) size 6x17
            RenderText at (237,0) size 6x17
              text run at (237,0) width 6: ":"
        RenderTableSection {THEAD} at (0,17) size 262x19
          RenderTableRow {TR} at (0,0) size 262x19
            RenderTableCell {TD} at (0,0) size 88x19 [border: none] [r=0 c=0 rs=1 cs=1]
              RenderText {#text} at (2,1) size 85x17
                text run at (2,1) width 85: "Row 1, Cell 1"
            RenderTableCell {TD} at (88,0) size 87x19 [r=0 c=1 rs=1 cs=1]
              RenderText {#text} at (1,1) size 85x17
                text run at (1,1) width 85: "Row 1, Cell 2"
            RenderTableCell {TD} at (175,0) size 87x19 [r=0 c=2 rs=1 cs=1]
              RenderText {#text} at (1,1) size 85x17
                text run at (1,1) width 85: "Row 1, Cell 3"
        RenderTableSection {TBODY} at (0,36) size 262x57
          RenderTableRow {TR} at (0,0) size 262x19
            RenderTableCell {TD} at (0,9) size 88x20 [border: none] [r=0 c=0 rs=2 cs=1]
              RenderText {#text} at (2,1) size 85x18
                text run at (2,2) width 85: "Row 2, Cell 1"
            RenderTableCell {TD} at (88,0) size 174x19 [r=0 c=1 rs=1 cs=2]
              RenderText {#text} at (1,1) size 85x17
                text run at (1,1) width 85: "Row 2, Cell 2"
          RenderTableRow {TR} at (0,19) size 262x19
            RenderTableCell {TD} at (88,19) size 87x19 [r=1 c=1 rs=1 cs=1]
              RenderText {#text} at (1,1) size 85x17
                text run at (1,1) width 85: "Row 3, Cell 2"
            RenderTableCell {TD} at (175,28) size 87x20 [r=1 c=2 rs=2 cs=1]
              RenderText {#text} at (1,1) size 85x18
                text run at (1,2) width 85: "Row 3, Cell 3"
          RenderTableRow {TR} at (0,38) size 262x19
            RenderTableCell {TD} at (0,38) size 175x19 [border: none] [r=2 c=0 rs=1 cs=2]
              RenderText {#text} at (2,1) size 85x17
                text run at (2,1) width 85: "Row 4, Cell 1"
        RenderTableSection {TFOOT} at (0,93) size 262x19
          RenderTableRow {TR} at (0,0) size 262x19
            RenderTableCell {TD} at (0,0) size 88x19 [border: none] [r=0 c=0 rs=1 cs=1]
              RenderText {#text} at (2,1) size 85x17
                text run at (2,1) width 85: "Row 5, Cell 1"
            RenderTableCell {TD} at (88,0) size 87x19 [r=0 c=1 rs=1 cs=1]
              RenderText {#text} at (1,1) size 85x17
                text run at (1,1) width 85: "Row 5, Cell 2"
            RenderTableCell {TD} at (175,0) size 87x19 [r=0 c=2 rs=1 cs=1]
              RenderText {#text} at (1,1) size 85x17
                text run at (1,1) width 85: "Row 5, Cell 3"
      RenderTable {TABLE} at (0,964) size 262x112 [border: none (1px solid #808080) none]
        RenderBlock {CAPTION} at (0,0) size 262x17
          RenderInline {A} at (0,0) size 219x17
            RenderText {#text} at (19,0) size 219x17
              text run at (19,0) width 219: "Frame=\x{201C}rhs\x{201D} and Rules=\x{201C}none\x{201D}"
          RenderInline (generated) at (0,0) size 5x17
            RenderText at (238,0) size 5x17
              text run at (238,0) width 5: ":"
        RenderTableSection {THEAD} at (0,17) size 261x19
          RenderTableRow {TR} at (0,0) size 261x19
            RenderTableCell {TD} at (0,0) size 87x19 [r=0 c=0 rs=1 cs=1]
              RenderText {#text} at (1,1) size 85x17
                text run at (1,1) width 85: "Row 1, Cell 1"
            RenderTableCell {TD} at (87,0) size 87x19 [r=0 c=1 rs=1 cs=1]
              RenderText {#text} at (1,1) size 85x17
                text run at (1,1) width 85: "Row 1, Cell 2"
            RenderTableCell {TD} at (174,0) size 87x19 [r=0 c=2 rs=1 cs=1]
              RenderText {#text} at (1,1) size 85x17
                text run at (1,1) width 85: "Row 1, Cell 3"
        RenderTableSection {TBODY} at (0,36) size 261x57
          RenderTableRow {TR} at (0,0) size 261x19
            RenderTableCell {TD} at (0,9) size 87x20 [r=0 c=0 rs=2 cs=1]
              RenderText {#text} at (1,1) size 85x18
                text run at (1,2) width 85: "Row 2, Cell 1"
            RenderTableCell {TD} at (87,0) size 174x19 [r=0 c=1 rs=1 cs=2]
              RenderText {#text} at (1,1) size 85x17
                text run at (1,1) width 85: "Row 2, Cell 2"
          RenderTableRow {TR} at (0,19) size 261x19
            RenderTableCell {TD} at (87,19) size 87x19 [r=1 c=1 rs=1 cs=1]
              RenderText {#text} at (1,1) size 85x17
                text run at (1,1) width 85: "Row 3, Cell 2"
            RenderTableCell {TD} at (174,28) size 87x20 [r=1 c=2 rs=2 cs=1]
              RenderText {#text} at (1,1) size 85x18
                text run at (1,2) width 85: "Row 3, Cell 3"
          RenderTableRow {TR} at (0,38) size 261x19
            RenderTableCell {TD} at (0,38) size 174x19 [r=2 c=0 rs=1 cs=2]
              RenderText {#text} at (1,1) size 85x17
                text run at (1,1) width 85: "Row 4, Cell 1"
        RenderTableSection {TFOOT} at (0,93) size 261x19
          RenderTableRow {TR} at (0,0) size 261x19
            RenderTableCell {TD} at (0,0) size 87x19 [r=0 c=0 rs=1 cs=1]
              RenderText {#text} at (1,1) size 85x17
                text run at (1,1) width 85: "Row 5, Cell 1"
            RenderTableCell {TD} at (87,0) size 87x19 [r=0 c=1 rs=1 cs=1]
              RenderText {#text} at (1,1) size 85x17
                text run at (1,1) width 85: "Row 5, Cell 2"
            RenderTableCell {TD} at (174,0) size 87x19 [r=0 c=2 rs=1 cs=1]
              RenderText {#text} at (1,1) size 85x17
                text run at (1,1) width 85: "Row 5, Cell 3"
      RenderTable {TABLE} at (0,1124) size 263x114 [border: none]
        RenderBlock {CAPTION} at (0,0) size 263x17
          RenderInline {A} at (0,0) size 222x17
            RenderText {#text} at (18,0) size 222x17
              text run at (18,0) width 222: "Frame=\x{201C}box\x{201D} and Rules=\x{201C}none\x{201D}"
          RenderInline (generated) at (0,0) size 5x17
            RenderText at (240,0) size 5x17
              text run at (240,0) width 5: ":"
        RenderTableSection {THEAD} at (0,17) size 262x20
          RenderTableRow {TR} at (0,0) size 262x20
            RenderTableCell {TD} at (0,0) size 88x20 [border: (1px none #000000)] [r=0 c=0 rs=1 cs=1]
              RenderText {#text} at (2,2) size 85x17
                text run at (2,2) width 85: "Row 1, Cell 1"
            RenderTableCell {TD} at (88,0) size 87x20 [border: (1px none #000000)] [r=0 c=1 rs=1 cs=1]
              RenderText {#text} at (1,2) size 85x17
                text run at (1,2) width 85: "Row 1, Cell 2"
            RenderTableCell {TD} at (175,0) size 87x20 [border: (1px none #000000)] [r=0 c=2 rs=1 cs=1]
              RenderText {#text} at (1,2) size 85x17
                text run at (1,2) width 85: "Row 1, Cell 3"
        RenderTableSection {TBODY} at (0,37) size 262x57
          RenderTableRow {TR} at (0,0) size 262x19
            RenderTableCell {TD} at (0,9) size 88x20 [border: none] [r=0 c=0 rs=2 cs=1]
              RenderText {#text} at (2,1) size 85x18
                text run at (2,2) width 85: "Row 2, Cell 1"
            RenderTableCell {TD} at (88,0) size 174x19 [r=0 c=1 rs=1 cs=2]
              RenderText {#text} at (1,1) size 85x17
                text run at (1,1) width 85: "Row 2, Cell 2"
          RenderTableRow {TR} at (0,19) size 262x19
            RenderTableCell {TD} at (88,19) size 87x19 [r=1 c=1 rs=1 cs=1]
              RenderText {#text} at (1,1) size 85x17
                text run at (1,1) width 85: "Row 3, Cell 2"
            RenderTableCell {TD} at (175,28) size 87x20 [r=1 c=2 rs=2 cs=1]
              RenderText {#text} at (1,1) size 85x18
                text run at (1,2) width 85: "Row 3, Cell 3"
          RenderTableRow {TR} at (0,38) size 262x19
            RenderTableCell {TD} at (0,38) size 175x19 [border: none] [r=2 c=0 rs=1 cs=2]
              RenderText {#text} at (2,1) size 85x17
                text run at (2,1) width 85: "Row 4, Cell 1"
        RenderTableSection {TFOOT} at (0,94) size 262x19
          RenderTableRow {TR} at (0,0) size 262x19
            RenderTableCell {TD} at (0,0) size 88x19 [border: none] [r=0 c=0 rs=1 cs=1]
              RenderText {#text} at (2,1) size 85x17
                text run at (2,1) width 85: "Row 5, Cell 1"
            RenderTableCell {TD} at (88,0) size 87x19 [r=0 c=1 rs=1 cs=1]
              RenderText {#text} at (1,1) size 85x17
                text run at (1,1) width 85: "Row 5, Cell 2"
            RenderTableCell {TD} at (175,0) size 87x19 [r=0 c=2 rs=1 cs=1]
              RenderText {#text} at (1,1) size 85x17
                text run at (1,1) width 85: "Row 5, Cell 3"
      RenderTable {TABLE} at (0,1286) size 263x114 [border: none]
        RenderBlock {CAPTION} at (0,0) size 263x17
          RenderInline {A} at (0,0) size 242x17
            RenderText {#text} at (8,0) size 242x17
              text run at (8,0) width 242: "Frame=\x{201C}border\x{201D} and Rules=\x{201C}none\x{201D}"
          RenderInline (generated) at (0,0) size 6x17
            RenderText at (249,0) size 6x17
              text run at (249,0) width 6: ":"
        RenderTableSection {THEAD} at (0,17) size 262x20
          RenderTableRow {TR} at (0,0) size 262x20
            RenderTableCell {TD} at (0,0) size 88x20 [border: (1px none #000000)] [r=0 c=0 rs=1 cs=1]
              RenderText {#text} at (2,2) size 85x17
                text run at (2,2) width 85: "Row 1, Cell 1"
            RenderTableCell {TD} at (88,0) size 87x20 [border: (1px none #000000)] [r=0 c=1 rs=1 cs=1]
              RenderText {#text} at (1,2) size 85x17
                text run at (1,2) width 85: "Row 1, Cell 2"
            RenderTableCell {TD} at (175,0) size 87x20 [border: (1px none #000000)] [r=0 c=2 rs=1 cs=1]
              RenderText {#text} at (1,2) size 85x17
                text run at (1,2) width 85: "Row 1, Cell 3"
        RenderTableSection {TBODY} at (0,37) size 262x57
          RenderTableRow {TR} at (0,0) size 262x19
            RenderTableCell {TD} at (0,9) size 88x20 [border: none] [r=0 c=0 rs=2 cs=1]
              RenderText {#text} at (2,1) size 85x18
                text run at (2,2) width 85: "Row 2, Cell 1"
            RenderTableCell {TD} at (88,0) size 174x19 [r=0 c=1 rs=1 cs=2]
              RenderText {#text} at (1,1) size 85x17
                text run at (1,1) width 85: "Row 2, Cell 2"
          RenderTableRow {TR} at (0,19) size 262x19
            RenderTableCell {TD} at (88,19) size 87x19 [r=1 c=1 rs=1 cs=1]
              RenderText {#text} at (1,1) size 85x17
                text run at (1,1) width 85: "Row 3, Cell 2"
            RenderTableCell {TD} at (175,28) size 87x20 [r=1 c=2 rs=2 cs=1]
              RenderText {#text} at (1,1) size 85x18
                text run at (1,2) width 85: "Row 3, Cell 3"
          RenderTableRow {TR} at (0,38) size 262x19
            RenderTableCell {TD} at (0,38) size 175x19 [border: none] [r=2 c=0 rs=1 cs=2]
              RenderText {#text} at (2,1) size 85x17
                text run at (2,1) width 85: "Row 4, Cell 1"
        RenderTableSection {TFOOT} at (0,94) size 262x19
          RenderTableRow {TR} at (0,0) size 262x19
            RenderTableCell {TD} at (0,0) size 88x19 [border: none] [r=0 c=0 rs=1 cs=1]
              RenderText {#text} at (2,1) size 85x17
                text run at (2,1) width 85: "Row 5, Cell 1"
            RenderTableCell {TD} at (88,0) size 87x19 [r=0 c=1 rs=1 cs=1]
              RenderText {#text} at (1,1) size 85x17
                text run at (1,1) width 85: "Row 5, Cell 2"
            RenderTableCell {TD} at (175,0) size 87x19 [r=0 c=2 rs=1 cs=1]
              RenderText {#text} at (1,1) size 85x17
                text run at (1,1) width 85: "Row 5, Cell 3"
      RenderTable {TABLE} at (0,1448) size 261x114
        RenderBlock {CAPTION} at (0,0) size 261x17
          RenderInline {A} at (0,0) size 238x17
            RenderText {#text} at (9,0) size 238x17
              text run at (9,0) width 238: "Frame=\x{201C}void\x{201D} and Rules=\x{201C}groups\x{201D}"
          RenderInline (generated) at (0,0) size 5x17
            RenderText at (247,0) size 5x17
              text run at (247,0) width 5: ":"
        RenderTableSection {THEAD} at (0,17) size 261x19 [border: (1px solid #808080) none (1px solid #808080) none]
          RenderTableRow {TR} at (0,0) size 261x19
            RenderTableCell {TD} at (0,0) size 87x19 [r=0 c=0 rs=1 cs=1]
              RenderText {#text} at (1,1) size 85x17
                text run at (1,1) width 85: "Row 1, Cell 1"
            RenderTableCell {TD} at (87,0) size 87x19 [r=0 c=1 rs=1 cs=1]
              RenderText {#text} at (1,1) size 85x17
                text run at (1,1) width 85: "Row 1, Cell 2"
            RenderTableCell {TD} at (174,0) size 87x19 [r=0 c=2 rs=1 cs=1]
              RenderText {#text} at (1,1) size 85x17
                text run at (1,1) width 85: "Row 1, Cell 3"
        RenderTableSection {TBODY} at (0,36) size 261x58 [border: (1px solid #808080) none (1px solid #808080) none]
          RenderTableRow {TR} at (0,0) size 261x20
            RenderTableCell {TD} at (0,9) size 87x21 [border: (1px none #000000)] [r=0 c=0 rs=2 cs=1]
              RenderText {#text} at (1,2) size 85x18
                text run at (1,3) width 85: "Row 2, Cell 1"
            RenderTableCell {TD} at (87,0) size 174x20 [border: (1px none #000000)] [r=0 c=1 rs=1 cs=2]
              RenderText {#text} at (1,2) size 85x17
                text run at (1,2) width 85: "Row 2, Cell 2"
          RenderTableRow {TR} at (0,20) size 261x19
            RenderTableCell {TD} at (87,20) size 87x19 [r=1 c=1 rs=1 cs=1]
              RenderText {#text} at (1,1) size 85x17
                text run at (1,1) width 85: "Row 3, Cell 2"
            RenderTableCell {TD} at (174,29) size 87x20 [r=1 c=2 rs=2 cs=1]
              RenderText {#text} at (1,1) size 85x18
                text run at (1,2) width 85: "Row 3, Cell 3"
          RenderTableRow {TR} at (0,39) size 261x19
            RenderTableCell {TD} at (0,39) size 174x19 [r=2 c=0 rs=1 cs=2]
              RenderText {#text} at (1,1) size 85x17
                text run at (1,1) width 85: "Row 4, Cell 1"
        RenderTableSection {TFOOT} at (0,94) size 261x20 [border: (1px solid #808080) none (1px solid #808080) none]
          RenderTableRow {TR} at (0,0) size 261x20
            RenderTableCell {TD} at (0,0) size 87x20 [border: (1px none #000000)] [r=0 c=0 rs=1 cs=1]
              RenderText {#text} at (1,2) size 85x17
                text run at (1,2) width 85: "Row 5, Cell 1"
            RenderTableCell {TD} at (87,0) size 87x20 [border: (1px none #000000)] [r=0 c=1 rs=1 cs=1]
              RenderText {#text} at (1,2) size 85x17
                text run at (1,2) width 85: "Row 5, Cell 2"
            RenderTableCell {TD} at (174,0) size 87x20 [border: (1px none #000000)] [r=0 c=2 rs=1 cs=1]
              RenderText {#text} at (1,2) size 85x17
                text run at (1,2) width 85: "Row 5, Cell 3"
      RenderTable {TABLE} at (0,1610) size 261x115
        RenderBlock {CAPTION} at (0,0) size 261x17
          RenderInline {A} at (0,0) size 248x17
            RenderText {#text} at (4,0) size 248x17
              text run at (4,0) width 248: "Frame=\x{201C}above\x{201D} and Rules=\x{201C}groups\x{201D}"
          RenderInline (generated) at (0,0) size 5x17
            RenderText at (252,0) size 5x17
              text run at (252,0) width 5: ":"
        RenderTableSection {THEAD} at (0,17) size 261x20 [border: (1px solid #808080) none (1px solid #808080) none]
          RenderTableRow {TR} at (0,0) size 261x20
            RenderTableCell {TD} at (0,0) size 87x20 [border: (1px none #000000)] [r=0 c=0 rs=1 cs=1]
              RenderText {#text} at (1,2) size 85x17
                text run at (1,2) width 85: "Row 1, Cell 1"
            RenderTableCell {TD} at (87,0) size 87x20 [border: (1px none #000000)] [r=0 c=1 rs=1 cs=1]
              RenderText {#text} at (1,2) size 85x17
                text run at (1,2) width 85: "Row 1, Cell 2"
            RenderTableCell {TD} at (174,0) size 87x20 [border: (1px none #000000)] [r=0 c=2 rs=1 cs=1]
              RenderText {#text} at (1,2) size 85x17
                text run at (1,2) width 85: "Row 1, Cell 3"
        RenderTableSection {TBODY} at (0,37) size 261x58 [border: (1px solid #808080) none (1px solid #808080) none]
          RenderTableRow {TR} at (0,0) size 261x20
            RenderTableCell {TD} at (0,9) size 87x21 [border: (1px none #000000)] [r=0 c=0 rs=2 cs=1]
              RenderText {#text} at (1,2) size 85x18
                text run at (1,3) width 85: "Row 2, Cell 1"
            RenderTableCell {TD} at (87,0) size 174x20 [border: (1px none #000000)] [r=0 c=1 rs=1 cs=2]
              RenderText {#text} at (1,2) size 85x17
                text run at (1,2) width 85: "Row 2, Cell 2"
          RenderTableRow {TR} at (0,20) size 261x19
            RenderTableCell {TD} at (87,20) size 87x19 [r=1 c=1 rs=1 cs=1]
              RenderText {#text} at (1,1) size 85x17
                text run at (1,1) width 85: "Row 3, Cell 2"
            RenderTableCell {TD} at (174,29) size 87x20 [r=1 c=2 rs=2 cs=1]
              RenderText {#text} at (1,1) size 85x18
                text run at (1,2) width 85: "Row 3, Cell 3"
          RenderTableRow {TR} at (0,39) size 261x19
            RenderTableCell {TD} at (0,39) size 174x19 [r=2 c=0 rs=1 cs=2]
              RenderText {#text} at (1,1) size 85x17
                text run at (1,1) width 85: "Row 4, Cell 1"
        RenderTableSection {TFOOT} at (0,95) size 261x20 [border: (1px solid #808080) none (1px solid #808080) none]
          RenderTableRow {TR} at (0,0) size 261x20
            RenderTableCell {TD} at (0,0) size 87x20 [border: (1px none #000000)] [r=0 c=0 rs=1 cs=1]
              RenderText {#text} at (1,2) size 85x17
                text run at (1,2) width 85: "Row 5, Cell 1"
            RenderTableCell {TD} at (87,0) size 87x20 [border: (1px none #000000)] [r=0 c=1 rs=1 cs=1]
              RenderText {#text} at (1,2) size 85x17
                text run at (1,2) width 85: "Row 5, Cell 2"
            RenderTableCell {TD} at (174,0) size 87x20 [border: (1px none #000000)] [r=0 c=2 rs=1 cs=1]
              RenderText {#text} at (1,2) size 85x17
                text run at (1,2) width 85: "Row 5, Cell 3"
      RenderTable {TABLE} at (0,1773) size 261x115 [border: none (1px solid #808080) none]
        RenderBlock {CAPTION} at (0,0) size 261x17
          RenderInline {A} at (0,0) size 250x17
            RenderText {#text} at (3,0) size 250x17
              text run at (3,0) width 250: "Frame=\x{201C}below\x{201D} and Rules=\x{201C}groups\x{201D}"
          RenderInline (generated) at (0,0) size 6x17
            RenderText at (252,0) size 6x17
              text run at (252,0) width 6: ":"
        RenderTableSection {THEAD} at (0,17) size 261x19 [border: (1px solid #808080) none (1px solid #808080) none]
          RenderTableRow {TR} at (0,0) size 261x19
            RenderTableCell {TD} at (0,0) size 87x19 [r=0 c=0 rs=1 cs=1]
              RenderText {#text} at (1,1) size 85x17
                text run at (1,1) width 85: "Row 1, Cell 1"
            RenderTableCell {TD} at (87,0) size 87x19 [r=0 c=1 rs=1 cs=1]
              RenderText {#text} at (1,1) size 85x17
                text run at (1,1) width 85: "Row 1, Cell 2"
            RenderTableCell {TD} at (174,0) size 87x19 [r=0 c=2 rs=1 cs=1]
              RenderText {#text} at (1,1) size 85x17
                text run at (1,1) width 85: "Row 1, Cell 3"
        RenderTableSection {TBODY} at (0,36) size 261x58 [border: (1px solid #808080) none (1px solid #808080) none]
          RenderTableRow {TR} at (0,0) size 261x20
            RenderTableCell {TD} at (0,9) size 87x21 [border: (1px none #000000)] [r=0 c=0 rs=2 cs=1]
              RenderText {#text} at (1,2) size 85x18
                text run at (1,3) width 85: "Row 2, Cell 1"
            RenderTableCell {TD} at (87,0) size 174x20 [border: (1px none #000000)] [r=0 c=1 rs=1 cs=2]
              RenderText {#text} at (1,2) size 85x17
                text run at (1,2) width 85: "Row 2, Cell 2"
          RenderTableRow {TR} at (0,20) size 261x19
            RenderTableCell {TD} at (87,20) size 87x19 [r=1 c=1 rs=1 cs=1]
              RenderText {#text} at (1,1) size 85x17
                text run at (1,1) width 85: "Row 3, Cell 2"
            RenderTableCell {TD} at (174,29) size 87x20 [r=1 c=2 rs=2 cs=1]
              RenderText {#text} at (1,1) size 85x18
                text run at (1,2) width 85: "Row 3, Cell 3"
          RenderTableRow {TR} at (0,39) size 261x19
            RenderTableCell {TD} at (0,39) size 174x19 [r=2 c=0 rs=1 cs=2]
              RenderText {#text} at (1,1) size 85x17
                text run at (1,1) width 85: "Row 4, Cell 1"
        RenderTableSection {TFOOT} at (0,94) size 261x20 [border: (1px solid #808080) none (1px solid #808080) none]
          RenderTableRow {TR} at (0,0) size 261x20
            RenderTableCell {TD} at (0,0) size 87x20 [border: (1px none #000000)] [r=0 c=0 rs=1 cs=1]
              RenderText {#text} at (1,2) size 85x17
                text run at (1,2) width 85: "Row 5, Cell 1"
            RenderTableCell {TD} at (87,0) size 87x20 [border: (1px none #000000)] [r=0 c=1 rs=1 cs=1]
              RenderText {#text} at (1,2) size 85x17
                text run at (1,2) width 85: "Row 5, Cell 2"
            RenderTableCell {TD} at (174,0) size 87x20 [border: (1px none #000000)] [r=0 c=2 rs=1 cs=1]
              RenderText {#text} at (1,2) size 85x17
                text run at (1,2) width 85: "Row 5, Cell 3"
      RenderTable {TABLE} at (0,1936) size 261x116 [border: none none (1px solid #808080) none]
        RenderBlock {CAPTION} at (0,0) size 261x17
          RenderInline {A} at (0,0) size 252x17
            RenderText {#text} at (2,0) size 252x17
              text run at (2,0) width 252: "Frame=\x{201C}hsides\x{201D} and Rules=\x{201C}groups\x{201D}"
          RenderInline (generated) at (0,0) size 6x17
            RenderText at (253,0) size 6x17
              text run at (253,0) width 6: ":"
        RenderTableSection {THEAD} at (0,17) size 261x20 [border: (1px solid #808080) none (1px solid #808080) none]
          RenderTableRow {TR} at (0,0) size 261x20
            RenderTableCell {TD} at (0,0) size 87x20 [border: (1px none #000000)] [r=0 c=0 rs=1 cs=1]
              RenderText {#text} at (1,2) size 85x17
                text run at (1,2) width 85: "Row 1, Cell 1"
            RenderTableCell {TD} at (87,0) size 87x20 [border: (1px none #000000)] [r=0 c=1 rs=1 cs=1]
              RenderText {#text} at (1,2) size 85x17
                text run at (1,2) width 85: "Row 1, Cell 2"
            RenderTableCell {TD} at (174,0) size 87x20 [border: (1px none #000000)] [r=0 c=2 rs=1 cs=1]
              RenderText {#text} at (1,2) size 85x17
                text run at (1,2) width 85: "Row 1, Cell 3"
        RenderTableSection {TBODY} at (0,37) size 261x58 [border: (1px solid #808080) none (1px solid #808080) none]
          RenderTableRow {TR} at (0,0) size 261x20
            RenderTableCell {TD} at (0,9) size 87x21 [border: (1px none #000000)] [r=0 c=0 rs=2 cs=1]
              RenderText {#text} at (1,2) size 85x18
                text run at (1,3) width 85: "Row 2, Cell 1"
            RenderTableCell {TD} at (87,0) size 174x20 [border: (1px none #000000)] [r=0 c=1 rs=1 cs=2]
              RenderText {#text} at (1,2) size 85x17
                text run at (1,2) width 85: "Row 2, Cell 2"
          RenderTableRow {TR} at (0,20) size 261x19
            RenderTableCell {TD} at (87,20) size 87x19 [r=1 c=1 rs=1 cs=1]
              RenderText {#text} at (1,1) size 85x17
                text run at (1,1) width 85: "Row 3, Cell 2"
            RenderTableCell {TD} at (174,29) size 87x20 [r=1 c=2 rs=2 cs=1]
              RenderText {#text} at (1,1) size 85x18
                text run at (1,2) width 85: "Row 3, Cell 3"
          RenderTableRow {TR} at (0,39) size 261x19
            RenderTableCell {TD} at (0,39) size 174x19 [r=2 c=0 rs=1 cs=2]
              RenderText {#text} at (1,1) size 85x17
                text run at (1,1) width 85: "Row 4, Cell 1"
        RenderTableSection {TFOOT} at (0,95) size 261x20 [border: (1px solid #808080) none (1px solid #808080) none]
          RenderTableRow {TR} at (0,0) size 261x20
            RenderTableCell {TD} at (0,0) size 87x20 [border: (1px none #000000)] [r=0 c=0 rs=1 cs=1]
              RenderText {#text} at (1,2) size 85x17
                text run at (1,2) width 85: "Row 5, Cell 1"
            RenderTableCell {TD} at (87,0) size 87x20 [border: (1px none #000000)] [r=0 c=1 rs=1 cs=1]
              RenderText {#text} at (1,2) size 85x17
                text run at (1,2) width 85: "Row 5, Cell 2"
            RenderTableCell {TD} at (174,0) size 87x20 [border: (1px none #000000)] [r=0 c=2 rs=1 cs=1]
              RenderText {#text} at (1,2) size 85x17
                text run at (1,2) width 85: "Row 5, Cell 3"
      RenderTable {TABLE} at (0,2100) size 263x114 [border: none (1px solid #808080) none none]
        RenderBlock {CAPTION} at (0,0) size 263x17
          RenderInline {A} at (0,0) size 250x17
            RenderText {#text} at (4,0) size 250x17
              text run at (4,0) width 250: "Frame=\x{201C}vsides\x{201D} and Rules=\x{201C}groups\x{201D}"
          RenderInline (generated) at (0,0) size 6x17
            RenderText at (253,0) size 6x17
              text run at (253,0) width 6: ":"
        RenderTableSection {THEAD} at (0,17) size 262x19 [border: (1px solid #808080) none (1px solid #808080) none]
          RenderTableRow {TR} at (0,0) size 262x19
            RenderTableCell {TD} at (0,0) size 88x19 [border: none] [r=0 c=0 rs=1 cs=1]
              RenderText {#text} at (2,1) size 85x17
                text run at (2,1) width 85: "Row 1, Cell 1"
            RenderTableCell {TD} at (88,0) size 87x19 [r=0 c=1 rs=1 cs=1]
              RenderText {#text} at (1,1) size 85x17
                text run at (1,1) width 85: "Row 1, Cell 2"
            RenderTableCell {TD} at (175,0) size 87x19 [r=0 c=2 rs=1 cs=1]
              RenderText {#text} at (1,1) size 85x17
                text run at (1,1) width 85: "Row 1, Cell 3"
        RenderTableSection {TBODY} at (0,36) size 262x58 [border: (1px solid #808080) none (1px solid #808080) none]
          RenderTableRow {TR} at (0,0) size 262x20
            RenderTableCell {TD} at (0,9) size 88x21 [border: (1px none #000000)] [r=0 c=0 rs=2 cs=1]
              RenderText {#text} at (2,2) size 85x18
                text run at (2,3) width 85: "Row 2, Cell 1"
            RenderTableCell {TD} at (88,0) size 174x20 [border: (1px none #000000)] [r=0 c=1 rs=1 cs=2]
              RenderText {#text} at (1,2) size 85x17
                text run at (1,2) width 85: "Row 2, Cell 2"
          RenderTableRow {TR} at (0,20) size 262x19
            RenderTableCell {TD} at (88,20) size 87x19 [r=1 c=1 rs=1 cs=1]
              RenderText {#text} at (1,1) size 85x17
                text run at (1,1) width 85: "Row 3, Cell 2"
            RenderTableCell {TD} at (175,29) size 87x20 [r=1 c=2 rs=2 cs=1]
              RenderText {#text} at (1,1) size 85x18
                text run at (1,2) width 85: "Row 3, Cell 3"
          RenderTableRow {TR} at (0,39) size 262x19
            RenderTableCell {TD} at (0,39) size 175x19 [border: none] [r=2 c=0 rs=1 cs=2]
              RenderText {#text} at (2,1) size 85x17
                text run at (2,1) width 85: "Row 4, Cell 1"
        RenderTableSection {TFOOT} at (0,94) size 262x20 [border: (1px solid #808080) none (1px solid #808080) none]
          RenderTableRow {TR} at (0,0) size 262x20
            RenderTableCell {TD} at (0,0) size 88x20 [border: (1px none #000000)] [r=0 c=0 rs=1 cs=1]
              RenderText {#text} at (2,2) size 85x17
                text run at (2,2) width 85: "Row 5, Cell 1"
            RenderTableCell {TD} at (88,0) size 87x20 [border: (1px none #000000)] [r=0 c=1 rs=1 cs=1]
              RenderText {#text} at (1,2) size 85x17
                text run at (1,2) width 85: "Row 5, Cell 2"
            RenderTableCell {TD} at (175,0) size 87x20 [border: (1px none #000000)] [r=0 c=2 rs=1 cs=1]
              RenderText {#text} at (1,2) size 85x17
                text run at (1,2) width 85: "Row 5, Cell 3"
      RenderTable {TABLE} at (0,2262) size 262x114
        RenderBlock {CAPTION} at (0,0) size 262x17
          RenderInline {A} at (0,0) size 231x17
            RenderText {#text} at (13,0) size 231x17
              text run at (13,0) width 231: "Frame=\x{201C}lhs\x{201D} and Rules=\x{201C}groups\x{201D}"
          RenderInline (generated) at (0,0) size 6x17
            RenderText at (243,0) size 6x17
              text run at (243,0) width 6: ":"
        RenderTableSection {THEAD} at (0,17) size 262x19 [border: (1px solid #808080) none (1px solid #808080) none]
          RenderTableRow {TR} at (0,0) size 262x19
            RenderTableCell {TD} at (0,0) size 88x19 [border: none] [r=0 c=0 rs=1 cs=1]
              RenderText {#text} at (2,1) size 85x17
                text run at (2,1) width 85: "Row 1, Cell 1"
            RenderTableCell {TD} at (88,0) size 87x19 [r=0 c=1 rs=1 cs=1]
              RenderText {#text} at (1,1) size 85x17
                text run at (1,1) width 85: "Row 1, Cell 2"
            RenderTableCell {TD} at (175,0) size 87x19 [r=0 c=2 rs=1 cs=1]
              RenderText {#text} at (1,1) size 85x17
                text run at (1,1) width 85: "Row 1, Cell 3"
        RenderTableSection {TBODY} at (0,36) size 262x58 [border: (1px solid #808080) none (1px solid #808080) none]
          RenderTableRow {TR} at (0,0) size 262x20
            RenderTableCell {TD} at (0,9) size 88x21 [border: (1px none #000000)] [r=0 c=0 rs=2 cs=1]
              RenderText {#text} at (2,2) size 85x18
                text run at (2,3) width 85: "Row 2, Cell 1"
            RenderTableCell {TD} at (88,0) size 174x20 [border: (1px none #000000)] [r=0 c=1 rs=1 cs=2]
              RenderText {#text} at (1,2) size 85x17
                text run at (1,2) width 85: "Row 2, Cell 2"
          RenderTableRow {TR} at (0,20) size 262x19
            RenderTableCell {TD} at (88,20) size 87x19 [r=1 c=1 rs=1 cs=1]
              RenderText {#text} at (1,1) size 85x17
                text run at (1,1) width 85: "Row 3, Cell 2"
            RenderTableCell {TD} at (175,29) size 87x20 [r=1 c=2 rs=2 cs=1]
              RenderText {#text} at (1,1) size 85x18
                text run at (1,2) width 85: "Row 3, Cell 3"
          RenderTableRow {TR} at (0,39) size 262x19
            RenderTableCell {TD} at (0,39) size 175x19 [border: none] [r=2 c=0 rs=1 cs=2]
              RenderText {#text} at (2,1) size 85x17
                text run at (2,1) width 85: "Row 4, Cell 1"
        RenderTableSection {TFOOT} at (0,94) size 262x20 [border: (1px solid #808080) none (1px solid #808080) none]
          RenderTableRow {TR} at (0,0) size 262x20
            RenderTableCell {TD} at (0,0) size 88x20 [border: (1px none #000000)] [r=0 c=0 rs=1 cs=1]
              RenderText {#text} at (2,2) size 85x17
                text run at (2,2) width 85: "Row 5, Cell 1"
            RenderTableCell {TD} at (88,0) size 87x20 [border: (1px none #000000)] [r=0 c=1 rs=1 cs=1]
              RenderText {#text} at (1,2) size 85x17
                text run at (1,2) width 85: "Row 5, Cell 2"
            RenderTableCell {TD} at (175,0) size 87x20 [border: (1px none #000000)] [r=0 c=2 rs=1 cs=1]
              RenderText {#text} at (1,2) size 85x17
                text run at (1,2) width 85: "Row 5, Cell 3"
      RenderTable {TABLE} at (0,2424) size 262x114 [border: none (1px solid #808080) none]
        RenderBlock {CAPTION} at (0,0) size 262x17
          RenderInline {A} at (0,0) size 231x17
            RenderText {#text} at (13,0) size 231x17
              text run at (13,0) width 231: "Frame=\x{201C}rhs\x{201D} and Rules=\x{201C}groups\x{201D}"
          RenderInline (generated) at (0,0) size 5x17
            RenderText at (244,0) size 5x17
              text run at (244,0) width 5: ":"
        RenderTableSection {THEAD} at (0,17) size 261x19 [border: (1px solid #808080) none (1px solid #808080) none]
          RenderTableRow {TR} at (0,0) size 261x19
            RenderTableCell {TD} at (0,0) size 87x19 [r=0 c=0 rs=1 cs=1]
              RenderText {#text} at (1,1) size 85x17
                text run at (1,1) width 85: "Row 1, Cell 1"
            RenderTableCell {TD} at (87,0) size 87x19 [r=0 c=1 rs=1 cs=1]
              RenderText {#text} at (1,1) size 85x17
                text run at (1,1) width 85: "Row 1, Cell 2"
            RenderTableCell {TD} at (174,0) size 87x19 [r=0 c=2 rs=1 cs=1]
              RenderText {#text} at (1,1) size 85x17
                text run at (1,1) width 85: "Row 1, Cell 3"
        RenderTableSection {TBODY} at (0,36) size 261x58 [border: (1px solid #808080) none (1px solid #808080) none]
          RenderTableRow {TR} at (0,0) size 261x20
            RenderTableCell {TD} at (0,9) size 87x21 [border: (1px none #000000)] [r=0 c=0 rs=2 cs=1]
              RenderText {#text} at (1,2) size 85x18
                text run at (1,3) width 85: "Row 2, Cell 1"
            RenderTableCell {TD} at (87,0) size 174x20 [border: (1px none #000000)] [r=0 c=1 rs=1 cs=2]
              RenderText {#text} at (1,2) size 85x17
                text run at (1,2) width 85: "Row 2, Cell 2"
          RenderTableRow {TR} at (0,20) size 261x19
            RenderTableCell {TD} at (87,20) size 87x19 [r=1 c=1 rs=1 cs=1]
              RenderText {#text} at (1,1) size 85x17
                text run at (1,1) width 85: "Row 3, Cell 2"
            RenderTableCell {TD} at (174,29) size 87x20 [r=1 c=2 rs=2 cs=1]
              RenderText {#text} at (1,1) size 85x18
                text run at (1,2) width 85: "Row 3, Cell 3"
          RenderTableRow {TR} at (0,39) size 261x19
            RenderTableCell {TD} at (0,39) size 174x19 [r=2 c=0 rs=1 cs=2]
              RenderText {#text} at (1,1) size 85x17
                text run at (1,1) width 85: "Row 4, Cell 1"
        RenderTableSection {TFOOT} at (0,94) size 261x20 [border: (1px solid #808080) none (1px solid #808080) none]
          RenderTableRow {TR} at (0,0) size 261x20
            RenderTableCell {TD} at (0,0) size 87x20 [border: (1px none #000000)] [r=0 c=0 rs=1 cs=1]
              RenderText {#text} at (1,2) size 85x17
                text run at (1,2) width 85: "Row 5, Cell 1"
            RenderTableCell {TD} at (87,0) size 87x20 [border: (1px none #000000)] [r=0 c=1 rs=1 cs=1]
              RenderText {#text} at (1,2) size 85x17
                text run at (1,2) width 85: "Row 5, Cell 2"
            RenderTableCell {TD} at (174,0) size 87x20 [border: (1px none #000000)] [r=0 c=2 rs=1 cs=1]
              RenderText {#text} at (1,2) size 85x17
                text run at (1,2) width 85: "Row 5, Cell 3"
      RenderTable {TABLE} at (0,2586) size 263x116 [border: none]
        RenderBlock {CAPTION} at (0,0) size 263x17
          RenderInline {A} at (0,0) size 234x17
            RenderText {#text} at (12,0) size 234x17
              text run at (12,0) width 234: "Frame=\x{201C}box\x{201D} and Rules=\x{201C}groups\x{201D}"
          RenderInline (generated) at (0,0) size 5x17
            RenderText at (246,0) size 5x17
              text run at (246,0) width 5: ":"
        RenderTableSection {THEAD} at (0,17) size 262x20 [border: (1px solid #808080) none (1px solid #808080) none]
          RenderTableRow {TR} at (0,0) size 262x20
            RenderTableCell {TD} at (0,0) size 88x20 [border: (1px none #000000)] [r=0 c=0 rs=1 cs=1]
              RenderText {#text} at (2,2) size 85x17
                text run at (2,2) width 85: "Row 1, Cell 1"
            RenderTableCell {TD} at (88,0) size 87x20 [border: (1px none #000000)] [r=0 c=1 rs=1 cs=1]
              RenderText {#text} at (1,2) size 85x17
                text run at (1,2) width 85: "Row 1, Cell 2"
            RenderTableCell {TD} at (175,0) size 87x20 [border: (1px none #000000)] [r=0 c=2 rs=1 cs=1]
              RenderText {#text} at (1,2) size 85x17
                text run at (1,2) width 85: "Row 1, Cell 3"
        RenderTableSection {TBODY} at (0,37) size 262x58 [border: (1px solid #808080) none (1px solid #808080) none]
          RenderTableRow {TR} at (0,0) size 262x20
            RenderTableCell {TD} at (0,9) size 88x21 [border: (1px none #000000)] [r=0 c=0 rs=2 cs=1]
              RenderText {#text} at (2,2) size 85x18
                text run at (2,3) width 85: "Row 2, Cell 1"
            RenderTableCell {TD} at (88,0) size 174x20 [border: (1px none #000000)] [r=0 c=1 rs=1 cs=2]
              RenderText {#text} at (1,2) size 85x17
                text run at (1,2) width 85: "Row 2, Cell 2"
          RenderTableRow {TR} at (0,20) size 262x19
            RenderTableCell {TD} at (88,20) size 87x19 [r=1 c=1 rs=1 cs=1]
              RenderText {#text} at (1,1) size 85x17
                text run at (1,1) width 85: "Row 3, Cell 2"
            RenderTableCell {TD} at (175,29) size 87x20 [r=1 c=2 rs=2 cs=1]
              RenderText {#text} at (1,1) size 85x18
                text run at (1,2) width 85: "Row 3, Cell 3"
          RenderTableRow {TR} at (0,39) size 262x19
            RenderTableCell {TD} at (0,39) size 175x19 [border: none] [r=2 c=0 rs=1 cs=2]
              RenderText {#text} at (2,1) size 85x17
                text run at (2,1) width 85: "Row 4, Cell 1"
        RenderTableSection {TFOOT} at (0,95) size 262x20 [border: (1px solid #808080) none (1px solid #808080) none]
          RenderTableRow {TR} at (0,0) size 262x20
            RenderTableCell {TD} at (0,0) size 88x20 [border: (1px none #000000)] [r=0 c=0 rs=1 cs=1]
              RenderText {#text} at (2,2) size 85x17
                text run at (2,2) width 85: "Row 5, Cell 1"
            RenderTableCell {TD} at (88,0) size 87x20 [border: (1px none #000000)] [r=0 c=1 rs=1 cs=1]
              RenderText {#text} at (1,2) size 85x17
                text run at (1,2) width 85: "Row 5, Cell 2"
            RenderTableCell {TD} at (175,0) size 87x20 [border: (1px none #000000)] [r=0 c=2 rs=1 cs=1]
              RenderText {#text} at (1,2) size 85x17
                text run at (1,2) width 85: "Row 5, Cell 3"
      RenderTable {TABLE} at (0,2750) size 263x116 [border: none]
        RenderBlock {CAPTION} at (0,0) size 263x17
          RenderInline {A} at (0,0) size 254x17
            RenderText {#text} at (2,0) size 254x17
              text run at (2,0) width 254: "Frame=\x{201C}border\x{201D} and Rules=\x{201C}groups\x{201D}"
          RenderInline (generated) at (0,0) size 6x17
            RenderText at (255,0) size 6x17
              text run at (255,0) width 6: ":"
        RenderTableSection {THEAD} at (0,17) size 262x20 [border: (1px solid #808080) none (1px solid #808080) none]
          RenderTableRow {TR} at (0,0) size 262x20
            RenderTableCell {TD} at (0,0) size 88x20 [border: (1px none #000000)] [r=0 c=0 rs=1 cs=1]
              RenderText {#text} at (2,2) size 85x17
                text run at (2,2) width 85: "Row 1, Cell 1"
            RenderTableCell {TD} at (88,0) size 87x20 [border: (1px none #000000)] [r=0 c=1 rs=1 cs=1]
              RenderText {#text} at (1,2) size 85x17
                text run at (1,2) width 85: "Row 1, Cell 2"
            RenderTableCell {TD} at (175,0) size 87x20 [border: (1px none #000000)] [r=0 c=2 rs=1 cs=1]
              RenderText {#text} at (1,2) size 85x17
                text run at (1,2) width 85: "Row 1, Cell 3"
        RenderTableSection {TBODY} at (0,37) size 262x58 [border: (1px solid #808080) none (1px solid #808080) none]
          RenderTableRow {TR} at (0,0) size 262x20
            RenderTableCell {TD} at (0,9) size 88x21 [border: (1px none #000000)] [r=0 c=0 rs=2 cs=1]
              RenderText {#text} at (2,2) size 85x18
                text run at (2,3) width 85: "Row 2, Cell 1"
            RenderTableCell {TD} at (88,0) size 174x20 [border: (1px none #000000)] [r=0 c=1 rs=1 cs=2]
              RenderText {#text} at (1,2) size 85x17
                text run at (1,2) width 85: "Row 2, Cell 2"
          RenderTableRow {TR} at (0,20) size 262x19
            RenderTableCell {TD} at (88,20) size 87x19 [r=1 c=1 rs=1 cs=1]
              RenderText {#text} at (1,1) size 85x17
                text run at (1,1) width 85: "Row 3, Cell 2"
            RenderTableCell {TD} at (175,29) size 87x20 [r=1 c=2 rs=2 cs=1]
              RenderText {#text} at (1,1) size 85x18
                text run at (1,2) width 85: "Row 3, Cell 3"
          RenderTableRow {TR} at (0,39) size 262x19
            RenderTableCell {TD} at (0,39) size 175x19 [border: none] [r=2 c=0 rs=1 cs=2]
              RenderText {#text} at (2,1) size 85x17
                text run at (2,1) width 85: "Row 4, Cell 1"
        RenderTableSection {TFOOT} at (0,95) size 262x20 [border: (1px solid #808080) none (1px solid #808080) none]
          RenderTableRow {TR} at (0,0) size 262x20
            RenderTableCell {TD} at (0,0) size 88x20 [border: (1px none #000000)] [r=0 c=0 rs=1 cs=1]
              RenderText {#text} at (2,2) size 85x17
                text run at (2,2) width 85: "Row 5, Cell 1"
            RenderTableCell {TD} at (88,0) size 87x20 [border: (1px none #000000)] [r=0 c=1 rs=1 cs=1]
              RenderText {#text} at (1,2) size 85x17
                text run at (1,2) width 85: "Row 5, Cell 2"
            RenderTableCell {TD} at (175,0) size 87x20 [border: (1px none #000000)] [r=0 c=2 rs=1 cs=1]
              RenderText {#text} at (1,2) size 85x17
                text run at (1,2) width 85: "Row 5, Cell 3"
      RenderTable {TABLE} at (0,2914) size 261x116
        RenderBlock {CAPTION} at (0,0) size 261x17
          RenderInline {A} at (0,0) size 224x17
            RenderText {#text} at (16,0) size 224x17
              text run at (16,0) width 224: "Frame=\x{201C}void\x{201D} and Rules=\x{201C}rows\x{201D}"
          RenderInline (generated) at (0,0) size 5x17
            RenderText at (240,0) size 5x17
              text run at (240,0) width 5: ":"
        RenderTableSection {THEAD} at (0,17) size 261x19
          RenderTableRow {TR} at (0,0) size 261x19
            RenderTableCell {TD} at (0,0) size 87x19 [r=0 c=0 rs=1 cs=1]
              RenderText {#text} at (1,1) size 85x17
                text run at (1,1) width 85: "Row 1, Cell 1"
            RenderTableCell {TD} at (87,0) size 87x19 [r=0 c=1 rs=1 cs=1]
              RenderText {#text} at (1,1) size 85x17
                text run at (1,1) width 85: "Row 1, Cell 2"
            RenderTableCell {TD} at (174,0) size 87x19 [r=0 c=2 rs=1 cs=1]
              RenderText {#text} at (1,1) size 85x17
                text run at (1,1) width 85: "Row 1, Cell 3"
        RenderTableSection {TBODY} at (0,36) size 261x60
          RenderTableRow {TR} at (0,0) size 261x20
            RenderTableCell {TD} at (0,10) size 87x20 [border: (1px solid #808080) none none none] [r=0 c=0 rs=2 cs=1]
              RenderText {#text} at (1,2) size 85x17
                text run at (1,2) width 85: "Row 2, Cell 1"
            RenderTableCell {TD} at (87,0) size 174x20 [border: (1px solid #808080) none none none] [r=0 c=1 rs=1 cs=2]
              RenderText {#text} at (1,2) size 85x17
                text run at (1,2) width 85: "Row 2, Cell 2"
          RenderTableRow {TR} at (0,20) size 261x20
            RenderTableCell {TD} at (87,20) size 87x20 [border: (1px solid #808080) none none none] [r=1 c=1 rs=1 cs=1]
              RenderText {#text} at (1,2) size 85x17
                text run at (1,2) width 85: "Row 3, Cell 2"
            RenderTableCell {TD} at (174,30) size 87x20 [border: (1px solid #808080) none none none] [r=1 c=2 rs=2 cs=1]
              RenderText {#text} at (1,2) size 85x17
                text run at (1,2) width 85: "Row 3, Cell 3"
          RenderTableRow {TR} at (0,40) size 261x20
            RenderTableCell {TD} at (0,40) size 174x20 [border: (1px solid #808080) none none none] [r=2 c=0 rs=1 cs=2]
              RenderText {#text} at (1,2) size 85x17
                text run at (1,2) width 85: "Row 4, Cell 1"
        RenderTableSection {TFOOT} at (0,96) size 261x20
          RenderTableRow {TR} at (0,0) size 261x20
            RenderTableCell {TD} at (0,0) size 87x20 [border: (1px solid #808080) none none none] [r=0 c=0 rs=1 cs=1]
              RenderText {#text} at (1,2) size 85x17
                text run at (1,2) width 85: "Row 5, Cell 1"
            RenderTableCell {TD} at (87,0) size 87x20 [border: (1px solid #808080) none none none] [r=0 c=1 rs=1 cs=1]
              RenderText {#text} at (1,2) size 85x17
                text run at (1,2) width 85: "Row 5, Cell 2"
            RenderTableCell {TD} at (174,0) size 87x20 [border: (1px solid #808080) none none none] [r=0 c=2 rs=1 cs=1]
              RenderText {#text} at (1,2) size 85x17
                text run at (1,2) width 85: "Row 5, Cell 3"
      RenderTable {TABLE} at (0,3078) size 261x117
        RenderBlock {CAPTION} at (0,0) size 261x17
          RenderInline {A} at (0,0) size 234x17
            RenderText {#text} at (11,0) size 234x17
              text run at (11,0) width 234: "Frame=\x{201C}above\x{201D} and Rules=\x{201C}rows\x{201D}"
          RenderInline (generated) at (0,0) size 5x17
            RenderText at (245,0) size 5x17
              text run at (245,0) width 5: ":"
        RenderTableSection {THEAD} at (0,17) size 261x20
          RenderTableRow {TR} at (0,0) size 261x20
            RenderTableCell {TD} at (0,0) size 87x20 [border: (1px solid #808080) none none none] [r=0 c=0 rs=1 cs=1]
              RenderText {#text} at (1,2) size 85x17
                text run at (1,2) width 85: "Row 1, Cell 1"
            RenderTableCell {TD} at (87,0) size 87x20 [border: (1px solid #808080) none none none] [r=0 c=1 rs=1 cs=1]
              RenderText {#text} at (1,2) size 85x17
                text run at (1,2) width 85: "Row 1, Cell 2"
            RenderTableCell {TD} at (174,0) size 87x20 [border: (1px solid #808080) none none none] [r=0 c=2 rs=1 cs=1]
              RenderText {#text} at (1,2) size 85x17
                text run at (1,2) width 85: "Row 1, Cell 3"
        RenderTableSection {TBODY} at (0,37) size 261x60
          RenderTableRow {TR} at (0,0) size 261x20
            RenderTableCell {TD} at (0,10) size 87x20 [border: (1px solid #808080) none none none] [r=0 c=0 rs=2 cs=1]
              RenderText {#text} at (1,2) size 85x17
                text run at (1,2) width 85: "Row 2, Cell 1"
            RenderTableCell {TD} at (87,0) size 174x20 [border: (1px solid #808080) none none none] [r=0 c=1 rs=1 cs=2]
              RenderText {#text} at (1,2) size 85x17
                text run at (1,2) width 85: "Row 2, Cell 2"
          RenderTableRow {TR} at (0,20) size 261x20
            RenderTableCell {TD} at (87,20) size 87x20 [border: (1px solid #808080) none none none] [r=1 c=1 rs=1 cs=1]
              RenderText {#text} at (1,2) size 85x17
                text run at (1,2) width 85: "Row 3, Cell 2"
            RenderTableCell {TD} at (174,30) size 87x20 [border: (1px solid #808080) none none none] [r=1 c=2 rs=2 cs=1]
              RenderText {#text} at (1,2) size 85x17
                text run at (1,2) width 85: "Row 3, Cell 3"
          RenderTableRow {TR} at (0,40) size 261x20
            RenderTableCell {TD} at (0,40) size 174x20 [border: (1px solid #808080) none none none] [r=2 c=0 rs=1 cs=2]
              RenderText {#text} at (1,2) size 85x17
                text run at (1,2) width 85: "Row 4, Cell 1"
        RenderTableSection {TFOOT} at (0,97) size 261x20
          RenderTableRow {TR} at (0,0) size 261x20
            RenderTableCell {TD} at (0,0) size 87x20 [border: (1px solid #808080) none none none] [r=0 c=0 rs=1 cs=1]
              RenderText {#text} at (1,2) size 85x17
                text run at (1,2) width 85: "Row 5, Cell 1"
            RenderTableCell {TD} at (87,0) size 87x20 [border: (1px solid #808080) none none none] [r=0 c=1 rs=1 cs=1]
              RenderText {#text} at (1,2) size 85x17
                text run at (1,2) width 85: "Row 5, Cell 2"
            RenderTableCell {TD} at (174,0) size 87x20 [border: (1px solid #808080) none none none] [r=0 c=2 rs=1 cs=1]
              RenderText {#text} at (1,2) size 85x17
                text run at (1,2) width 85: "Row 5, Cell 3"
      RenderTable {TABLE} at (0,3243) size 261x117 [border: none (1px solid #808080) none]
        RenderBlock {CAPTION} at (0,0) size 261x17
          RenderInline {A} at (0,0) size 236x17
            RenderText {#text} at (10,0) size 236x17
              text run at (10,0) width 236: "Frame=\x{201C}below\x{201D} and Rules=\x{201C}rows\x{201D}"
          RenderInline (generated) at (0,0) size 6x17
            RenderText at (245,0) size 6x17
              text run at (245,0) width 6: ":"
        RenderTableSection {THEAD} at (0,17) size 261x19
          RenderTableRow {TR} at (0,0) size 261x19
            RenderTableCell {TD} at (0,0) size 87x19 [r=0 c=0 rs=1 cs=1]
              RenderText {#text} at (1,1) size 85x17
                text run at (1,1) width 85: "Row 1, Cell 1"
            RenderTableCell {TD} at (87,0) size 87x19 [r=0 c=1 rs=1 cs=1]
              RenderText {#text} at (1,1) size 85x17
                text run at (1,1) width 85: "Row 1, Cell 2"
            RenderTableCell {TD} at (174,0) size 87x19 [r=0 c=2 rs=1 cs=1]
              RenderText {#text} at (1,1) size 85x17
                text run at (1,1) width 85: "Row 1, Cell 3"
        RenderTableSection {TBODY} at (0,36) size 261x60
          RenderTableRow {TR} at (0,0) size 261x20
            RenderTableCell {TD} at (0,10) size 87x20 [border: (1px solid #808080) none none none] [r=0 c=0 rs=2 cs=1]
              RenderText {#text} at (1,2) size 85x17
                text run at (1,2) width 85: "Row 2, Cell 1"
            RenderTableCell {TD} at (87,0) size 174x20 [border: (1px solid #808080) none none none] [r=0 c=1 rs=1 cs=2]
              RenderText {#text} at (1,2) size 85x17
                text run at (1,2) width 85: "Row 2, Cell 2"
          RenderTableRow {TR} at (0,20) size 261x20
            RenderTableCell {TD} at (87,20) size 87x20 [border: (1px solid #808080) none none none] [r=1 c=1 rs=1 cs=1]
              RenderText {#text} at (1,2) size 85x17
                text run at (1,2) width 85: "Row 3, Cell 2"
            RenderTableCell {TD} at (174,30) size 87x20 [border: (1px solid #808080) none none none] [r=1 c=2 rs=2 cs=1]
              RenderText {#text} at (1,2) size 85x17
                text run at (1,2) width 85: "Row 3, Cell 3"
          RenderTableRow {TR} at (0,40) size 261x20
            RenderTableCell {TD} at (0,40) size 174x20 [border: (1px solid #808080) none none none] [r=2 c=0 rs=1 cs=2]
              RenderText {#text} at (1,2) size 85x17
                text run at (1,2) width 85: "Row 4, Cell 1"
        RenderTableSection {TFOOT} at (0,96) size 261x20
          RenderTableRow {TR} at (0,0) size 261x20
            RenderTableCell {TD} at (0,0) size 87x20 [border: (1px solid #808080) none none none] [r=0 c=0 rs=1 cs=1]
              RenderText {#text} at (1,2) size 85x17
                text run at (1,2) width 85: "Row 5, Cell 1"
            RenderTableCell {TD} at (87,0) size 87x20 [border: (1px solid #808080) none none none] [r=0 c=1 rs=1 cs=1]
              RenderText {#text} at (1,2) size 85x17
                text run at (1,2) width 85: "Row 5, Cell 2"
            RenderTableCell {TD} at (174,0) size 87x20 [border: (1px solid #808080) none none none] [r=0 c=2 rs=1 cs=1]
              RenderText {#text} at (1,2) size 85x17
                text run at (1,2) width 85: "Row 5, Cell 3"
      RenderTable {TABLE} at (0,3408) size 261x118 [border: none none (1px solid #808080) none]
        RenderBlock {CAPTION} at (0,0) size 261x17
          RenderInline {A} at (0,0) size 238x17
            RenderText {#text} at (9,0) size 238x17
              text run at (9,0) width 238: "Frame=\x{201C}hsides\x{201D} and Rules=\x{201C}rows\x{201D}"
          RenderInline (generated) at (0,0) size 6x17
            RenderText at (246,0) size 6x17
              text run at (246,0) width 6: ":"
        RenderTableSection {THEAD} at (0,17) size 261x20
          RenderTableRow {TR} at (0,0) size 261x20
            RenderTableCell {TD} at (0,0) size 87x20 [border: (1px solid #808080) none none none] [r=0 c=0 rs=1 cs=1]
              RenderText {#text} at (1,2) size 85x17
                text run at (1,2) width 85: "Row 1, Cell 1"
            RenderTableCell {TD} at (87,0) size 87x20 [border: (1px solid #808080) none none none] [r=0 c=1 rs=1 cs=1]
              RenderText {#text} at (1,2) size 85x17
                text run at (1,2) width 85: "Row 1, Cell 2"
            RenderTableCell {TD} at (174,0) size 87x20 [border: (1px solid #808080) none none none] [r=0 c=2 rs=1 cs=1]
              RenderText {#text} at (1,2) size 85x17
                text run at (1,2) width 85: "Row 1, Cell 3"
        RenderTableSection {TBODY} at (0,37) size 261x60
          RenderTableRow {TR} at (0,0) size 261x20
            RenderTableCell {TD} at (0,10) size 87x20 [border: (1px solid #808080) none none none] [r=0 c=0 rs=2 cs=1]
              RenderText {#text} at (1,2) size 85x17
                text run at (1,2) width 85: "Row 2, Cell 1"
            RenderTableCell {TD} at (87,0) size 174x20 [border: (1px solid #808080) none none none] [r=0 c=1 rs=1 cs=2]
              RenderText {#text} at (1,2) size 85x17
                text run at (1,2) width 85: "Row 2, Cell 2"
          RenderTableRow {TR} at (0,20) size 261x20
            RenderTableCell {TD} at (87,20) size 87x20 [border: (1px solid #808080) none none none] [r=1 c=1 rs=1 cs=1]
              RenderText {#text} at (1,2) size 85x17
                text run at (1,2) width 85: "Row 3, Cell 2"
            RenderTableCell {TD} at (174,30) size 87x20 [border: (1px solid #808080) none none none] [r=1 c=2 rs=2 cs=1]
              RenderText {#text} at (1,2) size 85x17
                text run at (1,2) width 85: "Row 3, Cell 3"
          RenderTableRow {TR} at (0,40) size 261x20
            RenderTableCell {TD} at (0,40) size 174x20 [border: (1px solid #808080) none none none] [r=2 c=0 rs=1 cs=2]
              RenderText {#text} at (1,2) size 85x17
                text run at (1,2) width 85: "Row 4, Cell 1"
        RenderTableSection {TFOOT} at (0,97) size 261x20
          RenderTableRow {TR} at (0,0) size 261x20
            RenderTableCell {TD} at (0,0) size 87x20 [border: (1px solid #808080) none none none] [r=0 c=0 rs=1 cs=1]
              RenderText {#text} at (1,2) size 85x17
                text run at (1,2) width 85: "Row 5, Cell 1"
            RenderTableCell {TD} at (87,0) size 87x20 [border: (1px solid #808080) none none none] [r=0 c=1 rs=1 cs=1]
              RenderText {#text} at (1,2) size 85x17
                text run at (1,2) width 85: "Row 5, Cell 2"
            RenderTableCell {TD} at (174,0) size 87x20 [border: (1px solid #808080) none none none] [r=0 c=2 rs=1 cs=1]
              RenderText {#text} at (1,2) size 85x17
                text run at (1,2) width 85: "Row 5, Cell 3"
      RenderTable {TABLE} at (0,3574) size 263x116 [border: none (1px solid #808080) none none]
        RenderBlock {CAPTION} at (0,0) size 263x17
          RenderInline {A} at (0,0) size 236x17
            RenderText {#text} at (11,0) size 236x17
              text run at (11,0) width 236: "Frame=\x{201C}vsides\x{201D} and Rules=\x{201C}rows\x{201D}"
          RenderInline (generated) at (0,0) size 6x17
            RenderText at (246,0) size 6x17
              text run at (246,0) width 6: ":"
        RenderTableSection {THEAD} at (0,17) size 262x19
          RenderTableRow {TR} at (0,0) size 262x19
            RenderTableCell {TD} at (0,0) size 88x19 [border: none none none (1px none #808080)] [r=0 c=0 rs=1 cs=1]
              RenderText {#text} at (2,1) size 85x17
                text run at (2,1) width 85: "Row 1, Cell 1"
            RenderTableCell {TD} at (88,0) size 87x19 [r=0 c=1 rs=1 cs=1]
              RenderText {#text} at (1,1) size 85x17
                text run at (1,1) width 85: "Row 1, Cell 2"
            RenderTableCell {TD} at (175,0) size 87x19 [r=0 c=2 rs=1 cs=1]
              RenderText {#text} at (1,1) size 85x17
                text run at (1,1) width 85: "Row 1, Cell 3"
        RenderTableSection {TBODY} at (0,36) size 262x60
          RenderTableRow {TR} at (0,0) size 262x20
            RenderTableCell {TD} at (0,10) size 88x20 [border: (1px solid #808080) none none (1px none #808080)] [r=0 c=0 rs=2 cs=1]
              RenderText {#text} at (2,2) size 85x17
                text run at (2,2) width 85: "Row 2, Cell 1"
            RenderTableCell {TD} at (88,0) size 174x20 [border: (1px solid #808080) none none none] [r=0 c=1 rs=1 cs=2]
              RenderText {#text} at (1,2) size 85x17
                text run at (1,2) width 85: "Row 2, Cell 2"
          RenderTableRow {TR} at (0,20) size 262x20
            RenderTableCell {TD} at (88,20) size 87x20 [border: (1px solid #808080) none none none] [r=1 c=1 rs=1 cs=1]
              RenderText {#text} at (1,2) size 85x17
                text run at (1,2) width 85: "Row 3, Cell 2"
            RenderTableCell {TD} at (175,30) size 87x20 [border: (1px solid #808080) none none none] [r=1 c=2 rs=2 cs=1]
              RenderText {#text} at (1,2) size 85x17
                text run at (1,2) width 85: "Row 3, Cell 3"
          RenderTableRow {TR} at (0,40) size 262x20
            RenderTableCell {TD} at (0,40) size 175x20 [border: (1px solid #808080) none none (1px none #808080)] [r=2 c=0 rs=1 cs=2]
              RenderText {#text} at (2,2) size 85x17
                text run at (2,2) width 85: "Row 4, Cell 1"
        RenderTableSection {TFOOT} at (0,96) size 262x20
          RenderTableRow {TR} at (0,0) size 262x20
            RenderTableCell {TD} at (0,0) size 88x20 [border: (1px solid #808080) none none (1px none #808080)] [r=0 c=0 rs=1 cs=1]
              RenderText {#text} at (2,2) size 85x17
                text run at (2,2) width 85: "Row 5, Cell 1"
            RenderTableCell {TD} at (88,0) size 87x20 [border: (1px solid #808080) none none none] [r=0 c=1 rs=1 cs=1]
              RenderText {#text} at (1,2) size 85x17
                text run at (1,2) width 85: "Row 5, Cell 2"
            RenderTableCell {TD} at (175,0) size 87x20 [border: (1px solid #808080) none none none] [r=0 c=2 rs=1 cs=1]
              RenderText {#text} at (1,2) size 85x17
                text run at (1,2) width 85: "Row 5, Cell 3"
      RenderTable {TABLE} at (0,3738) size 262x116
        RenderBlock {CAPTION} at (0,0) size 262x17
          RenderInline {A} at (0,0) size 217x17
            RenderText {#text} at (20,0) size 217x17
              text run at (20,0) width 217: "Frame=\x{201C}lhs\x{201D} and Rules=\x{201C}rows\x{201D}"
          RenderInline (generated) at (0,0) size 6x17
            RenderText at (236,0) size 6x17
              text run at (236,0) width 6: ":"
        RenderTableSection {THEAD} at (0,17) size 262x19
          RenderTableRow {TR} at (0,0) size 262x19
            RenderTableCell {TD} at (0,0) size 88x19 [border: none none none (1px none #808080)] [r=0 c=0 rs=1 cs=1]
              RenderText {#text} at (2,1) size 85x17
                text run at (2,1) width 85: "Row 1, Cell 1"
            RenderTableCell {TD} at (88,0) size 87x19 [r=0 c=1 rs=1 cs=1]
              RenderText {#text} at (1,1) size 85x17
                text run at (1,1) width 85: "Row 1, Cell 2"
            RenderTableCell {TD} at (175,0) size 87x19 [r=0 c=2 rs=1 cs=1]
              RenderText {#text} at (1,1) size 85x17
                text run at (1,1) width 85: "Row 1, Cell 3"
        RenderTableSection {TBODY} at (0,36) size 262x60
          RenderTableRow {TR} at (0,0) size 262x20
            RenderTableCell {TD} at (0,10) size 88x20 [border: (1px solid #808080) none none (1px none #808080)] [r=0 c=0 rs=2 cs=1]
              RenderText {#text} at (2,2) size 85x17
                text run at (2,2) width 85: "Row 2, Cell 1"
            RenderTableCell {TD} at (88,0) size 174x20 [border: (1px solid #808080) none none none] [r=0 c=1 rs=1 cs=2]
              RenderText {#text} at (1,2) size 85x17
                text run at (1,2) width 85: "Row 2, Cell 2"
          RenderTableRow {TR} at (0,20) size 262x20
            RenderTableCell {TD} at (88,20) size 87x20 [border: (1px solid #808080) none none none] [r=1 c=1 rs=1 cs=1]
              RenderText {#text} at (1,2) size 85x17
                text run at (1,2) width 85: "Row 3, Cell 2"
            RenderTableCell {TD} at (175,30) size 87x20 [border: (1px solid #808080) none none none] [r=1 c=2 rs=2 cs=1]
              RenderText {#text} at (1,2) size 85x17
                text run at (1,2) width 85: "Row 3, Cell 3"
          RenderTableRow {TR} at (0,40) size 262x20
            RenderTableCell {TD} at (0,40) size 175x20 [border: (1px solid #808080) none none (1px none #808080)] [r=2 c=0 rs=1 cs=2]
              RenderText {#text} at (2,2) size 85x17
                text run at (2,2) width 85: "Row 4, Cell 1"
        RenderTableSection {TFOOT} at (0,96) size 262x20
          RenderTableRow {TR} at (0,0) size 262x20
            RenderTableCell {TD} at (0,0) size 88x20 [border: (1px solid #808080) none none (1px none #808080)] [r=0 c=0 rs=1 cs=1]
              RenderText {#text} at (2,2) size 85x17
                text run at (2,2) width 85: "Row 5, Cell 1"
            RenderTableCell {TD} at (88,0) size 87x20 [border: (1px solid #808080) none none none] [r=0 c=1 rs=1 cs=1]
              RenderText {#text} at (1,2) size 85x17
                text run at (1,2) width 85: "Row 5, Cell 2"
            RenderTableCell {TD} at (175,0) size 87x20 [border: (1px solid #808080) none none none] [r=0 c=2 rs=1 cs=1]
              RenderText {#text} at (1,2) size 85x17
                text run at (1,2) width 85: "Row 5, Cell 3"
      RenderTable {TABLE} at (0,3902) size 262x116 [border: none (1px solid #808080) none]
        RenderBlock {CAPTION} at (0,0) size 262x17
          RenderInline {A} at (0,0) size 217x17
            RenderText {#text} at (20,0) size 217x17
              text run at (20,0) width 217: "Frame=\x{201C}rhs\x{201D} and Rules=\x{201C}rows\x{201D}"
          RenderInline (generated) at (0,0) size 5x17
            RenderText at (237,0) size 5x17
              text run at (237,0) width 5: ":"
        RenderTableSection {THEAD} at (0,17) size 261x19
          RenderTableRow {TR} at (0,0) size 261x19
            RenderTableCell {TD} at (0,0) size 87x19 [r=0 c=0 rs=1 cs=1]
              RenderText {#text} at (1,1) size 85x17
                text run at (1,1) width 85: "Row 1, Cell 1"
            RenderTableCell {TD} at (87,0) size 87x19 [r=0 c=1 rs=1 cs=1]
              RenderText {#text} at (1,1) size 85x17
                text run at (1,1) width 85: "Row 1, Cell 2"
            RenderTableCell {TD} at (174,0) size 87x19 [r=0 c=2 rs=1 cs=1]
              RenderText {#text} at (1,1) size 85x17
                text run at (1,1) width 85: "Row 1, Cell 3"
        RenderTableSection {TBODY} at (0,36) size 261x60
          RenderTableRow {TR} at (0,0) size 261x20
            RenderTableCell {TD} at (0,10) size 87x20 [border: (1px solid #808080) none none none] [r=0 c=0 rs=2 cs=1]
              RenderText {#text} at (1,2) size 85x17
                text run at (1,2) width 85: "Row 2, Cell 1"
            RenderTableCell {TD} at (87,0) size 174x20 [border: (1px solid #808080) none none none] [r=0 c=1 rs=1 cs=2]
              RenderText {#text} at (1,2) size 85x17
                text run at (1,2) width 85: "Row 2, Cell 2"
          RenderTableRow {TR} at (0,20) size 261x20
            RenderTableCell {TD} at (87,20) size 87x20 [border: (1px solid #808080) none none none] [r=1 c=1 rs=1 cs=1]
              RenderText {#text} at (1,2) size 85x17
                text run at (1,2) width 85: "Row 3, Cell 2"
            RenderTableCell {TD} at (174,30) size 87x20 [border: (1px solid #808080) none none none] [r=1 c=2 rs=2 cs=1]
              RenderText {#text} at (1,2) size 85x17
                text run at (1,2) width 85: "Row 3, Cell 3"
          RenderTableRow {TR} at (0,40) size 261x20
            RenderTableCell {TD} at (0,40) size 174x20 [border: (1px solid #808080) none none none] [r=2 c=0 rs=1 cs=2]
              RenderText {#text} at (1,2) size 85x17
                text run at (1,2) width 85: "Row 4, Cell 1"
        RenderTableSection {TFOOT} at (0,96) size 261x20
          RenderTableRow {TR} at (0,0) size 261x20
            RenderTableCell {TD} at (0,0) size 87x20 [border: (1px solid #808080) none none none] [r=0 c=0 rs=1 cs=1]
              RenderText {#text} at (1,2) size 85x17
                text run at (1,2) width 85: "Row 5, Cell 1"
            RenderTableCell {TD} at (87,0) size 87x20 [border: (1px solid #808080) none none none] [r=0 c=1 rs=1 cs=1]
              RenderText {#text} at (1,2) size 85x17
                text run at (1,2) width 85: "Row 5, Cell 2"
            RenderTableCell {TD} at (174,0) size 87x20 [border: (1px solid #808080) none none none] [r=0 c=2 rs=1 cs=1]
              RenderText {#text} at (1,2) size 85x17
                text run at (1,2) width 85: "Row 5, Cell 3"
      RenderTable {TABLE} at (0,4066) size 263x118 [border: none]
        RenderBlock {CAPTION} at (0,0) size 263x17
          RenderInline {A} at (0,0) size 220x17
            RenderText {#text} at (19,0) size 220x17
              text run at (19,0) width 220: "Frame=\x{201C}box\x{201D} and Rules=\x{201C}rows\x{201D}"
          RenderInline (generated) at (0,0) size 5x17
            RenderText at (239,0) size 5x17
              text run at (239,0) width 5: ":"
        RenderTableSection {THEAD} at (0,17) size 262x20
          RenderTableRow {TR} at (0,0) size 262x20
            RenderTableCell {TD} at (0,0) size 88x20 [border: (1px solid #808080) none none (1px none #808080)] [r=0 c=0 rs=1 cs=1]
              RenderText {#text} at (2,2) size 85x17
                text run at (2,2) width 85: "Row 1, Cell 1"
            RenderTableCell {TD} at (88,0) size 87x20 [border: (1px solid #808080) none none none] [r=0 c=1 rs=1 cs=1]
              RenderText {#text} at (1,2) size 85x17
                text run at (1,2) width 85: "Row 1, Cell 2"
            RenderTableCell {TD} at (175,0) size 87x20 [border: (1px solid #808080) none none none] [r=0 c=2 rs=1 cs=1]
              RenderText {#text} at (1,2) size 85x17
                text run at (1,2) width 85: "Row 1, Cell 3"
        RenderTableSection {TBODY} at (0,37) size 262x60
          RenderTableRow {TR} at (0,0) size 262x20
            RenderTableCell {TD} at (0,10) size 88x20 [border: (1px solid #808080) none none (1px none #808080)] [r=0 c=0 rs=2 cs=1]
              RenderText {#text} at (2,2) size 85x17
                text run at (2,2) width 85: "Row 2, Cell 1"
            RenderTableCell {TD} at (88,0) size 174x20 [border: (1px solid #808080) none none none] [r=0 c=1 rs=1 cs=2]
              RenderText {#text} at (1,2) size 85x17
                text run at (1,2) width 85: "Row 2, Cell 2"
          RenderTableRow {TR} at (0,20) size 262x20
            RenderTableCell {TD} at (88,20) size 87x20 [border: (1px solid #808080) none none none] [r=1 c=1 rs=1 cs=1]
              RenderText {#text} at (1,2) size 85x17
                text run at (1,2) width 85: "Row 3, Cell 2"
            RenderTableCell {TD} at (175,30) size 87x20 [border: (1px solid #808080) none none none] [r=1 c=2 rs=2 cs=1]
              RenderText {#text} at (1,2) size 85x17
                text run at (1,2) width 85: "Row 3, Cell 3"
          RenderTableRow {TR} at (0,40) size 262x20
            RenderTableCell {TD} at (0,40) size 175x20 [border: (1px solid #808080) none none (1px none #808080)] [r=2 c=0 rs=1 cs=2]
              RenderText {#text} at (2,2) size 85x17
                text run at (2,2) width 85: "Row 4, Cell 1"
        RenderTableSection {TFOOT} at (0,97) size 262x20
          RenderTableRow {TR} at (0,0) size 262x20
            RenderTableCell {TD} at (0,0) size 88x20 [border: (1px solid #808080) none none (1px none #808080)] [r=0 c=0 rs=1 cs=1]
              RenderText {#text} at (2,2) size 85x17
                text run at (2,2) width 85: "Row 5, Cell 1"
            RenderTableCell {TD} at (88,0) size 87x20 [border: (1px solid #808080) none none none] [r=0 c=1 rs=1 cs=1]
              RenderText {#text} at (1,2) size 85x17
                text run at (1,2) width 85: "Row 5, Cell 2"
            RenderTableCell {TD} at (175,0) size 87x20 [border: (1px solid #808080) none none none] [r=0 c=2 rs=1 cs=1]
              RenderText {#text} at (1,2) size 85x17
                text run at (1,2) width 85: "Row 5, Cell 3"
      RenderTable {TABLE} at (0,4232) size 263x118 [border: none]
        RenderBlock {CAPTION} at (0,0) size 263x17
          RenderInline {A} at (0,0) size 240x17
            RenderText {#text} at (9,0) size 240x17
              text run at (9,0) width 240: "Frame=\x{201C}border\x{201D} and Rules=\x{201C}rows\x{201D}"
          RenderInline (generated) at (0,0) size 6x17
            RenderText at (248,0) size 6x17
              text run at (248,0) width 6: ":"
        RenderTableSection {THEAD} at (0,17) size 262x20
          RenderTableRow {TR} at (0,0) size 262x20
            RenderTableCell {TD} at (0,0) size 88x20 [border: (1px solid #808080) none none (1px none #808080)] [r=0 c=0 rs=1 cs=1]
              RenderText {#text} at (2,2) size 85x17
                text run at (2,2) width 85: "Row 1, Cell 1"
            RenderTableCell {TD} at (88,0) size 87x20 [border: (1px solid #808080) none none none] [r=0 c=1 rs=1 cs=1]
              RenderText {#text} at (1,2) size 85x17
                text run at (1,2) width 85: "Row 1, Cell 2"
            RenderTableCell {TD} at (175,0) size 87x20 [border: (1px solid #808080) none none none] [r=0 c=2 rs=1 cs=1]
              RenderText {#text} at (1,2) size 85x17
                text run at (1,2) width 85: "Row 1, Cell 3"
        RenderTableSection {TBODY} at (0,37) size 262x60
          RenderTableRow {TR} at (0,0) size 262x20
            RenderTableCell {TD} at (0,10) size 88x20 [border: (1px solid #808080) none none (1px none #808080)] [r=0 c=0 rs=2 cs=1]
              RenderText {#text} at (2,2) size 85x17
                text run at (2,2) width 85: "Row 2, Cell 1"
            RenderTableCell {TD} at (88,0) size 174x20 [border: (1px solid #808080) none none none] [r=0 c=1 rs=1 cs=2]
              RenderText {#text} at (1,2) size 85x17
                text run at (1,2) width 85: "Row 2, Cell 2"
          RenderTableRow {TR} at (0,20) size 262x20
            RenderTableCell {TD} at (88,20) size 87x20 [border: (1px solid #808080) none none none] [r=1 c=1 rs=1 cs=1]
              RenderText {#text} at (1,2) size 85x17
                text run at (1,2) width 85: "Row 3, Cell 2"
            RenderTableCell {TD} at (175,30) size 87x20 [border: (1px solid #808080) none none none] [r=1 c=2 rs=2 cs=1]
              RenderText {#text} at (1,2) size 85x17
                text run at (1,2) width 85: "Row 3, Cell 3"
          RenderTableRow {TR} at (0,40) size 262x20
            RenderTableCell {TD} at (0,40) size 175x20 [border: (1px solid #808080) none none (1px none #808080)] [r=2 c=0 rs=1 cs=2]
              RenderText {#text} at (2,2) size 85x17
                text run at (2,2) width 85: "Row 4, Cell 1"
        RenderTableSection {TFOOT} at (0,97) size 262x20
          RenderTableRow {TR} at (0,0) size 262x20
            RenderTableCell {TD} at (0,0) size 88x20 [border: (1px solid #808080) none none (1px none #808080)] [r=0 c=0 rs=1 cs=1]
              RenderText {#text} at (2,2) size 85x17
                text run at (2,2) width 85: "Row 5, Cell 1"
            RenderTableCell {TD} at (88,0) size 87x20 [border: (1px solid #808080) none none none] [r=0 c=1 rs=1 cs=1]
              RenderText {#text} at (1,2) size 85x17
                text run at (1,2) width 85: "Row 5, Cell 2"
            RenderTableCell {TD} at (175,0) size 87x20 [border: (1px solid #808080) none none none] [r=0 c=2 rs=1 cs=1]
              RenderText {#text} at (1,2) size 85x17
                text run at (1,2) width 85: "Row 5, Cell 3"
      RenderTable {TABLE} at (0,4398) size 263x112
        RenderBlock {CAPTION} at (0,0) size 263x17
          RenderInline {A} at (0,0) size 220x17
            RenderText {#text} at (19,0) size 220x17
              text run at (19,0) width 220: "Frame=\x{201C}void\x{201D} and Rules=\x{201C}cols\x{201D}"
          RenderInline (generated) at (0,0) size 6x17
            RenderText at (238,0) size 6x17
              text run at (238,0) width 6: ":"
        RenderTableSection {THEAD} at (0,17) size 263x19
          RenderTableRow {TR} at (0,0) size 263x19
            RenderTableCell {TD} at (0,0) size 87x19 [r=0 c=0 rs=1 cs=1]
              RenderText {#text} at (1,1) size 85x17
                text run at (1,1) width 85: "Row 1, Cell 1"
            RenderTableCell {TD} at (87,0) size 88x19 [border: none none none (1px solid #808080)] [r=0 c=1 rs=1 cs=1]
              RenderText {#text} at (2,1) size 85x17
                text run at (2,1) width 85: "Row 1, Cell 2"
            RenderTableCell {TD} at (175,0) size 88x19 [border: none none none (1px solid #808080)] [r=0 c=2 rs=1 cs=1]
              RenderText {#text} at (2,1) size 85x17
                text run at (2,1) width 85: "Row 1, Cell 3"
        RenderTableSection {TBODY} at (0,36) size 263x57
          RenderTableRow {TR} at (0,0) size 263x19
            RenderTableCell {TD} at (0,9) size 87x20 [r=0 c=0 rs=2 cs=1]
              RenderText {#text} at (1,1) size 85x18
                text run at (1,2) width 85: "Row 2, Cell 1"
            RenderTableCell {TD} at (87,0) size 176x19 [border: none none none (1px solid #808080)] [r=0 c=1 rs=1 cs=2]
              RenderText {#text} at (2,1) size 85x17
                text run at (2,1) width 85: "Row 2, Cell 2"
          RenderTableRow {TR} at (0,19) size 263x19
            RenderTableCell {TD} at (87,19) size 88x19 [border: none none none (1px solid #808080)] [r=1 c=1 rs=1 cs=1]
              RenderText {#text} at (2,1) size 85x17
                text run at (2,1) width 85: "Row 3, Cell 2"
            RenderTableCell {TD} at (175,28) size 88x20 [border: none none none (1px solid #808080)] [r=1 c=2 rs=2 cs=1]
              RenderText {#text} at (2,1) size 85x18
                text run at (2,2) width 85: "Row 3, Cell 3"
          RenderTableRow {TR} at (0,38) size 263x19
            RenderTableCell {TD} at (0,38) size 175x19 [r=2 c=0 rs=1 cs=2]
              RenderText {#text} at (1,1) size 85x17
                text run at (1,1) width 85: "Row 4, Cell 1"
        RenderTableSection {TFOOT} at (0,93) size 263x19
          RenderTableRow {TR} at (0,0) size 263x19
            RenderTableCell {TD} at (0,0) size 87x19 [r=0 c=0 rs=1 cs=1]
              RenderText {#text} at (1,1) size 85x17
                text run at (1,1) width 85: "Row 5, Cell 1"
            RenderTableCell {TD} at (87,0) size 88x19 [border: none none none (1px solid #808080)] [r=0 c=1 rs=1 cs=1]
              RenderText {#text} at (2,1) size 85x17
                text run at (2,1) width 85: "Row 5, Cell 2"
            RenderTableCell {TD} at (175,0) size 88x19 [border: none none none (1px solid #808080)] [r=0 c=2 rs=1 cs=1]
              RenderText {#text} at (2,1) size 85x17
                text run at (2,1) width 85: "Row 5, Cell 3"
      RenderTable {TABLE} at (0,4558) size 263x113
        RenderBlock {CAPTION} at (0,0) size 263x17
          RenderInline {A} at (0,0) size 230x17
            RenderText {#text} at (14,0) size 230x17
              text run at (14,0) width 230: "Frame=\x{201C}above\x{201D} and Rules=\x{201C}cols\x{201D}"
          RenderInline (generated) at (0,0) size 6x17
            RenderText at (243,0) size 6x17
              text run at (243,0) width 6: ":"
        RenderTableSection {THEAD} at (0,17) size 263x20
          RenderTableRow {TR} at (0,0) size 263x20
            RenderTableCell {TD} at (0,0) size 87x20 [border: (1px none #808080) none none none] [r=0 c=0 rs=1 cs=1]
              RenderText {#text} at (1,2) size 85x17
                text run at (1,2) width 85: "Row 1, Cell 1"
            RenderTableCell {TD} at (87,0) size 88x20 [border: (1px none #808080) none none (1px solid #808080)] [r=0 c=1 rs=1 cs=1]
              RenderText {#text} at (2,2) size 85x17
                text run at (2,2) width 85: "Row 1, Cell 2"
            RenderTableCell {TD} at (175,0) size 88x20 [border: (1px none #808080) none none (1px solid #808080)] [r=0 c=2 rs=1 cs=1]
              RenderText {#text} at (2,2) size 85x17
                text run at (2,2) width 85: "Row 1, Cell 3"
        RenderTableSection {TBODY} at (0,37) size 263x57
          RenderTableRow {TR} at (0,0) size 263x19
            RenderTableCell {TD} at (0,9) size 87x20 [r=0 c=0 rs=2 cs=1]
              RenderText {#text} at (1,1) size 85x18
                text run at (1,2) width 85: "Row 2, Cell 1"
            RenderTableCell {TD} at (87,0) size 176x19 [border: none none none (1px solid #808080)] [r=0 c=1 rs=1 cs=2]
              RenderText {#text} at (2,1) size 85x17
                text run at (2,1) width 85: "Row 2, Cell 2"
          RenderTableRow {TR} at (0,19) size 263x19
            RenderTableCell {TD} at (87,19) size 88x19 [border: none none none (1px solid #808080)] [r=1 c=1 rs=1 cs=1]
              RenderText {#text} at (2,1) size 85x17
                text run at (2,1) width 85: "Row 3, Cell 2"
            RenderTableCell {TD} at (175,28) size 88x20 [border: none none none (1px solid #808080)] [r=1 c=2 rs=2 cs=1]
              RenderText {#text} at (2,1) size 85x18
                text run at (2,2) width 85: "Row 3, Cell 3"
          RenderTableRow {TR} at (0,38) size 263x19
            RenderTableCell {TD} at (0,38) size 175x19 [r=2 c=0 rs=1 cs=2]
              RenderText {#text} at (1,1) size 85x17
                text run at (1,1) width 85: "Row 4, Cell 1"
        RenderTableSection {TFOOT} at (0,94) size 263x19
          RenderTableRow {TR} at (0,0) size 263x19
            RenderTableCell {TD} at (0,0) size 87x19 [r=0 c=0 rs=1 cs=1]
              RenderText {#text} at (1,1) size 85x17
                text run at (1,1) width 85: "Row 5, Cell 1"
            RenderTableCell {TD} at (87,0) size 88x19 [border: none none none (1px solid #808080)] [r=0 c=1 rs=1 cs=1]
              RenderText {#text} at (2,1) size 85x17
                text run at (2,1) width 85: "Row 5, Cell 2"
            RenderTableCell {TD} at (175,0) size 88x19 [border: none none none (1px solid #808080)] [r=0 c=2 rs=1 cs=1]
              RenderText {#text} at (2,1) size 85x17
                text run at (2,1) width 85: "Row 5, Cell 3"
      RenderTable {TABLE} at (0,4719) size 263x113 [border: none (1px solid #808080) none]
        RenderBlock {CAPTION} at (0,0) size 263x17
          RenderInline {A} at (0,0) size 230x17
            RenderText {#text} at (14,0) size 230x17
              text run at (14,0) width 230: "Frame=\x{201C}below\x{201D} and Rules=\x{201C}cols\x{201D}"
          RenderInline (generated) at (0,0) size 5x17
            RenderText at (244,0) size 5x17
              text run at (244,0) width 5: ":"
        RenderTableSection {THEAD} at (0,17) size 263x19
          RenderTableRow {TR} at (0,0) size 263x19
            RenderTableCell {TD} at (0,0) size 87x19 [r=0 c=0 rs=1 cs=1]
              RenderText {#text} at (1,1) size 85x17
                text run at (1,1) width 85: "Row 1, Cell 1"
            RenderTableCell {TD} at (87,0) size 88x19 [border: none none none (1px solid #808080)] [r=0 c=1 rs=1 cs=1]
              RenderText {#text} at (2,1) size 85x17
                text run at (2,1) width 85: "Row 1, Cell 2"
            RenderTableCell {TD} at (175,0) size 88x19 [border: none none none (1px solid #808080)] [r=0 c=2 rs=1 cs=1]
              RenderText {#text} at (2,1) size 85x17
                text run at (2,1) width 85: "Row 1, Cell 3"
        RenderTableSection {TBODY} at (0,36) size 263x57
          RenderTableRow {TR} at (0,0) size 263x19
            RenderTableCell {TD} at (0,9) size 87x20 [r=0 c=0 rs=2 cs=1]
              RenderText {#text} at (1,1) size 85x18
                text run at (1,2) width 85: "Row 2, Cell 1"
            RenderTableCell {TD} at (87,0) size 176x19 [border: none none none (1px solid #808080)] [r=0 c=1 rs=1 cs=2]
              RenderText {#text} at (2,1) size 85x17
                text run at (2,1) width 85: "Row 2, Cell 2"
          RenderTableRow {TR} at (0,19) size 263x19
            RenderTableCell {TD} at (87,19) size 88x19 [border: none none none (1px solid #808080)] [r=1 c=1 rs=1 cs=1]
              RenderText {#text} at (2,1) size 85x17
                text run at (2,1) width 85: "Row 3, Cell 2"
            RenderTableCell {TD} at (175,28) size 88x20 [border: none none none (1px solid #808080)] [r=1 c=2 rs=2 cs=1]
              RenderText {#text} at (2,1) size 85x18
                text run at (2,2) width 85: "Row 3, Cell 3"
          RenderTableRow {TR} at (0,38) size 263x19
            RenderTableCell {TD} at (0,38) size 175x19 [r=2 c=0 rs=1 cs=2]
              RenderText {#text} at (1,1) size 85x17
                text run at (1,1) width 85: "Row 4, Cell 1"
        RenderTableSection {TFOOT} at (0,93) size 263x19
          RenderTableRow {TR} at (0,0) size 263x19
            RenderTableCell {TD} at (0,0) size 87x19 [r=0 c=0 rs=1 cs=1]
              RenderText {#text} at (1,1) size 85x17
                text run at (1,1) width 85: "Row 5, Cell 1"
            RenderTableCell {TD} at (87,0) size 88x19 [border: none none none (1px solid #808080)] [r=0 c=1 rs=1 cs=1]
              RenderText {#text} at (2,1) size 85x17
                text run at (2,1) width 85: "Row 5, Cell 2"
            RenderTableCell {TD} at (175,0) size 88x19 [border: none none none (1px solid #808080)] [r=0 c=2 rs=1 cs=1]
              RenderText {#text} at (2,1) size 85x17
                text run at (2,1) width 85: "Row 5, Cell 3"
      RenderTable {TABLE} at (0,4880) size 263x114 [border: none none (1px solid #808080) none]
        RenderBlock {CAPTION} at (0,0) size 263x17
          RenderInline {A} at (0,0) size 232x17
            RenderText {#text} at (13,0) size 232x17
              text run at (13,0) width 232: "Frame=\x{201C}hsides\x{201D} and Rules=\x{201C}cols\x{201D}"
          RenderInline (generated) at (0,0) size 5x17
            RenderText at (245,0) size 5x17
              text run at (245,0) width 5: ":"
        RenderTableSection {THEAD} at (0,17) size 263x20
          RenderTableRow {TR} at (0,0) size 263x20
            RenderTableCell {TD} at (0,0) size 87x20 [border: (1px none #808080) none none none] [r=0 c=0 rs=1 cs=1]
              RenderText {#text} at (1,2) size 85x17
                text run at (1,2) width 85: "Row 1, Cell 1"
            RenderTableCell {TD} at (87,0) size 88x20 [border: (1px none #808080) none none (1px solid #808080)] [r=0 c=1 rs=1 cs=1]
              RenderText {#text} at (2,2) size 85x17
                text run at (2,2) width 85: "Row 1, Cell 2"
            RenderTableCell {TD} at (175,0) size 88x20 [border: (1px none #808080) none none (1px solid #808080)] [r=0 c=2 rs=1 cs=1]
              RenderText {#text} at (2,2) size 85x17
                text run at (2,2) width 85: "Row 1, Cell 3"
        RenderTableSection {TBODY} at (0,37) size 263x57
          RenderTableRow {TR} at (0,0) size 263x19
            RenderTableCell {TD} at (0,9) size 87x20 [r=0 c=0 rs=2 cs=1]
              RenderText {#text} at (1,1) size 85x18
                text run at (1,2) width 85: "Row 2, Cell 1"
            RenderTableCell {TD} at (87,0) size 176x19 [border: none none none (1px solid #808080)] [r=0 c=1 rs=1 cs=2]
              RenderText {#text} at (2,1) size 85x17
                text run at (2,1) width 85: "Row 2, Cell 2"
          RenderTableRow {TR} at (0,19) size 263x19
            RenderTableCell {TD} at (87,19) size 88x19 [border: none none none (1px solid #808080)] [r=1 c=1 rs=1 cs=1]
              RenderText {#text} at (2,1) size 85x17
                text run at (2,1) width 85: "Row 3, Cell 2"
            RenderTableCell {TD} at (175,28) size 88x20 [border: none none none (1px solid #808080)] [r=1 c=2 rs=2 cs=1]
              RenderText {#text} at (2,1) size 85x18
                text run at (2,2) width 85: "Row 3, Cell 3"
          RenderTableRow {TR} at (0,38) size 263x19
            RenderTableCell {TD} at (0,38) size 175x19 [r=2 c=0 rs=1 cs=2]
              RenderText {#text} at (1,1) size 85x17
                text run at (1,1) width 85: "Row 4, Cell 1"
        RenderTableSection {TFOOT} at (0,94) size 263x19
          RenderTableRow {TR} at (0,0) size 263x19
            RenderTableCell {TD} at (0,0) size 87x19 [r=0 c=0 rs=1 cs=1]
              RenderText {#text} at (1,1) size 85x17
                text run at (1,1) width 85: "Row 5, Cell 1"
            RenderTableCell {TD} at (87,0) size 88x19 [border: none none none (1px solid #808080)] [r=0 c=1 rs=1 cs=1]
              RenderText {#text} at (2,1) size 85x17
                text run at (2,1) width 85: "Row 5, Cell 2"
            RenderTableCell {TD} at (175,0) size 88x19 [border: none none none (1px solid #808080)] [r=0 c=2 rs=1 cs=1]
              RenderText {#text} at (2,1) size 85x17
                text run at (2,1) width 85: "Row 5, Cell 3"
      RenderTable {TABLE} at (0,5042) size 265x112 [border: none (1px solid #808080) none none]
        RenderBlock {CAPTION} at (0,0) size 265x17
          RenderInline {A} at (0,0) size 230x17
            RenderText {#text} at (15,0) size 230x17
              text run at (15,0) width 230: "Frame=\x{201C}vsides\x{201D} and Rules=\x{201C}cols\x{201D}"
          RenderInline (generated) at (0,0) size 5x17
            RenderText at (245,0) size 5x17
              text run at (245,0) width 5: ":"
        RenderTableSection {THEAD} at (0,17) size 264x19
          RenderTableRow {TR} at (0,0) size 264x19
            RenderTableCell {TD} at (0,0) size 88x19 [border: none none none (1px solid #808080)] [r=0 c=0 rs=1 cs=1]
              RenderText {#text} at (2,1) size 85x17
                text run at (2,1) width 85: "Row 1, Cell 1"
            RenderTableCell {TD} at (88,0) size 88x19 [border: none none none (1px solid #808080)] [r=0 c=1 rs=1 cs=1]
              RenderText {#text} at (2,1) size 85x17
                text run at (2,1) width 85: "Row 1, Cell 2"
            RenderTableCell {TD} at (176,0) size 88x19 [border: none none none (1px solid #808080)] [r=0 c=2 rs=1 cs=1]
              RenderText {#text} at (2,1) size 85x17
                text run at (2,1) width 85: "Row 1, Cell 3"
        RenderTableSection {TBODY} at (0,36) size 264x57
          RenderTableRow {TR} at (0,0) size 264x19
            RenderTableCell {TD} at (0,9) size 88x20 [border: none none none (1px solid #808080)] [r=0 c=0 rs=2 cs=1]
              RenderText {#text} at (2,1) size 85x18
                text run at (2,2) width 85: "Row 2, Cell 1"
            RenderTableCell {TD} at (88,0) size 176x19 [border: none none none (1px solid #808080)] [r=0 c=1 rs=1 cs=2]
              RenderText {#text} at (2,1) size 85x17
                text run at (2,1) width 85: "Row 2, Cell 2"
          RenderTableRow {TR} at (0,19) size 264x19
            RenderTableCell {TD} at (88,19) size 88x19 [border: none none none (1px solid #808080)] [r=1 c=1 rs=1 cs=1]
              RenderText {#text} at (2,1) size 85x17
                text run at (2,1) width 85: "Row 3, Cell 2"
            RenderTableCell {TD} at (176,28) size 88x20 [border: none none none (1px solid #808080)] [r=1 c=2 rs=2 cs=1]
              RenderText {#text} at (2,1) size 85x18
                text run at (2,2) width 85: "Row 3, Cell 3"
          RenderTableRow {TR} at (0,38) size 264x19
            RenderTableCell {TD} at (0,38) size 176x19 [border: none none none (1px solid #808080)] [r=2 c=0 rs=1 cs=2]
              RenderText {#text} at (2,1) size 85x17
                text run at (2,1) width 85: "Row 4, Cell 1"
        RenderTableSection {TFOOT} at (0,93) size 264x19
          RenderTableRow {TR} at (0,0) size 264x19
            RenderTableCell {TD} at (0,0) size 88x19 [border: none none none (1px solid #808080)] [r=0 c=0 rs=1 cs=1]
              RenderText {#text} at (2,1) size 85x17
                text run at (2,1) width 85: "Row 5, Cell 1"
            RenderTableCell {TD} at (88,0) size 88x19 [border: none none none (1px solid #808080)] [r=0 c=1 rs=1 cs=1]
              RenderText {#text} at (2,1) size 85x17
                text run at (2,1) width 85: "Row 5, Cell 2"
            RenderTableCell {TD} at (176,0) size 88x19 [border: none none none (1px solid #808080)] [r=0 c=2 rs=1 cs=1]
              RenderText {#text} at (2,1) size 85x17
                text run at (2,1) width 85: "Row 5, Cell 3"
      RenderTable {TABLE} at (0,5202) size 264x112
        RenderBlock {CAPTION} at (0,0) size 264x17
          RenderInline {A} at (0,0) size 211x17
            RenderText {#text} at (24,0) size 211x17
              text run at (24,0) width 211: "Frame=\x{201C}lhs\x{201D} and Rules=\x{201C}cols\x{201D}"
          RenderInline (generated) at (0,0) size 5x17
            RenderText at (235,0) size 5x17
              text run at (235,0) width 5: ":"
        RenderTableSection {THEAD} at (0,17) size 264x19
          RenderTableRow {TR} at (0,0) size 264x19
            RenderTableCell {TD} at (0,0) size 88x19 [border: none none none (1px solid #808080)] [r=0 c=0 rs=1 cs=1]
              RenderText {#text} at (2,1) size 85x17
                text run at (2,1) width 85: "Row 1, Cell 1"
            RenderTableCell {TD} at (88,0) size 88x19 [border: none none none (1px solid #808080)] [r=0 c=1 rs=1 cs=1]
              RenderText {#text} at (2,1) size 85x17
                text run at (2,1) width 85: "Row 1, Cell 2"
            RenderTableCell {TD} at (176,0) size 88x19 [border: none none none (1px solid #808080)] [r=0 c=2 rs=1 cs=1]
              RenderText {#text} at (2,1) size 85x17
                text run at (2,1) width 85: "Row 1, Cell 3"
        RenderTableSection {TBODY} at (0,36) size 264x57
          RenderTableRow {TR} at (0,0) size 264x19
            RenderTableCell {TD} at (0,9) size 88x20 [border: none none none (1px solid #808080)] [r=0 c=0 rs=2 cs=1]
              RenderText {#text} at (2,1) size 85x18
                text run at (2,2) width 85: "Row 2, Cell 1"
            RenderTableCell {TD} at (88,0) size 176x19 [border: none none none (1px solid #808080)] [r=0 c=1 rs=1 cs=2]
              RenderText {#text} at (2,1) size 85x17
                text run at (2,1) width 85: "Row 2, Cell 2"
          RenderTableRow {TR} at (0,19) size 264x19
            RenderTableCell {TD} at (88,19) size 88x19 [border: none none none (1px solid #808080)] [r=1 c=1 rs=1 cs=1]
              RenderText {#text} at (2,1) size 85x17
                text run at (2,1) width 85: "Row 3, Cell 2"
            RenderTableCell {TD} at (176,28) size 88x20 [border: none none none (1px solid #808080)] [r=1 c=2 rs=2 cs=1]
              RenderText {#text} at (2,1) size 85x18
                text run at (2,2) width 85: "Row 3, Cell 3"
          RenderTableRow {TR} at (0,38) size 264x19
            RenderTableCell {TD} at (0,38) size 176x19 [border: none none none (1px solid #808080)] [r=2 c=0 rs=1 cs=2]
              RenderText {#text} at (2,1) size 85x17
                text run at (2,1) width 85: "Row 4, Cell 1"
        RenderTableSection {TFOOT} at (0,93) size 264x19
          RenderTableRow {TR} at (0,0) size 264x19
            RenderTableCell {TD} at (0,0) size 88x19 [border: none none none (1px solid #808080)] [r=0 c=0 rs=1 cs=1]
              RenderText {#text} at (2,1) size 85x17
                text run at (2,1) width 85: "Row 5, Cell 1"
            RenderTableCell {TD} at (88,0) size 88x19 [border: none none none (1px solid #808080)] [r=0 c=1 rs=1 cs=1]
              RenderText {#text} at (2,1) size 85x17
                text run at (2,1) width 85: "Row 5, Cell 2"
            RenderTableCell {TD} at (176,0) size 88x19 [border: none none none (1px solid #808080)] [r=0 c=2 rs=1 cs=1]
              RenderText {#text} at (2,1) size 85x17
                text run at (2,1) width 85: "Row 5, Cell 3"
      RenderTable {TABLE} at (0,5362) size 264x112 [border: none (1px solid #808080) none]
        RenderBlock {CAPTION} at (0,0) size 264x17
          RenderInline {A} at (0,0) size 213x17
            RenderText {#text} at (23,0) size 213x17
              text run at (23,0) width 213: "Frame=\x{201C}rhs\x{201D} and Rules=\x{201C}cols\x{201D}"
          RenderInline (generated) at (0,0) size 6x17
            RenderText at (235,0) size 6x17
              text run at (235,0) width 6: ":"
        RenderTableSection {THEAD} at (0,17) size 263x19
          RenderTableRow {TR} at (0,0) size 263x19
            RenderTableCell {TD} at (0,0) size 87x19 [r=0 c=0 rs=1 cs=1]
              RenderText {#text} at (1,1) size 85x17
                text run at (1,1) width 85: "Row 1, Cell 1"
            RenderTableCell {TD} at (87,0) size 88x19 [border: none none none (1px solid #808080)] [r=0 c=1 rs=1 cs=1]
              RenderText {#text} at (2,1) size 85x17
                text run at (2,1) width 85: "Row 1, Cell 2"
            RenderTableCell {TD} at (175,0) size 88x19 [border: none none none (1px solid #808080)] [r=0 c=2 rs=1 cs=1]
              RenderText {#text} at (2,1) size 85x17
                text run at (2,1) width 85: "Row 1, Cell 3"
        RenderTableSection {TBODY} at (0,36) size 263x57
          RenderTableRow {TR} at (0,0) size 263x19
            RenderTableCell {TD} at (0,9) size 87x20 [r=0 c=0 rs=2 cs=1]
              RenderText {#text} at (1,1) size 85x18
                text run at (1,2) width 85: "Row 2, Cell 1"
            RenderTableCell {TD} at (87,0) size 176x19 [border: none none none (1px solid #808080)] [r=0 c=1 rs=1 cs=2]
              RenderText {#text} at (2,1) size 85x17
                text run at (2,1) width 85: "Row 2, Cell 2"
          RenderTableRow {TR} at (0,19) size 263x19
            RenderTableCell {TD} at (87,19) size 88x19 [border: none none none (1px solid #808080)] [r=1 c=1 rs=1 cs=1]
              RenderText {#text} at (2,1) size 85x17
                text run at (2,1) width 85: "Row 3, Cell 2"
            RenderTableCell {TD} at (175,28) size 88x20 [border: none none none (1px solid #808080)] [r=1 c=2 rs=2 cs=1]
              RenderText {#text} at (2,1) size 85x18
                text run at (2,2) width 85: "Row 3, Cell 3"
          RenderTableRow {TR} at (0,38) size 263x19
            RenderTableCell {TD} at (0,38) size 175x19 [r=2 c=0 rs=1 cs=2]
              RenderText {#text} at (1,1) size 85x17
                text run at (1,1) width 85: "Row 4, Cell 1"
        RenderTableSection {TFOOT} at (0,93) size 263x19
          RenderTableRow {TR} at (0,0) size 263x19
            RenderTableCell {TD} at (0,0) size 87x19 [r=0 c=0 rs=1 cs=1]
              RenderText {#text} at (1,1) size 85x17
                text run at (1,1) width 85: "Row 5, Cell 1"
            RenderTableCell {TD} at (87,0) size 88x19 [border: none none none (1px solid #808080)] [r=0 c=1 rs=1 cs=1]
              RenderText {#text} at (2,1) size 85x17
                text run at (2,1) width 85: "Row 5, Cell 2"
            RenderTableCell {TD} at (175,0) size 88x19 [border: none none none (1px solid #808080)] [r=0 c=2 rs=1 cs=1]
              RenderText {#text} at (2,1) size 85x17
                text run at (2,1) width 85: "Row 5, Cell 3"
      RenderTable {TABLE} at (0,5522) size 265x114 [border: none]
        RenderBlock {CAPTION} at (0,0) size 265x17
          RenderInline {A} at (0,0) size 216x17
            RenderText {#text} at (22,0) size 216x17
              text run at (22,0) width 216: "Frame=\x{201C}box\x{201D} and Rules=\x{201C}cols\x{201D}"
          RenderInline (generated) at (0,0) size 6x17
            RenderText at (237,0) size 6x17
              text run at (237,0) width 6: ":"
        RenderTableSection {THEAD} at (0,17) size 264x20
          RenderTableRow {TR} at (0,0) size 264x20
            RenderTableCell {TD} at (0,0) size 88x20 [border: (1px none #808080) none none (1px solid #808080)] [r=0 c=0 rs=1 cs=1]
              RenderText {#text} at (2,2) size 85x17
                text run at (2,2) width 85: "Row 1, Cell 1"
            RenderTableCell {TD} at (88,0) size 88x20 [border: (1px none #808080) none none (1px solid #808080)] [r=0 c=1 rs=1 cs=1]
              RenderText {#text} at (2,2) size 85x17
                text run at (2,2) width 85: "Row 1, Cell 2"
            RenderTableCell {TD} at (176,0) size 88x20 [border: (1px none #808080) none none (1px solid #808080)] [r=0 c=2 rs=1 cs=1]
              RenderText {#text} at (2,2) size 85x17
                text run at (2,2) width 85: "Row 1, Cell 3"
        RenderTableSection {TBODY} at (0,37) size 264x57
          RenderTableRow {TR} at (0,0) size 264x19
            RenderTableCell {TD} at (0,9) size 88x20 [border: none none none (1px solid #808080)] [r=0 c=0 rs=2 cs=1]
              RenderText {#text} at (2,1) size 85x18
                text run at (2,2) width 85: "Row 2, Cell 1"
            RenderTableCell {TD} at (88,0) size 176x19 [border: none none none (1px solid #808080)] [r=0 c=1 rs=1 cs=2]
              RenderText {#text} at (2,1) size 85x17
                text run at (2,1) width 85: "Row 2, Cell 2"
          RenderTableRow {TR} at (0,19) size 264x19
            RenderTableCell {TD} at (88,19) size 88x19 [border: none none none (1px solid #808080)] [r=1 c=1 rs=1 cs=1]
              RenderText {#text} at (2,1) size 85x17
                text run at (2,1) width 85: "Row 3, Cell 2"
            RenderTableCell {TD} at (176,28) size 88x20 [border: none none none (1px solid #808080)] [r=1 c=2 rs=2 cs=1]
              RenderText {#text} at (2,1) size 85x18
                text run at (2,2) width 85: "Row 3, Cell 3"
          RenderTableRow {TR} at (0,38) size 264x19
            RenderTableCell {TD} at (0,38) size 176x19 [border: none none none (1px solid #808080)] [r=2 c=0 rs=1 cs=2]
              RenderText {#text} at (2,1) size 85x17
                text run at (2,1) width 85: "Row 4, Cell 1"
        RenderTableSection {TFOOT} at (0,94) size 264x19
          RenderTableRow {TR} at (0,0) size 264x19
            RenderTableCell {TD} at (0,0) size 88x19 [border: none none none (1px solid #808080)] [r=0 c=0 rs=1 cs=1]
              RenderText {#text} at (2,1) size 85x17
                text run at (2,1) width 85: "Row 5, Cell 1"
            RenderTableCell {TD} at (88,0) size 88x19 [border: none none none (1px solid #808080)] [r=0 c=1 rs=1 cs=1]
              RenderText {#text} at (2,1) size 85x17
                text run at (2,1) width 85: "Row 5, Cell 2"
            RenderTableCell {TD} at (176,0) size 88x19 [border: none none none (1px solid #808080)] [r=0 c=2 rs=1 cs=1]
              RenderText {#text} at (2,1) size 85x17
                text run at (2,1) width 85: "Row 5, Cell 3"
      RenderTable {TABLE} at (0,5684) size 265x114 [border: none]
        RenderBlock {CAPTION} at (0,0) size 265x17
          RenderInline {A} at (0,0) size 234x17
            RenderText {#text} at (13,0) size 234x17
              text run at (13,0) width 234: "Frame=\x{201C}border\x{201D} and Rules=\x{201C}cols\x{201D}"
          RenderInline (generated) at (0,0) size 5x17
            RenderText at (247,0) size 5x17
              text run at (247,0) width 5: ":"
        RenderTableSection {THEAD} at (0,17) size 264x20
          RenderTableRow {TR} at (0,0) size 264x20
            RenderTableCell {TD} at (0,0) size 88x20 [border: (1px none #808080) none none (1px solid #808080)] [r=0 c=0 rs=1 cs=1]
              RenderText {#text} at (2,2) size 85x17
                text run at (2,2) width 85: "Row 1, Cell 1"
            RenderTableCell {TD} at (88,0) size 88x20 [border: (1px none #808080) none none (1px solid #808080)] [r=0 c=1 rs=1 cs=1]
              RenderText {#text} at (2,2) size 85x17
                text run at (2,2) width 85: "Row 1, Cell 2"
            RenderTableCell {TD} at (176,0) size 88x20 [border: (1px none #808080) none none (1px solid #808080)] [r=0 c=2 rs=1 cs=1]
              RenderText {#text} at (2,2) size 85x17
                text run at (2,2) width 85: "Row 1, Cell 3"
        RenderTableSection {TBODY} at (0,37) size 264x57
          RenderTableRow {TR} at (0,0) size 264x19
            RenderTableCell {TD} at (0,9) size 88x20 [border: none none none (1px solid #808080)] [r=0 c=0 rs=2 cs=1]
              RenderText {#text} at (2,1) size 85x18
                text run at (2,2) width 85: "Row 2, Cell 1"
            RenderTableCell {TD} at (88,0) size 176x19 [border: none none none (1px solid #808080)] [r=0 c=1 rs=1 cs=2]
              RenderText {#text} at (2,1) size 85x17
                text run at (2,1) width 85: "Row 2, Cell 2"
          RenderTableRow {TR} at (0,19) size 264x19
            RenderTableCell {TD} at (88,19) size 88x19 [border: none none none (1px solid #808080)] [r=1 c=1 rs=1 cs=1]
              RenderText {#text} at (2,1) size 85x17
                text run at (2,1) width 85: "Row 3, Cell 2"
            RenderTableCell {TD} at (176,28) size 88x20 [border: none none none (1px solid #808080)] [r=1 c=2 rs=2 cs=1]
              RenderText {#text} at (2,1) size 85x18
                text run at (2,2) width 85: "Row 3, Cell 3"
          RenderTableRow {TR} at (0,38) size 264x19
            RenderTableCell {TD} at (0,38) size 176x19 [border: none none none (1px solid #808080)] [r=2 c=0 rs=1 cs=2]
              RenderText {#text} at (2,1) size 85x17
                text run at (2,1) width 85: "Row 4, Cell 1"
        RenderTableSection {TFOOT} at (0,94) size 264x19
          RenderTableRow {TR} at (0,0) size 264x19
            RenderTableCell {TD} at (0,0) size 88x19 [border: none none none (1px solid #808080)] [r=0 c=0 rs=1 cs=1]
              RenderText {#text} at (2,1) size 85x17
                text run at (2,1) width 85: "Row 5, Cell 1"
            RenderTableCell {TD} at (88,0) size 88x19 [border: none none none (1px solid #808080)] [r=0 c=1 rs=1 cs=1]
              RenderText {#text} at (2,1) size 85x17
                text run at (2,1) width 85: "Row 5, Cell 2"
            RenderTableCell {TD} at (176,0) size 88x19 [border: none none none (1px solid #808080)] [r=0 c=2 rs=1 cs=1]
              RenderText {#text} at (2,1) size 85x17
                text run at (2,1) width 85: "Row 5, Cell 3"
      RenderTable {TABLE} at (0,5846) size 263x116
        RenderBlock {CAPTION} at (0,0) size 263x17
          RenderInline {A} at (0,0) size 212x17
            RenderText {#text} at (23,0) size 212x17
              text run at (23,0) width 212: "Frame=\x{201C}void\x{201D} and Rules=\x{201C}all\x{201D}"
          RenderInline (generated) at (0,0) size 6x17
            RenderText at (234,0) size 6x17
              text run at (234,0) width 6: ":"
        RenderTableSection {THEAD} at (0,17) size 263x19
          RenderTableRow {TR} at (0,0) size 263x19
            RenderTableCell {TD} at (0,0) size 87x19 [r=0 c=0 rs=1 cs=1]
              RenderText {#text} at (1,1) size 85x17
                text run at (1,1) width 85: "Row 1, Cell 1"
            RenderTableCell {TD} at (87,0) size 88x19 [border: none] [r=0 c=1 rs=1 cs=1]
              RenderText {#text} at (2,1) size 85x17
                text run at (2,1) width 85: "Row 1, Cell 2"
            RenderTableCell {TD} at (175,0) size 88x19 [border: none] [r=0 c=2 rs=1 cs=1]
              RenderText {#text} at (2,1) size 85x17
                text run at (2,1) width 85: "Row 1, Cell 3"
        RenderTableSection {TBODY} at (0,36) size 263x60
          RenderTableRow {TR} at (0,0) size 263x20
            RenderTableCell {TD} at (0,10) size 87x20 [border: (1px solid #808080)] [r=0 c=0 rs=2 cs=1]
              RenderText {#text} at (1,2) size 85x17
                text run at (1,2) width 85: "Row 2, Cell 1"
            RenderTableCell {TD} at (87,0) size 176x20 [border: (1px solid #808080)] [r=0 c=1 rs=1 cs=2]
              RenderText {#text} at (2,2) size 85x17
                text run at (2,2) width 85: "Row 2, Cell 2"
          RenderTableRow {TR} at (0,20) size 263x20
            RenderTableCell {TD} at (87,20) size 88x20 [border: (1px solid #808080)] [r=1 c=1 rs=1 cs=1]
              RenderText {#text} at (2,2) size 85x17
                text run at (2,2) width 85: "Row 3, Cell 2"
            RenderTableCell {TD} at (175,30) size 88x20 [border: (1px solid #808080)] [r=1 c=2 rs=2 cs=1]
              RenderText {#text} at (2,2) size 85x17
                text run at (2,2) width 85: "Row 3, Cell 3"
          RenderTableRow {TR} at (0,40) size 263x20
            RenderTableCell {TD} at (0,40) size 175x20 [border: (1px solid #808080)] [r=2 c=0 rs=1 cs=2]
              RenderText {#text} at (1,2) size 85x17
                text run at (1,2) width 85: "Row 4, Cell 1"
        RenderTableSection {TFOOT} at (0,96) size 263x20
          RenderTableRow {TR} at (0,0) size 263x20
            RenderTableCell {TD} at (0,0) size 87x20 [border: (1px solid #808080)] [r=0 c=0 rs=1 cs=1]
              RenderText {#text} at (1,2) size 85x17
                text run at (1,2) width 85: "Row 5, Cell 1"
            RenderTableCell {TD} at (87,0) size 88x20 [border: (1px solid #808080)] [r=0 c=1 rs=1 cs=1]
              RenderText {#text} at (2,2) size 85x17
                text run at (2,2) width 85: "Row 5, Cell 2"
            RenderTableCell {TD} at (175,0) size 88x20 [border: (1px solid #808080)] [r=0 c=2 rs=1 cs=1]
              RenderText {#text} at (2,2) size 85x17
                text run at (2,2) width 85: "Row 5, Cell 3"
      RenderTable {TABLE} at (0,6010) size 263x117
        RenderBlock {CAPTION} at (0,0) size 263x17
          RenderInline {A} at (0,0) size 222x17
            RenderText {#text} at (18,0) size 222x17
              text run at (18,0) width 222: "Frame=\x{201C}above\x{201D} and Rules=\x{201C}all\x{201D}"
          RenderInline (generated) at (0,0) size 6x17
            RenderText at (239,0) size 6x17
              text run at (239,0) width 6: ":"
        RenderTableSection {THEAD} at (0,17) size 263x20
          RenderTableRow {TR} at (0,0) size 263x20
            RenderTableCell {TD} at (0,0) size 87x20 [border: (1px solid #808080)] [r=0 c=0 rs=1 cs=1]
              RenderText {#text} at (1,2) size 85x17
                text run at (1,2) width 85: "Row 1, Cell 1"
            RenderTableCell {TD} at (87,0) size 88x20 [border: (1px solid #808080)] [r=0 c=1 rs=1 cs=1]
              RenderText {#text} at (2,2) size 85x17
                text run at (2,2) width 85: "Row 1, Cell 2"
            RenderTableCell {TD} at (175,0) size 88x20 [border: (1px solid #808080)] [r=0 c=2 rs=1 cs=1]
              RenderText {#text} at (2,2) size 85x17
                text run at (2,2) width 85: "Row 1, Cell 3"
        RenderTableSection {TBODY} at (0,37) size 263x60
          RenderTableRow {TR} at (0,0) size 263x20
            RenderTableCell {TD} at (0,10) size 87x20 [border: (1px solid #808080)] [r=0 c=0 rs=2 cs=1]
              RenderText {#text} at (1,2) size 85x17
                text run at (1,2) width 85: "Row 2, Cell 1"
            RenderTableCell {TD} at (87,0) size 176x20 [border: (1px solid #808080)] [r=0 c=1 rs=1 cs=2]
              RenderText {#text} at (2,2) size 85x17
                text run at (2,2) width 85: "Row 2, Cell 2"
          RenderTableRow {TR} at (0,20) size 263x20
            RenderTableCell {TD} at (87,20) size 88x20 [border: (1px solid #808080)] [r=1 c=1 rs=1 cs=1]
              RenderText {#text} at (2,2) size 85x17
                text run at (2,2) width 85: "Row 3, Cell 2"
            RenderTableCell {TD} at (175,30) size 88x20 [border: (1px solid #808080)] [r=1 c=2 rs=2 cs=1]
              RenderText {#text} at (2,2) size 85x17
                text run at (2,2) width 85: "Row 3, Cell 3"
          RenderTableRow {TR} at (0,40) size 263x20
            RenderTableCell {TD} at (0,40) size 175x20 [border: (1px solid #808080)] [r=2 c=0 rs=1 cs=2]
              RenderText {#text} at (1,2) size 85x17
                text run at (1,2) width 85: "Row 4, Cell 1"
        RenderTableSection {TFOOT} at (0,97) size 263x20
          RenderTableRow {TR} at (0,0) size 263x20
            RenderTableCell {TD} at (0,0) size 87x20 [border: (1px solid #808080)] [r=0 c=0 rs=1 cs=1]
              RenderText {#text} at (1,2) size 85x17
                text run at (1,2) width 85: "Row 5, Cell 1"
            RenderTableCell {TD} at (87,0) size 88x20 [border: (1px solid #808080)] [r=0 c=1 rs=1 cs=1]
              RenderText {#text} at (2,2) size 85x17
                text run at (2,2) width 85: "Row 5, Cell 2"
            RenderTableCell {TD} at (175,0) size 88x20 [border: (1px solid #808080)] [r=0 c=2 rs=1 cs=1]
              RenderText {#text} at (2,2) size 85x17
                text run at (2,2) width 85: "Row 5, Cell 3"
      RenderTable {TABLE} at (0,6175) size 263x117 [border: none (1px solid #808080) none]
        RenderBlock {CAPTION} at (0,0) size 263x17
          RenderInline {A} at (0,0) size 222x17
            RenderText {#text} at (18,0) size 222x17
              text run at (18,0) width 222: "Frame=\x{201C}below\x{201D} and Rules=\x{201C}all\x{201D}"
          RenderInline (generated) at (0,0) size 5x17
            RenderText at (240,0) size 5x17
              text run at (240,0) width 5: ":"
        RenderTableSection {THEAD} at (0,17) size 263x19
          RenderTableRow {TR} at (0,0) size 263x19
            RenderTableCell {TD} at (0,0) size 87x19 [r=0 c=0 rs=1 cs=1]
              RenderText {#text} at (1,1) size 85x17
                text run at (1,1) width 85: "Row 1, Cell 1"
            RenderTableCell {TD} at (87,0) size 88x19 [border: none] [r=0 c=1 rs=1 cs=1]
              RenderText {#text} at (2,1) size 85x17
                text run at (2,1) width 85: "Row 1, Cell 2"
            RenderTableCell {TD} at (175,0) size 88x19 [border: none] [r=0 c=2 rs=1 cs=1]
              RenderText {#text} at (2,1) size 85x17
                text run at (2,1) width 85: "Row 1, Cell 3"
        RenderTableSection {TBODY} at (0,36) size 263x60
          RenderTableRow {TR} at (0,0) size 263x20
            RenderTableCell {TD} at (0,10) size 87x20 [border: (1px solid #808080)] [r=0 c=0 rs=2 cs=1]
              RenderText {#text} at (1,2) size 85x17
                text run at (1,2) width 85: "Row 2, Cell 1"
            RenderTableCell {TD} at (87,0) size 176x20 [border: (1px solid #808080)] [r=0 c=1 rs=1 cs=2]
              RenderText {#text} at (2,2) size 85x17
                text run at (2,2) width 85: "Row 2, Cell 2"
          RenderTableRow {TR} at (0,20) size 263x20
            RenderTableCell {TD} at (87,20) size 88x20 [border: (1px solid #808080)] [r=1 c=1 rs=1 cs=1]
              RenderText {#text} at (2,2) size 85x17
                text run at (2,2) width 85: "Row 3, Cell 2"
            RenderTableCell {TD} at (175,30) size 88x20 [border: (1px solid #808080)] [r=1 c=2 rs=2 cs=1]
              RenderText {#text} at (2,2) size 85x17
                text run at (2,2) width 85: "Row 3, Cell 3"
          RenderTableRow {TR} at (0,40) size 263x20
            RenderTableCell {TD} at (0,40) size 175x20 [border: (1px solid #808080)] [r=2 c=0 rs=1 cs=2]
              RenderText {#text} at (1,2) size 85x17
                text run at (1,2) width 85: "Row 4, Cell 1"
        RenderTableSection {TFOOT} at (0,96) size 263x20
          RenderTableRow {TR} at (0,0) size 263x20
            RenderTableCell {TD} at (0,0) size 87x20 [border: (1px solid #808080)] [r=0 c=0 rs=1 cs=1]
              RenderText {#text} at (1,2) size 85x17
                text run at (1,2) width 85: "Row 5, Cell 1"
            RenderTableCell {TD} at (87,0) size 88x20 [border: (1px solid #808080)] [r=0 c=1 rs=1 cs=1]
              RenderText {#text} at (2,2) size 85x17
                text run at (2,2) width 85: "Row 5, Cell 2"
            RenderTableCell {TD} at (175,0) size 88x20 [border: (1px solid #808080)] [r=0 c=2 rs=1 cs=1]
              RenderText {#text} at (2,2) size 85x17
                text run at (2,2) width 85: "Row 5, Cell 3"
      RenderTable {TABLE} at (0,6340) size 263x118 [border: none none (1px solid #808080) none]
        RenderBlock {CAPTION} at (0,0) size 263x17
          RenderInline {A} at (0,0) size 224x17
            RenderText {#text} at (17,0) size 224x17
              text run at (17,0) width 224: "Frame=\x{201C}hsides\x{201D} and Rules=\x{201C}all\x{201D}"
          RenderInline (generated) at (0,0) size 5x17
            RenderText at (241,0) size 5x17
              text run at (241,0) width 5: ":"
        RenderTableSection {THEAD} at (0,17) size 263x20
          RenderTableRow {TR} at (0,0) size 263x20
            RenderTableCell {TD} at (0,0) size 87x20 [border: (1px solid #808080)] [r=0 c=0 rs=1 cs=1]
              RenderText {#text} at (1,2) size 85x17
                text run at (1,2) width 85: "Row 1, Cell 1"
            RenderTableCell {TD} at (87,0) size 88x20 [border: (1px solid #808080)] [r=0 c=1 rs=1 cs=1]
              RenderText {#text} at (2,2) size 85x17
                text run at (2,2) width 85: "Row 1, Cell 2"
            RenderTableCell {TD} at (175,0) size 88x20 [border: (1px solid #808080)] [r=0 c=2 rs=1 cs=1]
              RenderText {#text} at (2,2) size 85x17
                text run at (2,2) width 85: "Row 1, Cell 3"
        RenderTableSection {TBODY} at (0,37) size 263x60
          RenderTableRow {TR} at (0,0) size 263x20
            RenderTableCell {TD} at (0,10) size 87x20 [border: (1px solid #808080)] [r=0 c=0 rs=2 cs=1]
              RenderText {#text} at (1,2) size 85x17
                text run at (1,2) width 85: "Row 2, Cell 1"
            RenderTableCell {TD} at (87,0) size 176x20 [border: (1px solid #808080)] [r=0 c=1 rs=1 cs=2]
              RenderText {#text} at (2,2) size 85x17
                text run at (2,2) width 85: "Row 2, Cell 2"
          RenderTableRow {TR} at (0,20) size 263x20
            RenderTableCell {TD} at (87,20) size 88x20 [border: (1px solid #808080)] [r=1 c=1 rs=1 cs=1]
              RenderText {#text} at (2,2) size 85x17
                text run at (2,2) width 85: "Row 3, Cell 2"
            RenderTableCell {TD} at (175,30) size 88x20 [border: (1px solid #808080)] [r=1 c=2 rs=2 cs=1]
              RenderText {#text} at (2,2) size 85x17
                text run at (2,2) width 85: "Row 3, Cell 3"
          RenderTableRow {TR} at (0,40) size 263x20
            RenderTableCell {TD} at (0,40) size 175x20 [border: (1px solid #808080)] [r=2 c=0 rs=1 cs=2]
              RenderText {#text} at (1,2) size 85x17
                text run at (1,2) width 85: "Row 4, Cell 1"
        RenderTableSection {TFOOT} at (0,97) size 263x20
          RenderTableRow {TR} at (0,0) size 263x20
            RenderTableCell {TD} at (0,0) size 87x20 [border: (1px solid #808080)] [r=0 c=0 rs=1 cs=1]
              RenderText {#text} at (1,2) size 85x17
                text run at (1,2) width 85: "Row 5, Cell 1"
            RenderTableCell {TD} at (87,0) size 88x20 [border: (1px solid #808080)] [r=0 c=1 rs=1 cs=1]
              RenderText {#text} at (2,2) size 85x17
                text run at (2,2) width 85: "Row 5, Cell 2"
            RenderTableCell {TD} at (175,0) size 88x20 [border: (1px solid #808080)] [r=0 c=2 rs=1 cs=1]
              RenderText {#text} at (2,2) size 85x17
                text run at (2,2) width 85: "Row 5, Cell 3"
      RenderTable {TABLE} at (0,6506) size 265x116 [border: none (1px solid #808080) none none]
        RenderBlock {CAPTION} at (0,0) size 265x17
          RenderInline {A} at (0,0) size 222x17
            RenderText {#text} at (19,0) size 222x17
              text run at (19,0) width 222: "Frame=\x{201C}vsides\x{201D} and Rules=\x{201C}all\x{201D}"
          RenderInline (generated) at (0,0) size 5x17
            RenderText at (241,0) size 5x17
              text run at (241,0) width 5: ":"
        RenderTableSection {THEAD} at (0,17) size 264x19
          RenderTableRow {TR} at (0,0) size 264x19
            RenderTableCell {TD} at (0,0) size 88x19 [border: none] [r=0 c=0 rs=1 cs=1]
              RenderText {#text} at (2,1) size 85x17
                text run at (2,1) width 85: "Row 1, Cell 1"
            RenderTableCell {TD} at (88,0) size 88x19 [border: none] [r=0 c=1 rs=1 cs=1]
              RenderText {#text} at (2,1) size 85x17
                text run at (2,1) width 85: "Row 1, Cell 2"
            RenderTableCell {TD} at (176,0) size 88x19 [border: none] [r=0 c=2 rs=1 cs=1]
              RenderText {#text} at (2,1) size 85x17
                text run at (2,1) width 85: "Row 1, Cell 3"
        RenderTableSection {TBODY} at (0,36) size 264x60
          RenderTableRow {TR} at (0,0) size 264x20
            RenderTableCell {TD} at (0,10) size 88x20 [border: (1px solid #808080)] [r=0 c=0 rs=2 cs=1]
              RenderText {#text} at (2,2) size 85x17
                text run at (2,2) width 85: "Row 2, Cell 1"
            RenderTableCell {TD} at (88,0) size 176x20 [border: (1px solid #808080)] [r=0 c=1 rs=1 cs=2]
              RenderText {#text} at (2,2) size 85x17
                text run at (2,2) width 85: "Row 2, Cell 2"
          RenderTableRow {TR} at (0,20) size 264x20
            RenderTableCell {TD} at (88,20) size 88x20 [border: (1px solid #808080)] [r=1 c=1 rs=1 cs=1]
              RenderText {#text} at (2,2) size 85x17
                text run at (2,2) width 85: "Row 3, Cell 2"
            RenderTableCell {TD} at (176,30) size 88x20 [border: (1px solid #808080)] [r=1 c=2 rs=2 cs=1]
              RenderText {#text} at (2,2) size 85x17
                text run at (2,2) width 85: "Row 3, Cell 3"
          RenderTableRow {TR} at (0,40) size 264x20
            RenderTableCell {TD} at (0,40) size 176x20 [border: (1px solid #808080)] [r=2 c=0 rs=1 cs=2]
              RenderText {#text} at (2,2) size 85x17
                text run at (2,2) width 85: "Row 4, Cell 1"
        RenderTableSection {TFOOT} at (0,96) size 264x20
          RenderTableRow {TR} at (0,0) size 264x20
            RenderTableCell {TD} at (0,0) size 88x20 [border: (1px solid #808080)] [r=0 c=0 rs=1 cs=1]
              RenderText {#text} at (2,2) size 85x17
                text run at (2,2) width 85: "Row 5, Cell 1"
            RenderTableCell {TD} at (88,0) size 88x20 [border: (1px solid #808080)] [r=0 c=1 rs=1 cs=1]
              RenderText {#text} at (2,2) size 85x17
                text run at (2,2) width 85: "Row 5, Cell 2"
            RenderTableCell {TD} at (176,0) size 88x20 [border: (1px solid #808080)] [r=0 c=2 rs=1 cs=1]
              RenderText {#text} at (2,2) size 85x17
                text run at (2,2) width 85: "Row 5, Cell 3"
      RenderTable {TABLE} at (0,6670) size 264x116
        RenderBlock {CAPTION} at (0,0) size 264x17
          RenderInline {A} at (0,0) size 203x17
            RenderText {#text} at (28,0) size 203x17
              text run at (28,0) width 203: "Frame=\x{201C}lhs\x{201D} and Rules=\x{201C}all\x{201D}"
          RenderInline (generated) at (0,0) size 5x17
            RenderText at (231,0) size 5x17
              text run at (231,0) width 5: ":"
        RenderTableSection {THEAD} at (0,17) size 264x19
          RenderTableRow {TR} at (0,0) size 264x19
            RenderTableCell {TD} at (0,0) size 88x19 [border: none] [r=0 c=0 rs=1 cs=1]
              RenderText {#text} at (2,1) size 85x17
                text run at (2,1) width 85: "Row 1, Cell 1"
            RenderTableCell {TD} at (88,0) size 88x19 [border: none] [r=0 c=1 rs=1 cs=1]
              RenderText {#text} at (2,1) size 85x17
                text run at (2,1) width 85: "Row 1, Cell 2"
            RenderTableCell {TD} at (176,0) size 88x19 [border: none] [r=0 c=2 rs=1 cs=1]
              RenderText {#text} at (2,1) size 85x17
                text run at (2,1) width 85: "Row 1, Cell 3"
        RenderTableSection {TBODY} at (0,36) size 264x60
          RenderTableRow {TR} at (0,0) size 264x20
            RenderTableCell {TD} at (0,10) size 88x20 [border: (1px solid #808080)] [r=0 c=0 rs=2 cs=1]
              RenderText {#text} at (2,2) size 85x17
                text run at (2,2) width 85: "Row 2, Cell 1"
            RenderTableCell {TD} at (88,0) size 176x20 [border: (1px solid #808080)] [r=0 c=1 rs=1 cs=2]
              RenderText {#text} at (2,2) size 85x17
                text run at (2,2) width 85: "Row 2, Cell 2"
          RenderTableRow {TR} at (0,20) size 264x20
            RenderTableCell {TD} at (88,20) size 88x20 [border: (1px solid #808080)] [r=1 c=1 rs=1 cs=1]
              RenderText {#text} at (2,2) size 85x17
                text run at (2,2) width 85: "Row 3, Cell 2"
            RenderTableCell {TD} at (176,30) size 88x20 [border: (1px solid #808080)] [r=1 c=2 rs=2 cs=1]
              RenderText {#text} at (2,2) size 85x17
                text run at (2,2) width 85: "Row 3, Cell 3"
          RenderTableRow {TR} at (0,40) size 264x20
            RenderTableCell {TD} at (0,40) size 176x20 [border: (1px solid #808080)] [r=2 c=0 rs=1 cs=2]
              RenderText {#text} at (2,2) size 85x17
                text run at (2,2) width 85: "Row 4, Cell 1"
        RenderTableSection {TFOOT} at (0,96) size 264x20
          RenderTableRow {TR} at (0,0) size 264x20
            RenderTableCell {TD} at (0,0) size 88x20 [border: (1px solid #808080)] [r=0 c=0 rs=1 cs=1]
              RenderText {#text} at (2,2) size 85x17
                text run at (2,2) width 85: "Row 5, Cell 1"
            RenderTableCell {TD} at (88,0) size 88x20 [border: (1px solid #808080)] [r=0 c=1 rs=1 cs=1]
              RenderText {#text} at (2,2) size 85x17
                text run at (2,2) width 85: "Row 5, Cell 2"
            RenderTableCell {TD} at (176,0) size 88x20 [border: (1px solid #808080)] [r=0 c=2 rs=1 cs=1]
              RenderText {#text} at (2,2) size 85x17
                text run at (2,2) width 85: "Row 5, Cell 3"
      RenderTable {TABLE} at (0,6834) size 264x116 [border: none (1px solid #808080) none]
        RenderBlock {CAPTION} at (0,0) size 264x17
          RenderInline {A} at (0,0) size 205x17
            RenderText {#text} at (27,0) size 205x17
              text run at (27,0) width 205: "Frame=\x{201C}rhs\x{201D} and Rules=\x{201C}all\x{201D}"
          RenderInline (generated) at (0,0) size 6x17
            RenderText at (231,0) size 6x17
              text run at (231,0) width 6: ":"
        RenderTableSection {THEAD} at (0,17) size 263x19
          RenderTableRow {TR} at (0,0) size 263x19
            RenderTableCell {TD} at (0,0) size 87x19 [r=0 c=0 rs=1 cs=1]
              RenderText {#text} at (1,1) size 85x17
                text run at (1,1) width 85: "Row 1, Cell 1"
            RenderTableCell {TD} at (87,0) size 88x19 [border: none] [r=0 c=1 rs=1 cs=1]
              RenderText {#text} at (2,1) size 85x17
                text run at (2,1) width 85: "Row 1, Cell 2"
            RenderTableCell {TD} at (175,0) size 88x19 [border: none] [r=0 c=2 rs=1 cs=1]
              RenderText {#text} at (2,1) size 85x17
                text run at (2,1) width 85: "Row 1, Cell 3"
        RenderTableSection {TBODY} at (0,36) size 263x60
          RenderTableRow {TR} at (0,0) size 263x20
            RenderTableCell {TD} at (0,10) size 87x20 [border: (1px solid #808080)] [r=0 c=0 rs=2 cs=1]
              RenderText {#text} at (1,2) size 85x17
                text run at (1,2) width 85: "Row 2, Cell 1"
            RenderTableCell {TD} at (87,0) size 176x20 [border: (1px solid #808080)] [r=0 c=1 rs=1 cs=2]
              RenderText {#text} at (2,2) size 85x17
                text run at (2,2) width 85: "Row 2, Cell 2"
          RenderTableRow {TR} at (0,20) size 263x20
            RenderTableCell {TD} at (87,20) size 88x20 [border: (1px solid #808080)] [r=1 c=1 rs=1 cs=1]
              RenderText {#text} at (2,2) size 85x17
                text run at (2,2) width 85: "Row 3, Cell 2"
            RenderTableCell {TD} at (175,30) size 88x20 [border: (1px solid #808080)] [r=1 c=2 rs=2 cs=1]
              RenderText {#text} at (2,2) size 85x17
                text run at (2,2) width 85: "Row 3, Cell 3"
          RenderTableRow {TR} at (0,40) size 263x20
            RenderTableCell {TD} at (0,40) size 175x20 [border: (1px solid #808080)] [r=2 c=0 rs=1 cs=2]
              RenderText {#text} at (1,2) size 85x17
                text run at (1,2) width 85: "Row 4, Cell 1"
        RenderTableSection {TFOOT} at (0,96) size 263x20
          RenderTableRow {TR} at (0,0) size 263x20
            RenderTableCell {TD} at (0,0) size 87x20 [border: (1px solid #808080)] [r=0 c=0 rs=1 cs=1]
              RenderText {#text} at (1,2) size 85x17
                text run at (1,2) width 85: "Row 5, Cell 1"
            RenderTableCell {TD} at (87,0) size 88x20 [border: (1px solid #808080)] [r=0 c=1 rs=1 cs=1]
              RenderText {#text} at (2,2) size 85x17
                text run at (2,2) width 85: "Row 5, Cell 2"
            RenderTableCell {TD} at (175,0) size 88x20 [border: (1px solid #808080)] [r=0 c=2 rs=1 cs=1]
              RenderText {#text} at (2,2) size 85x17
                text run at (2,2) width 85: "Row 5, Cell 3"
      RenderTable {TABLE} at (0,6998) size 265x118 [border: none]
        RenderBlock {CAPTION} at (0,0) size 265x17
          RenderInline {A} at (0,0) size 208x17
            RenderText {#text} at (26,0) size 208x17
              text run at (26,0) width 208: "Frame=\x{201C}box\x{201D} and Rules=\x{201C}all\x{201D}"
          RenderInline (generated) at (0,0) size 6x17
            RenderText at (233,0) size 6x17
              text run at (233,0) width 6: ":"
        RenderTableSection {THEAD} at (0,17) size 264x20
          RenderTableRow {TR} at (0,0) size 264x20
            RenderTableCell {TD} at (0,0) size 88x20 [border: (1px solid #808080)] [r=0 c=0 rs=1 cs=1]
              RenderText {#text} at (2,2) size 85x17
                text run at (2,2) width 85: "Row 1, Cell 1"
            RenderTableCell {TD} at (88,0) size 88x20 [border: (1px solid #808080)] [r=0 c=1 rs=1 cs=1]
              RenderText {#text} at (2,2) size 85x17
                text run at (2,2) width 85: "Row 1, Cell 2"
            RenderTableCell {TD} at (176,0) size 88x20 [border: (1px solid #808080)] [r=0 c=2 rs=1 cs=1]
              RenderText {#text} at (2,2) size 85x17
                text run at (2,2) width 85: "Row 1, Cell 3"
        RenderTableSection {TBODY} at (0,37) size 264x60
          RenderTableRow {TR} at (0,0) size 264x20
            RenderTableCell {TD} at (0,10) size 88x20 [border: (1px solid #808080)] [r=0 c=0 rs=2 cs=1]
              RenderText {#text} at (2,2) size 85x17
                text run at (2,2) width 85: "Row 2, Cell 1"
            RenderTableCell {TD} at (88,0) size 176x20 [border: (1px solid #808080)] [r=0 c=1 rs=1 cs=2]
              RenderText {#text} at (2,2) size 85x17
                text run at (2,2) width 85: "Row 2, Cell 2"
          RenderTableRow {TR} at (0,20) size 264x20
            RenderTableCell {TD} at (88,20) size 88x20 [border: (1px solid #808080)] [r=1 c=1 rs=1 cs=1]
              RenderText {#text} at (2,2) size 85x17
                text run at (2,2) width 85: "Row 3, Cell 2"
            RenderTableCell {TD} at (176,30) size 88x20 [border: (1px solid #808080)] [r=1 c=2 rs=2 cs=1]
              RenderText {#text} at (2,2) size 85x17
                text run at (2,2) width 85: "Row 3, Cell 3"
          RenderTableRow {TR} at (0,40) size 264x20
            RenderTableCell {TD} at (0,40) size 176x20 [border: (1px solid #808080)] [r=2 c=0 rs=1 cs=2]
              RenderText {#text} at (2,2) size 85x17
                text run at (2,2) width 85: "Row 4, Cell 1"
        RenderTableSection {TFOOT} at (0,97) size 264x20
          RenderTableRow {TR} at (0,0) size 264x20
            RenderTableCell {TD} at (0,0) size 88x20 [border: (1px solid #808080)] [r=0 c=0 rs=1 cs=1]
              RenderText {#text} at (2,2) size 85x17
                text run at (2,2) width 85: "Row 5, Cell 1"
            RenderTableCell {TD} at (88,0) size 88x20 [border: (1px solid #808080)] [r=0 c=1 rs=1 cs=1]
              RenderText {#text} at (2,2) size 85x17
                text run at (2,2) width 85: "Row 5, Cell 2"
            RenderTableCell {TD} at (176,0) size 88x20 [border: (1px solid #808080)] [r=0 c=2 rs=1 cs=1]
              RenderText {#text} at (2,2) size 85x17
                text run at (2,2) width 85: "Row 5, Cell 3"
      RenderTable {TABLE} at (0,7164) size 265x118 [border: none]
        RenderBlock {CAPTION} at (0,0) size 265x17
          RenderInline {A} at (0,0) size 226x17
            RenderText {#text} at (17,0) size 226x17
              text run at (17,0) width 226: "Frame=\x{201C}border\x{201D} and Rules=\x{201C}all\x{201D}"
          RenderInline (generated) at (0,0) size 5x17
            RenderText at (243,0) size 5x17
              text run at (243,0) width 5: ":"
        RenderTableSection {THEAD} at (0,17) size 264x20
          RenderTableRow {TR} at (0,0) size 264x20
            RenderTableCell {TD} at (0,0) size 88x20 [border: (1px solid #808080)] [r=0 c=0 rs=1 cs=1]
              RenderText {#text} at (2,2) size 85x17
                text run at (2,2) width 85: "Row 1, Cell 1"
            RenderTableCell {TD} at (88,0) size 88x20 [border: (1px solid #808080)] [r=0 c=1 rs=1 cs=1]
              RenderText {#text} at (2,2) size 85x17
                text run at (2,2) width 85: "Row 1, Cell 2"
            RenderTableCell {TD} at (176,0) size 88x20 [border: (1px solid #808080)] [r=0 c=2 rs=1 cs=1]
              RenderText {#text} at (2,2) size 85x17
                text run at (2,2) width 85: "Row 1, Cell 3"
        RenderTableSection {TBODY} at (0,37) size 264x60
          RenderTableRow {TR} at (0,0) size 264x20
            RenderTableCell {TD} at (0,10) size 88x20 [border: (1px solid #808080)] [r=0 c=0 rs=2 cs=1]
              RenderText {#text} at (2,2) size 85x17
                text run at (2,2) width 85: "Row 2, Cell 1"
            RenderTableCell {TD} at (88,0) size 176x20 [border: (1px solid #808080)] [r=0 c=1 rs=1 cs=2]
              RenderText {#text} at (2,2) size 85x17
                text run at (2,2) width 85: "Row 2, Cell 2"
          RenderTableRow {TR} at (0,20) size 264x20
            RenderTableCell {TD} at (88,20) size 88x20 [border: (1px solid #808080)] [r=1 c=1 rs=1 cs=1]
              RenderText {#text} at (2,2) size 85x17
                text run at (2,2) width 85: "Row 3, Cell 2"
            RenderTableCell {TD} at (176,30) size 88x20 [border: (1px solid #808080)] [r=1 c=2 rs=2 cs=1]
              RenderText {#text} at (2,2) size 85x17
                text run at (2,2) width 85: "Row 3, Cell 3"
          RenderTableRow {TR} at (0,40) size 264x20
            RenderTableCell {TD} at (0,40) size 176x20 [border: (1px solid #808080)] [r=2 c=0 rs=1 cs=2]
              RenderText {#text} at (2,2) size 85x17
                text run at (2,2) width 85: "Row 4, Cell 1"
        RenderTableSection {TFOOT} at (0,97) size 264x20
          RenderTableRow {TR} at (0,0) size 264x20
            RenderTableCell {TD} at (0,0) size 88x20 [border: (1px solid #808080)] [r=0 c=0 rs=1 cs=1]
              RenderText {#text} at (2,2) size 85x17
                text run at (2,2) width 85: "Row 5, Cell 1"
            RenderTableCell {TD} at (88,0) size 88x20 [border: (1px solid #808080)] [r=0 c=1 rs=1 cs=1]
              RenderText {#text} at (2,2) size 85x17
                text run at (2,2) width 85: "Row 5, Cell 2"
            RenderTableCell {TD} at (176,0) size 88x20 [border: (1px solid #808080)] [r=0 c=2 rs=1 cs=1]
              RenderText {#text} at (2,2) size 85x17
                text run at (2,2) width 85: "Row 5, Cell 3"
layer at (393,24) size 392x150
  RenderBlock (positioned) {TABLE} at (392,24) size 393x150
    RenderTable at (0,0) size 360x152
      RenderBlock {CAPTION} at (0,0) size 360x17
        RenderText {#text} at (55,0) size 245x17
          text run at (55,0) width 245: "Local links to specific testcase tables"
        RenderInline (generated) at (0,0) size 6x17
          RenderText at (299,0) size 6x17
            text run at (299,0) width 6: ":"
      RenderTableCol {COLGROUP} at (0,0) size 0x0
      RenderTableCol {COLGROUP} at (0,0) size 0x0
      RenderTableSection {THEAD} at (0,17) size 360x40
        RenderTableRow {TR} at (0,2) size 360x17
          RenderTableCell {TH} at (2,19) size 74x2 [r=0 c=0 rs=2 cs=2]
          RenderTableCell {TH} at (78,2) size 280x17 [r=0 c=2 rs=1 cs=9]
            RenderText {#text} at (124,1) size 32x15
              text run at (124,1) width 32: "Frame"
        RenderTableRow {TR} at (0,21) size 360x17
          RenderTableCell {TH} at (78,21) size 26x17 [r=1 c=2 rs=1 cs=1]
            RenderText {#text} at (1,1) size 24x15
              text run at (1,1) width 24: "void"
          RenderTableCell {TH} at (106,21) size 35x17 [r=1 c=3 rs=1 cs=1]
            RenderText {#text} at (1,1) size 33x15
              text run at (1,1) width 33: "above"
          RenderTableCell {TH} at (143,21) size 34x17 [r=1 c=4 rs=1 cs=1]
            RenderText {#text} at (1,1) size 32x15
              text run at (1,1) width 32: "below"
          RenderTableCell {TH} at (179,21) size 37x17 [r=1 c=5 rs=1 cs=1]
            RenderText {#text} at (1,1) size 35x15
              text run at (1,1) width 35: "hsides"
          RenderTableCell {TH} at (218,21) size 37x17 [r=1 c=6 rs=1 cs=1]
            RenderText {#text} at (1,1) size 35x15
              text run at (1,1) width 35: "vsides"
          RenderTableCell {TH} at (257,21) size 18x17 [r=1 c=7 rs=1 cs=1]
            RenderText {#text} at (1,1) size 16x15
              text run at (1,1) width 16: "lhs"
          RenderTableCell {TH} at (277,21) size 19x17 [r=1 c=8 rs=1 cs=1]
            RenderText {#text} at (1,1) size 17x15
              text run at (1,1) width 17: "rhs"
          RenderTableCell {TH} at (298,21) size 21x17 [r=1 c=9 rs=1 cs=1]
            RenderText {#text} at (1,1) size 19x15
              text run at (1,1) width 19: "box"
          RenderTableCell {TH} at (321,21) size 37x17 [r=1 c=10 rs=1 cs=1]
            RenderText {#text} at (1,1) size 35x15
              text run at (1,1) width 35: "border"
      RenderTableSection {TBODY} at (0,57) size 360x95
        RenderTableRow {TR} at (0,0) size 360x17
          RenderTableCell {TH} at (2,38) size 32x17 [r=0 c=0 rs=5 cs=1]
            RenderText {#text} at (1,1) size 30x15
              text run at (1,1) width 30: "Rules"
          RenderTableCell {TH} at (36,0) size 40x17 [r=0 c=1 rs=1 cs=1]
            RenderText {#text} at (12,1) size 27x15
              text run at (12,1) width 27: "none"
          RenderTableCell {TD} at (78,0) size 26x17 [bgcolor=#CCCCCC] [r=0 c=2 rs=1 cs=1]
            RenderInline {A} at (0,0) size 16x14 [color=#0000EE]
              RenderText {#text} at (5,1) size 16x15
                text run at (5,2) width 16: "Go"
          RenderTableCell {TD} at (106,0) size 35x17 [bgcolor=#CCCCCC] [r=0 c=3 rs=1 cs=1]
            RenderInline {A} at (0,0) size 15x14 [color=#0000EE]
              RenderText {#text} at (10,1) size 15x15
                text run at (10,2) width 15: "Go"
          RenderTableCell {TD} at (143,0) size 34x17 [bgcolor=#CCCCCC] [r=0 c=4 rs=1 cs=1]
            RenderInline {A} at (0,0) size 16x14 [color=#0000EE]
              RenderText {#text} at (9,1) size 16x15
                text run at (9,2) width 16: "Go"
          RenderTableCell {TD} at (179,0) size 37x17 [bgcolor=#CCCCCC] [r=0 c=5 rs=1 cs=1]
            RenderInline {A} at (0,0) size 15x14 [color=#0000EE]
              RenderText {#text} at (11,1) size 15x15
                text run at (11,2) width 15: "Go"
          RenderTableCell {TD} at (218,0) size 37x17 [bgcolor=#CCCCCC] [r=0 c=6 rs=1 cs=1]
            RenderInline {A} at (0,0) size 15x14 [color=#0000EE]
              RenderText {#text} at (11,1) size 15x15
                text run at (11,2) width 15: "Go"
          RenderTableCell {TD} at (257,0) size 18x17 [bgcolor=#CCCCCC] [r=0 c=7 rs=1 cs=1]
            RenderInline {A} at (0,0) size 16x14 [color=#0000EE]
              RenderText {#text} at (1,1) size 16x15
                text run at (1,2) width 16: "Go"
          RenderTableCell {TD} at (277,0) size 19x17 [bgcolor=#CCCCCC] [r=0 c=8 rs=1 cs=1]
            RenderInline {A} at (0,0) size 15x14 [color=#0000EE]
              RenderText {#text} at (2,1) size 15x15
                text run at (2,2) width 15: "Go"
          RenderTableCell {TD} at (298,0) size 21x17 [bgcolor=#CCCCCC] [r=0 c=9 rs=1 cs=1]
            RenderInline {A} at (0,0) size 15x14 [color=#0000EE]
              RenderText {#text} at (3,1) size 15x15
                text run at (3,2) width 15: "Go"
          RenderTableCell {TD} at (321,0) size 37x17 [bgcolor=#CCCCCC] [r=0 c=10 rs=1 cs=1]
            RenderInline {A} at (0,0) size 15x14 [color=#0000EE]
              RenderText {#text} at (11,1) size 15x15
                text run at (11,2) width 15: "Go"
        RenderTableRow {TR} at (0,19) size 360x17
          RenderTableCell {TH} at (36,19) size 40x17 [r=1 c=1 rs=1 cs=1]
            RenderText {#text} at (1,1) size 38x15
              text run at (1,1) width 38: "groups"
          RenderTableCell {TD} at (78,19) size 26x17 [bgcolor=#CCCCCC] [r=1 c=2 rs=1 cs=1]
            RenderInline {A} at (0,0) size 16x14 [color=#0000EE]
              RenderText {#text} at (5,1) size 16x15
                text run at (5,2) width 16: "Go"
          RenderTableCell {TD} at (106,19) size 35x17 [bgcolor=#CCCCCC] [r=1 c=3 rs=1 cs=1]
            RenderInline {A} at (0,0) size 15x14 [color=#0000EE]
              RenderText {#text} at (10,1) size 15x15
                text run at (10,2) width 15: "Go"
          RenderTableCell {TD} at (143,19) size 34x17 [bgcolor=#CCCCCC] [r=1 c=4 rs=1 cs=1]
            RenderInline {A} at (0,0) size 16x14 [color=#0000EE]
              RenderText {#text} at (9,1) size 16x15
                text run at (9,2) width 16: "Go"
          RenderTableCell {TD} at (179,19) size 37x17 [bgcolor=#CCCCCC] [r=1 c=5 rs=1 cs=1]
            RenderInline {A} at (0,0) size 15x14 [color=#0000EE]
              RenderText {#text} at (11,1) size 15x15
                text run at (11,2) width 15: "Go"
          RenderTableCell {TD} at (218,19) size 37x17 [bgcolor=#CCCCCC] [r=1 c=6 rs=1 cs=1]
            RenderInline {A} at (0,0) size 15x14 [color=#0000EE]
              RenderText {#text} at (11,1) size 15x15
                text run at (11,2) width 15: "Go"
          RenderTableCell {TD} at (257,19) size 18x17 [bgcolor=#CCCCCC] [r=1 c=7 rs=1 cs=1]
            RenderInline {A} at (0,0) size 16x14 [color=#0000EE]
              RenderText {#text} at (1,1) size 16x15
                text run at (1,2) width 16: "Go"
          RenderTableCell {TD} at (277,19) size 19x17 [bgcolor=#CCCCCC] [r=1 c=8 rs=1 cs=1]
            RenderInline {A} at (0,0) size 15x14 [color=#0000EE]
              RenderText {#text} at (2,1) size 15x15
                text run at (2,2) width 15: "Go"
          RenderTableCell {TD} at (298,19) size 21x17 [bgcolor=#CCCCCC] [r=1 c=9 rs=1 cs=1]
            RenderInline {A} at (0,0) size 15x14 [color=#0000EE]
              RenderText {#text} at (3,1) size 15x15
                text run at (3,2) width 15: "Go"
          RenderTableCell {TD} at (321,19) size 37x17 [bgcolor=#CCCCCC] [r=1 c=10 rs=1 cs=1]
            RenderInline {A} at (0,0) size 15x14 [color=#0000EE]
              RenderText {#text} at (11,1) size 15x15
                text run at (11,2) width 15: "Go"
        RenderTableRow {TR} at (0,38) size 360x17
          RenderTableCell {TH} at (36,38) size 40x17 [r=2 c=1 rs=1 cs=1]
            RenderText {#text} at (13,1) size 26x15
              text run at (13,1) width 26: "rows"
          RenderTableCell {TD} at (78,38) size 26x17 [bgcolor=#CCCCCC] [r=2 c=2 rs=1 cs=1]
            RenderInline {A} at (0,0) size 16x14 [color=#0000EE]
              RenderText {#text} at (5,1) size 16x15
                text run at (5,2) width 16: "Go"
          RenderTableCell {TD} at (106,38) size 35x17 [bgcolor=#CCCCCC] [r=2 c=3 rs=1 cs=1]
            RenderInline {A} at (0,0) size 15x14 [color=#0000EE]
              RenderText {#text} at (10,1) size 15x15
                text run at (10,2) width 15: "Go"
          RenderTableCell {TD} at (143,38) size 34x17 [bgcolor=#CCCCCC] [r=2 c=4 rs=1 cs=1]
            RenderInline {A} at (0,0) size 16x14 [color=#0000EE]
              RenderText {#text} at (9,1) size 16x15
                text run at (9,2) width 16: "Go"
          RenderTableCell {TD} at (179,38) size 37x17 [bgcolor=#CCCCCC] [r=2 c=5 rs=1 cs=1]
            RenderInline {A} at (0,0) size 15x14 [color=#0000EE]
              RenderText {#text} at (11,1) size 15x15
                text run at (11,2) width 15: "Go"
          RenderTableCell {TD} at (218,38) size 37x17 [bgcolor=#CCCCCC] [r=2 c=6 rs=1 cs=1]
            RenderInline {A} at (0,0) size 15x14 [color=#0000EE]
              RenderText {#text} at (11,1) size 15x15
                text run at (11,2) width 15: "Go"
          RenderTableCell {TD} at (257,38) size 18x17 [bgcolor=#CCCCCC] [r=2 c=7 rs=1 cs=1]
            RenderInline {A} at (0,0) size 16x14 [color=#0000EE]
              RenderText {#text} at (1,1) size 16x15
                text run at (1,2) width 16: "Go"
          RenderTableCell {TD} at (277,38) size 19x17 [bgcolor=#CCCCCC] [r=2 c=8 rs=1 cs=1]
            RenderInline {A} at (0,0) size 15x14 [color=#0000EE]
              RenderText {#text} at (2,1) size 15x15
                text run at (2,2) width 15: "Go"
          RenderTableCell {TD} at (298,38) size 21x17 [bgcolor=#CCCCCC] [r=2 c=9 rs=1 cs=1]
            RenderInline {A} at (0,0) size 15x14 [color=#0000EE]
              RenderText {#text} at (3,1) size 15x15
                text run at (3,2) width 15: "Go"
          RenderTableCell {TD} at (321,38) size 37x17 [bgcolor=#CCCCCC] [r=2 c=10 rs=1 cs=1]
            RenderInline {A} at (0,0) size 15x14 [color=#0000EE]
              RenderText {#text} at (11,1) size 15x15
                text run at (11,2) width 15: "Go"
        RenderTableRow {TR} at (0,57) size 360x17
          RenderTableCell {TH} at (36,57) size 40x17 [r=3 c=1 rs=1 cs=1]
            RenderText {#text} at (17,1) size 22x15
              text run at (17,1) width 22: "cols"
          RenderTableCell {TD} at (78,57) size 26x17 [bgcolor=#CCCCCC] [r=3 c=2 rs=1 cs=1]
            RenderInline {A} at (0,0) size 16x14 [color=#0000EE]
              RenderText {#text} at (5,1) size 16x15
                text run at (5,2) width 16: "Go"
          RenderTableCell {TD} at (106,57) size 35x17 [bgcolor=#CCCCCC] [r=3 c=3 rs=1 cs=1]
            RenderInline {A} at (0,0) size 15x14 [color=#0000EE]
              RenderText {#text} at (10,1) size 15x15
                text run at (10,2) width 15: "Go"
          RenderTableCell {TD} at (143,57) size 34x17 [bgcolor=#CCCCCC] [r=3 c=4 rs=1 cs=1]
            RenderInline {A} at (0,0) size 16x14 [color=#0000EE]
              RenderText {#text} at (9,1) size 16x15
                text run at (9,2) width 16: "Go"
          RenderTableCell {TD} at (179,57) size 37x17 [bgcolor=#CCCCCC] [r=3 c=5 rs=1 cs=1]
            RenderInline {A} at (0,0) size 15x14 [color=#0000EE]
              RenderText {#text} at (11,1) size 15x15
                text run at (11,2) width 15: "Go"
          RenderTableCell {TD} at (218,57) size 37x17 [bgcolor=#CCCCCC] [r=3 c=6 rs=1 cs=1]
            RenderInline {A} at (0,0) size 15x14 [color=#0000EE]
              RenderText {#text} at (11,1) size 15x15
                text run at (11,2) width 15: "Go"
          RenderTableCell {TD} at (257,57) size 18x17 [bgcolor=#CCCCCC] [r=3 c=7 rs=1 cs=1]
            RenderInline {A} at (0,0) size 16x14 [color=#0000EE]
              RenderText {#text} at (1,1) size 16x15
                text run at (1,2) width 16: "Go"
          RenderTableCell {TD} at (277,57) size 19x17 [bgcolor=#CCCCCC] [r=3 c=8 rs=1 cs=1]
            RenderInline {A} at (0,0) size 15x14 [color=#0000EE]
              RenderText {#text} at (2,1) size 15x15
                text run at (2,2) width 15: "Go"
          RenderTableCell {TD} at (298,57) size 21x17 [bgcolor=#CCCCCC] [r=3 c=9 rs=1 cs=1]
            RenderInline {A} at (0,0) size 15x14 [color=#0000EE]
              RenderText {#text} at (3,1) size 15x15
                text run at (3,2) width 15: "Go"
          RenderTableCell {TD} at (321,57) size 37x17 [bgcolor=#CCCCCC] [r=3 c=10 rs=1 cs=1]
            RenderInline {A} at (0,0) size 15x14 [color=#0000EE]
              RenderText {#text} at (11,1) size 15x15
                text run at (11,2) width 15: "Go"
        RenderTableRow {TR} at (0,76) size 360x17
          RenderTableCell {TH} at (36,76) size 40x17 [r=4 c=1 rs=1 cs=1]
            RenderText {#text} at (27,1) size 12x15
              text run at (27,1) width 12: "all"
          RenderTableCell {TD} at (78,76) size 26x17 [bgcolor=#CCCCCC] [r=4 c=2 rs=1 cs=1]
            RenderInline {A} at (0,0) size 16x14 [color=#0000EE]
              RenderText {#text} at (5,1) size 16x15
                text run at (5,2) width 16: "Go"
          RenderTableCell {TD} at (106,76) size 35x17 [bgcolor=#CCCCCC] [r=4 c=3 rs=1 cs=1]
            RenderInline {A} at (0,0) size 15x14 [color=#0000EE]
              RenderText {#text} at (10,1) size 15x15
                text run at (10,2) width 15: "Go"
          RenderTableCell {TD} at (143,76) size 34x17 [bgcolor=#CCCCCC] [r=4 c=4 rs=1 cs=1]
            RenderInline {A} at (0,0) size 16x14 [color=#0000EE]
              RenderText {#text} at (9,1) size 16x15
                text run at (9,2) width 16: "Go"
          RenderTableCell {TD} at (179,76) size 37x17 [bgcolor=#CCCCCC] [r=4 c=5 rs=1 cs=1]
            RenderInline {A} at (0,0) size 15x14 [color=#0000EE]
              RenderText {#text} at (11,1) size 15x15
                text run at (11,2) width 15: "Go"
          RenderTableCell {TD} at (218,76) size 37x17 [bgcolor=#CCCCCC] [r=4 c=6 rs=1 cs=1]
            RenderInline {A} at (0,0) size 15x14 [color=#0000EE]
              RenderText {#text} at (11,1) size 15x15
                text run at (11,2) width 15: "Go"
          RenderTableCell {TD} at (257,76) size 18x17 [bgcolor=#CCCCCC] [r=4 c=7 rs=1 cs=1]
            RenderInline {A} at (0,0) size 16x14 [color=#0000EE]
              RenderText {#text} at (1,1) size 16x15
                text run at (1,2) width 16: "Go"
          RenderTableCell {TD} at (277,76) size 19x17 [bgcolor=#CCCCCC] [r=4 c=8 rs=1 cs=1]
            RenderInline {A} at (0,0) size 15x14 [color=#0000EE]
              RenderText {#text} at (2,1) size 15x15
                text run at (2,2) width 15: "Go"
          RenderTableCell {TD} at (298,76) size 21x17 [bgcolor=#CCCCCC] [r=4 c=9 rs=1 cs=1]
            RenderInline {A} at (0,0) size 15x14 [color=#0000EE]
              RenderText {#text} at (3,1) size 15x15
                text run at (3,2) width 15: "Go"
          RenderTableCell {TD} at (321,76) size 37x17 [bgcolor=#CCCCCC] [r=4 c=10 rs=1 cs=1]
            RenderInline {A} at (0,0) size 15x14 [color=#0000EE]
              RenderText {#text} at (11,1) size 15x15
                text run at (11,2) width 15: "Go"
