layer at (0,0) size 800x600
  RenderView at (0,0) size 800x600
layer at (0,0) size 800x266
  RenderBlock {html} at (0,0) size 800x266
    RenderBody {body} at (8,8) size 784x250
      RenderTable {table} at (0,0) size 122x250
        RenderTableSection (anonymous) at (0,140) size 122x2
          RenderTableRow (anonymous) at (0,0) size 122x0
            RenderTableCell (anonymous) at (2,0) size 118x0 [r=0 c=0 rs=1 cs=1]
        RenderBlock {caption} at (0,34) size 122x34
          RenderText {#text} at (15,0) size 92x34
            text run at (15,0) width 92: "PASS: Normal"
            text run at (37,17) width 48: "Caption"
        RenderTableSection {thead} at (0,119) size 122x21
          RenderTableRow (anonymous) at (0,2) size 122x17
            RenderTableCell (anonymous) at (2,2) size 118x17 [r=0 c=0 rs=1 cs=1]
              RenderText {#text} at (0,0) size 61x17
                text run at (0,0) width 61: "HEADER"
        RenderTableSection {tbody} at (0,142) size 122x36
          RenderTableRow (anonymous) at (0,0) size 122x34
            RenderTableCell (anonymous) at (2,0) size 118x34 [r=0 c=0 rs=1 cs=1]
              RenderBR {br} at (0,0) size 0x17
              RenderText {#text} at (0,17) size 118x17
                text run at (0,17) width 118: "Some body content"
              RenderBR {br} at (118,17) size 0x17
        RenderTableSection {tfoot} at (0,180) size 122x19
          RenderTableRow (anonymous) at (0,0) size 122x17
            RenderTableCell (anonymous) at (2,0) size 118x17 [r=0 c=0 rs=1 cs=1]
              RenderText {#text} at (0,0) size 61x17
                text run at (0,0) width 61: "FOOTER"
        RenderTableSection (anonymous) at (0,178) size 122x2
          RenderTableRow (anonymous) at (0,0) size 122x0
            RenderTableCell (anonymous) at (2,0) size 118x0 [r=0 c=0 rs=1 cs=1]
        RenderBlock {caption} at (0,68) size 122x51
          RenderText {#text} at (0,0) size 0x0
        RenderBlock {caption} at (0,119) size 122x0
layer at (8,207) size 122x51
  RenderBlock {caption} at (0,199) size 122x51
    RenderText {#text} at (25,0) size 110x51
      text run at (25,0) width 72: "PASS: First"
      text run at (6,17) width 110: "Caption aligned to"
      text run at (28,34) width 66: "the bottom"
layer at (10,148) size 217x17
  RenderBlock (positioned) {caption} at (10,148) size 217x17
    RenderText {#text} at (0,0) size 217x17
      text run at (0,0) width 217: "PASS: Caption with a fixed position"
layer at (8,8) size 122x34
  RenderBlock {caption} at (0,0) size 122x34
    RenderText {#text} at (0,0) size 122x34
      text run at (0,0) width 122: "PASS: Caption with"
      text run at (27,17) width 68: "opacity 0.7"
layer at (10,186) size 315x17
  RenderBlock (positioned) {caption} at (10,186) size 315x17
    RenderText {#text} at (0,0) size 315x17
      text run at (0,0) width 315: "PASS: Caption with a fixed position and opacity 0.6"
layer at (8,76) size 122x51
  RenderInline {a} at (0,0) size 122x51
    RenderText {#text} at (0,0) size 122x51
      text run at (0,0) width 122: "PASS: Caption with"
      text run at (7,17) width 108: "opacity 0.5 in one"
      text run at (28,34) width 66: "of its child."
layer at (69,127) size 420x17
  RenderBlock (positioned) {a} at (69,127) size 420x17
    RenderText {#text} at (0,0) size 420x17
      text run at (0,0) width 420: "PASS: Caption with opacity 0.4 and fixed position of one of the child."
