layer at (0,0) size 800x600
  RenderView at (0,0) size 800x600
layer at (0,0) size 800x600
  RenderBlock {HTML} at (0,0) size 800x600
    RenderBody {BODY} at (8,8) size 784x584
      RenderTable {TABLE} at (0,0) size 784x100 [border: (2px outset #808080)]
        RenderTableSection {TBODY} at (2,2) size 780x96
          RenderTableRow {TR} at (0,0) size 780x22
            RenderTableCell {TD} at (0,21) size 37x54 [bgcolor=#AAAAAA] [border: (1px inset #808080)] [r=0 c=0 rs=3 cs=1]
              RenderText {#text} at (1,1) size 35x52
                text run at (1,2) width 24: "Left"
                text run at (1,19) width 13: "(3"
                text run at (1,36) width 35: "rows)"
            RenderTableCell {TD} at (37,20) size 306x19 [bgcolor=#000000] [border: (1px inset #808080)] [r=0 c=1 rs=2 cs=1]
              RenderText {#text} at (1,1) size 4x17
                text run at (1,1) width 4: " "
            RenderTableCell {TD} at (342,0) size 96x19 [border: (1px inset #808080)] [r=0 c=2 rs=1 cs=10]
              RenderText {#text} at (1,1) size 94x17
                text run at (1,1) width 94: "Middle (1 row)"
            RenderTableCell {TD} at (437,20) size 307x19 [bgcolor=#000000] [border: (1px inset #808080)] [r=0 c=12 rs=2 cs=1]
              RenderText {#text} at (1,1) size 4x17
                text run at (1,1) width 4: " "
            RenderTableCell {TD} at (743,21) size 38x54 [bgcolor=#AAAAAA] [border: (1px inset #808080)] [r=0 c=13 rs=3 cs=1]
              RenderText {#text} at (5,1) size 35x52
                text run at (5,2) width 31: "Right"
                text run at (23,19) width 13: "(3"
                text run at (1,36) width 35: "rows)"
          RenderTableRow {TR} at (0,22) size 780x37
            RenderTableCell {TD} at (342,31) size 12x19 [bgcolor=#EEEEEE] [border: (1px inset #808080)] [r=1 c=2 rs=1 cs=1]
              RenderText {#text} at (1,1) size 4x17
                text run at (1,1) width 4: " "
            RenderTableCell {TD} at (353,31) size 11x19 [bgcolor=#EEEEEE] [border: (1px inset #808080)] [r=1 c=3 rs=1 cs=1]
              RenderText {#text} at (1,1) size 4x17
                text run at (1,1) width 4: " "
            RenderTableCell {TD} at (363,31) size 12x19 [bgcolor=#EEEEEE] [border: (1px inset #808080)] [r=1 c=4 rs=1 cs=1]
              RenderText {#text} at (1,1) size 4x17
                text run at (1,1) width 4: " "
            RenderTableCell {TD} at (374,31) size 11x19 [bgcolor=#EEEEEE] [border: (1px inset #808080)] [r=1 c=5 rs=1 cs=1]
              RenderText {#text} at (1,1) size 4x17
                text run at (1,1) width 4: " "
            RenderTableCell {TD} at (384,31) size 12x19 [bgcolor=#EEEEEE] [border: (1px inset #808080)] [r=1 c=6 rs=1 cs=1]
              RenderText {#text} at (1,1) size 4x17
                text run at (1,1) width 4: " "
            RenderTableCell {TD} at (395,31) size 11x19 [bgcolor=#EEEEEE] [border: (1px inset #808080)] [r=1 c=7 rs=1 cs=1]
              RenderText {#text} at (1,1) size 4x17
                text run at (1,1) width 4: " "
            RenderTableCell {TD} at (405,31) size 12x19 [bgcolor=#EEEEEE] [border: (1px inset #808080)] [r=1 c=8 rs=1 cs=1]
              RenderText {#text} at (1,1) size 4x17
                text run at (1,1) width 4: " "
            RenderTableCell {TD} at (416,31) size 12x19 [bgcolor=#EEEEEE] [border: (1px inset #808080)] [r=1 c=9 rs=1 cs=1]
              RenderText {#text} at (1,1) size 4x17
                text run at (1,1) width 4: " "
            RenderTableCell {TD} at (427,31) size 11x19 [bgcolor=#EEEEEE] [border: (1px inset #808080)] [r=1 c=10 rs=1 cs=1]
              RenderText {#text} at (1,1) size 4x17
                text run at (1,1) width 4: " "
          RenderTableRow {TR} at (0,59) size 780x37
            RenderTableCell {TD} at (37,68) size 744x19 [bgcolor=#008000] [border: (1px inset #808080)] [r=2 c=1 rs=1 cs=13]
              RenderText {#text} at (486,1) size 257x17
                text run at (486,1) width 257: "Bottom Row Overlaps with the Right Cell!"
