layer at (0,0) size 4022x585
  RenderView at (0,0) size 800x585
layer at (-3222,0) size 4022x585 backgroundClip at (0,0) size 4022x585 clip at (0,0) size 4022x585
  RenderBlock {HTML} at (0,0) size 4023x585
    RenderBody {BODY} at (58,46) size 3906x493
      RenderBlock {H1} at (0,0) size 48x492
        RenderText {#text} at (6,0) size 36x66
          text run at (6,0) width 66: "\x{8349}\x{6795}"
      RenderBlock {H2} at (69,0) size 37x492
        RenderText {#text} at (5,0) size 26x100
          text run at (5,0) width 100: "\x{590F}\x{76EE}\x{6F31}\x{77F3}"
      RenderBlock {DIV} at (125,0) size 3781x492
        RenderBlock (anonymous) at (0,0) size 2115x492
          RenderBR {BR} at (0,0) size 17x0
          RenderBR {BR} at (17,0) size 17x0
          RenderBR {BR} at (34,0) size 17x0
          RenderText {#text} at (51,0) size 17x144
            text run at (51,0) width 144: "\x{3000}\x{3000}\x{3000}\x{3000}\x{3000}\x{3000}\x{3000}\x{3000}\x{4E00}"
          RenderBR {BR} at (51,144) size 17x0
          RenderBR {BR} at (68,0) size 17x0
          RenderText {#text} at (94,0) size 17x16
            text run at (94,0) width 16: "\x{3000}"
          RenderRuby (inline) {RUBY} at (0,0) size 17x32
            RenderRubyRun (anonymous) at (94,16) size 17x32
              RenderRubyText {RT} at (-9,0) size 9x32
                RenderText {#text} at (0,0) size 9x32
                  text run at (0,0) width 32: "\x{3084}\x{307E}\x{307F}\x{3061}"
              RenderRubyBase (anonymous) at (0,0) size 17x32
                RenderInline {RB} at (0,0) size 17x32
                  RenderText {#text} at (0,0) size 17x32
                    text run at (0,0) width 32: "\x{5C71}\x{8DEF}"
          RenderText {#text} at (94,48) size 17x208
            text run at (94,48) width 208: "\x{3092}\x{767B}\x{308A}\x{306A}\x{304C}\x{3089}\x{3001}\x{3053}\x{3046}\x{8003}\x{3048}\x{305F}\x{3002}"
          RenderBR {BR} at (94,256) size 17x0
          RenderText {#text} at (120,0) size 17x16
            text run at (120,0) width 16: "\x{3000}"
          RenderRuby (inline) {RUBY} at (0,0) size 17x16
            RenderRubyRun (anonymous) at (120,16) size 17x16
              RenderRubyText {RT} at (-9,0) size 9x16
                RenderText {#text} at (0,4) size 9x8
                  text run at (0,4) width 8: "\x{3061}"
              RenderRubyBase (anonymous) at (0,0) size 17x16
                RenderInline {RB} at (0,0) size 17x16
                  RenderText {#text} at (0,0) size 17x16
                    text run at (0,0) width 16: "\x{667A}"
          RenderText {#text} at (120,32) size 17x64
            text run at (120,32) width 64: "\x{306B}\x{50CD}\x{3051}\x{3070}"
          RenderRuby (inline) {RUBY} at (0,0) size 17x16
            RenderRubyRun (anonymous) at (120,96) size 17x16
              RenderRubyText {RT} at (-9,0) size 9x16
                RenderText {#text} at (0,0) size 9x16
                  text run at (0,0) width 16: "\x{304B}\x{3069}"
              RenderRubyBase (anonymous) at (0,0) size 17x16
                RenderInline {RB} at (0,0) size 17x16
                  RenderText {#text} at (0,0) size 17x16
                    text run at (0,0) width 16: "\x{89D2}"
          RenderText {#text} at (120,112) size 17x64
            text run at (120,112) width 64: "\x{304C}\x{7ACB}\x{3064}\x{3002}"
          RenderRuby (inline) {RUBY} at (0,0) size 17x16
            RenderRubyRun (anonymous) at (120,172) size 17x24
              RenderRubyText {RT} at (-9,0) size 9x24
                RenderText {#text} at (0,0) size 9x24
                  text run at (0,0) width 24: "\x{3058}\x{3087}\x{3046}"
              RenderRubyBase (anonymous) at (0,0) size 17x24
                RenderInline {RB} at (0,0) size 17x16
                  RenderText {#text} at (0,4) size 17x16
                    text run at (0,4) width 16: "\x{60C5}"
          RenderText {#text} at (120,192) size 17x16
            text run at (120,192) width 16: "\x{306B}"
          RenderRuby (inline) {RUBY} at (0,0) size 17x16
            RenderRubyRun (anonymous) at (120,208) size 17x16
              RenderRubyText {RT} at (-9,0) size 9x16
                RenderText {#text} at (0,0) size 9x16
                  text run at (0,0) width 16: "\x{3055}\x{304A}"
              RenderRubyBase (anonymous) at (0,0) size 17x16
                RenderInline {RB} at (0,0) size 17x16
                  RenderText {#text} at (0,0) size 17x16
                    text run at (0,0) width 16: "\x{68F9}"
          RenderText {#text} at (120,224) size 17x176
            text run at (120,224) width 176: "\x{3055}\x{305B}\x{3070}\x{6D41}\x{3055}\x{308C}\x{308B}\x{3002}\x{610F}\x{5730}\x{3092}"
          RenderRuby (inline) {RUBY} at (0,0) size 17x16
            RenderRubyRun (anonymous) at (120,400) size 17x16
              RenderRubyText {RT} at (-9,0) size 9x16
                RenderText {#text} at (0,0) size 9x16
                  text run at (0,0) width 16: "\x{3068}\x{304A}"
              RenderRubyBase (anonymous) at (0,0) size 17x16
                RenderInline {RB} at (0,0) size 17x16
                  RenderText {#text} at (0,0) size 17x16
                    text run at (0,0) width 16: "\x{901A}"
          RenderText {#text} at (120,416) size 17x32
            text run at (120,416) width 32: "\x{305B}\x{3070}"
          RenderRuby (inline) {RUBY} at (0,0) size 17x36
            RenderRubyRun (anonymous) at (120,444) size 17x40
              RenderRubyText {RT} at (-9,0) size 9x40
                RenderText {#text} at (0,0) size 9x40
                  text run at (0,0) width 40: "\x{304D}\x{3085}\x{3046}\x{304F}\x{3064}"
              RenderRubyBase (anonymous) at (0,0) size 17x40
                RenderInline {RB} at (0,0) size 17x32
                  RenderText {#text} at (0,4) size 17x32
                    text run at (0,4) width 32: "\x{7AAE}\x{5C48}"
          RenderText {#text} at (137,0) size 17x256
            text run at (137,0) width 256: "\x{3060}\x{3002}\x{3068}\x{304B}\x{304F}\x{306B}\x{4EBA}\x{306E}\x{4E16}\x{306F}\x{4F4F}\x{307F}\x{306B}\x{304F}\x{3044}\x{3002}"
          RenderBR {BR} at (137,256) size 17x0
          RenderText {#text} at (163,0) size 17x112
            text run at (163,0) width 112: "\x{3000}\x{4F4F}\x{307F}\x{306B}\x{304F}\x{3055}\x{304C}"
          RenderRuby (inline) {RUBY} at (0,0) size 17x16
            RenderRubyRun (anonymous) at (163,112) size 17x16
              RenderRubyText {RT} at (-9,0) size 9x16
                RenderText {#text} at (0,0) size 9x16
                  text run at (0,0) width 16: "\x{3053}\x{3046}"
              RenderRubyBase (anonymous) at (0,0) size 17x16
                RenderInline {RB} at (0,0) size 17x16
                  RenderText {#text} at (0,0) size 17x16
                    text run at (0,0) width 16: "\x{9AD8}"
          RenderText {#text} at (163,128) size 43x480
            text run at (163,128) width 352: "\x{3058}\x{308B}\x{3068}\x{3001}\x{5B89}\x{3044}\x{6240}\x{3078}\x{5F15}\x{304D}\x{8D8A}\x{3057}\x{305F}\x{304F}\x{306A}\x{308B}\x{3002}\x{3069}\x{3053}\x{3078}\x{8D8A}\x{3057}"
            text run at (189,0) width 128: "\x{3066}\x{3082}\x{4F4F}\x{307F}\x{306B}\x{304F}\x{3044}\x{3068}"
          RenderRuby (inline) {RUBY} at (0,0) size 17x16
            RenderRubyRun (anonymous) at (189,128) size 17x16
              RenderRubyText {RT} at (-9,0) size 9x16
                RenderText {#text} at (0,0) size 9x16
                  text run at (0,0) width 16: "\x{3055}\x{3068}"
              RenderRubyBase (anonymous) at (0,0) size 17x16
                RenderInline {RB} at (0,0) size 17x16
                  RenderText {#text} at (0,0) size 17x16
                    text run at (0,0) width 16: "\x{609F}"
          RenderText {#text} at (189,144) size 17x160
            text run at (189,144) width 160: "\x{3063}\x{305F}\x{6642}\x{3001}\x{8A69}\x{304C}\x{751F}\x{308C}\x{3066}\x{3001}"
          RenderRuby (inline) {RUBY} at (0,0) size 17x16
            RenderRubyRun (anonymous) at (189,304) size 17x16
              RenderRubyText {RT} at (-9,0) size 9x16
                RenderText {#text} at (0,4) size 9x8
                  text run at (0,4) width 8: "\x{3048}"
              RenderRubyBase (anonymous) at (0,0) size 17x16
                RenderInline {RB} at (0,0) size 17x16
                  RenderText {#text} at (0,0) size 17x16
                    text run at (0,0) width 16: "\x{753B}"
          RenderText {#text} at (189,320) size 17x80
            text run at (189,320) width 80: "\x{304C}\x{51FA}\x{6765}\x{308B}\x{3002}"
          RenderBR {BR} at (189,400) size 17x0
          RenderText {#text} at (206,0) size 17x16
            text run at (206,0) width 16: "\x{3000}"
          RenderInline {STRONG} at (0,0) size 17x51
            RenderText {#text} at (206,16) size 17x51
              text run at (206,16) width 51: "\x{4EBA}\x{306E}\x{4E16}"
          RenderText {#text} at (206,67) size 43x483
            text run at (206,67) width 416: "\x{3092}\x{4F5C}\x{3063}\x{305F}\x{3082}\x{306E}\x{306F}\x{795E}\x{3067}\x{3082}\x{306A}\x{3051}\x{308C}\x{3070}\x{9B3C}\x{3067}\x{3082}\x{306A}\x{3044}\x{3002}\x{3084}\x{306F}\x{308A}\x{5411}\x{3046}\x{4E09}"
            text run at (232,0) width 16: "\x{8ED2}"
          RenderRuby (inline) {RUBY} at (0,0) size 17x32
            RenderRubyRun (anonymous) at (232,12) size 17x40
              RenderRubyText {RT} at (-9,0) size 9x40
                RenderText {#text} at (0,0) size 9x40
                  text run at (0,0) width 40: "\x{308A}\x{3087}\x{3046}\x{3069}\x{306A}"
              RenderRubyBase (anonymous) at (0,0) size 17x40
                RenderInline {RB} at (0,0) size 17x32
                  RenderText {#text} at (0,4) size 17x32
                    text run at (0,4) width 32: "\x{4E21}\x{96A3}"
          RenderText {#text} at (232,48) size 17x384
            text run at (232,48) width 384: "\x{308A}\x{306B}\x{3061}\x{3089}\x{3061}\x{3089}\x{3059}\x{308B}\x{305F}\x{3060}\x{306E}\x{4EBA}\x{3067}\x{3042}\x{308B}\x{3002}\x{305F}\x{3060}\x{306E}\x{4EBA}\x{304C}\x{4F5C}\x{3063}\x{305F}"
          RenderInline {STRONG} at (0,0) size 17x51
            RenderText {#text} at (232,432) size 17x51
              text run at (232,432) width 51: "\x{4EBA}\x{306E}\x{4E16}"
          RenderText {#text} at (249,0) size 17x368
            text run at (249,0) width 368: "\x{304C}\x{4F4F}\x{307F}\x{306B}\x{304F}\x{3044}\x{304B}\x{3089}\x{3068}\x{3066}\x{3001}\x{8D8A}\x{3059}\x{56FD}\x{306F}\x{3042}\x{308B}\x{307E}\x{3044}\x{3002}\x{3042}\x{308C}\x{3070}"
          RenderInline {STRONG} at (0,0) size 17x68
            RenderText {#text} at (249,368) size 17x68
              text run at (249,368) width 68: "\x{4EBA}\x{3067}\x{306A}\x{3057}"
          RenderText {#text} at (249,436) size 34x484
            text run at (249,436) width 48: "\x{306E}\x{56FD}\x{3078}"
            text run at (266,0) width 112: "\x{884C}\x{304F}\x{3070}\x{304B}\x{308A}\x{3060}\x{3002}"
          RenderInline {STRONG} at (0,0) size 17x68
            RenderText {#text} at (266,112) size 17x68
              text run at (266,112) width 68: "\x{4EBA}\x{3067}\x{306A}\x{3057}"
          RenderText {#text} at (266,180) size 17x48
            text run at (266,180) width 48: "\x{306E}\x{56FD}\x{306F}"
          RenderInline {STRONG} at (0,0) size 17x51
            RenderText {#text} at (266,228) size 17x51
              text run at (266,228) width 51: "\x{4EBA}\x{306E}\x{4E16}"
          RenderText {#text} at (266,279) size 17x208
            text run at (266,279) width 208: "\x{3088}\x{308A}\x{3082}\x{306A}\x{304A}\x{4F4F}\x{307F}\x{306B}\x{304F}\x{304B}\x{308D}\x{3046}\x{3002}"
          RenderBR {BR} at (266,487) size 17x0
          RenderText {#text} at (283,0) size 43x464
            text run at (283,0) width 464: "\x{3000}\x{8D8A}\x{3059}\x{4E8B}\x{306E}\x{306A}\x{3089}\x{306C}\x{4E16}\x{304C}\x{4F4F}\x{307F}\x{306B}\x{304F}\x{3051}\x{308C}\x{3070}\x{3001}\x{4F4F}\x{307F}\x{306B}\x{304F}\x{3044}\x{6240}\x{3092}\x{3069}\x{308C}\x{307B}\x{3069}"
            text run at (309,0) width 32: "\x{304B}\x{3001}"
          RenderRuby (inline) {RUBY} at (0,0) size 17x32
            RenderRubyRun (anonymous) at (309,32) size 17x32
              RenderRubyText {RT} at (-9,0) size 9x32
                RenderText {#text} at (0,0) size 9x32
                  text run at (0,0) width 32: "\x{304F}\x{3064}\x{308D}\x{3052}"
              RenderRubyBase (anonymous) at (0,0) size 17x32
                RenderInline {RB} at (0,0) size 17x32
                  RenderText {#text} at (0,0) size 17x32
                    text run at (0,0) width 32: "\x{5BDB}\x{5BB9}"
          RenderText {#text} at (309,64) size 17x32
            text run at (309,64) width 32: "\x{3066}\x{3001}"
          RenderRuby (inline) {RUBY} at (0,0) size 17x16
            RenderRubyRun (anonymous) at (309,96) size 17x16
              RenderRubyText {RT} at (-9,0) size 9x16
                RenderText {#text} at (0,0) size 9x16
                  text run at (0,0) width 16: "\x{3064}\x{304B}"
              RenderRubyBase (anonymous) at (0,0) size 17x16
                RenderInline {RB} at (0,0) size 17x16
                  RenderText {#text} at (0,0) size 17x16
                    text run at (0,0) width 16: "\x{675F}"
          RenderText {#text} at (309,112) size 17x16
            text run at (309,112) width 16: "\x{306E}"
          RenderRuby (inline) {RUBY} at (0,0) size 17x16
            RenderRubyRun (anonymous) at (309,128) size 17x16
              RenderRubyText {RT} at (-9,0) size 9x16
                RenderText {#text} at (0,4) size 9x8
                  text run at (0,4) width 8: "\x{307E}"
              RenderRubyBase (anonymous) at (0,0) size 17x16
                RenderInline {RB} at (0,0) size 17x16
                  RenderText {#text} at (0,0) size 17x16
                    text run at (0,0) width 16: "\x{9593}"
          RenderText {#text} at (309,144) size 43x480
            text run at (309,144) width 336: "\x{306E}\x{547D}\x{3092}\x{3001}\x{675F}\x{306E}\x{9593}\x{3067}\x{3082}\x{4F4F}\x{307F}\x{3088}\x{304F}\x{305B}\x{306D}\x{3070}\x{306A}\x{3089}\x{306C}\x{3002}\x{3053}"
            text run at (335,0) width 400: "\x{3053}\x{306B}\x{8A69}\x{4EBA}\x{3068}\x{3044}\x{3046}\x{5929}\x{8077}\x{304C}\x{51FA}\x{6765}\x{3066}\x{3001}\x{3053}\x{3053}\x{306B}\x{753B}\x{5BB6}\x{3068}\x{3044}\x{3046}\x{4F7F}\x{547D}\x{304C}"
          RenderRuby (inline) {RUBY} at (0,0) size 17x16
            RenderRubyRun (anonymous) at (335,400) size 17x16
              RenderRubyText {RT} at (-9,0) size 9x16
                RenderText {#text} at (0,0) size 9x16
                  text run at (0,0) width 16: "\x{304F}\x{3060}"
              RenderRubyBase (anonymous) at (0,0) size 17x16
                RenderInline {RB} at (0,0) size 17x16
                  RenderText {#text} at (0,0) size 17x16
                    text run at (0,0) width 16: "\x{964D}"
          RenderText {#text} at (335,416) size 43x480
            text run at (335,416) width 64: "\x{308B}\x{3002}\x{3042}\x{3089}"
            text run at (361,0) width 176: "\x{3086}\x{308B}\x{82B8}\x{8853}\x{306E}\x{58EB}\x{306F}\x{4EBA}\x{306E}\x{4E16}\x{3092}"
          RenderRuby (inline) {RUBY} at (0,0) size 17x32
            RenderRubyRun (anonymous) at (361,176) size 17x32
              RenderRubyText {RT} at (-9,0) size 9x32
                RenderText {#text} at (0,4) size 9x24
                  text run at (0,4) width 24: "\x{306E}\x{3069}\x{304B}"
              RenderRubyBase (anonymous) at (0,0) size 17x32
                RenderInline {RB} at (0,0) size 17x32
                  RenderText {#text} at (0,0) size 17x32
                    text run at (0,0) width 32: "\x{9577}\x{9591}"
          RenderText {#text} at (361,208) size 17x208
            text run at (361,208) width 208: "\x{306B}\x{3057}\x{3001}\x{4EBA}\x{306E}\x{5FC3}\x{3092}\x{8C4A}\x{304B}\x{306B}\x{3059}\x{308B}\x{304C}"
          RenderRuby (inline) {RUBY} at (0,0) size 17x16
            RenderRubyRun (anonymous) at (361,416) size 17x16
              RenderRubyText {RT} at (-9,0) size 9x16
                RenderText {#text} at (0,0) size 9x16
                  text run at (0,0) width 16: "\x{3086}\x{3048}"
              RenderRubyBase (anonymous) at (0,0) size 17x16
                RenderInline {RB} at (0,0) size 17x16
                  RenderText {#text} at (0,0) size 17x16
                    text run at (0,0) width 16: "\x{6545}"
          RenderText {#text} at (361,432) size 17x16
            text run at (361,432) width 16: "\x{306B}"
          RenderRuby (inline) {RUBY} at (0,0) size 17x16
            RenderRubyRun (anonymous) at (361,448) size 17x16
              RenderRubyText {RT} at (-9,0) size 9x16
                RenderText {#text} at (0,0) size 9x16
                  text run at (0,0) width 16: "\x{305F}\x{3063}"
              RenderRubyBase (anonymous) at (0,0) size 17x16
                RenderInline {RB} at (0,0) size 17x16
                  RenderText {#text} at (0,0) size 17x16
                    text run at (0,0) width 16: "\x{5C0A}"
          RenderText {#text} at (361,464) size 34x480
            text run at (361,464) width 16: "\x{3068}"
            text run at (378,0) width 32: "\x{3044}\x{3002}"
          RenderBR {BR} at (378,32) size 17x0
          RenderText {#text} at (404,0) size 17x240
            text run at (404,0) width 240: "\x{3000}\x{4F4F}\x{307F}\x{306B}\x{304F}\x{304D}\x{4E16}\x{304B}\x{3089}\x{3001}\x{4F4F}\x{307F}\x{306B}\x{304F}\x{304D}"
          RenderRuby (inline) {RUBY} at (0,0) size 17x16
            RenderRubyRun (anonymous) at (404,236) size 17x24
              RenderRubyText {RT} at (-9,0) size 9x24
                RenderText {#text} at (0,0) size 9x24
                  text run at (0,0) width 24: "\x{308F}\x{305A}\x{3089}"
              RenderRubyBase (anonymous) at (0,0) size 17x24
                RenderInline {RB} at (0,0) size 17x16
                  RenderText {#text} at (0,4) size 17x16
                    text run at (0,4) width 16: "\x{7169}"
          RenderText {#text} at (404,256) size 43x480
            text run at (404,256) width 224: "\x{3044}\x{3092}\x{5F15}\x{304D}\x{629C}\x{3044}\x{3066}\x{3001}\x{3042}\x{308A}\x{304C}\x{305F}\x{3044}\x{4E16}"
            text run at (430,0) width 272: "\x{754C}\x{3092}\x{307E}\x{306E}\x{3042}\x{305F}\x{308A}\x{306B}\x{5199}\x{3059}\x{306E}\x{304C}\x{8A69}\x{3067}\x{3042}\x{308B}\x{3001}"
          RenderRuby (inline) {RUBY} at (0,0) size 17x16
            RenderRubyRun (anonymous) at (430,272) size 17x16
              RenderRubyText {RT} at (-9,0) size 9x16
                RenderText {#text} at (0,4) size 9x8
                  text run at (0,4) width 8: "\x{3048}"
              RenderRubyBase (anonymous) at (0,0) size 17x16
                RenderInline {RB} at (0,0) size 17x16
                  RenderText {#text} at (0,0) size 17x16
                    text run at (0,0) width 16: "\x{753B}"
          RenderText {#text} at (430,288) size 43x480
            text run at (430,288) width 192: "\x{3067}\x{3042}\x{308B}\x{3002}\x{3042}\x{308B}\x{306F}\x{97F3}\x{697D}\x{3068}\x{5F6B}\x{523B}"
            text run at (456,0) width 128: "\x{3067}\x{3042}\x{308B}\x{3002}\x{3053}\x{307E}\x{304B}\x{306B}"
          RenderRuby (inline) {RUBY} at (0,0) size 17x16
            RenderRubyRun (anonymous) at (456,128) size 17x16
              RenderRubyText {RT} at (-9,0) size 9x16
                RenderText {#text} at (0,4) size 9x8
                  text run at (0,4) width 8: "\x{3044}"
              RenderRubyBase (anonymous) at (0,0) size 17x16
                RenderInline {RB} at (0,0) size 17x16
                  RenderText {#text} at (0,0) size 17x16
                    text run at (0,0) width 16: "\x{4E91}"
          RenderText {#text} at (456,144) size 43x480
            text run at (456,144) width 336: "\x{3048}\x{3070}\x{5199}\x{3055}\x{306A}\x{3044}\x{3067}\x{3082}\x{3088}\x{3044}\x{3002}\x{305F}\x{3060}\x{307E}\x{306E}\x{3042}\x{305F}\x{308A}\x{306B}\x{898B}\x{308C}"
            text run at (482,0) width 192: "\x{3070}\x{3001}\x{305D}\x{3053}\x{306B}\x{8A69}\x{3082}\x{751F}\x{304D}\x{3001}\x{6B4C}\x{3082}"
          RenderRuby (inline) {RUBY} at (0,0) size 17x16
            RenderRubyRun (anonymous) at (482,192) size 17x16
              RenderRubyText {RT} at (-9,0) size 9x16
                RenderText {#text} at (0,4) size 9x8
                  text run at (0,4) width 8: "\x{308F}"
              RenderRubyBase (anonymous) at (0,0) size 17x16
                RenderInline {RB} at (0,0) size 17x16
                  RenderText {#text} at (0,0) size 17x16
                    text run at (0,0) width 16: "\x{6E67}"
          RenderText {#text} at (482,208) size 17x192
            text run at (482,208) width 192: "\x{304F}\x{3002}\x{7740}\x{60F3}\x{3092}\x{7D19}\x{306B}\x{843D}\x{3055}\x{306C}\x{3068}\x{3082}"
          RenderRuby (inline) {RUBY} at (0,0) size 17x32
            RenderRubyRun (anonymous) at (482,396) size 17x40
              RenderRubyText {RT} at (-9,0) size 9x40
                RenderText {#text} at (0,0) size 9x40
                  text run at (0,0) width 40: "\x{304D}\x{3085}\x{3046}\x{305D}\x{3046}"
              RenderRubyBase (anonymous) at (0,0) size 17x40
                RenderInline {RB} at (0,0) size 17x32
                  RenderText {#text} at (0,4) size 17x16
                    text run at (0,4) width 16: "\x{7486}"
                  RenderText {#text} at (0,20) size 17x16
                    text run at (0,20) width 16: "\x{93D8}"
          RenderText {#text} at (482,432) size 17x16
            text run at (482,432) width 16: "\x{306E}"
          RenderRuby (inline) {RUBY} at (0,0) size 17x16
            RenderRubyRun (anonymous) at (482,448) size 17x16
              RenderRubyText {RT} at (-9,0) size 9x16
                RenderText {#text} at (0,0) size 9x16
                  text run at (0,0) width 16: "\x{304A}\x{3093}"
              RenderRubyBase (anonymous) at (0,0) size 17x16
                RenderInline {RB} at (0,0) size 17x16
                  RenderText {#text} at (0,0) size 17x16
                    text run at (0,0) width 16: "\x{97F3}"
          RenderText {#text} at (482,464) size 17x16
            text run at (482,464) width 16: "\x{306F}"
          RenderRuby (inline) {RUBY} at (0,0) size 17x32
            RenderRubyRun (anonymous) at (508,0) size 17x32
              RenderRubyText {RT} at (-9,0) size 9x32
                RenderText {#text} at (0,0) size 9x32
                  text run at (0,0) width 32: "\x{304D}\x{3087}\x{3046}\x{308A}"
              RenderRubyBase (anonymous) at (0,0) size 17x32
                RenderInline {RB} at (0,0) size 17x32
                  RenderText {#text} at (0,0) size 17x32
                    text run at (0,0) width 32: "\x{80F8}\x{88CF}"
          RenderText {#text} at (508,32) size 17x16
            text run at (508,32) width 16: "\x{306B}"
          RenderRuby (inline) {RUBY} at (0,0) size 17x16
            RenderRubyRun (anonymous) at (508,48) size 17x16
              RenderRubyText {RT} at (-9,0) size 9x16
                RenderText {#text} at (0,0) size 9x16
                  text run at (0,0) width 16: "\x{304A}\x{3053}"
              RenderRubyBase (anonymous) at (0,0) size 17x16
                RenderInline {RB} at (0,0) size 17x16
                  RenderText {#text} at (0,0) size 17x16
                    text run at (0,0) width 16: "\x{8D77}"
          RenderText {#text} at (508,64) size 17x32
            text run at (508,64) width 32: "\x{308B}\x{3002}"
          RenderRuby (inline) {RUBY} at (0,0) size 17x32
            RenderRubyRun (anonymous) at (508,96) size 17x32
              RenderRubyText {RT} at (-9,0) size 9x32
                RenderText {#text} at (0,0) size 9x32
                  text run at (0,0) width 32: "\x{305F}\x{3093}\x{305B}\x{3044}"
              RenderRubyBase (anonymous) at (0,0) size 17x32
                RenderInline {RB} at (0,0) size 17x32
                  RenderText {#text} at (0,0) size 17x32
                    text run at (0,0) width 32: "\x{4E39}\x{9752}"
          RenderText {#text} at (508,128) size 17x16
            text run at (508,128) width 16: "\x{306F}"
          RenderRuby (inline) {RUBY} at (0,0) size 17x32
            RenderRubyRun (anonymous) at (508,144) size 17x32
              RenderRubyText {RT} at (-9,0) size 9x32
                RenderText {#text} at (0,8) size 9x16
                  text run at (0,8) width 16: "\x{304C}\x{304B}"
              RenderRubyBase (anonymous) at (0,0) size 17x32
                RenderInline {RB} at (0,0) size 17x32
                  RenderText {#text} at (0,0) size 17x32
                    text run at (0,0) width 32: "\x{753B}\x{67B6}"
          RenderText {#text} at (508,176) size 17x64
            text run at (508,176) width 64: "\x{306B}\x{5411}\x{3063}\x{3066}"
          RenderRuby (inline) {RUBY} at (0,0) size 17x32
            RenderRubyRun (anonymous) at (508,240) size 17x32
              RenderRubyText {RT} at (-9,0) size 9x32
                RenderText {#text} at (0,4) size 9x24
                  text run at (0,4) width 24: "\x{3068}\x{307E}\x{3064}"
              RenderRubyBase (anonymous) at (0,0) size 17x32
                RenderInline {RB} at (0,0) size 17x32
                  RenderText {#text} at (0,0) size 17x32
                    text run at (0,0) width 32: "\x{5857}\x{62B9}"
          RenderText {#text} at (508,272) size 17x64
            text run at (508,272) width 64: "\x{305B}\x{3093}\x{3067}\x{3082}"
          RenderRuby (inline) {RUBY} at (0,0) size 17x32
            RenderRubyRun (anonymous) at (508,336) size 17x32
              RenderRubyText {RT} at (-9,0) size 9x32
                RenderText {#text} at (0,4) size 9x24
                  text run at (0,4) width 24: "\x{3054}\x{3055}\x{3044}"
              RenderRubyBase (anonymous) at (0,0) size 17x32
                RenderInline {RB} at (0,0) size 17x32
                  RenderText {#text} at (0,0) size 17x32
                    text run at (0,0) width 32: "\x{4E94}\x{5F69}"
          RenderText {#text} at (508,368) size 17x16
            text run at (508,368) width 16: "\x{306E}"
          RenderRuby (inline) {RUBY} at (0,0) size 17x32
            RenderRubyRun (anonymous) at (508,384) size 17x32
              RenderRubyText {RT} at (-9,0) size 9x32
                RenderText {#text} at (0,0) size 9x32
                  text run at (0,0) width 32: "\x{3051}\x{3093}\x{3089}\x{3093}"
              RenderRubyBase (anonymous) at (0,0) size 17x32
                RenderInline {RB} at (0,0) size 17x32
                  RenderText {#text} at (0,0) size 17x32
                    text run at (0,0) width 32: "\x{7D62}\x{721B}"
          RenderText {#text} at (508,416) size 17x16
            text run at (508,416) width 16: "\x{306F}"
          RenderRuby (inline) {RUBY} at (0,0) size 17x16
            RenderRubyRun (anonymous) at (508,428) size 17x24
              RenderRubyText {RT} at (-9,0) size 9x24
                RenderText {#text} at (0,0) size 9x24
                  text run at (0,0) width 24: "\x{304A}\x{306E}\x{305A}"
              RenderRubyBase (anonymous) at (0,0) size 17x24
                RenderInline {RB} at (0,0) size 17x16
                  RenderText {#text} at (0,4) size 17x16
                    text run at (0,4) width 16: "\x{81EA}"
          RenderText {#text} at (508,448) size 17x32
            text run at (508,448) width 32: "\x{304B}\x{3089}"
          RenderRuby (inline) {RUBY} at (0,0) size 17x32
            RenderRubyRun (anonymous) at (534,0) size 17x32
              RenderRubyText {RT} at (-9,0) size 9x32
                RenderText {#text} at (0,0) size 9x32
                  text run at (0,0) width 32: "\x{3057}\x{3093}\x{304C}\x{3093}"
              RenderRubyBase (anonymous) at (0,0) size 17x32
                RenderInline {RB} at (0,0) size 17x32
                  RenderText {#text} at (0,0) size 17x32
                    text run at (0,0) width 32: "\x{5FC3}\x{773C}"
          RenderText {#text} at (534,32) size 17x256
            text run at (534,32) width 256: "\x{306B}\x{6620}\x{308B}\x{3002}\x{305F}\x{3060}\x{304A}\x{306E}\x{304C}\x{4F4F}\x{3080}\x{4E16}\x{3092}\x{3001}\x{304B}\x{304F}"
          RenderRuby (inline) {RUBY} at (0,0) size 17x16
            RenderRubyRun (anonymous) at (534,288) size 17x16
              RenderRubyText {RT} at (-9,0) size 9x16
                RenderText {#text} at (0,0) size 9x16
                  text run at (0,0) width 16: "\x{304B}\x{3093}"
              RenderRubyBase (anonymous) at (0,0) size 17x16
                RenderInline {RB} at (0,0) size 17x16
                  RenderText {#text} at (0,0) size 17x16
                    text run at (0,0) width 16: "\x{89B3}"
          RenderText {#text} at (534,304) size 17x64
            text run at (534,304) width 64: "\x{3058}\x{5F97}\x{3066}\x{3001}"
          RenderRuby (inline) {RUBY} at (0,0) size 17x64
            RenderRubyRun (anonymous) at (534,368) size 17x64
              RenderRubyText {RT} at (-9,0) size 9x64
                RenderText {#text} at (0,0) size 9x64
                  text run at (0,0) width 64: "\x{308C}\x{3044}\x{3060}\x{3044}\x{307B}\x{3046}\x{3059}\x{3093}"
              RenderRubyBase (anonymous) at (0,0) size 17x64
                RenderInline {RB} at (0,0) size 17x64
                  RenderText {#text} at (0,0) size 17x64
                    text run at (0,0) width 64: "\x{970A}\x{53F0}\x{65B9}\x{5BF8}"
          RenderText {#text} at (534,432) size 43x480
            text run at (534,432) width 48: "\x{306E}\x{30AB}\x{30E1}"
            text run at (560,0) width 32: "\x{30E9}\x{306B}"
          RenderRuby (inline) {RUBY} at (0,0) size 17x64
            RenderRubyRun (anonymous) at (560,32) size 17x64
              RenderRubyText {RT} at (-9,0) size 9x64
                RenderText {#text} at (0,0) size 9x64
                  text run at (0,0) width 64: "\x{304E}\x{3087}\x{3046}\x{304D}\x{3053}\x{3093}\x{3060}\x{304F}"
              RenderRubyBase (anonymous) at (0,0) size 17x64
                RenderInline {RB} at (0,0) size 17x64
                  RenderText {#text} at (0,0) size 17x64
                    text run at (0,0) width 64: "\x{6F86}\x{5B63}\x{6EB7}\x{6FC1}"
          RenderText {#text} at (560,96) size 17x208
            text run at (560,96) width 208: "\x{306E}\x{4FD7}\x{754C}\x{3092}\x{6E05}\x{304F}\x{3046}\x{3089}\x{3089}\x{304B}\x{306B}\x{53CE}\x{3081}"
          RenderRuby (inline) {RUBY} at (0,0) size 17x16
            RenderRubyRun (anonymous) at (560,304) size 17x16
              RenderRubyText {RT} at (-9,0) size 9x16
                RenderText {#text} at (0,4) size 9x8
                  text run at (0,4) width 8: "\x{3046}"
              RenderRubyBase (anonymous) at (0,0) size 17x16
                RenderInline {RB} at (0,0) size 17x16
                  RenderText {#text} at (0,0) size 17x16
                    text run at (0,0) width 16: "\x{5F97}"
          RenderText {#text} at (560,320) size 17x32
            text run at (560,320) width 32: "\x{308C}\x{3070}"
          RenderRuby (inline) {RUBY} at (0,0) size 17x16
            RenderRubyRun (anonymous) at (560,352) size 17x16
              RenderRubyText {RT} at (-9,0) size 9x16
                RenderText {#text} at (0,4) size 9x8
                  text run at (0,4) width 8: "\x{305F}"
              RenderRubyBase (anonymous) at (0,0) size 17x16
                RenderInline {RB} at (0,0) size 17x16
                  RenderText {#text} at (0,0) size 17x16
                    text run at (0,0) width 16: "\x{8DB3}"
          RenderText {#text} at (560,368) size 17x96
            text run at (560,368) width 96: "\x{308B}\x{3002}\x{3053}\x{306E}\x{6545}\x{306B}"
          RenderRuby (inline) {RUBY} at (0,0) size 17x32
            RenderRubyRun (anonymous) at (586,0) size 17x32
              RenderRubyText {RT} at (-9,0) size 9x32
                RenderText {#text} at (0,4) size 9x24
                  text run at (0,4) width 24: "\x{3080}\x{305B}\x{3044}"
              RenderRubyBase (anonymous) at (0,0) size 17x32
                RenderInline {RB} at (0,0) size 17x32
                  RenderText {#text} at (0,0) size 17x32
                    text run at (0,0) width 32: "\x{7121}\x{58F0}"
          RenderText {#text} at (586,32) size 17x160
            text run at (586,32) width 160: "\x{306E}\x{8A69}\x{4EBA}\x{306B}\x{306F}\x{4E00}\x{53E5}\x{306A}\x{304F}\x{3001}"
          RenderRuby (inline) {RUBY} at (0,0) size 17x32
            RenderRubyRun (anonymous) at (586,192) size 17x32
              RenderRubyText {RT} at (-9,0) size 9x32
                RenderText {#text} at (0,0) size 9x32
                  text run at (0,0) width 32: "\x{3080}\x{3057}\x{3087}\x{304F}"
              RenderRubyBase (anonymous) at (0,0) size 17x32
                RenderInline {RB} at (0,0) size 17x32
                  RenderText {#text} at (0,0) size 17x32
                    text run at (0,0) width 32: "\x{7121}\x{8272}"
          RenderText {#text} at (586,224) size 17x80
            text run at (586,224) width 80: "\x{306E}\x{753B}\x{5BB6}\x{306B}\x{306F}"
          RenderRuby (inline) {RUBY} at (0,0) size 17x32
            RenderRubyRun (anonymous) at (586,304) size 17x32
              RenderRubyText {RT} at (-9,0) size 9x32
                RenderText {#text} at (0,0) size 9x32
                  text run at (0,0) width 32: "\x{305B}\x{3063}\x{3051}\x{3093}"
              RenderRubyBase (anonymous) at (0,0) size 17x32
                RenderInline {RB} at (0,0) size 17x32
                  RenderText {#text} at (0,0) size 17x32
                    text run at (0,0) width 32: "\x{5C3A}\x{7E11}"
          RenderText {#text} at (586,336) size 17x96
            text run at (586,336) width 96: "\x{306A}\x{304D}\x{3082}\x{3001}\x{304B}\x{304F}"
          RenderRuby (inline) {RUBY} at (0,0) size 17x32
            RenderRubyRun (anonymous) at (586,432) size 17x32
              RenderRubyText {RT} at (-9,0) size 9x32
                RenderText {#text} at (0,0) size 9x32
                  text run at (0,0) width 32: "\x{3058}\x{3093}\x{305B}\x{3044}"
              RenderRubyBase (anonymous) at (0,0) size 17x32
                RenderInline {RB} at (0,0) size 17x32
                  RenderText {#text} at (0,0) size 17x32
                    text run at (0,0) width 32: "\x{4EBA}\x{4E16}"
          RenderText {#text} at (586,464) size 43x480
            text run at (586,464) width 16: "\x{3092}"
            text run at (612,0) width 208: "\x{89B3}\x{3058}\x{5F97}\x{308B}\x{306E}\x{70B9}\x{306B}\x{304A}\x{3044}\x{3066}\x{3001}\x{304B}\x{304F}"
          RenderRuby (inline) {RUBY} at (0,0) size 17x32
            RenderRubyRun (anonymous) at (612,208) size 17x32
              RenderRubyText {RT} at (-9,0) size 9x32
                RenderText {#text} at (0,0) size 9x32
                  text run at (0,0) width 32: "\x{307C}\x{3093}\x{306E}\x{3046}"
              RenderRubyBase (anonymous) at (0,0) size 17x32
                RenderInline {RB} at (0,0) size 17x32
                  RenderText {#text} at (0,0) size 17x32
                    text run at (0,0) width 32: "\x{7169}\x{60A9}"
          RenderText {#text} at (612,240) size 17x16
            text run at (612,240) width 16: "\x{3092}"
          RenderRuby (inline) {RUBY} at (0,0) size 17x32
            RenderRubyRun (anonymous) at (612,256) size 17x32
              RenderRubyText {RT} at (-9,0) size 9x32
                RenderText {#text} at (0,4) size 9x24
                  text run at (0,4) width 24: "\x{3052}\x{3060}\x{3064}"
              RenderRubyBase (anonymous) at (0,0) size 17x32
                RenderInline {RB} at (0,0) size 17x32
                  RenderText {#text} at (0,0) size 17x32
                    text run at (0,0) width 32: "\x{89E3}\x{8131}"
          RenderText {#text} at (612,288) size 17x176
            text run at (612,288) width 176: "\x{3059}\x{308B}\x{306E}\x{70B9}\x{306B}\x{304A}\x{3044}\x{3066}\x{3001}\x{304B}\x{304F}"
          RenderRuby (inline) {RUBY} at (0,0) size 17x60
            RenderRubyRun (anonymous) at (638,0) size 17x64
              RenderRubyText {RT} at (-9,0) size 9x64
                RenderText {#text} at (0,0) size 9x64
                  text run at (0,0) width 64: "\x{3057}\x{3087}\x{3046}\x{3058}\x{3087}\x{3046}\x{304B}\x{3044}"
              RenderRubyBase (anonymous) at (0,0) size 17x64
                RenderInline {RB} at (0,0) size 17x48
                  RenderText {#text} at (0,8) size 17x48
                    text run at (0,8) width 48: "\x{6E05}\x{6D44}\x{754C}"
          RenderText {#text} at (638,60) size 17x16
            text run at (638,60) width 16: "\x{306B}"
          RenderRuby (inline) {RUBY} at (0,0) size 17x40
            RenderRubyRun (anonymous) at (638,72) size 17x48
              RenderRubyText {RT} at (-9,0) size 9x48
                RenderText {#text} at (0,0) size 9x48
                  text run at (0,0) width 48: "\x{3057}\x{3085}\x{3064}\x{306B}\x{3085}\x{3046}"
              RenderRubyBase (anonymous) at (0,0) size 17x48
                RenderInline {RB} at (0,0) size 17x32
                  RenderText {#text} at (0,8) size 17x32
                    text run at (0,8) width 32: "\x{51FA}\x{5165}"
          RenderText {#text} at (638,116) size 17x224
            text run at (638,116) width 224: "\x{3057}\x{5F97}\x{308B}\x{306E}\x{70B9}\x{306B}\x{304A}\x{3044}\x{3066}\x{3001}\x{307E}\x{305F}\x{3053}\x{306E}"
          RenderRuby (inline) {RUBY} at (0,0) size 17x64
            RenderRubyRun (anonymous) at (638,340) size 17x64
              RenderRubyText {RT} at (-9,0) size 9x64
                RenderText {#text} at (0,12) size 9x40
                  text run at (0,12) width 40: "\x{3075}\x{3069}\x{3046}\x{3075}\x{3058}"
              RenderRubyBase (anonymous) at (0,0) size 17x64
                RenderInline {RB} at (0,0) size 17x64
                  RenderText {#text} at (0,0) size 17x64
                    text run at (0,0) width 64: "\x{4E0D}\x{540C}\x{4E0D}\x{4E8C}"
          RenderText {#text} at (638,404) size 17x16
            text run at (638,404) width 16: "\x{306E}"
          RenderRuby (inline) {RUBY} at (0,0) size 17x32
            RenderRubyRun (anonymous) at (638,420) size 17x32
              RenderRubyText {RT} at (-9,0) size 9x32
                RenderText {#text} at (0,0) size 9x32
                  text run at (0,0) width 32: "\x{3051}\x{3093}\x{3053}\x{3093}"
              RenderRubyBase (anonymous) at (0,0) size 17x32
                RenderInline {RB} at (0,0) size 17x32
                  RenderText {#text} at (0,0) size 17x32
                    text run at (0,0) width 32: "\x{4E7E}\x{5764}"
          RenderText {#text} at (638,452) size 17x16
            text run at (638,452) width 16: "\x{3092}"
          RenderRuby (inline) {RUBY} at (0,0) size 17x36
            RenderRubyRun (anonymous) at (664,0) size 17x40
              RenderRubyText {RT} at (-9,0) size 9x40
                RenderText {#text} at (0,0) size 9x40
                  text run at (0,0) width 40: "\x{3053}\x{3093}\x{308A}\x{3085}\x{3046}"
              RenderRubyBase (anonymous) at (0,0) size 17x40
                RenderInline {RB} at (0,0) size 17x32
                  RenderText {#text} at (0,4) size 17x32
                    text run at (0,4) width 32: "\x{5EFA}\x{7ACB}"
          RenderText {#text} at (664,36) size 17x160
            text run at (664,36) width 160: "\x{3057}\x{5F97}\x{308B}\x{306E}\x{70B9}\x{306B}\x{304A}\x{3044}\x{3066}\x{3001}"
          RenderRuby (inline) {RUBY} at (0,0) size 17x64
            RenderRubyRun (anonymous) at (664,196) size 17x64
              RenderRubyText {RT} at (-9,0) size 9x64
                RenderText {#text} at (0,12) size 9x40
                  text run at (0,12) width 40: "\x{304C}\x{308A}\x{3057}\x{3088}\x{304F}"
              RenderRubyBase (anonymous) at (0,0) size 17x64
                RenderInline {RB} at (0,0) size 17x64
                  RenderText {#text} at (0,0) size 17x64
                    text run at (0,0) width 64: "\x{6211}\x{5229}\x{79C1}\x{617E}"
          RenderText {#text} at (664,260) size 17x16
            text run at (664,260) width 16: "\x{306E}"
          RenderRuby (inline) {RUBY} at (0,0) size 17x32
            RenderRubyRun (anonymous) at (664,276) size 17x32
              RenderRubyText {RT} at (-9,0) size 9x32
                RenderText {#text} at (0,4) size 9x24
                  text run at (0,4) width 24: "\x{304D}\x{306F}\x{3093}"
              RenderRubyBase (anonymous) at (0,0) size 17x32
                RenderInline {RB} at (0,0) size 17x32
                  RenderText {#text} at (0,0) size 17x32
                    text run at (0,0) width 32: "\x{898A}\x{7D46}"
          RenderText {#text} at (664,308) size 17x16
            text run at (664,308) width 16: "\x{3092}"
          RenderRuby (inline) {RUBY} at (0,0) size 17x32
            RenderRubyRun (anonymous) at (664,324) size 17x32
              RenderRubyText {RT} at (-9,0) size 9x32
                RenderText {#text} at (0,0) size 9x32
                  text run at (0,0) width 32: "\x{305D}\x{3046}\x{3068}\x{3046}"
              RenderRubyBase (anonymous) at (0,0) size 17x32
                RenderInline {RB} at (0,0) size 17x32
                  RenderText {#text} at (0,0) size 17x32
                    text run at (0,0) width 32: "\x{6383}\x{8569}"
          RenderText {#text} at (664,356) size 43x468
            text run at (664,356) width 112: "\x{3059}\x{308B}\x{306E}\x{70B9}\x{306B}\x{304A}\x{3044}"
            text run at (690,0) width 64: "\x{3066}\x{3001}\x{2015}\x{2015}"
          RenderRuby (inline) {RUBY} at (0,0) size 17x32
            RenderRubyRun (anonymous) at (690,64) size 17x32
              RenderRubyText {RT} at (-9,0) size 9x32
                RenderText {#text} at (0,0) size 9x32
                  text run at (0,0) width 32: "\x{305B}\x{3093}\x{304D}\x{3093}"
              RenderRubyBase (anonymous) at (0,0) size 17x32
                RenderInline {RB} at (0,0) size 17x32
                  RenderText {#text} at (0,0) size 17x32
                    text run at (0,0) width 32: "\x{5343}\x{91D1}"
          RenderText {#text} at (690,96) size 17x96
            text run at (690,96) width 96: "\x{306E}\x{5B50}\x{3088}\x{308A}\x{3082}\x{3001}"
          RenderRuby (inline) {RUBY} at (0,0) size 17x32
            RenderRubyRun (anonymous) at (690,188) size 17x40
              RenderRubyText {RT} at (-9,0) size 9x40
                RenderText {#text} at (0,0) size 9x40
                  text run at (0,0) width 40: "\x{3070}\x{3093}\x{3058}\x{3087}\x{3046}"
              RenderRubyBase (anonymous) at (0,0) size 17x40
                RenderInline {RB} at (0,0) size 17x32
                  RenderText {#text} at (0,4) size 17x32
                    text run at (0,4) width 32: "\x{4E07}\x{4E57}"
          RenderText {#text} at (690,224) size 17x208
            text run at (690,224) width 208: "\x{306E}\x{541B}\x{3088}\x{308A}\x{3082}\x{3001}\x{3042}\x{3089}\x{3086}\x{308B}\x{4FD7}\x{754C}\x{306E}"
          RenderRuby (inline) {RUBY} at (0,0) size 17x32
            RenderRubyRun (anonymous) at (690,432) size 17x32
              RenderRubyText {RT} at (-9,0) size 9x32
                RenderText {#text} at (0,0) size 9x32
                  text run at (0,0) width 32: "\x{3061}\x{3087}\x{3046}\x{3058}"
              RenderRubyBase (anonymous) at (0,0) size 17x32
                RenderInline {RB} at (0,0) size 17x32
                  RenderText {#text} at (0,0) size 17x32
                    text run at (0,0) width 32: "\x{5BF5}\x{5150}"
          RenderText {#text} at (690,464) size 34x480
            text run at (690,464) width 16: "\x{3088}"
            text run at (707,0) width 128: "\x{308A}\x{3082}\x{5E78}\x{798F}\x{3067}\x{3042}\x{308B}\x{3002}"
          RenderBR {BR} at (707,128) size 17x0
          RenderText {#text} at (733,0) size 17x272
            text run at (733,0) width 272: "\x{3000}\x{4E16}\x{306B}\x{4F4F}\x{3080}\x{3053}\x{3068}\x{4E8C}\x{5341}\x{5E74}\x{306B}\x{3057}\x{3066}\x{3001}\x{4F4F}\x{3080}\x{306B}"
          RenderRuby (inline) {RUBY} at (0,0) size 17x32
            RenderRubyRun (anonymous) at (733,272) size 17x32
              RenderRubyText {RT} at (-9,0) size 9x32
                RenderText {#text} at (0,8) size 9x16
                  text run at (0,8) width 16: "\x{304B}\x{3044}"
              RenderRubyBase (anonymous) at (0,0) size 17x32
                RenderInline {RB} at (0,0) size 17x32
                  RenderText {#text} at (0,0) size 17x32
                    text run at (0,0) width 32: "\x{7532}\x{6590}"
          RenderText {#text} at (733,304) size 43x480
            text run at (733,304) width 176: "\x{3042}\x{308B}\x{4E16}\x{3068}\x{77E5}\x{3063}\x{305F}\x{3002}\x{4E8C}\x{5341}\x{4E94}"
            text run at (759,0) width 112: "\x{5E74}\x{306B}\x{3057}\x{3066}\x{660E}\x{6697}\x{306F}"
          RenderRuby (inline) {RUBY} at (0,0) size 17x32
            RenderRubyRun (anonymous) at (759,112) size 17x32
              RenderRubyText {RT} at (-9,0) size 9x32
                RenderText {#text} at (0,0) size 9x32
                  text run at (0,0) width 32: "\x{3072}\x{3087}\x{3046}\x{308A}"
              RenderRubyBase (anonymous) at (0,0) size 17x32
                RenderInline {RB} at (0,0) size 17x32
                  RenderText {#text} at (0,0) size 17x32
                    text run at (0,0) width 32: "\x{8868}\x{88CF}"
          RenderText {#text} at (759,144) size 43x480
            text run at (759,144) width 336: "\x{306E}\x{3054}\x{3068}\x{304F}\x{3001}\x{65E5}\x{306E}\x{3042}\x{305F}\x{308B}\x{6240}\x{306B}\x{306F}\x{304D}\x{3063}\x{3068}\x{5F71}\x{304C}\x{3055}\x{3059}\x{3068}"
            text run at (785,0) width 112: "\x{609F}\x{3063}\x{305F}\x{3002}\x{4E09}\x{5341}\x{306E}"
          RenderRuby (inline) {RUBY} at (0,0) size 17x32
            RenderRubyRun (anonymous) at (785,112) size 17x32
              RenderRubyText {RT} at (-9,0) size 9x32
                RenderText {#text} at (0,0) size 9x32
                  text run at (0,0) width 32: "\x{3053}\x{3093}\x{306B}\x{3061}"
              RenderRubyBase (anonymous) at (0,0) size 17x32
                RenderInline {RB} at (0,0) size 17x32
                  RenderText {#text} at (0,0) size 17x32
                    text run at (0,0) width 32: "\x{4ECA}\x{65E5}"
          RenderText {#text} at (785,144) size 17x288
            text run at (785,144) width 288: "\x{306F}\x{3053}\x{3046}\x{601D}\x{3046}\x{3066}\x{3044}\x{308B}\x{3002}\x{2015}\x{2015}\x{559C}\x{3073}\x{306E}\x{6DF1}\x{304D}\x{3068}\x{304D}"
          RenderRuby (inline) {RUBY} at (0,0) size 17x16
            RenderRubyRun (anonymous) at (785,428) size 17x24
              RenderRubyText {RT} at (-9,0) size 9x24
                RenderText {#text} at (0,0) size 9x24
                  text run at (0,0) width 24: "\x{3046}\x{308C}\x{3044}"
              RenderRubyBase (anonymous) at (0,0) size 17x24
                RenderInline {RB} at (0,0) size 17x16
                  RenderText {#text} at (0,4) size 17x16
                    text run at (0,4) width 16: "\x{6182}"
          RenderText {#text} at (785,448) size 43x480
            text run at (785,448) width 32: "\x{3044}\x{3088}"
            text run at (811,0) width 80: "\x{3044}\x{3088}\x{6DF1}\x{304F}\x{3001}"
          RenderRuby (inline) {RUBY} at (0,0) size 17x16
            RenderRubyRun (anonymous) at (811,76) size 17x24
              RenderRubyText {RT} at (-9,0) size 9x24
                RenderText {#text} at (0,0) size 9x24
                  text run at (0,0) width 24: "\x{305F}\x{306E}\x{3057}"
              RenderRubyBase (anonymous) at (0,0) size 17x24
                RenderInline {RB} at (0,0) size 17x16
                  RenderText {#text} at (0,4) size 17x16
                    text run at (0,4) width 16: "\x{697D}"
          RenderText {#text} at (811,96) size 43x480
            text run at (811,96) width 384: "\x{307F}\x{306E}\x{5927}\x{3044}\x{306A}\x{308B}\x{307B}\x{3069}\x{82E6}\x{3057}\x{307F}\x{3082}\x{5927}\x{304D}\x{3044}\x{3002}\x{3053}\x{308C}\x{3092}\x{5207}\x{308A}\x{653E}\x{305D}\x{3046}"
            text run at (837,0) width 160: "\x{3068}\x{3059}\x{308B}\x{3068}\x{8EAB}\x{304C}\x{6301}\x{3066}\x{306C}\x{3002}"
          RenderRuby (inline) {RUBY} at (0,0) size 17x16
            RenderRubyRun (anonymous) at (837,160) size 17x16
              RenderRubyText {RT} at (-9,0) size 9x16
                RenderText {#text} at (0,0) size 9x16
                  text run at (0,0) width 16: "\x{304B}\x{305F}"
              RenderRubyBase (anonymous) at (0,0) size 17x16
                RenderInline {RB} at (0,0) size 17x16
                  RenderText {#text} at (0,0) size 17x16
                    text run at (0,0) width 16: "\x{7247}"
          RenderText {#text} at (837,176) size 43x464
            text run at (837,176) width 288: "\x{3065}\x{3051}\x{3088}\x{3046}\x{3068}\x{3059}\x{308C}\x{3070}\x{4E16}\x{304C}\x{7ACB}\x{305F}\x{306C}\x{3002}\x{91D1}\x{306F}\x{5927}\x{4E8B}"
            text run at (863,0) width 128: "\x{3060}\x{3001}\x{5927}\x{4E8B}\x{306A}\x{3082}\x{306E}\x{304C}"
          RenderRuby (inline) {RUBY} at (0,0) size 17x16
            RenderRubyRun (anonymous) at (863,128) size 17x16
              RenderRubyText {RT} at (-9,0) size 9x16
                RenderText {#text} at (0,4) size 9x8
                  text run at (0,4) width 8: "\x{3075}"
              RenderRubyBase (anonymous) at (0,0) size 17x16
                RenderInline {RB} at (0,0) size 17x16
                  RenderText {#text} at (0,0) size 17x16
                    text run at (0,0) width 16: "\x{6B96}"
          RenderText {#text} at (863,144) size 17x48
            text run at (863,144) width 48: "\x{3048}\x{308C}\x{3070}"
          RenderRuby (inline) {RUBY} at (0,0) size 17x16
            RenderRubyRun (anonymous) at (863,192) size 17x16
              RenderRubyText {RT} at (-9,0) size 9x16
                RenderText {#text} at (0,4) size 9x8
                  text run at (0,4) width 8: "\x{306D}"
              RenderRubyBase (anonymous) at (0,0) size 17x16
                RenderInline {RB} at (0,0) size 17x16
                  RenderText {#text} at (0,0) size 17x16
                    text run at (0,0) width 16: "\x{5BDD}"
          RenderText {#text} at (863,208) size 17x16
            text run at (863,208) width 16: "\x{308B}"
          RenderRuby (inline) {RUBY} at (0,0) size 17x16
            RenderRubyRun (anonymous) at (863,224) size 17x16
              RenderRubyText {RT} at (-9,0) size 9x16
                RenderText {#text} at (0,4) size 9x8
                  text run at (0,4) width 8: "\x{307E}"
              RenderRubyBase (anonymous) at (0,0) size 17x16
                RenderInline {RB} at (0,0) size 17x16
                  RenderText {#text} at (0,0) size 17x16
                    text run at (0,0) width 16: "\x{9593}"
          RenderText {#text} at (863,240) size 60x480
            text run at (863,240) width 240: "\x{3082}\x{5FC3}\x{914D}\x{3060}\x{308D}\x{3046}\x{3002}\x{604B}\x{306F}\x{3046}\x{308C}\x{3057}\x{3044}\x{3001}\x{5B09}"
            text run at (880,0) width 480: "\x{3057}\x{3044}\x{604B}\x{304C}\x{7A4D}\x{3082}\x{308C}\x{3070}\x{3001}\x{604B}\x{3092}\x{305B}\x{306C}\x{6614}\x{304C}\x{304B}\x{3048}\x{3063}\x{3066}\x{604B}\x{3057}\x{304B}\x{308D}\x{3002}\x{95A3}\x{50DA}\x{306E}\x{80A9}\x{306F}\x{6570}"
            text run at (906,0) width 96: "\x{767E}\x{4E07}\x{4EBA}\x{306E}\x{8DB3}\x{3092}"
          RenderRuby (inline) {RUBY} at (0,0) size 17x16
            RenderRubyRun (anonymous) at (906,96) size 17x16
              RenderRubyText {RT} at (-9,0) size 9x16
                RenderText {#text} at (0,0) size 9x16
                  text run at (0,0) width 16: "\x{3055}\x{3055}"
              RenderRubyBase (anonymous) at (0,0) size 17x16
                RenderInline {RB} at (0,0) size 17x16
                  RenderText {#text} at (0,0) size 17x16
                    text run at (0,0) width 16: "\x{652F}"
          RenderText {#text} at (906,112) size 17x80
            text run at (906,112) width 80: "\x{3048}\x{3066}\x{3044}\x{308B}\x{3002}"
          RenderRuby (inline) {RUBY} at (0,0) size 17x32
            RenderRubyRun (anonymous) at (906,192) size 17x32
              RenderRubyText {RT} at (-9,0) size 9x32
                RenderText {#text} at (0,4) size 9x24
                  text run at (0,4) width 24: "\x{305B}\x{306A}\x{304B}"
              RenderRubyBase (anonymous) at (0,0) size 17x32
                RenderInline {RB} at (0,0) size 17x32
                  RenderText {#text} at (0,0) size 17x32
                    text run at (0,0) width 32: "\x{80CC}\x{4E2D}"
          RenderText {#text} at (906,224) size 43x480
            text run at (906,224) width 256: "\x{306B}\x{306F}\x{91CD}\x{3044}\x{5929}\x{4E0B}\x{304C}\x{304A}\x{3076}\x{3055}\x{3063}\x{3066}\x{3044}\x{308B}\x{3002}\x{3046}"
            text run at (932,0) width 272: "\x{307E}\x{3044}\x{7269}\x{3082}\x{98DF}\x{308F}\x{306D}\x{3070}\x{60DC}\x{3057}\x{3044}\x{3002}\x{5C11}\x{3057}\x{98DF}\x{3048}\x{3070}"
          RenderRuby (inline) {RUBY} at (0,0) size 17x16
            RenderRubyRun (anonymous) at (932,272) size 17x16
              RenderRubyText {RT} at (-9,0) size 9x16
                RenderText {#text} at (0,4) size 9x8
                  text run at (0,4) width 8: "\x{3042}"
              RenderRubyBase (anonymous) at (0,0) size 17x16
                RenderInline {RB} at (0,0) size 17x16
                  RenderText {#text} at (0,0) size 17x16
                    text run at (0,0) width 16: "\x{98FD}"
          RenderText {#text} at (932,288) size 17x16
            text run at (932,288) width 16: "\x{304D}"
          RenderRuby (inline) {RUBY} at (0,0) size 17x16
            RenderRubyRun (anonymous) at (932,304) size 17x16
              RenderRubyText {RT} at (-9,0) size 9x16
                RenderText {#text} at (0,4) size 9x8
                  text run at (0,4) width 8: "\x{305F}"
              RenderRubyBase (anonymous) at (0,0) size 17x16
                RenderInline {RB} at (0,0) size 17x16
                  RenderText {#text} at (0,0) size 17x16
                    text run at (0,0) width 16: "\x{8DB3}"
          RenderText {#text} at (932,320) size 34x480
            text run at (932,320) width 160: "\x{3089}\x{306C}\x{3002}\x{5B58}\x{5206}\x{98DF}\x{3048}\x{3070}\x{3042}\x{3068}"
            text run at (949,0) width 128: "\x{304C}\x{4E0D}\x{6109}\x{5FEB}\x{3060}\x{3002}\x{2026}\x{2026}"
          RenderBR {BR} at (949,128) size 17x0
          RenderText {#text} at (975,0) size 17x16
            text run at (975,0) width 16: "\x{3000}"
          RenderRuby (inline) {RUBY} at (0,0) size 17x16
            RenderRubyRun (anonymous) at (975,16) size 17x16
              RenderRubyText {RT} at (-9,0) size 9x16
                RenderText {#text} at (0,4) size 9x8
                  text run at (0,4) width 8: "\x{3088}"
              RenderRubyBase (anonymous) at (0,0) size 17x16
                RenderInline {RB} at (0,0) size 17x16
                  RenderText {#text} at (0,0) size 17x16
                    text run at (0,0) width 16: "\x{4F59}"
          RenderText {#text} at (975,32) size 17x16
            text run at (975,32) width 16: "\x{306E}"
          RenderRuby (inline) {RUBY} at (0,0) size 17x24
            RenderRubyRun (anonymous) at (975,44) size 17x32
              RenderRubyText {RT} at (-9,0) size 9x32
                RenderText {#text} at (0,0) size 9x32
                  text run at (0,0) width 32: "\x{304B}\x{3093}\x{304C}\x{3048}"
              RenderRubyBase (anonymous) at (0,0) size 17x32
                RenderInline {RB} at (0,0) size 17x16
                  RenderText {#text} at (0,8) size 17x16
                    text run at (0,8) width 16: "\x{8003}"
          RenderText {#text} at (975,72) size 17x256
            text run at (975,72) width 256: "\x{304C}\x{3053}\x{3053}\x{307E}\x{3067}\x{6F02}\x{6D41}\x{3057}\x{3066}\x{6765}\x{305F}\x{6642}\x{306B}\x{3001}\x{4F59}\x{306E}"
          RenderRuby (inline) {RUBY} at (0,0) size 17x32
            RenderRubyRun (anonymous) at (975,328) size 17x32
              RenderRubyText {RT} at (-9,0) size 9x32
                RenderText {#text} at (0,4) size 9x24
                  text run at (0,4) width 24: "\x{3046}\x{305D}\x{304F}"
              RenderRubyBase (anonymous) at (0,0) size 17x32
                RenderInline {RB} at (0,0) size 17x32
                  RenderText {#text} at (0,0) size 17x32
                    text run at (0,0) width 32: "\x{53F3}\x{8DB3}"
          RenderText {#text} at (975,360) size 17x48
            text run at (975,360) width 48: "\x{306F}\x{7A81}\x{7136}"
          RenderRuby (inline) {RUBY} at (0,0) size 17x16
            RenderRubyRun (anonymous) at (975,408) size 17x16
              RenderRubyText {RT} at (-9,0) size 9x16
                RenderText {#text} at (0,0) size 9x16
                  text run at (0,0) width 16: "\x{3059}\x{308F}"
              RenderRubyBase (anonymous) at (0,0) size 17x16
                RenderInline {RB} at (0,0) size 17x16
                  RenderText {#text} at (0,0) size 17x16
                    text run at (0,0) width 16: "\x{5750}"
          RenderText {#text} at (975,424) size 43x488
            text run at (975,424) width 64: "\x{308A}\x{306E}\x{308F}\x{308B}"
            text run at (1001,0) width 16: "\x{3044}"
          RenderRuby (inline) {RUBY} at (0,0) size 17x32
            RenderRubyRun (anonymous) at (1001,16) size 17x32
              RenderRubyText {RT} at (-9,0) size 9x32
                RenderText {#text} at (0,0) size 9x32
                  text run at (0,0) width 32: "\x{304B}\x{304F}\x{3044}\x{3057}"
              RenderRubyBase (anonymous) at (0,0) size 17x32
                RenderInline {RB} at (0,0) size 17x32
                  RenderText {#text} at (0,0) size 17x32
                    text run at (0,0) width 32: "\x{89D2}\x{77F3}"
          RenderText {#text} at (1001,48) size 17x16
            text run at (1001,48) width 16: "\x{306E}"
          RenderRuby (inline) {RUBY} at (0,0) size 17x16
            RenderRubyRun (anonymous) at (1001,64) size 17x16
              RenderRubyText {RT} at (-9,0) size 9x16
                RenderText {#text} at (0,0) size 9x16
                  text run at (0,0) width 16: "\x{306F}\x{3057}"
              RenderRubyBase (anonymous) at (0,0) size 17x16
                RenderInline {RB} at (0,0) size 17x16
                  RenderText {#text} at (0,0) size 17x16
                    text run at (0,0) width 16: "\x{7AEF}"
          RenderText {#text} at (1001,80) size 17x48
            text run at (1001,80) width 48: "\x{3092}\x{8E0F}\x{307F}"
          RenderRuby (inline) {RUBY} at (0,0) size 17x16
            RenderRubyRun (anonymous) at (1001,128) size 17x16
              RenderRubyText {RT} at (-9,0) size 9x16
                RenderText {#text} at (0,4) size 9x8
                  text run at (0,4) width 8: "\x{305D}"
              RenderRubyBase (anonymous) at (0,0) size 17x16
                RenderInline {RB} at (0,0) size 17x16
                  RenderText {#text} at (0,0) size 17x16
                    text run at (0,0) width 16: "\x{640D}"
          RenderText {#text} at (1001,144) size 17x80
            text run at (1001,144) width 80: "\x{304F}\x{306A}\x{3063}\x{305F}\x{3002}"
          RenderRuby (inline) {RUBY} at (0,0) size 17x32
            RenderRubyRun (anonymous) at (1001,224) size 17x32
              RenderRubyText {RT} at (-9,0) size 9x32
                RenderText {#text} at (0,0) size 9x32
                  text run at (0,0) width 32: "\x{3078}\x{3044}\x{3053}\x{3046}"
              RenderRubyBase (anonymous) at (0,0) size 17x32
                RenderInline {RB} at (0,0) size 17x32
                  RenderText {#text} at (0,0) size 17x32
                    text run at (0,0) width 32: "\x{5E73}\x{8861}"
          RenderText {#text} at (1001,256) size 43x480
            text run at (1001,256) width 224: "\x{3092}\x{4FDD}\x{3064}\x{305F}\x{3081}\x{306B}\x{3001}\x{3059}\x{308F}\x{3084}\x{3068}\x{524D}\x{306B}\x{98DB}"
            text run at (1027,0) width 64: "\x{3073}\x{51FA}\x{3057}\x{305F}"
          RenderRuby (inline) {RUBY} at (0,0) size 17x32
            RenderRubyRun (anonymous) at (1027,64) size 17x32
              RenderRubyText {RT} at (-9,0) size 9x32
                RenderText {#text} at (0,4) size 9x24
                  text run at (0,4) width 24: "\x{3055}\x{305D}\x{304F}"
              RenderRubyBase (anonymous) at (0,0) size 17x32
                RenderInline {RB} at (0,0) size 17x32
                  RenderText {#text} at (0,0) size 17x32
                    text run at (0,0) width 32: "\x{5DE6}\x{8DB3}"
          RenderText {#text} at (1027,96) size 17x32
            text run at (1027,96) width 32: "\x{304C}\x{3001}"
          RenderRuby (inline) {RUBY} at (0,0) size 17x32
            RenderRubyRun (anonymous) at (1027,128) size 17x32
              RenderRubyText {RT} at (-9,0) size 9x32
                RenderText {#text} at (0,4) size 9x24
                  text run at (0,4) width 24: "\x{3057}\x{305D}\x{3093}"
              RenderRubyBase (anonymous) at (0,0) size 17x32
                RenderInline {RB} at (0,0) size 17x32
                  RenderText {#text} at (0,0) size 17x32
                    text run at (0,0) width 32: "\x{4ED5}\x{640D}"
          RenderText {#text} at (1027,160) size 17x32
            text run at (1027,160) width 32: "\x{3058}\x{306E}"
          RenderRuby (inline) {RUBY} at (0,0) size 17x16
            RenderRubyRun (anonymous) at (1027,192) size 17x16
              RenderRubyText {RT} at (-9,0) size 9x16
                RenderText {#text} at (0,4) size 9x8
                  text run at (0,4) width 8: "\x{3046}"
              RenderRubyBase (anonymous) at (0,0) size 17x16
                RenderInline {RB} at (0,0) size 17x16
                  RenderText {#text} at (0,0) size 17x16
                    text run at (0,0) width 16: "\x{57CB}"
          RenderText {#text} at (1027,208) size 17x16
            text run at (1027,208) width 16: "\x{3081}"
          RenderRuby (inline) {RUBY} at (0,0) size 17x16
            RenderRubyRun (anonymous) at (1027,224) size 17x16
              RenderRubyText {RT} at (-9,0) size 9x16
                RenderText {#text} at (0,0) size 9x16
                  text run at (0,0) width 16: "\x{3042}\x{308F}"
              RenderRubyBase (anonymous) at (0,0) size 17x16
                RenderInline {RB} at (0,0) size 17x16
                  RenderText {#text} at (0,0) size 17x16
                    text run at (0,0) width 16: "\x{5408}"
          RenderText {#text} at (1027,240) size 43x480
            text run at (1027,240) width 240: "\x{305B}\x{3092}\x{3059}\x{308B}\x{3068}\x{5171}\x{306B}\x{3001}\x{4F59}\x{306E}\x{8170}\x{306F}\x{5177}\x{5408}\x{3088}"
            text run at (1053,0) width 16: "\x{304F}"
          RenderRuby (inline) {RUBY} at (0,0) size 17x16
            RenderRubyRun (anonymous) at (1053,16) size 17x16
              RenderRubyText {RT} at (-9,0) size 9x16
                RenderText {#text} at (0,0) size 9x16
                  text run at (0,0) width 16: "\x{307B}\x{3046}"
              RenderRubyBase (anonymous) at (0,0) size 17x16
                RenderInline {RB} at (0,0) size 17x16
                  RenderText {#text} at (0,0) size 17x16
                    text run at (0,0) width 16: "\x{65B9}"
          RenderText {#text} at (1053,32) size 17x144
            text run at (1053,32) width 144: "\x{4E09}\x{5C3A}\x{307B}\x{3069}\x{306A}\x{5CA9}\x{306E}\x{4E0A}\x{306B}"
          RenderRuby (inline) {RUBY} at (0,0) size 17x16
            RenderRubyRun (anonymous) at (1053,176) size 17x16
              RenderRubyText {RT} at (-9,0) size 9x16
                RenderText {#text} at (0,4) size 9x8
                  text run at (0,4) width 8: "\x{304A}"
              RenderRubyBase (anonymous) at (0,0) size 17x16
                RenderInline {RB} at (0,0) size 17x16
                  RenderText {#text} at (0,0) size 17x16
                    text run at (0,0) width 16: "\x{5378}"
          RenderText {#text} at (1053,192) size 17x208
            text run at (1053,192) width 208: "\x{308A}\x{305F}\x{3002}\x{80A9}\x{306B}\x{304B}\x{3051}\x{305F}\x{7D75}\x{306E}\x{5177}\x{7BB1}\x{304C}"
          RenderRuby (inline) {RUBY} at (0,0) size 17x16
            RenderRubyRun (anonymous) at (1053,400) size 17x16
              RenderRubyText {RT} at (-9,0) size 9x16
                RenderText {#text} at (0,0) size 9x16
                  text run at (0,0) width 16: "\x{308F}\x{304D}"
              RenderRubyBase (anonymous) at (0,0) size 17x16
                RenderInline {RB} at (0,0) size 17x16
                  RenderText {#text} at (0,0) size 17x16
                    text run at (0,0) width 16: "\x{814B}"
          RenderText {#text} at (1053,416) size 17x64
            text run at (1053,416) width 64: "\x{306E}\x{4E0B}\x{304B}\x{3089}"
          RenderRuby (inline) {RUBY} at (0,0) size 17x16
            RenderRubyRun (anonymous) at (1079,0) size 17x16
              RenderRubyText {RT} at (-9,0) size 9x16
                RenderText {#text} at (0,0) size 9x16
                  text run at (0,0) width 16: "\x{304A}\x{3069}"
              RenderRubyBase (anonymous) at (0,0) size 17x16
                RenderInline {RB} at (0,0) size 17x16
                  RenderText {#text} at (0,0) size 17x16
                    text run at (0,0) width 16: "\x{8E8D}"
          RenderText {#text} at (1079,16) size 17x176
            text run at (1079,16) width 176: "\x{308A}\x{51FA}\x{3057}\x{305F}\x{3060}\x{3051}\x{3067}\x{3001}\x{5E78}\x{3044}\x{3068}"
          RenderRuby (inline) {RUBY} at (0,0) size 17x16
            RenderRubyRun (anonymous) at (1079,192) size 17x16
              RenderRubyText {RT} at (-9,0) size 9x16
                RenderText {#text} at (0,0) size 9x16
                  text run at (0,0) width 16: "\x{306A}\x{3093}"
              RenderRubyBase (anonymous) at (0,0) size 17x16
                RenderInline {RB} at (0,0) size 17x16
                  RenderText {#text} at (0,0) size 17x16
                    text run at (0,0) width 16: "\x{4F55}"
          RenderText {#text} at (1079,208) size 17x128
            text run at (1079,208) width 128: "\x{306E}\x{4E8B}\x{3082}\x{306A}\x{304B}\x{3063}\x{305F}\x{3002}"
          RenderBR {BR} at (1079,336) size 17x0
          RenderText {#text} at (1105,0) size 17x240
            text run at (1105,0) width 240: "\x{3000}\x{7ACB}\x{3061}\x{4E0A}\x{304C}\x{308B}\x{6642}\x{306B}\x{5411}\x{3046}\x{3092}\x{898B}\x{308B}\x{3068}\x{3001}"
          RenderRuby (inline) {RUBY} at (0,0) size 17x16
            RenderRubyRun (anonymous) at (1105,240) size 17x16
              RenderRubyText {RT} at (-9,0) size 9x16
                RenderText {#text} at (0,0) size 9x16
                  text run at (0,0) width 16: "\x{307F}\x{3061}"
              RenderRubyBase (anonymous) at (0,0) size 17x16
                RenderInline {RB} at (0,0) size 17x16
                  RenderText {#text} at (0,0) size 17x16
                    text run at (0,0) width 16: "\x{8DEF}"
          RenderText {#text} at (1105,256) size 43x480
            text run at (1105,256) width 224: "\x{304B}\x{3089}\x{5DE6}\x{306E}\x{65B9}\x{306B}\x{30D0}\x{30B1}\x{30C4}\x{3092}\x{4F0F}\x{305B}\x{305F}\x{3088}"
            text run at (1131,0) width 64: "\x{3046}\x{306A}\x{5CF0}\x{304C}"
          RenderRuby (inline) {RUBY} at (0,0) size 17x16
            RenderRubyRun (anonymous) at (1131,64) size 17x16
              RenderRubyText {RT} at (-9,0) size 9x16
                RenderText {#text} at (0,0) size 9x16
                  text run at (0,0) width 16: "\x{305D}\x{3073}"
              RenderRubyBase (anonymous) at (0,0) size 17x16
                RenderInline {RB} at (0,0) size 17x16
                  RenderText {#text} at (0,0) size 17x16
                    text run at (0,0) width 16: "\x{8073}"
          RenderText {#text} at (1131,80) size 17x112
            text run at (1131,80) width 112: "\x{3048}\x{3066}\x{3044}\x{308B}\x{3002}\x{6749}\x{304B}"
          RenderRuby (inline) {RUBY} at (0,0) size 17x16
            RenderRubyRun (anonymous) at (1131,188) size 17x24
              RenderRubyText {RT} at (-9,0) size 9x24
                RenderText {#text} at (0,0) size 9x24
                  text run at (0,0) width 24: "\x{3072}\x{306E}\x{304D}"
              RenderRubyBase (anonymous) at (0,0) size 17x24
                RenderInline {RB} at (0,0) size 17x16
                  RenderText {#text} at (0,4) size 17x16
                    text run at (0,4) width 16: "\x{6A9C}"
          RenderText {#text} at (1131,208) size 17x112
            text run at (1131,208) width 112: "\x{304B}\x{5206}\x{304B}\x{3089}\x{306A}\x{3044}\x{304C}"
          RenderRuby (inline) {RUBY} at (0,0) size 17x32
            RenderRubyRun (anonymous) at (1131,320) size 17x32
              RenderRubyText {RT} at (-9,0) size 9x32
                RenderText {#text} at (0,4) size 9x24
                  text run at (0,4) width 24: "\x{306D}\x{3082}\x{3068}"
              RenderRubyBase (anonymous) at (0,0) size 17x32
                RenderInline {RB} at (0,0) size 17x32
                  RenderText {#text} at (0,0) size 17x32
                    text run at (0,0) width 32: "\x{6839}\x{5143}"
          RenderText {#text} at (1131,352) size 17x32
            text run at (1131,352) width 32: "\x{304B}\x{3089}"
          RenderRuby (inline) {RUBY} at (0,0) size 17x16
            RenderRubyRun (anonymous) at (1131,380) size 17x24
              RenderRubyText {RT} at (-9,0) size 9x24
                RenderText {#text} at (0,0) size 9x24
                  text run at (0,0) width 24: "\x{3044}\x{305F}\x{3060}"
              RenderRubyBase (anonymous) at (0,0) size 17x24
                RenderInline {RB} at (0,0) size 17x16
                  RenderText {#text} at (0,4) size 17x16
                    text run at (0,4) width 16: "\x{9802}"
          RenderText {#text} at (1131,400) size 43x480
            text run at (1131,400) width 80: "\x{304D}\x{307E}\x{3067}\x{3053}\x{3068}"
            text run at (1157,0) width 48: "\x{3054}\x{3068}\x{304F}"
          RenderRuby (inline) {RUBY} at (0,0) size 17x32
            RenderRubyRun (anonymous) at (1157,48) size 17x32
              RenderRubyText {RT} at (-9,0) size 9x32
                RenderText {#text} at (0,0) size 9x32
                  text run at (0,0) width 32: "\x{3042}\x{304A}\x{3050}\x{308D}"
              RenderRubyBase (anonymous) at (0,0) size 17x32
                RenderInline {RB} at (0,0) size 17x32
                  RenderText {#text} at (0,0) size 17x32
                    text run at (0,0) width 32: "\x{84BC}\x{9ED2}"
          RenderText {#text} at (1157,80) size 17x240
            text run at (1157,80) width 240: "\x{3044}\x{4E2D}\x{306B}\x{3001}\x{5C71}\x{685C}\x{304C}\x{8584}\x{8D64}\x{304F}\x{3060}\x{3093}\x{3060}\x{3089}\x{306B}"
          RenderRuby (inline) {RUBY} at (0,0) size 17x32
            RenderRubyRun (anonymous) at (1157,320) size 17x32
              RenderRubyText {RT} at (-9,0) size 9x32
                RenderText {#text} at (0,4) size 9x24
                  text run at (0,4) width 24: "\x{305F}\x{306A}\x{3073}"
              RenderRubyBase (anonymous) at (0,0) size 17x32
                RenderInline {RB} at (0,0) size 17x32
                  RenderText {#text} at (0,0) size 17x32
                    text run at (0,0) width 32: "\x{68DA}\x{5F15}"
          RenderText {#text} at (1157,352) size 17x48
            text run at (1157,352) width 48: "\x{3044}\x{3066}\x{3001}"
          RenderRuby (inline) {RUBY} at (0,0) size 17x16
            RenderRubyRun (anonymous) at (1157,400) size 17x16
              RenderRubyText {RT} at (-9,0) size 9x16
                RenderText {#text} at (0,4) size 9x8
                  text run at (0,4) width 8: "\x{3064}"
              RenderRubyBase (anonymous) at (0,0) size 17x16
                RenderInline {RB} at (0,0) size 17x16
                  RenderText {#text} at (0,0) size 17x16
                    text run at (0,0) width 16: "\x{7D9A}"
          RenderText {#text} at (1157,416) size 17x16
            text run at (1157,416) width 16: "\x{304E}"
          RenderRuby (inline) {RUBY} at (0,0) size 17x16
            RenderRubyRun (anonymous) at (1157,432) size 17x16
              RenderRubyText {RT} at (-9,0) size 9x16
                RenderText {#text} at (0,4) size 9x8
                  text run at (0,4) width 8: "\x{3081}"
              RenderRubyBase (anonymous) at (0,0) size 17x16
                RenderInline {RB} at (0,0) size 17x16
                  RenderText {#text} at (0,0) size 17x16
                    text run at (0,0) width 16: "\x{76EE}"
          RenderText {#text} at (1157,448) size 17x16
            text run at (1157,448) width 16: "\x{304C}"
          RenderRuby (inline) {RUBY} at (0,0) size 17x16
            RenderRubyRun (anonymous) at (1157,464) size 17x16
              RenderRubyText {RT} at (-9,0) size 9x16
                RenderText {#text} at (0,0) size 9x16
                  text run at (0,0) width 16: "\x{3057}\x{304B}"
              RenderRubyBase (anonymous) at (0,0) size 17x16
                RenderInline {RB} at (0,0) size 17x16
                  RenderText {#text} at (0,0) size 17x16
                    text run at (0,0) width 16: "\x{78BA}"
          RenderText {#text} at (1183,0) size 17x112
            text run at (1183,0) width 112: "\x{3068}\x{898B}\x{3048}\x{306C}\x{304F}\x{3089}\x{3044}"
          RenderRuby (inline) {RUBY} at (0,0) size 17x16
            RenderRubyRun (anonymous) at (1183,112) size 17x16
              RenderRubyText {RT} at (-9,0) size 9x16
                RenderText {#text} at (0,0) size 9x16
                  text run at (0,0) width 16: "\x{3082}\x{3084}"
              RenderRubyBase (anonymous) at (0,0) size 17x16
                RenderInline {RB} at (0,0) size 17x16
                  RenderText {#text} at (0,0) size 17x16
                    text run at (0,0) width 16: "\x{9744}"
          RenderText {#text} at (1183,128) size 17x144
            text run at (1183,128) width 144: "\x{304C}\x{6FC3}\x{3044}\x{3002}\x{5C11}\x{3057}\x{624B}\x{524D}\x{306B}"
          RenderRuby (inline) {RUBY} at (0,0) size 17x32
            RenderRubyRun (anonymous) at (1183,272) size 17x32
              RenderRubyText {RT} at (-9,0) size 9x32
                RenderText {#text} at (0,0) size 9x32
                  text run at (0,0) width 32: "\x{306F}\x{3052}\x{3084}\x{307E}"
              RenderRubyBase (anonymous) at (0,0) size 17x32
                RenderInline {RB} at (0,0) size 17x32
                  RenderText {#text} at (0,0) size 17x32
                    text run at (0,0) width 32: "\x{79BF}\x{5C71}"
          RenderText {#text} at (1183,304) size 17x64
            text run at (1183,304) width 64: "\x{304C}\x{4E00}\x{3064}\x{3001}"
          RenderRuby (inline) {RUBY} at (0,0) size 17x16
            RenderRubyRun (anonymous) at (1183,368) size 17x16
              RenderRubyText {RT} at (-9,0) size 9x16
                RenderText {#text} at (0,0) size 9x16
                  text run at (0,0) width 16: "\x{3050}\x{3093}"
              RenderRubyBase (anonymous) at (0,0) size 17x16
                RenderInline {RB} at (0,0) size 17x16
                  RenderText {#text} at (0,0) size 17x16
                    text run at (0,0) width 16: "\x{7FA4}"
          RenderText {#text} at (1183,384) size 17x96
            text run at (1183,384) width 96: "\x{3092}\x{306C}\x{304D}\x{3093}\x{3067}\x{3066}"
          RenderRuby (inline) {RUBY} at (0,0) size 17x16
            RenderRubyRun (anonymous) at (1209,0) size 17x16
              RenderRubyText {RT} at (-9,0) size 9x16
                RenderText {#text} at (0,0) size 9x16
                  text run at (0,0) width 16: "\x{307E}\x{3086}"
              RenderRubyBase (anonymous) at (0,0) size 17x16
                RenderInline {RB} at (0,0) size 17x16
                  RenderText {#text} at (0,0) size 17x16
                    text run at (0,0) width 16: "\x{7709}"
          RenderText {#text} at (1209,16) size 17x16
            text run at (1209,16) width 16: "\x{306B}"
          RenderRuby (inline) {RUBY} at (0,0) size 17x16
            RenderRubyRun (anonymous) at (1209,32) size 17x16
              RenderRubyText {RT} at (-9,0) size 9x16
                RenderText {#text} at (0,0) size 9x16
                  text run at (0,0) width 16: "\x{305B}\x{307E}"
              RenderRubyBase (anonymous) at (0,0) size 17x16
                RenderInline {RB} at (0,0) size 17x16
                  RenderText {#text} at (0,0) size 17x16
                    text run at (0,0) width 16: "\x{903C}"
          RenderText {#text} at (1209,48) size 17x32
            text run at (1209,48) width 32: "\x{308B}\x{3002}"
          RenderRuby (inline) {RUBY} at (0,0) size 17x16
            RenderRubyRun (anonymous) at (1209,80) size 17x16
              RenderRubyText {RT} at (-9,0) size 9x16
                RenderText {#text} at (0,4) size 9x8
                  text run at (0,4) width 8: "\x{306F}"
              RenderRubyBase (anonymous) at (0,0) size 17x16
                RenderInline {RB} at (0,0) size 17x16
                  RenderText {#text} at (0,0) size 17x16
                    text run at (0,0) width 16: "\x{79BF}"
          RenderText {#text} at (1209,96) size 17x128
            text run at (1209,96) width 128: "\x{3052}\x{305F}\x{5074}\x{9762}\x{306F}\x{5DE8}\x{4EBA}\x{306E}"
          RenderRuby (inline) {RUBY} at (0,0) size 17x16
            RenderRubyRun (anonymous) at (1209,224) size 17x16
              RenderRubyText {RT} at (-9,0) size 9x16
                RenderText {#text} at (0,0) size 9x16
                  text run at (0,0) width 16: "\x{304A}\x{306E}"
              RenderRubyBase (anonymous) at (0,0) size 17x16
                RenderInline {RB} at (0,0) size 17x16
                  RenderText {#text} at (0,0) size 17x16
                    text run at (0,0) width 16: "\x{65A7}"
          RenderText {#text} at (1209,240) size 17x16
            text run at (1209,240) width 16: "\x{3067}"
          RenderRuby (inline) {RUBY} at (0,0) size 17x16
            RenderRubyRun (anonymous) at (1209,256) size 17x16
              RenderRubyText {RT} at (-9,0) size 9x16
                RenderText {#text} at (0,0) size 9x16
                  text run at (0,0) width 16: "\x{3051}\x{305A}"
              RenderRubyBase (anonymous) at (0,0) size 17x16
                RenderInline {RB} at (0,0) size 17x16
                  RenderText {#text} at (0,0) size 17x16
                    text run at (0,0) width 16: "\x{524A}"
          RenderText {#text} at (1209,272) size 43x480
            text run at (1209,272) width 208: "\x{308A}\x{53BB}\x{3063}\x{305F}\x{304B}\x{3001}\x{92ED}\x{3069}\x{304D}\x{5E73}\x{9762}\x{3092}\x{3084}"
            text run at (1235,0) width 96: "\x{3051}\x{306B}\x{8C37}\x{306E}\x{5E95}\x{306B}"
          RenderRuby (inline) {RUBY} at (0,0) size 17x16
            RenderRubyRun (anonymous) at (1235,96) size 17x16
              RenderRubyText {RT} at (-9,0) size 9x16
                RenderText {#text} at (0,0) size 9x16
                  text run at (0,0) width 16: "\x{3046}\x{305A}"
              RenderRubyBase (anonymous) at (0,0) size 17x16
                RenderInline {RB} at (0,0) size 17x16
                  RenderText {#text} at (0,0) size 17x16
                    text run at (0,0) width 16: "\x{57CB}"
          RenderText {#text} at (1235,112) size 17x80
            text run at (1235,112) width 80: "\x{3081}\x{3066}\x{3044}\x{308B}\x{3002}"
          RenderRuby (inline) {RUBY} at (0,0) size 17x32
            RenderRubyRun (anonymous) at (1235,192) size 17x32
              RenderRubyText {RT} at (-9,0) size 9x32
                RenderText {#text} at (0,0) size 9x32
                  text run at (0,0) width 32: "\x{3066}\x{3063}\x{307A}\x{3093}"
              RenderRubyBase (anonymous) at (0,0) size 17x32
                RenderInline {RB} at (0,0) size 17x32
                  RenderText {#text} at (0,0) size 17x32
                    text run at (0,0) width 32: "\x{5929}\x{8FBA}"
          RenderText {#text} at (1235,224) size 43x480
            text run at (1235,224) width 256: "\x{306B}\x{4E00}\x{672C}\x{898B}\x{3048}\x{308B}\x{306E}\x{306F}\x{8D64}\x{677E}\x{3060}\x{308D}\x{3046}\x{3002}\x{679D}\x{306E}"
            text run at (1261,0) width 80: "\x{9593}\x{306E}\x{7A7A}\x{3055}\x{3048}"
          RenderRuby (inline) {RUBY} at (0,0) size 17x32
            RenderRubyRun (anonymous) at (1261,80) size 17x32
              RenderRubyText {RT} at (-9,0) size 9x32
                RenderText {#text} at (0,0) size 9x32
                  text run at (0,0) width 32: "\x{306F}\x{3063}\x{304D}\x{308A}"
              RenderRubyBase (anonymous) at (0,0) size 17x32
                RenderInline {RB} at (0,0) size 17x32
                  RenderText {#text} at (0,0) size 17x32
                    text run at (0,0) width 32: "\x{5224}\x{7136}"
          RenderText {#text} at (1261,112) size 43x480
            text run at (1261,112) width 368: "\x{3057}\x{3066}\x{3044}\x{308B}\x{3002}\x{884C}\x{304F}\x{624B}\x{306F}\x{4E8C}\x{4E01}\x{307B}\x{3069}\x{3067}\x{5207}\x{308C}\x{3066}\x{3044}\x{308B}\x{304C}\x{3001}\x{9AD8}\x{3044}"
            text run at (1287,0) width 80: "\x{6240}\x{304B}\x{3089}\x{8D64}\x{3044}"
          RenderRuby (inline) {RUBY} at (0,0) size 17x32
            RenderRubyRun (anonymous) at (1287,80) size 17x32
              RenderRubyText {RT} at (-9,0) size 9x32
                RenderText {#text} at (0,4) size 9x24
                  text run at (0,4) width 24: "\x{3051}\x{3063}\x{3068}"
              RenderRubyBase (anonymous) at (0,0) size 17x32
                RenderInline {RB} at (0,0) size 17x32
                  RenderText {#text} at (0,0) size 17x32
                    text run at (0,0) width 32: "\x{6BDB}\x{5E03}"
          RenderText {#text} at (1287,112) size 43x480
            text run at (1287,112) width 368: "\x{304C}\x{52D5}\x{3044}\x{3066}\x{6765}\x{308B}\x{306E}\x{3092}\x{898B}\x{308B}\x{3068}\x{3001}\x{767B}\x{308C}\x{3070}\x{3042}\x{3059}\x{3053}\x{3078}\x{51FA}\x{308B}\x{306E}\x{3060}"
            text run at (1313,0) width 144: "\x{308D}\x{3046}\x{3002}\x{8DEF}\x{306F}\x{3059}\x{3053}\x{3076}\x{308B}"
          RenderRuby (inline) {RUBY} at (0,0) size 17x32
            RenderRubyRun (anonymous) at (1313,144) size 17x32
              RenderRubyText {RT} at (-9,0) size 9x32
                RenderText {#text} at (0,4) size 9x24
                  text run at (0,4) width 24: "\x{306A}\x{3093}\x{304E}"
              RenderRubyBase (anonymous) at (0,0) size 17x32
                RenderInline {RB} at (0,0) size 17x32
                  RenderText {#text} at (0,0) size 17x32
                    text run at (0,0) width 32: "\x{96E3}\x{7FA9}"
          RenderText {#text} at (1313,176) size 17x32
            text run at (1313,176) width 32: "\x{3060}\x{3002}"
          RenderBR {BR} at (1313,208) size 17x0
          RenderText {#text} at (1339,0) size 17x208
            text run at (1339,0) width 208: "\x{3000}\x{571F}\x{3092}\x{306A}\x{3089}\x{3059}\x{3060}\x{3051}\x{306A}\x{3089}\x{3055}\x{307B}\x{3069}"
          RenderRuby (inline) {RUBY} at (0,0) size 17x32
            RenderRubyRun (anonymous) at (1339,208) size 17x32
              RenderRubyText {RT} at (-9,0) size 9x32
                RenderText {#text} at (0,8) size 9x16
                  text run at (0,8) width 16: "\x{3066}\x{307E}"
              RenderRubyBase (anonymous) at (0,0) size 17x32
                RenderInline {RB} at (0,0) size 17x32
                  RenderText {#text} at (0,0) size 17x32
                    text run at (0,0) width 32: "\x{624B}\x{9593}"
          RenderText {#text} at (1339,240) size 17x16
            text run at (1339,240) width 16: "\x{3082}"
          RenderRuby (inline) {RUBY} at (0,0) size 17x16
            RenderRubyRun (anonymous) at (1339,256) size 17x16
              RenderRubyText {RT} at (-9,0) size 9x16
                RenderText {#text} at (0,4) size 9x8
                  text run at (0,4) width 8: "\x{3044}"
              RenderRubyBase (anonymous) at (0,0) size 17x16
                RenderInline {RB} at (0,0) size 17x16
                  RenderText {#text} at (0,0) size 17x16
                    text run at (0,0) width 16: "\x{5165}"
          RenderText {#text} at (1339,272) size 43x480
            text run at (1339,272) width 208: "\x{308B}\x{307E}\x{3044}\x{304C}\x{3001}\x{571F}\x{306E}\x{4E2D}\x{306B}\x{306F}\x{5927}\x{304D}\x{306A}"
            text run at (1365,0) width 112: "\x{77F3}\x{304C}\x{3042}\x{308B}\x{3002}\x{571F}\x{306F}"
          RenderRuby (inline) {RUBY} at (0,0) size 17x16
            RenderRubyRun (anonymous) at (1365,112) size 17x16
              RenderRubyText {RT} at (-9,0) size 9x16
                RenderText {#text} at (0,0) size 9x16
                  text run at (0,0) width 16: "\x{305F}\x{3044}"
              RenderRubyBase (anonymous) at (0,0) size 17x16
                RenderInline {RB} at (0,0) size 17x16
                  RenderText {#text} at (0,0) size 17x16
                    text run at (0,0) width 16: "\x{5E73}"
          RenderText {#text} at (1365,128) size 43x464
            text run at (1365,128) width 336: "\x{3089}\x{306B}\x{3057}\x{3066}\x{3082}\x{77F3}\x{306F}\x{5E73}\x{3089}\x{306B}\x{306A}\x{3089}\x{306C}\x{3002}\x{77F3}\x{306F}\x{5207}\x{308A}\x{7815}\x{3044}\x{3066}"
            text run at (1391,0) width 176: "\x{3082}\x{3001}\x{5CA9}\x{306F}\x{59CB}\x{672B}\x{304C}\x{3064}\x{304B}\x{306C}\x{3002}"
          RenderRuby (inline) {RUBY} at (0,0) size 17x32
            RenderRubyRun (anonymous) at (1391,176) size 17x32
              RenderRubyText {RT} at (-9,0) size 9x32
                RenderText {#text} at (0,0) size 9x32
                  text run at (0,0) width 32: "\x{307B}\x{308A}\x{304F}\x{305A}"
              RenderRubyBase (anonymous) at (0,0) size 17x32
                RenderInline {RB} at (0,0) size 17x32
                  RenderText {#text} at (0,0) size 17x32
                    text run at (0,0) width 32: "\x{6398}\x{5D29}"
          RenderText {#text} at (1391,208) size 17x96
            text run at (1391,208) width 96: "\x{3057}\x{305F}\x{571F}\x{306E}\x{4E0A}\x{306B}"
          RenderRuby (inline) {RUBY} at (0,0) size 17x32
            RenderRubyRun (anonymous) at (1391,304) size 17x32
              RenderRubyText {RT} at (-9,0) size 9x32
                RenderText {#text} at (0,0) size 9x32
                  text run at (0,0) width 32: "\x{3086}\x{3046}\x{305C}\x{3093}"
              RenderRubyBase (anonymous) at (0,0) size 17x32
                RenderInline {RB} at (0,0) size 17x32
                  RenderText {#text} at (0,0) size 17x32
                    text run at (0,0) width 32: "\x{60A0}\x{7136}"
          RenderText {#text} at (1391,336) size 17x16
            text run at (1391,336) width 16: "\x{3068}"
          RenderRuby (inline) {RUBY} at (0,0) size 17x16
            RenderRubyRun (anonymous) at (1391,348) size 17x24
              RenderRubyText {RT} at (-9,0) size 9x24
                RenderText {#text} at (0,0) size 9x24
                  text run at (0,0) width 24: "\x{305D}\x{3070}\x{3060}"
              RenderRubyBase (anonymous) at (0,0) size 17x24
                RenderInline {RB} at (0,0) size 17x16
                  RenderText {#text} at (0,4) size 17x16
                    text run at (0,4) width 16: "\x{5CD9}"
          RenderText {#text} at (1391,368) size 43x480
            text run at (1391,368) width 112: "\x{3063}\x{3066}\x{3001}\x{543E}\x{3089}\x{306E}\x{305F}"
            text run at (1417,0) width 96: "\x{3081}\x{306B}\x{9053}\x{3092}\x{8B72}\x{308B}"
          RenderRuby (inline) {RUBY} at (0,0) size 17x32
            RenderRubyRun (anonymous) at (1417,96) size 17x32
              RenderRubyText {RT} at (-9,0) size 9x32
                RenderText {#text} at (0,4) size 9x24
                  text run at (0,4) width 24: "\x{3051}\x{3057}\x{304D}"
              RenderRubyBase (anonymous) at (0,0) size 17x32
                RenderInline {RB} at (0,0) size 17x32
                  RenderText {#text} at (0,0) size 17x32
                    text run at (0,0) width 32: "\x{666F}\x{8272}"
          RenderText {#text} at (1417,128) size 43x480
            text run at (1417,128) width 352: "\x{306F}\x{306A}\x{3044}\x{3002}\x{5411}\x{3046}\x{3067}\x{805E}\x{304B}\x{306C}\x{4E0A}\x{306F}\x{4E57}\x{308A}\x{8D8A}\x{3059}\x{304B}\x{3001}\x{5EFB}\x{3089}\x{306A}\x{3051}"
            text run at (1443,0) width 96: "\x{308C}\x{3070}\x{306A}\x{3089}\x{3093}\x{3002}"
          RenderRuby (inline) {RUBY} at (0,0) size 17x16
            RenderRubyRun (anonymous) at (1443,96) size 17x16
              RenderRubyText {RT} at (-9,0) size 9x16
                RenderText {#text} at (0,0) size 9x16
                  text run at (0,0) width 16: "\x{3044}\x{308F}"
              RenderRubyBase (anonymous) at (0,0) size 17x16
                RenderInline {RB} at (0,0) size 17x16
                  RenderText {#text} at (0,0) size 17x16
                    text run at (0,0) width 16: "\x{5DCC}"
          RenderText {#text} at (1443,112) size 17x112
            text run at (1443,112) width 112: "\x{306E}\x{306A}\x{3044}\x{6240}\x{3067}\x{3055}\x{3048}"
          RenderRuby (inline) {RUBY} at (0,0) size 17x16
            RenderRubyRun (anonymous) at (1443,224) size 17x16
              RenderRubyText {RT} at (-9,0) size 9x16
                RenderText {#text} at (0,4) size 9x8
                  text run at (0,4) width 8: "\x{3042}"
              RenderRubyBase (anonymous) at (0,0) size 17x16
                RenderInline {RB} at (0,0) size 17x16
                  RenderText {#text} at (0,0) size 17x16
                    text run at (0,0) width 16: "\x{6B69}"
          RenderText {#text} at (1443,240) size 43x464
            text run at (1443,240) width 224: "\x{308B}\x{304D}\x{3088}\x{304F}\x{306F}\x{306A}\x{3044}\x{3002}\x{5DE6}\x{53F3}\x{304C}\x{9AD8}\x{304F}\x{3063}"
            text run at (1469,0) width 80: "\x{3066}\x{3001}\x{4E2D}\x{5FC3}\x{304C}"
          RenderRuby (inline) {RUBY} at (0,0) size 17x16
            RenderRubyRun (anonymous) at (1469,80) size 17x16
              RenderRubyText {RT} at (-9,0) size 9x16
                RenderText {#text} at (0,0) size 9x16
                  text run at (0,0) width 16: "\x{304F}\x{307C}"
              RenderRubyBase (anonymous) at (0,0) size 17x16
                RenderInline {RB} at (0,0) size 17x16
                  RenderText {#text} at (0,0) size 17x16
                    text run at (0,0) width 16: "\x{7AAA}"
          RenderText {#text} at (1469,96) size 17x128
            text run at (1469,96) width 128: "\x{3093}\x{3067}\x{3001}\x{307E}\x{308B}\x{3067}\x{4E00}\x{9593}"
          RenderRuby (inline) {RUBY} at (0,0) size 17x16
            RenderRubyRun (anonymous) at (1469,224) size 17x16
              RenderRubyText {RT} at (-9,0) size 9x16
                RenderText {#text} at (0,0) size 9x16
                  text run at (0,0) width 16: "\x{306F}\x{3070}"
              RenderRubyBase (anonymous) at (0,0) size 17x16
                RenderInline {RB} at (0,0) size 17x16
                  RenderText {#text} at (0,0) size 17x16
                    text run at (0,0) width 16: "\x{5E45}"
          RenderText {#text} at (1469,240) size 17x64
            text run at (1469,240) width 64: "\x{3092}\x{4E09}\x{89D2}\x{306B}"
          RenderRuby (inline) {RUBY} at (0,0) size 17x16
            RenderRubyRun (anonymous) at (1469,304) size 17x16
              RenderRubyText {RT} at (-9,0) size 9x16
                RenderText {#text} at (0,4) size 9x8
                  text run at (0,4) width 8: "\x{304F}"
              RenderRubyBase (anonymous) at (0,0) size 17x16
                RenderInline {RB} at (0,0) size 17x16
                  RenderText {#text} at (0,0) size 17x16
                    text run at (0,0) width 16: "\x{7A7F}"
          RenderText {#text} at (1469,320) size 17x128
            text run at (1469,320) width 128: "\x{3063}\x{3066}\x{3001}\x{305D}\x{306E}\x{9802}\x{70B9}\x{304C}"
          RenderRuby (inline) {RUBY} at (0,0) size 17x32
            RenderRubyRun (anonymous) at (1469,448) size 17x32
              RenderRubyText {RT} at (-9,0) size 9x32
                RenderText {#text} at (0,0) size 9x32
                  text run at (0,0) width 32: "\x{307E}\x{3093}\x{306A}\x{304B}"
              RenderRubyBase (anonymous) at (0,0) size 17x32
                RenderInline {RB} at (0,0) size 17x32
                  RenderText {#text} at (0,0) size 17x32
                    text run at (0,0) width 32: "\x{771F}\x{4E2D}"
          RenderText {#text} at (1495,0) size 17x16
            text run at (1495,0) width 16: "\x{3092}"
          RenderRuby (inline) {RUBY} at (0,0) size 17x16
            RenderRubyRun (anonymous) at (1495,12) size 17x24
              RenderRubyText {RT} at (-9,0) size 9x24
                RenderText {#text} at (0,0) size 9x24
                  text run at (0,0) width 24: "\x{3064}\x{3089}\x{306C}"
              RenderRubyBase (anonymous) at (0,0) size 17x24
                RenderInline {RB} at (0,0) size 17x16
                  RenderText {#text} at (0,4) size 17x16
                    text run at (0,4) width 16: "\x{8CAB}"
          RenderText {#text} at (1495,32) size 17x400
            text run at (1495,32) width 400: "\x{3044}\x{3066}\x{3044}\x{308B}\x{3068}\x{8A55}\x{3057}\x{3066}\x{3082}\x{3088}\x{3044}\x{3002}\x{8DEF}\x{3092}\x{884C}\x{304F}\x{3068}\x{4E91}\x{308F}\x{3093}\x{3088}\x{308A}\x{5DDD}\x{5E95}\x{3092}"
          RenderRuby (inline) {RUBY} at (0,0) size 17x16
            RenderRubyRun (anonymous) at (1495,432) size 17x16
              RenderRubyText {RT} at (-9,0) size 9x16
                RenderText {#text} at (0,0) size 9x16
                  text run at (0,0) width 16: "\x{308F}\x{305F}"
              RenderRubyBase (anonymous) at (0,0) size 17x16
                RenderInline {RB} at (0,0) size 17x16
                  RenderText {#text} at (0,0) size 17x16
                    text run at (0,0) width 16: "\x{6E09}"
          RenderText {#text} at (1495,448) size 43x480
            text run at (1495,448) width 32: "\x{308B}\x{3068}"
            text run at (1521,0) width 128: "\x{4E91}\x{3046}\x{65B9}\x{304C}\x{9069}\x{5F53}\x{3060}\x{3002}"
          RenderRuby (inline) {RUBY} at (0,0) size 17x16
            RenderRubyRun (anonymous) at (1521,128) size 17x16
              RenderRubyText {RT} at (-9,0) size 9x16
                RenderText {#text} at (0,0) size 9x16
                  text run at (0,0) width 16: "\x{3082}\x{3068}"
              RenderRubyBase (anonymous) at (0,0) size 17x16
                RenderInline {RB} at (0,0) size 17x16
                  RenderText {#text} at (0,0) size 17x16
                    text run at (0,0) width 16: "\x{56FA}"
          RenderText {#text} at (1521,144) size 17x256
            text run at (1521,144) width 256: "\x{3088}\x{308A}\x{6025}\x{3050}\x{65C5}\x{3067}\x{306A}\x{3044}\x{304B}\x{3089}\x{3001}\x{3076}\x{3089}\x{3076}\x{3089}\x{3068}"
          RenderRuby (inline) {RUBY} at (0,0) size 17x32
            RenderRubyRun (anonymous) at (1521,400) size 17x32
              RenderRubyText {RT} at (-9,0) size 9x32
                RenderText {#text} at (0,0) size 9x32
                  text run at (0,0) width 32: "\x{306A}\x{306A}\x{307E}\x{304C}"
              RenderRubyBase (anonymous) at (0,0) size 17x32
                RenderInline {RB} at (0,0) size 17x32
                  RenderText {#text} at (0,0) size 17x32
                    text run at (0,0) width 32: "\x{4E03}\x{66F2}"
          RenderText {#text} at (1521,432) size 34x480
            text run at (1521,432) width 48: "\x{308A}\x{3078}\x{304B}"
            text run at (1538,0) width 48: "\x{304B}\x{308B}\x{3002}"
          RenderBR {BR} at (1538,48) size 17x0
          RenderText {#text} at (1564,0) size 17x144
            text run at (1564,0) width 144: "\x{3000}\x{305F}\x{3061}\x{307E}\x{3061}\x{8DB3}\x{306E}\x{4E0B}\x{3067}"
          RenderRuby (inline) {RUBY} at (0,0) size 17x32
            RenderRubyRun (anonymous) at (1564,144) size 17x32
              RenderRubyText {RT} at (-9,0) size 9x32
                RenderText {#text} at (0,4) size 9x24
                  text run at (0,4) width 24: "\x{3072}\x{3070}\x{308A}"
              RenderRubyBase (anonymous) at (0,0) size 17x32
                RenderInline {RB} at (0,0) size 17x32
                  RenderText {#text} at (0,0) size 17x32
                    text run at (0,0) width 32: "\x{96F2}\x{96C0}"
          RenderText {#text} at (1564,176) size 17x160
            text run at (1564,176) width 160: "\x{306E}\x{58F0}\x{304C}\x{3057}\x{51FA}\x{3057}\x{305F}\x{3002}\x{8C37}\x{3092}"
          RenderRuby (inline) {RUBY} at (0,0) size 17x32
            RenderRubyRun (anonymous) at (1564,336) size 17x32
              RenderRubyText {RT} at (-9,0) size 9x32
                RenderText {#text} at (0,4) size 9x24
                  text run at (0,4) width 24: "\x{307F}\x{304A}\x{308D}"
              RenderRubyBase (anonymous) at (0,0) size 17x32
                RenderInline {RB} at (0,0) size 17x32
                  RenderText {#text} at (0,0) size 17x32
                    text run at (0,0) width 32: "\x{898B}\x{4E0B}"
          RenderText {#text} at (1564,368) size 60x480
            text run at (1564,368) width 112: "\x{3057}\x{305F}\x{304C}\x{3001}\x{3069}\x{3053}\x{3067}"
            text run at (1581,0) width 480: "\x{9CF4}\x{3044}\x{3066}\x{308B}\x{304B}\x{5F71}\x{3082}\x{5F62}\x{3082}\x{898B}\x{3048}\x{306C}\x{3002}\x{305F}\x{3060}\x{58F0}\x{3060}\x{3051}\x{304C}\x{660E}\x{3089}\x{304B}\x{306B}\x{805E}\x{3048}\x{308B}\x{3002}\x{305B}\x{3063}\x{305B}"
            text run at (1607,0) width 16: "\x{3068}"
          RenderRuby (inline) {RUBY} at (0,0) size 17x16
            RenderRubyRun (anonymous) at (1607,16) size 17x16
              RenderRubyText {RT} at (-9,0) size 9x16
                RenderText {#text} at (0,0) size 9x16
                  text run at (0,0) width 16: "\x{305B}\x{308F}"
              RenderRubyBase (anonymous) at (0,0) size 17x16
                RenderInline {RB} at (0,0) size 17x16
                  RenderText {#text} at (0,0) size 17x16
                    text run at (0,0) width 16: "\x{5FD9}"
          RenderText {#text} at (1607,32) size 17x48
            text run at (1607,32) width 48: "\x{3057}\x{304F}\x{3001}"
          RenderRuby (inline) {RUBY} at (0,0) size 17x32
            RenderRubyRun (anonymous) at (1607,80) size 17x32
              RenderRubyText {RT} at (-9,0) size 9x32
                RenderText {#text} at (0,4) size 9x24
                  text run at (0,4) width 24: "\x{305F}\x{3048}\x{307E}"
              RenderRubyBase (anonymous) at (0,0) size 17x32
                RenderInline {RB} at (0,0) size 17x32
                  RenderText {#text} at (0,0) size 17x32
                    text run at (0,0) width 32: "\x{7D76}\x{9593}"
          RenderText {#text} at (1607,112) size 17x128
            text run at (1607,112) width 128: "\x{306A}\x{304F}\x{9CF4}\x{3044}\x{3066}\x{3044}\x{308B}\x{3002}"
          RenderRuby (inline) {RUBY} at (0,0) size 17x48
            RenderRubyRun (anonymous) at (1607,240) size 17x48
              RenderRubyText {RT} at (-9,0) size 9x48
                RenderText {#text} at (0,4) size 9x40
                  text run at (0,4) width 40: "\x{307B}\x{3046}\x{3044}\x{304F}\x{308A}"
              RenderRubyBase (anonymous) at (0,0) size 17x48
                RenderInline {RB} at (0,0) size 17x48
                  RenderText {#text} at (0,0) size 17x48
                    text run at (0,0) width 48: "\x{65B9}\x{5E7E}\x{91CC}"
          RenderText {#text} at (1607,288) size 17x112
            text run at (1607,288) width 112: "\x{306E}\x{7A7A}\x{6C17}\x{304C}\x{4E00}\x{9762}\x{306B}"
          RenderRuby (inline) {RUBY} at (0,0) size 17x16
            RenderRubyRun (anonymous) at (1607,400) size 17x16
              RenderRubyText {RT} at (-9,0) size 9x16
                RenderText {#text} at (0,0) size 9x16
                  text run at (0,0) width 16: "\x{306E}\x{307F}"
              RenderRubyBase (anonymous) at (0,0) size 17x16
                RenderInline {RB} at (0,0) size 17x16
                  RenderText {#text} at (0,0) size 17x16
                    text run at (0,0) width 16: "\x{86A4}"
          RenderText {#text} at (1607,416) size 43x480
            text run at (1607,416) width 64: "\x{306B}\x{523A}\x{3055}\x{308C}"
            text run at (1633,0) width 352: "\x{3066}\x{3044}\x{305F}\x{305F}\x{307E}\x{308C}\x{306A}\x{3044}\x{3088}\x{3046}\x{306A}\x{6C17}\x{304C}\x{3059}\x{308B}\x{3002}\x{3042}\x{306E}\x{9CE5}\x{306E}\x{9CF4}\x{304F}"
          RenderRuby (inline) {RUBY} at (0,0) size 17x16
            RenderRubyRun (anonymous) at (1633,352) size 17x16
              RenderRubyText {RT} at (-9,0) size 9x16
                RenderText {#text} at (0,4) size 9x8
                  text run at (0,4) width 8: "\x{306D}"
              RenderRubyBase (anonymous) at (0,0) size 17x16
                RenderInline {RB} at (0,0) size 17x16
                  RenderText {#text} at (0,0) size 17x16
                    text run at (0,0) width 16: "\x{97F3}"
          RenderText {#text} at (1633,368) size 94x480
            text run at (1633,368) width 112: "\x{306B}\x{306F}\x{77AC}\x{6642}\x{306E}\x{4F59}\x{88D5}"
            text run at (1650,0) width 480: "\x{3082}\x{306A}\x{3044}\x{3002}\x{306E}\x{3069}\x{304B}\x{306A}\x{6625}\x{306E}\x{65E5}\x{3092}\x{9CF4}\x{304D}\x{5C3D}\x{304F}\x{3057}\x{3001}\x{9CF4}\x{304D}\x{3042}\x{304B}\x{3057}\x{3001}\x{307E}\x{305F}\x{9CF4}\x{304D}\x{66AE}\x{3089}"
            text run at (1667,0) width 480: "\x{3055}\x{306A}\x{3051}\x{308C}\x{3070}\x{6C17}\x{304C}\x{6E08}\x{307E}\x{3093}\x{3068}\x{898B}\x{3048}\x{308B}\x{3002}\x{305D}\x{306E}\x{4E0A}\x{3069}\x{3053}\x{307E}\x{3067}\x{3082}\x{767B}\x{3063}\x{3066}\x{884C}\x{304F}\x{3001}\x{3044}"
            text run at (1684,0) width 480: "\x{3064}\x{307E}\x{3067}\x{3082}\x{767B}\x{3063}\x{3066}\x{884C}\x{304F}\x{3002}\x{96F2}\x{96C0}\x{306F}\x{304D}\x{3063}\x{3068}\x{96F2}\x{306E}\x{4E2D}\x{3067}\x{6B7B}\x{306C}\x{306B}\x{76F8}\x{9055}\x{306A}\x{3044}\x{3002}\x{767B}\x{308A}"
            text run at (1710,0) width 48: "\x{8A70}\x{3081}\x{305F}"
          RenderRuby (inline) {RUBY} at (0,0) size 17x32
            RenderRubyRun (anonymous) at (1710,48) size 17x32
              RenderRubyText {RT} at (-9,0) size 9x32
                RenderText {#text} at (0,4) size 9x24
                  text run at (0,4) width 24: "\x{3042}\x{3052}\x{304F}"
              RenderRubyBase (anonymous) at (0,0) size 17x32
                RenderInline {RB} at (0,0) size 17x32
                  RenderText {#text} at (0,0) size 17x32
                    text run at (0,0) width 32: "\x{63DA}\x{53E5}"
          RenderText {#text} at (1710,80) size 17x112
            text run at (1710,80) width 112: "\x{306F}\x{3001}\x{6D41}\x{308C}\x{3066}\x{96F2}\x{306B}"
          RenderRuby (inline) {RUBY} at (0,0) size 17x16
            RenderRubyRun (anonymous) at (1710,192) size 17x16
              RenderRubyText {RT} at (-9,0) size 9x16
                RenderText {#text} at (0,4) size 9x8
                  text run at (0,4) width 8: "\x{3044}"
              RenderRubyBase (anonymous) at (0,0) size 17x16
                RenderInline {RB} at (0,0) size 17x16
                  RenderText {#text} at (0,0) size 17x16
                    text run at (0,0) width 16: "\x{5165}"
          RenderText {#text} at (1710,208) size 17x48
            text run at (1710,208) width 48: "\x{3063}\x{3066}\x{3001}"
          RenderRuby (inline) {RUBY} at (0,0) size 17x16
            RenderRubyRun (anonymous) at (1710,252) size 17x24
              RenderRubyText {RT} at (-9,0) size 9x24
                RenderText {#text} at (0,0) size 9x24
                  text run at (0,0) width 24: "\x{305F}\x{3060}\x{3088}"
              RenderRubyBase (anonymous) at (0,0) size 17x24
                RenderInline {RB} at (0,0) size 17x16
                  RenderText {#text} at (0,4) size 17x16
                    text run at (0,4) width 16: "\x{6F02}"
          RenderText {#text} at (1710,272) size 43x480
            text run at (1710,272) width 208: "\x{3046}\x{3066}\x{3044}\x{308B}\x{3046}\x{3061}\x{306B}\x{5F62}\x{306F}\x{6D88}\x{3048}\x{3066}\x{306A}"
            text run at (1736,0) width 208: "\x{304F}\x{306A}\x{3063}\x{3066}\x{3001}\x{305F}\x{3060}\x{58F0}\x{3060}\x{3051}\x{304C}\x{7A7A}\x{306E}"
          RenderRuby (inline) {RUBY} at (0,0) size 17x16
            RenderRubyRun (anonymous) at (1736,208) size 17x16
              RenderRubyText {RT} at (-9,0) size 9x16
                RenderText {#text} at (0,0) size 9x16
                  text run at (0,0) width 16: "\x{3046}\x{3061}"
              RenderRubyBase (anonymous) at (0,0) size 17x16
                RenderInline {RB} at (0,0) size 17x16
                  RenderText {#text} at (0,0) size 17x16
                    text run at (0,0) width 16: "\x{88E1}"
          RenderText {#text} at (1736,224) size 17x176
            text run at (1736,224) width 176: "\x{306B}\x{6B8B}\x{308B}\x{306E}\x{304B}\x{3082}\x{77E5}\x{308C}\x{306A}\x{3044}\x{3002}"
          RenderBR {BR} at (1736,400) size 17x0
          RenderText {#text} at (1762,0) size 17x16
            text run at (1762,0) width 16: "\x{3000}"
          RenderRuby (inline) {RUBY} at (0,0) size 17x32
            RenderRubyRun (anonymous) at (1762,16) size 17x32
              RenderRubyText {RT} at (-9,0) size 9x32
                RenderText {#text} at (0,0) size 9x32
                  text run at (0,0) width 32: "\x{3044}\x{308F}\x{304B}\x{3069}"
              RenderRubyBase (anonymous) at (0,0) size 17x32
                RenderInline {RB} at (0,0) size 17x32
                  RenderText {#text} at (0,0) size 17x32
                    text run at (0,0) width 32: "\x{5DCC}\x{89D2}"
          RenderText {#text} at (1762,48) size 17x128
            text run at (1762,48) width 128: "\x{3092}\x{92ED}\x{3069}\x{304F}\x{5EFB}\x{3063}\x{3066}\x{3001}"
          RenderRuby (inline) {RUBY} at (0,0) size 17x32
            RenderRubyRun (anonymous) at (1762,176) size 17x32
              RenderRubyText {RT} at (-9,0) size 9x32
                RenderText {#text} at (0,4) size 9x24
                  text run at (0,4) width 24: "\x{3042}\x{3093}\x{307E}"
              RenderRubyBase (anonymous) at (0,0) size 17x32
                RenderInline {RB} at (0,0) size 17x32
                  RenderText {#text} at (0,0) size 17x32
                    text run at (0,0) width 32: "\x{6309}\x{6469}"
          RenderText {#text} at (1762,208) size 17x32
            text run at (1762,208) width 32: "\x{306A}\x{3089}"
          RenderRuby (inline) {RUBY} at (0,0) size 17x48
            RenderRubyRun (anonymous) at (1762,240) size 17x48
              RenderRubyText {RT} at (-9,0) size 9x48
                RenderText {#text} at (0,0) size 9x48
                  text run at (0,0) width 48: "\x{307E}\x{3063}\x{3055}\x{304B}\x{3055}\x{307E}"
              RenderRubyBase (anonymous) at (0,0) size 17x48
                RenderInline {RB} at (0,0) size 17x48
                  RenderText {#text} at (0,0) size 17x48
                    text run at (0,0) width 48: "\x{771F}\x{9006}\x{69D8}"
          RenderText {#text} at (1762,288) size 17x144
            text run at (1762,288) width 144: "\x{306B}\x{843D}\x{3064}\x{308B}\x{3068}\x{3053}\x{308D}\x{3092}\x{3001}"
          RenderRuby (inline) {RUBY} at (0,0) size 17x16
            RenderRubyRun (anonymous) at (1762,432) size 17x16
              RenderRubyText {RT} at (-9,0) size 9x16
                RenderText {#text} at (0,0) size 9x16
                  text run at (0,0) width 16: "\x{304D}\x{308F}"
              RenderRubyBase (anonymous) at (0,0) size 17x16
                RenderInline {RB} at (0,0) size 17x16
                  RenderText {#text} at (0,0) size 17x16
                    text run at (0,0) width 16: "\x{969B}"
          RenderText {#text} at (1762,448) size 43x480
            text run at (1762,448) width 32: "\x{3069}\x{304F}"
            text run at (1788,0) width 128: "\x{53F3}\x{3078}\x{5207}\x{308C}\x{3066}\x{3001}\x{6A2A}\x{306B}"
          RenderRuby (inline) {RUBY} at (0,0) size 17x32
            RenderRubyRun (anonymous) at (1788,128) size 17x32
              RenderRubyText {RT} at (-9,0) size 9x32
                RenderText {#text} at (0,4) size 9x24
                  text run at (0,4) width 24: "\x{307F}\x{304A}\x{308D}"
              RenderRubyBase (anonymous) at (0,0) size 17x32
                RenderInline {RB} at (0,0) size 17x32
                  RenderText {#text} at (0,0) size 17x32
                    text run at (0,0) width 32: "\x{898B}\x{4E0B}"
          RenderText {#text} at (1788,160) size 17x48
            text run at (1788,160) width 48: "\x{3059}\x{3068}\x{3001}"
          RenderRuby (inline) {RUBY} at (0,0) size 17x16
            RenderRubyRun (anonymous) at (1788,208) size 17x16
              RenderRubyText {RT} at (-9,0) size 9x16
                RenderText {#text} at (0,4) size 9x8
                  text run at (0,4) width 8: "\x{306A}"
              RenderRubyBase (anonymous) at (0,0) size 17x16
                RenderInline {RB} at (0,0) size 17x16
                  RenderText {#text} at (0,0) size 17x16
                    text run at (0,0) width 16: "\x{83DC}"
          RenderText {#text} at (1788,224) size 43x480
            text run at (1788,224) width 256: "\x{306E}\x{82B1}\x{304C}\x{4E00}\x{9762}\x{306B}\x{898B}\x{3048}\x{308B}\x{3002}\x{96F2}\x{96C0}\x{306F}\x{3042}\x{3059}\x{3053}"
            text run at (1814,0) width 272: "\x{3078}\x{843D}\x{3061}\x{308B}\x{306E}\x{304B}\x{3068}\x{601D}\x{3063}\x{305F}\x{3002}\x{3044}\x{3044}\x{3084}\x{3001}\x{3042}\x{306E}"
          RenderRuby (inline) {RUBY} at (0,0) size 17x32
            RenderRubyRun (anonymous) at (1814,272) size 17x32
              RenderRubyText {RT} at (-9,0) size 9x32
                RenderText {#text} at (0,4) size 9x24
                  text run at (0,4) width 24: "\x{3053}\x{304C}\x{306D}"
              RenderRubyBase (anonymous) at (0,0) size 17x32
                RenderInline {RB} at (0,0) size 17x32
                  RenderText {#text} at (0,0) size 17x32
                    text run at (0,0) width 32: "\x{9EC4}\x{91D1}"
          RenderText {#text} at (1814,304) size 43x480
            text run at (1814,304) width 176: "\x{306E}\x{539F}\x{304B}\x{3089}\x{98DB}\x{3073}\x{4E0A}\x{304C}\x{3063}\x{3066}\x{304F}"
            text run at (1840,0) width 288: "\x{308B}\x{306E}\x{304B}\x{3068}\x{601D}\x{3063}\x{305F}\x{3002}\x{6B21}\x{306B}\x{306F}\x{843D}\x{3061}\x{308B}\x{96F2}\x{96C0}\x{3068}\x{3001}"
          RenderRuby (inline) {RUBY} at (0,0) size 17x16
            RenderRubyRun (anonymous) at (1840,288) size 17x16
              RenderRubyText {RT} at (-9,0) size 9x16
                RenderText {#text} at (0,0) size 9x16
                  text run at (0,0) width 16: "\x{3042}\x{304C}"
              RenderRubyBase (anonymous) at (0,0) size 17x16
                RenderInline {RB} at (0,0) size 17x16
                  RenderText {#text} at (0,0) size 17x16
                    text run at (0,0) width 16: "\x{4E0A}"
          RenderText {#text} at (1840,304) size 17x16
            text run at (1840,304) width 16: "\x{308B}"
          RenderRuby (inline) {RUBY} at (0,0) size 17x32
            RenderRubyRun (anonymous) at (1840,320) size 17x32
              RenderRubyText {RT} at (-9,0) size 9x32
                RenderText {#text} at (0,4) size 9x24
                  text run at (0,4) width 24: "\x{3072}\x{3070}\x{308A}"
              RenderRubyBase (anonymous) at (0,0) size 17x32
                RenderInline {RB} at (0,0) size 17x32
                  RenderText {#text} at (0,0) size 17x32
                    text run at (0,0) width 32: "\x{96F2}\x{96C0}"
          RenderText {#text} at (1840,352) size 43x480
            text run at (1840,352) width 128: "\x{304C}\x{5341}\x{6587}\x{5B57}\x{306B}\x{3059}\x{308C}\x{9055}"
            text run at (1866,0) width 464: "\x{3046}\x{306E}\x{304B}\x{3068}\x{601D}\x{3063}\x{305F}\x{3002}\x{6700}\x{5F8C}\x{306B}\x{3001}\x{843D}\x{3061}\x{308B}\x{6642}\x{3082}\x{3001}\x{4E0A}\x{308B}\x{6642}\x{3082}\x{3001}\x{307E}\x{305F}\x{5341}\x{6587}\x{5B57}\x{306B}"
          RenderRuby (inline) {RUBY} at (0,0) size 17x16
            RenderRubyRun (anonymous) at (1866,464) size 17x16
              RenderRubyText {RT} at (-9,0) size 9x16
                RenderText {#text} at (0,4) size 9x8
                  text run at (0,4) width 8: "\x{3059}"
              RenderRubyBase (anonymous) at (0,0) size 17x16
                RenderInline {RB} at (0,0) size 17x16
                  RenderText {#text} at (0,0) size 17x16
                    text run at (0,0) width 16: "\x{64E6}"
          RenderText {#text} at (1883,0) size 17x400
            text run at (1883,0) width 400: "\x{308C}\x{9055}\x{3046}\x{3068}\x{304D}\x{306B}\x{3082}\x{5143}\x{6C17}\x{3088}\x{304F}\x{9CF4}\x{304D}\x{3064}\x{3065}\x{3051}\x{308B}\x{3060}\x{308D}\x{3046}\x{3068}\x{601D}\x{3063}\x{305F}\x{3002}"
          RenderBR {BR} at (1883,400) size 17x0
          RenderText {#text} at (1909,0) size 17x192
            text run at (1909,0) width 192: "\x{3000}\x{6625}\x{306F}\x{7720}\x{304F}\x{306A}\x{308B}\x{3002}\x{732B}\x{306F}\x{9F20}\x{3092}"
          RenderRuby (inline) {RUBY} at (0,0) size 17x16
            RenderRubyRun (anonymous) at (1909,192) size 17x16
              RenderRubyText {RT} at (-9,0) size 9x16
                RenderText {#text} at (0,4) size 9x8
                  text run at (0,4) width 8: "\x{3068}"
              RenderRubyBase (anonymous) at (0,0) size 17x16
                RenderInline {RB} at (0,0) size 17x16
                  RenderText {#text} at (0,0) size 17x16
                    text run at (0,0) width 16: "\x{6355}"
          RenderText {#text} at (1909,208) size 43x480
            text run at (1909,208) width 272: "\x{308B}\x{4E8B}\x{3092}\x{5FD8}\x{308C}\x{3001}\x{4EBA}\x{9593}\x{306F}\x{501F}\x{91D1}\x{306E}\x{3042}\x{308B}\x{4E8B}\x{3092}\x{5FD8}"
            text run at (1935,0) width 144: "\x{308C}\x{308B}\x{3002}\x{6642}\x{306B}\x{306F}\x{81EA}\x{5206}\x{306E}"
          RenderRuby (inline) {RUBY} at (0,0) size 17x24
            RenderRubyRun (anonymous) at (1935,140) size 17x32
              RenderRubyText {RT} at (-9,0) size 9x32
                RenderText {#text} at (0,0) size 9x32
                  text run at (0,0) width 32: "\x{305F}\x{307E}\x{3057}\x{3044}"
              RenderRubyBase (anonymous) at (0,0) size 17x32
                RenderInline {RB} at (0,0) size 17x16
                  RenderText {#text} at (0,8) size 17x16
                    text run at (0,8) width 16: "\x{9B42}"
          RenderText {#text} at (1935,168) size 17x16
            text run at (1935,168) width 16: "\x{306E}"
          RenderRuby (inline) {RUBY} at (0,0) size 17x32
            RenderRubyRun (anonymous) at (1935,184) size 17x32
              RenderRubyText {RT} at (-9,0) size 9x32
                RenderText {#text} at (0,0) size 9x32
                  text run at (0,0) width 32: "\x{3044}\x{3069}\x{3053}\x{308D}"
              RenderRubyBase (anonymous) at (0,0) size 17x32
                RenderInline {RB} at (0,0) size 17x32
                  RenderText {#text} at (0,0) size 17x32
                    text run at (0,0) width 32: "\x{5C45}\x{6240}"
          RenderText {#text} at (1935,216) size 43x488
            text run at (1935,216) width 272: "\x{3055}\x{3048}\x{5FD8}\x{308C}\x{3066}\x{6B63}\x{4F53}\x{306A}\x{304F}\x{306A}\x{308B}\x{3002}\x{305F}\x{3060}\x{83DC}\x{306E}\x{82B1}"
            text run at (1961,0) width 176: "\x{3092}\x{9060}\x{304F}\x{671B}\x{3093}\x{3060}\x{3068}\x{304D}\x{306B}\x{773C}\x{304C}"
          RenderRuby (inline) {RUBY} at (0,0) size 17x16
            RenderRubyRun (anonymous) at (1961,176) size 17x16
              RenderRubyText {RT} at (-9,0) size 9x16
                RenderText {#text} at (0,4) size 9x8
                  text run at (0,4) width 8: "\x{3055}"
              RenderRubyBase (anonymous) at (0,0) size 17x16
                RenderInline {RB} at (0,0) size 17x16
                  RenderText {#text} at (0,0) size 17x16
                    text run at (0,0) width 16: "\x{9192}"
          RenderText {#text} at (1961,192) size 43x480
            text run at (1961,192) width 288: "\x{3081}\x{308B}\x{3002}\x{96F2}\x{96C0}\x{306E}\x{58F0}\x{3092}\x{805E}\x{3044}\x{305F}\x{3068}\x{304D}\x{306B}\x{9B42}\x{306E}\x{3042}\x{308A}"
            text run at (1987,0) width 32: "\x{304B}\x{304C}"
          RenderRuby (inline) {RUBY} at (0,0) size 17x32
            RenderRubyRun (anonymous) at (1987,32) size 17x32
              RenderRubyText {RT} at (-9,0) size 9x32
                RenderText {#text} at (0,0) size 9x32
                  text run at (0,0) width 32: "\x{306F}\x{3093}\x{305C}\x{3093}"
              RenderRubyBase (anonymous) at (0,0) size 17x32
                RenderInline {RB} at (0,0) size 17x32
                  RenderText {#text} at (0,0) size 17x32
                    text run at (0,0) width 32: "\x{5224}\x{7136}"
          RenderText {#text} at (1987,64) size 68x480
            text run at (1987,64) width 416: "\x{3059}\x{308B}\x{3002}\x{96F2}\x{96C0}\x{306E}\x{9CF4}\x{304F}\x{306E}\x{306F}\x{53E3}\x{3067}\x{9CF4}\x{304F}\x{306E}\x{3067}\x{306F}\x{306A}\x{3044}\x{3001}\x{9B42}\x{5168}\x{4F53}\x{304C}\x{9CF4}\x{304F}"
            text run at (2004,0) width 480: "\x{306E}\x{3060}\x{3002}\x{9B42}\x{306E}\x{6D3B}\x{52D5}\x{304C}\x{58F0}\x{306B}\x{3042}\x{3089}\x{308F}\x{308C}\x{305F}\x{3082}\x{306E}\x{306E}\x{3046}\x{3061}\x{3067}\x{3001}\x{3042}\x{308C}\x{307B}\x{3069}\x{5143}\x{6C17}\x{306E}\x{3042}"
            text run at (2021,0) width 480: "\x{308B}\x{3082}\x{306E}\x{306F}\x{306A}\x{3044}\x{3002}\x{3042}\x{3042}\x{6109}\x{5FEB}\x{3060}\x{3002}\x{3053}\x{3046}\x{601D}\x{3063}\x{3066}\x{3001}\x{3053}\x{3046}\x{6109}\x{5FEB}\x{306B}\x{306A}\x{308B}\x{306E}\x{304C}\x{8A69}\x{3067}"
            text run at (2038,0) width 48: "\x{3042}\x{308B}\x{3002}"
          RenderBR {BR} at (2038,48) size 17x0
          RenderText {#text} at (2055,0) size 43x480
            text run at (2055,0) width 480: "\x{3000}\x{305F}\x{3061}\x{307E}\x{3061}\x{30B7}\x{30A7}\x{30EC}\x{30FC}\x{306E}\x{96F2}\x{96C0}\x{306E}\x{8A69}\x{3092}\x{601D}\x{3044}\x{51FA}\x{3057}\x{3066}\x{3001}\x{53E3}\x{306E}\x{3046}\x{3061}\x{3067}\x{899A}\x{3048}\x{305F}\x{3068}"
            text run at (2081,0) width 64: "\x{3053}\x{308D}\x{3060}\x{3051}"
          RenderRuby (inline) {RUBY} at (0,0) size 17x32
            RenderRubyRun (anonymous) at (2081,60) size 17x40
              RenderRubyText {RT} at (-9,0) size 9x40
                RenderText {#text} at (0,0) size 9x40
                  text run at (0,0) width 40: "\x{3042}\x{3093}\x{3057}\x{3087}\x{3046}"
              RenderRubyBase (anonymous) at (0,0) size 17x40
                RenderInline {RB} at (0,0) size 17x32
                  RenderText {#text} at (0,4) size 17x32
                    text run at (0,4) width 32: "\x{6697}\x{8AA6}"
          RenderText {#text} at (2081,96) size 34x464
            text run at (2081,96) width 368: "\x{3057}\x{3066}\x{898B}\x{305F}\x{304C}\x{3001}\x{899A}\x{3048}\x{3066}\x{3044}\x{308B}\x{3068}\x{3053}\x{308D}\x{306F}\x{4E8C}\x{4E09}\x{53E5}\x{3057}\x{304B}\x{306A}\x{304B}\x{3063}"
            text run at (2098,0) width 304: "\x{305F}\x{3002}\x{305D}\x{306E}\x{4E8C}\x{4E09}\x{53E5}\x{306E}\x{306A}\x{304B}\x{306B}\x{3053}\x{3093}\x{306A}\x{306E}\x{304C}\x{3042}\x{308B}\x{3002}"
          RenderBR {BR} at (2098,304) size 17x0
        RenderBlock {DIV} at (2115,32) size 85x460
          RenderText {#text} at (0,0) size 17x185
            text run at (0,0) width 185: "\x{3000}\x{3000}We look before and after"
          RenderBR {BR} at (0,185) size 17x0
          RenderText {#text} at (17,0) size 17x212
            text run at (17,0) width 212: "\x{3000}\x{3000}\x{3000}\x{3000}And pine for what is not:"
          RenderBR {BR} at (17,212) size 17x0
          RenderText {#text} at (34,0) size 17x163
            text run at (34,0) width 163: "\x{3000}\x{3000}Our sincerest laughter"
          RenderBR {BR} at (34,163) size 17x0
          RenderText {#text} at (51,0) size 17x220
            text run at (51,0) width 220: "\x{3000}\x{3000}\x{3000}\x{3000}With some pain is fraught;"
          RenderBR {BR} at (51,220) size 17x0
          RenderText {#text} at (68,0) size 17x342
            text run at (68,0) width 342: "Our sweetest songs are those that tell of saddest thought."
          RenderBR {BR} at (68,342) size 17x0
        RenderBlock (anonymous) at (2200,0) size 1580x492
          RenderText {#text} at (9,0) size 17x112
            text run at (9,0) width 112: "\x{300C}\x{524D}\x{3092}\x{307F}\x{3066}\x{306F}\x{3001}"
          RenderRuby (inline) {RUBY} at (0,0) size 17x16
            RenderRubyRun (anonymous) at (9,112) size 17x16
              RenderRubyText {RT} at (-9,0) size 9x16
                RenderText {#text} at (0,0) size 9x16
                  text run at (0,0) width 16: "\x{3057}\x{308A}"
              RenderRubyBase (anonymous) at (0,0) size 17x16
                RenderInline {RB} at (0,0) size 17x16
                  RenderText {#text} at (0,0) size 17x16
                    text run at (0,0) width 16: "\x{5F8C}"
          RenderText {#text} at (9,128) size 17x96
            text run at (9,128) width 96: "\x{3048}\x{3092}\x{898B}\x{3066}\x{306F}\x{3001}"
          RenderRuby (inline) {RUBY} at (0,0) size 17x32
            RenderRubyRun (anonymous) at (9,224) size 17x32
              RenderRubyText {RT} at (-9,0) size 9x32
                RenderText {#text} at (0,4) size 9x24
                  text run at (0,4) width 24: "\x{3082}\x{306E}\x{307B}"
              RenderRubyBase (anonymous) at (0,0) size 17x32
                RenderInline {RB} at (0,0) size 17x32
                  RenderText {#text} at (0,0) size 17x32
                    text run at (0,0) width 32: "\x{7269}\x{6B32}"
          RenderText {#text} at (9,256) size 43x480
            text run at (9,256) width 224: "\x{3057}\x{3068}\x{3001}\x{3042}\x{3053}\x{304C}\x{308B}\x{308B}\x{304B}\x{306A}\x{308F}\x{308C}\x{3002}\x{8179}"
            text run at (35,0) width 464: "\x{304B}\x{3089}\x{306E}\x{3001}\x{7B11}\x{3068}\x{3044}\x{3048}\x{3069}\x{3001}\x{82E6}\x{3057}\x{307F}\x{306E}\x{3001}\x{305D}\x{3053}\x{306B}\x{3042}\x{308B}\x{3079}\x{3057}\x{3002}\x{3046}\x{3064}\x{304F}\x{3057}\x{304D}\x{3001}"
          RenderRuby (inline) {RUBY} at (0,0) size 17x16
            RenderRubyRun (anonymous) at (35,464) size 17x16
              RenderRubyText {RT} at (-9,0) size 9x16
                RenderText {#text} at (0,0) size 9x16
                  text run at (0,0) width 16: "\x{304D}\x{308F}"
              RenderRubyBase (anonymous) at (0,0) size 17x16
                RenderInline {RB} at (0,0) size 17x16
                  RenderText {#text} at (0,0) size 17x16
                    text run at (0,0) width 16: "\x{6975}"
          RenderText {#text} at (61,0) size 17x208
            text run at (61,0) width 208: "\x{307F}\x{306E}\x{6B4C}\x{306B}\x{3001}\x{60B2}\x{3057}\x{3055}\x{306E}\x{3001}\x{6975}\x{307F}\x{306E}"
          RenderRuby (inline) {RUBY} at (0,0) size 17x16
            RenderRubyRun (anonymous) at (61,204) size 17x24
              RenderRubyText {RT} at (-9,0) size 9x24
                RenderText {#text} at (0,0) size 9x24
                  text run at (0,0) width 24: "\x{304A}\x{3082}\x{3044}"
              RenderRubyBase (anonymous) at (0,0) size 17x24
                RenderInline {RB} at (0,0) size 17x16
                  RenderText {#text} at (0,4) size 17x16
                    text run at (0,4) width 16: "\x{60F3}"
          RenderText {#text} at (61,224) size 17x16
            text run at (61,224) width 16: "\x{3001}"
          RenderRuby (inline) {RUBY} at (0,0) size 17x16
            RenderRubyRun (anonymous) at (61,240) size 17x16
              RenderRubyText {RT} at (-9,0) size 9x16
                RenderText {#text} at (0,0) size 9x16
                  text run at (0,0) width 16: "\x{3053}\x{3082}"
              RenderRubyBase (anonymous) at (0,0) size 17x16
                RenderInline {RB} at (0,0) size 17x16
                  RenderText {#text} at (0,0) size 17x16
                    text run at (0,0) width 16: "\x{7C60}"
          RenderText {#text} at (61,256) size 17x96
            text run at (61,256) width 96: "\x{308B}\x{3068}\x{305E}\x{77E5}\x{308C}\x{300D}"
          RenderBR {BR} at (61,352) size 17x0
          RenderText {#text} at (78,0) size 43x480
            text run at (78,0) width 480: "\x{3000}\x{306A}\x{308B}\x{307B}\x{3069}\x{3044}\x{304F}\x{3089}\x{8A69}\x{4EBA}\x{304C}\x{5E78}\x{798F}\x{3067}\x{3082}\x{3001}\x{3042}\x{306E}\x{96F2}\x{96C0}\x{306E}\x{3088}\x{3046}\x{306B}\x{601D}\x{3044}\x{5207}\x{3063}\x{3066}\x{3001}"
            text run at (104,0) width 336: "\x{4E00}\x{5FC3}\x{4E0D}\x{4E71}\x{306B}\x{3001}\x{524D}\x{5F8C}\x{3092}\x{5FD8}\x{5374}\x{3057}\x{3066}\x{3001}\x{308F}\x{304C}\x{559C}\x{3073}\x{3092}\x{6B4C}\x{3046}"
          RenderRuby (inline) {RUBY} at (0,0) size 17x16
            RenderRubyRun (anonymous) at (104,336) size 17x16
              RenderRubyText {RT} at (-9,0) size 9x16
                RenderText {#text} at (0,0) size 9x16
                  text run at (0,0) width 16: "\x{308F}\x{3051}"
              RenderRubyBase (anonymous) at (0,0) size 17x16
                RenderInline {RB} at (0,0) size 17x16
                  RenderText {#text} at (0,0) size 17x16
                    text run at (0,0) width 16: "\x{8A33}"
          RenderText {#text} at (104,352) size 43x480
            text run at (104,352) width 128: "\x{306B}\x{306F}\x{884C}\x{304F}\x{307E}\x{3044}\x{3002}\x{897F}"
            text run at (130,0) width 288: "\x{6D0B}\x{306E}\x{8A69}\x{306F}\x{7121}\x{8AD6}\x{306E}\x{4E8B}\x{3001}\x{652F}\x{90A3}\x{306E}\x{8A69}\x{306B}\x{3082}\x{3001}\x{3088}\x{304F}"
          RenderRuby (inline) {RUBY} at (0,0) size 17x32
            RenderRubyRun (anonymous) at (130,288) size 17x32
              RenderRubyText {RT} at (-9,0) size 9x32
                RenderText {#text} at (0,0) size 9x32
                  text run at (0,0) width 32: "\x{3070}\x{3093}\x{3053}\x{304F}"
              RenderRubyBase (anonymous) at (0,0) size 17x32
                RenderInline {RB} at (0,0) size 17x32
                  RenderText {#text} at (0,0) size 17x32
                    text run at (0,0) width 32: "\x{4E07}\x{659B}"
          RenderText {#text} at (130,320) size 17x16
            text run at (130,320) width 16: "\x{306E}"
          RenderRuby (inline) {RUBY} at (0,0) size 17x16
            RenderRubyRun (anonymous) at (130,332) size 17x24
              RenderRubyText {RT} at (-9,0) size 9x24
                RenderText {#text} at (0,0) size 9x24
                  text run at (0,0) width 24: "\x{3046}\x{308C}\x{3044}"
              RenderRubyBase (anonymous) at (0,0) size 17x24
                RenderInline {RB} at (0,0) size 17x16
                  RenderText {#text} at (0,4) size 17x16
                    text run at (0,4) width 16: "\x{6101}"
          RenderText {#text} at (130,352) size 43x480
            text run at (130,352) width 128: "\x{306A}\x{3069}\x{3068}\x{4E91}\x{3046}\x{5B57}\x{304C}\x{3042}"
            text run at (156,0) width 160: "\x{308B}\x{3002}\x{8A69}\x{4EBA}\x{3060}\x{304B}\x{3089}\x{4E07}\x{659B}\x{3067}"
          RenderRuby (inline) {RUBY} at (0,0) size 17x32
            RenderRubyRun (anonymous) at (156,160) size 17x32
              RenderRubyText {RT} at (-9,0) size 9x32
                RenderText {#text} at (0,0) size 9x32
                  text run at (0,0) width 32: "\x{3057}\x{308D}\x{3046}\x{3068}"
              RenderRubyBase (anonymous) at (0,0) size 17x32
                RenderInline {RB} at (0,0) size 17x32
                  RenderText {#text} at (0,0) size 17x32
                    text run at (0,0) width 32: "\x{7D20}\x{4EBA}"
          RenderText {#text} at (156,192) size 17x48
            text run at (156,192) width 48: "\x{306A}\x{3089}\x{4E00}"
          RenderRuby (inline) {RUBY} at (0,0) size 17x16
            RenderRubyRun (anonymous) at (156,240) size 17x16
              RenderRubyText {RT} at (-9,0) size 9x16
                RenderText {#text} at (0,0) size 9x16
                  text run at (0,0) width 16: "\x{3054}\x{3046}"
              RenderRubyBase (anonymous) at (0,0) size 17x16
                RenderInline {RB} at (0,0) size 17x16
                  RenderText {#text} at (0,0) size 17x16
                    text run at (0,0) width 16: "\x{5408}"
          RenderText {#text} at (156,256) size 43x480
            text run at (156,256) width 224: "\x{3067}\x{6E08}\x{3080}\x{304B}\x{3082}\x{77E5}\x{308C}\x{306C}\x{3002}\x{3057}\x{3066}\x{898B}\x{308B}\x{3068}"
            text run at (182,0) width 224: "\x{8A69}\x{4EBA}\x{306F}\x{5E38}\x{306E}\x{4EBA}\x{3088}\x{308A}\x{3082}\x{82E6}\x{52B4}\x{6027}\x{3067}\x{3001}"
          RenderRuby (inline) {RUBY} at (0,0) size 17x32
            RenderRubyRun (anonymous) at (182,224) size 17x32
              RenderRubyText {RT} at (-9,0) size 9x32
                RenderText {#text} at (0,0) size 9x32
                  text run at (0,0) width 32: "\x{307C}\x{3093}\x{3053}\x{3064}"
              RenderRubyBase (anonymous) at (0,0) size 17x32
                RenderInline {RB} at (0,0) size 17x32
                  RenderText {#text} at (0,0) size 17x32
                    text run at (0,0) width 32: "\x{51E1}\x{9AA8}"
          RenderText {#text} at (182,256) size 43x480
            text run at (182,256) width 224: "\x{306E}\x{500D}\x{4EE5}\x{4E0A}\x{306B}\x{795E}\x{7D4C}\x{304C}\x{92ED}\x{654F}\x{306A}\x{306E}\x{304B}\x{3082}"
            text run at (208,0) width 288: "\x{77E5}\x{308C}\x{3093}\x{3002}\x{8D85}\x{4FD7}\x{306E}\x{559C}\x{3073}\x{3082}\x{3042}\x{308D}\x{3046}\x{304C}\x{3001}\x{7121}\x{91CF}\x{306E}"
          RenderRuby (inline) {RUBY} at (0,0) size 17x24
            RenderRubyRun (anonymous) at (208,284) size 17x32
              RenderRubyText {RT} at (-9,0) size 9x32
                RenderText {#text} at (0,0) size 9x32
                  text run at (0,0) width 32: "\x{304B}\x{306A}\x{3057}\x{307F}"
              RenderRubyBase (anonymous) at (0,0) size 17x32
                RenderInline {RB} at (0,0) size 17x16
                  RenderText {#text} at (0,8) size 17x16
                    text run at (0,8) width 16: "\x{60B2}"
          RenderText {#text} at (208,312) size 34x488
            text run at (208,312) width 176: "\x{3082}\x{591A}\x{304B}\x{308D}\x{3046}\x{3002}\x{305D}\x{3093}\x{306A}\x{3089}\x{3070}"
            text run at (225,0) width 192: "\x{8A69}\x{4EBA}\x{306B}\x{306A}\x{308B}\x{306E}\x{3082}\x{8003}\x{3048}\x{7269}\x{3060}\x{3002}"
          RenderBR {BR} at (225,192) size 17x0
          RenderText {#text} at (251,0) size 17x128
            text run at (251,0) width 128: "\x{3000}\x{3057}\x{3070}\x{3089}\x{304F}\x{306F}\x{8DEF}\x{304C}"
          RenderRuby (inline) {RUBY} at (0,0) size 17x16
            RenderRubyRun (anonymous) at (251,124) size 17x24
              RenderRubyText {RT} at (-9,0) size 9x24
                RenderText {#text} at (0,0) size 9x24
                  text run at (0,0) width 24: "\x{305F}\x{3044}\x{3089}"
              RenderRubyBase (anonymous) at (0,0) size 17x24
                RenderInline {RB} at (0,0) size 17x16
                  RenderText {#text} at (0,4) size 17x16
                    text run at (0,4) width 16: "\x{5E73}"
          RenderText {#text} at (251,144) size 17x64
            text run at (251,144) width 64: "\x{3067}\x{3001}\x{53F3}\x{306F}"
          RenderRuby (inline) {RUBY} at (0,0) size 17x48
            RenderRubyRun (anonymous) at (251,208) size 17x48
              RenderRubyText {RT} at (-9,0) size 9x48
                RenderText {#text} at (0,4) size 9x40
                  text run at (0,4) width 40: "\x{305E}\x{3046}\x{304D}\x{3084}\x{307E}"
              RenderRubyBase (anonymous) at (0,0) size 17x48
                RenderInline {RB} at (0,0) size 17x48
                  RenderText {#text} at (0,0) size 17x48
                    text run at (0,0) width 48: "\x{96D1}\x{6728}\x{5C71}"
          RenderText {#text} at (251,256) size 43x464
            text run at (251,256) width 208: "\x{3001}\x{5DE6}\x{306F}\x{83DC}\x{306E}\x{82B1}\x{306E}\x{898B}\x{3064}\x{3065}\x{3051}\x{3067}\x{3042}"
            text run at (277,0) width 128: "\x{308B}\x{3002}\x{8DB3}\x{306E}\x{4E0B}\x{306B}\x{6642}\x{3005}"
          RenderRuby (inline) {RUBY} at (0,0) size 17x48
            RenderRubyRun (anonymous) at (277,128) size 17x48
              RenderRubyText {RT} at (-9,0) size 9x48
                RenderText {#text} at (0,8) size 9x32
                  text run at (0,8) width 32: "\x{305F}\x{3093}\x{307D}\x{307D}"
              RenderRubyBase (anonymous) at (0,0) size 17x48
                RenderInline {RB} at (0,0) size 17x48
                  RenderText {#text} at (0,0) size 17x48
                    text run at (0,0) width 48: "\x{84B2}\x{516C}\x{82F1}"
          RenderText {#text} at (277,176) size 17x112
            text run at (277,176) width 112: "\x{3092}\x{8E0F}\x{307F}\x{3064}\x{3051}\x{308B}\x{3002}"
          RenderRuby (inline) {RUBY} at (0,0) size 17x24
            RenderRubyRun (anonymous) at (277,284) size 17x32
              RenderRubyText {RT} at (-9,0) size 9x32
                RenderText {#text} at (0,0) size 9x32
                  text run at (0,0) width 32: "\x{306E}\x{3053}\x{304E}\x{308A}"
              RenderRubyBase (anonymous) at (0,0) size 17x32
                RenderInline {RB} at (0,0) size 17x16
                  RenderText {#text} at (0,8) size 17x16
                    text run at (0,8) width 16: "\x{92F8}"
          RenderText {#text} at (277,312) size 43x488
            text run at (277,312) width 176: "\x{306E}\x{3088}\x{3046}\x{306A}\x{8449}\x{304C}\x{9060}\x{616E}\x{306A}\x{304F}\x{56DB}"
            text run at (303,0) width 176: "\x{65B9}\x{3078}\x{306E}\x{3057}\x{3066}\x{771F}\x{4E2D}\x{306B}\x{9EC4}\x{8272}\x{306A}"
          RenderRuby (inline) {RUBY} at (0,0) size 17x16
            RenderRubyRun (anonymous) at (303,176) size 17x16
              RenderRubyText {RT} at (-9,0) size 9x16
                RenderText {#text} at (0,0) size 9x16
                  text run at (0,0) width 16: "\x{305F}\x{307E}"
              RenderRubyBase (anonymous) at (0,0) size 17x16
                RenderInline {RB} at (0,0) size 17x16
                  RenderText {#text} at (0,0) size 17x16
                    text run at (0,0) width 16: "\x{73E0}"
          RenderText {#text} at (303,192) size 60x480
            text run at (303,192) width 272: "\x{3092}\x{64C1}\x{8B77}\x{3057}\x{3066}\x{3044}\x{308B}\x{3002}\x{83DC}\x{306E}\x{82B1}\x{306B}\x{6C17}\x{3092}\x{3068}\x{3089}\x{308C}"
            text run at (320,0) width 480: "\x{3066}\x{3001}\x{8E0F}\x{307F}\x{3064}\x{3051}\x{305F}\x{3042}\x{3068}\x{3067}\x{3001}\x{6C17}\x{306E}\x{6BD2}\x{306A}\x{4E8B}\x{3092}\x{3057}\x{305F}\x{3068}\x{3001}\x{632F}\x{308A}\x{5411}\x{3044}\x{3066}\x{898B}\x{308B}\x{3068}\x{3001}"
            text run at (346,0) width 240: "\x{9EC4}\x{8272}\x{306A}\x{73E0}\x{306F}\x{4F9D}\x{7136}\x{3068}\x{3057}\x{3066}\x{92F8}\x{306E}\x{306A}\x{304B}\x{306B}"
          RenderRuby (inline) {RUBY} at (0,0) size 17x32
            RenderRubyRun (anonymous) at (346,240) size 17x32
              RenderRubyText {RT} at (-9,0) size 9x32
                RenderText {#text} at (0,4) size 9x24
                  text run at (0,4) width 24: "\x{3061}\x{3093}\x{3056}"
              RenderRubyBase (anonymous) at (0,0) size 17x32
                RenderInline {RB} at (0,0) size 17x32
                  RenderText {#text} at (0,0) size 17x32
                    text run at (0,0) width 32: "\x{93AE}\x{5EA7}"
          RenderText {#text} at (346,272) size 17x80
            text run at (346,272) width 80: "\x{3057}\x{3066}\x{3044}\x{308B}\x{3002}"
          RenderRuby (inline) {RUBY} at (0,0) size 17x32
            RenderRubyRun (anonymous) at (346,352) size 17x32
              RenderRubyText {RT} at (-9,0) size 9x32
                RenderText {#text} at (0,4) size 9x24
                  text run at (0,4) width 24: "\x{306E}\x{3093}\x{304D}"
              RenderRubyBase (anonymous) at (0,0) size 17x32
                RenderInline {RB} at (0,0) size 17x32
                  RenderText {#text} at (0,0) size 17x32
                    text run at (0,0) width 32: "\x{5451}\x{6C17}"
          RenderText {#text} at (346,384) size 34x480
            text run at (346,384) width 96: "\x{306A}\x{3082}\x{306E}\x{3060}\x{3002}\x{307E}"
            text run at (363,0) width 144: "\x{305F}\x{8003}\x{3048}\x{3092}\x{3064}\x{3065}\x{3051}\x{308B}\x{3002}"
          RenderBR {BR} at (363,144) size 17x0
          RenderText {#text} at (389,0) size 17x64
            text run at (389,0) width 64: "\x{3000}\x{8A69}\x{4EBA}\x{306B}"
          RenderRuby (inline) {RUBY} at (0,0) size 17x16
            RenderRubyRun (anonymous) at (389,60) size 17x24
              RenderRubyText {RT} at (-9,0) size 9x24
                RenderText {#text} at (0,0) size 9x24
                  text run at (0,0) width 24: "\x{3046}\x{308C}\x{3044}"
              RenderRubyBase (anonymous) at (0,0) size 17x24
                RenderInline {RB} at (0,0) size 17x16
                  RenderText {#text} at (0,4) size 17x16
                    text run at (0,4) width 16: "\x{6182}"
          RenderText {#text} at (389,80) size 17x240
            text run at (389,80) width 240: "\x{306F}\x{3064}\x{304D}\x{3082}\x{306E}\x{304B}\x{3082}\x{77E5}\x{308C}\x{306A}\x{3044}\x{304C}\x{3001}\x{3042}\x{306E}"
          RenderRuby (inline) {RUBY} at (0,0) size 17x32
            RenderRubyRun (anonymous) at (389,320) size 17x32
              RenderRubyText {RT} at (-9,0) size 9x32
                RenderText {#text} at (0,4) size 9x24
                  text run at (0,4) width 24: "\x{3072}\x{3070}\x{308A}"
              RenderRubyBase (anonymous) at (0,0) size 17x32
                RenderInline {RB} at (0,0) size 17x32
                  RenderText {#text} at (0,0) size 17x32
                    text run at (0,0) width 32: "\x{96F2}\x{96C0}"
          RenderText {#text} at (389,352) size 43x480
            text run at (389,352) width 128: "\x{3092}\x{805E}\x{304F}\x{5FC3}\x{6301}\x{306B}\x{306A}\x{308C}"
            text run at (415,0) width 16: "\x{3070}"
          RenderRuby (inline) {RUBY} at (0,0) size 17x32
            RenderRubyRun (anonymous) at (415,16) size 17x32
              RenderRubyText {RT} at (-9,0) size 9x32
                RenderText {#text} at (0,4) size 9x24
                  text run at (0,4) width 24: "\x{307F}\x{3058}\x{3093}"
              RenderRubyBase (anonymous) at (0,0) size 17x32
                RenderInline {RB} at (0,0) size 17x32
                  RenderText {#text} at (0,0) size 17x32
                    text run at (0,0) width 32: "\x{5FAE}\x{5875}"
          RenderText {#text} at (415,48) size 17x16
            text run at (415,48) width 16: "\x{306E}"
          RenderRuby (inline) {RUBY} at (0,0) size 17x16
            RenderRubyRun (anonymous) at (415,64) size 17x16
              RenderRubyText {RT} at (-9,0) size 9x16
                RenderText {#text} at (0,4) size 9x8
                  text run at (0,4) width 8: "\x{304F}"
              RenderRubyBase (anonymous) at (0,0) size 17x16
                RenderInline {RB} at (0,0) size 17x16
                  RenderText {#text} at (0,0) size 17x16
                    text run at (0,0) width 16: "\x{82E6}"
          RenderText {#text} at (415,80) size 17x336
            text run at (415,80) width 336: "\x{3082}\x{306A}\x{3044}\x{3002}\x{83DC}\x{306E}\x{82B1}\x{3092}\x{898B}\x{3066}\x{3082}\x{3001}\x{305F}\x{3060}\x{3046}\x{308C}\x{3057}\x{304F}\x{3066}\x{80F8}\x{304C}"
          RenderRuby (inline) {RUBY} at (0,0) size 17x16
            RenderRubyRun (anonymous) at (415,416) size 17x16
              RenderRubyText {RT} at (-9,0) size 9x16
                RenderText {#text} at (0,0) size 9x16
                  text run at (0,0) width 16: "\x{304A}\x{3069}"
              RenderRubyBase (anonymous) at (0,0) size 17x16
                RenderInline {RB} at (0,0) size 17x16
                  RenderText {#text} at (0,0) size 17x16
                    text run at (0,0) width 16: "\x{8E8D}"
          RenderText {#text} at (415,432) size 60x480
            text run at (415,432) width 48: "\x{308B}\x{3070}\x{304B}"
            text run at (432,0) width 480: "\x{308A}\x{3060}\x{3002}\x{84B2}\x{516C}\x{82F1}\x{3082}\x{305D}\x{306E}\x{901A}\x{308A}\x{3001}\x{685C}\x{3082}\x{2015}\x{2015}\x{685C}\x{306F}\x{3044}\x{3064}\x{304B}\x{898B}\x{3048}\x{306A}\x{304F}\x{306A}\x{3063}\x{305F}\x{3002}\x{3053}"
            text run at (458,0) width 160: "\x{3046}\x{5C71}\x{306E}\x{4E2D}\x{3078}\x{6765}\x{3066}\x{81EA}\x{7136}\x{306E}"
          RenderRuby (inline) {RUBY} at (0,0) size 17x32
            RenderRubyRun (anonymous) at (458,160) size 17x32
              RenderRubyText {RT} at (-9,0) size 9x32
                RenderText {#text} at (0,0) size 9x32
                  text run at (0,0) width 32: "\x{3051}\x{3044}\x{3076}\x{3064}"
              RenderRubyBase (anonymous) at (0,0) size 17x32
                RenderInline {RB} at (0,0) size 17x32
                  RenderText {#text} at (0,0) size 17x32
                    text run at (0,0) width 32: "\x{666F}\x{7269}"
          RenderText {#text} at (458,192) size 43x480
            text run at (458,192) width 288: "\x{306B}\x{63A5}\x{3059}\x{308C}\x{3070}\x{3001}\x{898B}\x{308B}\x{3082}\x{306E}\x{3082}\x{805E}\x{304F}\x{3082}\x{306E}\x{3082}\x{9762}\x{767D}"
            text run at (484,0) width 432: "\x{3044}\x{3002}\x{9762}\x{767D}\x{3044}\x{3060}\x{3051}\x{3067}\x{5225}\x{6BB5}\x{306E}\x{82E6}\x{3057}\x{307F}\x{3082}\x{8D77}\x{3089}\x{306C}\x{3002}\x{8D77}\x{308B}\x{3068}\x{3059}\x{308C}\x{3070}\x{8DB3}\x{304C}"
          RenderRuby (inline) {RUBY} at (0,0) size 17x32
            RenderRubyRun (anonymous) at (484,432) size 17x32
              RenderRubyText {RT} at (-9,0) size 9x32
                RenderText {#text} at (0,4) size 9x24
                  text run at (0,4) width 24: "\x{304F}\x{305F}\x{3073}"
              RenderRubyBase (anonymous) at (0,0) size 17x32
                RenderInline {RB} at (0,0) size 17x32
                  RenderText {#text} at (0,0) size 17x32
                    text run at (0,0) width 32: "\x{8349}\x{81E5}"
          RenderText {#text} at (484,464) size 43x480
            text run at (484,464) width 16: "\x{308C}"
            text run at (510,0) width 32: "\x{3066}\x{3001}"
          RenderRuby (inline) {RUBY} at (0,0) size 17x16
            RenderRubyRun (anonymous) at (510,32) size 17x16
              RenderRubyText {RT} at (-9,0) size 9x16
                RenderText {#text} at (0,0) size 9x16
                  text run at (0,0) width 16: "\x{3046}\x{307E}"
              RenderRubyBase (anonymous) at (0,0) size 17x16
                RenderInline {RB} at (0,0) size 17x16
                  RenderText {#text} at (0,0) size 17x16
                    text run at (0,0) width 16: "\x{65E8}"
          RenderText {#text} at (510,48) size 17x288
            text run at (510,48) width 288: "\x{3044}\x{3082}\x{306E}\x{304C}\x{98DF}\x{3079}\x{3089}\x{308C}\x{306C}\x{304F}\x{3089}\x{3044}\x{306E}\x{4E8B}\x{3060}\x{308D}\x{3046}\x{3002}"
          RenderBR {BR} at (510,336) size 17x0
          RenderText {#text} at (536,0) size 17x416
            text run at (536,0) width 416: "\x{3000}\x{3057}\x{304B}\x{3057}\x{82E6}\x{3057}\x{307F}\x{306E}\x{306A}\x{3044}\x{306E}\x{306F}\x{306A}\x{305C}\x{3060}\x{308D}\x{3046}\x{3002}\x{305F}\x{3060}\x{3053}\x{306E}\x{666F}\x{8272}\x{3092}\x{4E00}"
          RenderRuby (inline) {RUBY} at (0,0) size 17x16
            RenderRubyRun (anonymous) at (536,416) size 17x16
              RenderRubyText {RT} at (-9,0) size 9x16
                RenderText {#text} at (0,0) size 9x16
                  text run at (0,0) width 16: "\x{3077}\x{304F}"
              RenderRubyBase (anonymous) at (0,0) size 17x16
                RenderInline {RB} at (0,0) size 17x16
                  RenderText {#text} at (0,0) size 17x16
                    text run at (0,0) width 16: "\x{5E45}"
          RenderText {#text} at (536,432) size 17x16
            text run at (536,432) width 16: "\x{306E}"
          RenderRuby (inline) {RUBY} at (0,0) size 17x16
            RenderRubyRun (anonymous) at (536,448) size 17x16
              RenderRubyText {RT} at (-9,0) size 9x16
                RenderText {#text} at (0,4) size 9x8
                  text run at (0,4) width 8: "\x{3048}"
              RenderRubyBase (anonymous) at (0,0) size 17x16
                RenderInline {RB} at (0,0) size 17x16
                  RenderText {#text} at (0,0) size 17x16
                    text run at (0,0) width 16: "\x{753B}"
          RenderText {#text} at (536,464) size 43x480
            text run at (536,464) width 16: "\x{3068}"
            text run at (562,0) width 32: "\x{3057}\x{3066}"
          RenderRuby (inline) {RUBY} at (0,0) size 17x16
            RenderRubyRun (anonymous) at (562,32) size 17x16
              RenderRubyText {RT} at (-9,0) size 9x16
                RenderText {#text} at (0,4) size 9x8
                  text run at (0,4) width 8: "\x{307F}"
              RenderRubyBase (anonymous) at (0,0) size 17x16
                RenderInline {RB} at (0,0) size 17x16
                  RenderText {#text} at (0,0) size 17x16
                    text run at (0,0) width 16: "\x{89B3}"
          RenderText {#text} at (562,48) size 17x32
            text run at (562,48) width 32: "\x{3001}\x{4E00}"
          RenderRuby (inline) {RUBY} at (0,0) size 17x16
            RenderRubyRun (anonymous) at (562,80) size 17x16
              RenderRubyText {RT} at (-9,0) size 9x16
                RenderText {#text} at (0,0) size 9x16
                  text run at (0,0) width 16: "\x{304B}\x{3093}"
              RenderRubyBase (anonymous) at (0,0) size 17x16
                RenderInline {RB} at (0,0) size 17x16
                  RenderText {#text} at (0,0) size 17x16
                    text run at (0,0) width 16: "\x{5DFB}"
          RenderText {#text} at (562,96) size 17x208
            text run at (562,96) width 208: "\x{306E}\x{8A69}\x{3068}\x{3057}\x{3066}\x{8AAD}\x{3080}\x{304B}\x{3089}\x{3067}\x{3042}\x{308B}\x{3002}"
          RenderRuby (inline) {RUBY} at (0,0) size 17x16
            RenderRubyRun (anonymous) at (562,304) size 17x16
              RenderRubyText {RT} at (-9,0) size 9x16
                RenderText {#text} at (0,4) size 9x8
                  text run at (0,4) width 8: "\x{304C}"
              RenderRubyBase (anonymous) at (0,0) size 17x16
                RenderInline {RB} at (0,0) size 17x16
                  RenderText {#text} at (0,0) size 17x16
                    text run at (0,0) width 16: "\x{753B}"
          RenderText {#text} at (562,320) size 17x160
            text run at (562,320) width 160: "\x{3067}\x{3042}\x{308A}\x{8A69}\x{3067}\x{3042}\x{308B}\x{4EE5}\x{4E0A}\x{306F}"
          RenderRuby (inline) {RUBY} at (0,0) size 17x32
            RenderRubyRun (anonymous) at (588,0) size 17x32
              RenderRubyText {RT} at (-9,0) size 9x32
                RenderText {#text} at (0,4) size 9x24
                  text run at (0,4) width 24: "\x{3058}\x{3081}\x{3093}"
              RenderRubyBase (anonymous) at (0,0) size 17x32
                RenderInline {RB} at (0,0) size 17x32
                  RenderText {#text} at (0,0) size 17x32
                    text run at (0,0) width 32: "\x{5730}\x{9762}"
          RenderText {#text} at (588,32) size 17x368
            text run at (588,32) width 368: "\x{3092}\x{8CB0}\x{3063}\x{3066}\x{3001}\x{958B}\x{62D3}\x{3059}\x{308B}\x{6C17}\x{306B}\x{3082}\x{306A}\x{3089}\x{306D}\x{3070}\x{3001}\x{9244}\x{9053}\x{3092}\x{304B}\x{3051}\x{3066}"
          RenderRuby (inline) {RUBY} at (0,0) size 17x32
            RenderRubyRun (anonymous) at (588,400) size 17x32
              RenderRubyText {RT} at (-9,0) size 9x32
                RenderText {#text} at (0,0) size 9x32
                  text run at (0,0) width 32: "\x{3072}\x{3068}\x{3082}\x{3046}"
              RenderRubyBase (anonymous) at (0,0) size 17x32
                RenderInline {RB} at (0,0) size 17x32
                  RenderText {#text} at (0,0) size 17x32
                    text run at (0,0) width 32: "\x{4E00}\x{5132}"
          RenderText {#text} at (588,432) size 17x48
            text run at (588,432) width 48: "\x{3051}\x{3059}\x{308B}"
          RenderRuby (inline) {RUBY} at (0,0) size 17x36
            RenderRubyRun (anonymous) at (614,0) size 17x40
              RenderRubyText {RT} at (-9,0) size 9x40
                RenderText {#text} at (0,0) size 9x40
                  text run at (0,0) width 40: "\x{308A}\x{3087}\x{3046}\x{3051}\x{3093}"
              RenderRubyBase (anonymous) at (0,0) size 17x40
                RenderInline {RB} at (0,0) size 17x32
                  RenderText {#text} at (0,4) size 17x32
                    text run at (0,4) width 32: "\x{4E86}\x{898B}"
          RenderText {#text} at (614,36) size 17x256
            text run at (614,36) width 256: "\x{3082}\x{8D77}\x{3089}\x{306C}\x{3002}\x{305F}\x{3060}\x{3053}\x{306E}\x{666F}\x{8272}\x{304C}\x{2015}\x{2015}\x{8179}\x{306E}"
          RenderRuby (inline) {RUBY} at (0,0) size 17x16
            RenderRubyRun (anonymous) at (614,292) size 17x16
              RenderRubyText {RT} at (-9,0) size 9x16
                RenderText {#text} at (0,4) size 9x8
                  text run at (0,4) width 8: "\x{305F}"
              RenderRubyBase (anonymous) at (0,0) size 17x16
                RenderInline {RB} at (0,0) size 17x16
                  RenderText {#text} at (0,0) size 17x16
                    text run at (0,0) width 16: "\x{8DB3}"
          RenderText {#text} at (614,308) size 60x484
            text run at (614,308) width 176: "\x{3057}\x{306B}\x{3082}\x{306A}\x{3089}\x{306C}\x{3001}\x{6708}\x{7D66}\x{306E}\x{88DC}"
            text run at (631,0) width 480: "\x{3044}\x{306B}\x{3082}\x{306A}\x{3089}\x{306C}\x{3053}\x{306E}\x{666F}\x{8272}\x{304C}\x{666F}\x{8272}\x{3068}\x{3057}\x{3066}\x{306E}\x{307F}\x{3001}\x{4F59}\x{304C}\x{5FC3}\x{3092}\x{697D}\x{307E}\x{305B}\x{3064}\x{3064}\x{3042}\x{308B}"
            text run at (657,0) width 128: "\x{304B}\x{3089}\x{82E6}\x{52B4}\x{3082}\x{5FC3}\x{914D}\x{3082}"
          RenderRuby (inline) {RUBY} at (0,0) size 17x16
            RenderRubyRun (anonymous) at (657,124) size 17x24
              RenderRubyText {RT} at (-9,0) size 9x24
                RenderText {#text} at (0,0) size 9x24
                  text run at (0,0) width 24: "\x{3068}\x{3082}\x{306A}"
              RenderRubyBase (anonymous) at (0,0) size 17x24
                RenderInline {RB} at (0,0) size 17x16
                  RenderText {#text} at (0,4) size 17x16
                    text run at (0,4) width 16: "\x{4F34}"
          RenderText {#text} at (657,144) size 17x288
            text run at (657,144) width 288: "\x{308F}\x{306C}\x{306E}\x{3060}\x{308D}\x{3046}\x{3002}\x{81EA}\x{7136}\x{306E}\x{529B}\x{306F}\x{3053}\x{3053}\x{306B}\x{304A}\x{3044}\x{3066}"
          RenderRuby (inline) {RUBY} at (0,0) size 17x16
            RenderRubyRun (anonymous) at (657,432) size 17x16
              RenderRubyText {RT} at (-9,0) size 9x16
                RenderText {#text} at (0,0) size 9x16
                  text run at (0,0) width 16: "\x{305F}\x{3063}"
              RenderRubyBase (anonymous) at (0,0) size 17x16
                RenderInline {RB} at (0,0) size 17x16
                  RenderText {#text} at (0,0) size 17x16
                    text run at (0,0) width 16: "\x{5C0A}"
          RenderText {#text} at (657,448) size 43x464
            text run at (657,448) width 16: "\x{3068}"
            text run at (683,0) width 176: "\x{3044}\x{3002}\x{543E}\x{4EBA}\x{306E}\x{6027}\x{60C5}\x{3092}\x{77AC}\x{523B}\x{306B}"
          RenderRuby (inline) {RUBY} at (0,0) size 17x32
            RenderRubyRun (anonymous) at (683,176) size 17x32
              RenderRubyText {RT} at (-9,0) size 9x32
                RenderText {#text} at (0,4) size 9x24
                  text run at (0,4) width 24: "\x{3068}\x{3046}\x{3084}"
              RenderRubyBase (anonymous) at (0,0) size 17x32
                RenderInline {RB} at (0,0) size 17x32
                  RenderText {#text} at (0,0) size 17x32
                    text run at (0,0) width 32: "\x{9676}\x{51B6}"
          RenderText {#text} at (683,208) size 17x32
            text run at (683,208) width 32: "\x{3057}\x{3066}"
          RenderRuby (inline) {RUBY} at (0,0) size 17x32
            RenderRubyRun (anonymous) at (683,240) size 17x32
              RenderRubyText {RT} at (-9,0) size 9x32
                RenderText {#text} at (0,0) size 9x32
                  text run at (0,0) width 32: "\x{3058}\x{3085}\x{3093}\x{3053}"
              RenderRubyBase (anonymous) at (0,0) size 17x32
                RenderInline {RB} at (0,0) size 17x32
                  RenderText {#text} at (0,0) size 17x32
                    text run at (0,0) width 32: "\x{9187}\x{4E4E}"
          RenderText {#text} at (683,272) size 34x480
            text run at (683,272) width 208: "\x{3068}\x{3057}\x{3066}\x{9187}\x{306A}\x{308B}\x{8A69}\x{5883}\x{306B}\x{5165}\x{3089}\x{3057}\x{3080}"
            text run at (700,0) width 144: "\x{308B}\x{306E}\x{306F}\x{81EA}\x{7136}\x{3067}\x{3042}\x{308B}\x{3002}"
          RenderBR {BR} at (700,144) size 17x0
          RenderText {#text} at (717,0) size 43x480
            text run at (717,0) width 480: "\x{3000}\x{604B}\x{306F}\x{3046}\x{3064}\x{304F}\x{3057}\x{304B}\x{308D}\x{3001}\x{5B5D}\x{3082}\x{3046}\x{3064}\x{304F}\x{3057}\x{304B}\x{308D}\x{3001}\x{5FE0}\x{541B}\x{611B}\x{56FD}\x{3082}\x{7D50}\x{69CB}\x{3060}\x{308D}\x{3046}\x{3002}"
            text run at (743,0) width 128: "\x{3057}\x{304B}\x{3057}\x{81EA}\x{8EAB}\x{304C}\x{305D}\x{306E}"
          RenderRuby (inline) {RUBY} at (0,0) size 17x16
            RenderRubyRun (anonymous) at (743,124) size 17x24
              RenderRubyText {RT} at (-9,0) size 9x24
                RenderText {#text} at (0,0) size 9x24
                  text run at (0,0) width 24: "\x{304D}\x{3087}\x{304F}"
              RenderRubyBase (anonymous) at (0,0) size 17x24
                RenderInline {RB} at (0,0) size 17x16
                  RenderText {#text} at (0,4) size 17x16
                    text run at (0,4) width 16: "\x{5C40}"
          RenderText {#text} at (743,144) size 17x112
            text run at (743,144) width 112: "\x{306B}\x{5F53}\x{308C}\x{3070}\x{5229}\x{5BB3}\x{306E}"
          RenderRuby (inline) {RUBY} at (0,0) size 17x32
            RenderRubyRun (anonymous) at (743,256) size 17x32
              RenderRubyText {RT} at (-9,0) size 9x32
                RenderText {#text} at (0,4) size 9x24
                  text run at (0,4) width 24: "\x{3064}\x{3080}\x{3058}"
              RenderRubyBase (anonymous) at (0,0) size 17x32
                RenderInline {RB} at (0,0) size 17x32
                  RenderText {#text} at (0,0) size 17x32
                    text run at (0,0) width 32: "\x{65CB}\x{98A8}"
          RenderText {#text} at (743,288) size 17x16
            text run at (743,288) width 16: "\x{306B}"
          RenderRuby (inline) {RUBY} at (0,0) size 17x16
            RenderRubyRun (anonymous) at (743,304) size 17x16
              RenderRubyText {RT} at (-9,0) size 9x16
                RenderText {#text} at (0,4) size 9x8
                  text run at (0,4) width 8: "\x{307E}"
              RenderRubyBase (anonymous) at (0,0) size 17x16
                RenderInline {RB} at (0,0) size 17x16
                  RenderText {#text} at (0,0) size 17x16
                    text run at (0,0) width 16: "\x{6372}"
          RenderText {#text} at (743,320) size 43x480
            text run at (743,320) width 160: "\x{304D}\x{8FBC}\x{307E}\x{308C}\x{3066}\x{3001}\x{3046}\x{3064}\x{304F}\x{3057}"
            text run at (769,0) width 224: "\x{304D}\x{4E8B}\x{306B}\x{3082}\x{3001}\x{7D50}\x{69CB}\x{306A}\x{4E8B}\x{306B}\x{3082}\x{3001}\x{76EE}\x{306F}"
          RenderRuby (inline) {RUBY} at (0,0) size 17x16
            RenderRubyRun (anonymous) at (769,224) size 17x16
              RenderRubyText {RT} at (-9,0) size 9x16
                RenderText {#text} at (0,0) size 9x16
                  text run at (0,0) width 16: "\x{304F}\x{3089}"
              RenderRubyBase (anonymous) at (0,0) size 17x16
                RenderInline {RB} at (0,0) size 17x16
                  RenderText {#text} at (0,0) size 17x16
                    text run at (0,0) width 16: "\x{7729}"
          RenderText {#text} at (769,240) size 43x480
            text run at (769,240) width 240: "\x{3093}\x{3067}\x{3057}\x{307E}\x{3046}\x{3002}\x{3057}\x{305F}\x{304C}\x{3063}\x{3066}\x{3069}\x{3053}\x{306B}\x{8A69}"
            text run at (795,0) width 128: "\x{304C}\x{3042}\x{308B}\x{304B}\x{81EA}\x{8EAB}\x{306B}\x{306F}"
          RenderRuby (inline) {RUBY} at (0,0) size 17x16
            RenderRubyRun (anonymous) at (795,128) size 17x16
              RenderRubyText {RT} at (-9,0) size 9x16
                RenderText {#text} at (0,4) size 9x8
                  text run at (0,4) width 8: "\x{3052}"
              RenderRubyBase (anonymous) at (0,0) size 17x16
                RenderInline {RB} at (0,0) size 17x16
                  RenderText {#text} at (0,0) size 17x16
                    text run at (0,0) width 16: "\x{89E3}"
          RenderText {#text} at (795,144) size 17x80
            text run at (795,144) width 80: "\x{3057}\x{304B}\x{306D}\x{308B}\x{3002}"
          RenderBR {BR} at (795,224) size 17x0
          RenderText {#text} at (812,0) size 43x480
            text run at (812,0) width 480: "\x{3000}\x{3053}\x{308C}\x{304C}\x{308F}\x{304B}\x{308B}\x{305F}\x{3081}\x{306B}\x{306F}\x{3001}\x{308F}\x{304B}\x{308B}\x{3060}\x{3051}\x{306E}\x{4F59}\x{88D5}\x{306E}\x{3042}\x{308B}\x{7B2C}\x{4E09}\x{8005}\x{306E}\x{5730}\x{4F4D}\x{306B}"
            text run at (838,0) width 352: "\x{7ACB}\x{305F}\x{306D}\x{3070}\x{306A}\x{3089}\x{306C}\x{3002}\x{4E09}\x{8005}\x{306E}\x{5730}\x{4F4D}\x{306B}\x{7ACB}\x{3066}\x{3070}\x{3053}\x{305D}\x{829D}\x{5C45}\x{306F}"
          RenderRuby (inline) {RUBY} at (0,0) size 17x16
            RenderRubyRun (anonymous) at (838,352) size 17x16
              RenderRubyText {RT} at (-9,0) size 9x16
                RenderText {#text} at (0,4) size 9x8
                  text run at (0,4) width 8: "\x{307F}"
              RenderRubyBase (anonymous) at (0,0) size 17x16
                RenderInline {RB} at (0,0) size 17x16
                  RenderText {#text} at (0,0) size 17x16
                    text run at (0,0) width 16: "\x{89B3}"
          RenderText {#text} at (838,368) size 60x480
            text run at (838,368) width 112: "\x{3066}\x{9762}\x{767D}\x{3044}\x{3002}\x{5C0F}\x{8AAC}"
            text run at (855,0) width 480: "\x{3082}\x{898B}\x{3066}\x{9762}\x{767D}\x{3044}\x{3002}\x{829D}\x{5C45}\x{3092}\x{898B}\x{3066}\x{9762}\x{767D}\x{3044}\x{4EBA}\x{3082}\x{3001}\x{5C0F}\x{8AAC}\x{3092}\x{8AAD}\x{3093}\x{3067}\x{9762}\x{767D}\x{3044}\x{4EBA}\x{3082}\x{3001}"
            text run at (881,0) width 96: "\x{81EA}\x{5DF1}\x{306E}\x{5229}\x{5BB3}\x{306F}"
          RenderRuby (inline) {RUBY} at (0,0) size 17x16
            RenderRubyRun (anonymous) at (881,96) size 17x16
              RenderRubyText {RT} at (-9,0) size 9x16
                RenderText {#text} at (0,0) size 9x16
                  text run at (0,0) width 16: "\x{305F}\x{306A}"
              RenderRubyBase (anonymous) at (0,0) size 17x16
                RenderInline {RB} at (0,0) size 17x16
                  RenderText {#text} at (0,0) size 17x16
                    text run at (0,0) width 16: "\x{68DA}"
          RenderText {#text} at (881,112) size 34x480
            text run at (881,112) width 368: "\x{3078}\x{4E0A}\x{3052}\x{3066}\x{3044}\x{308B}\x{3002}\x{898B}\x{305F}\x{308A}\x{8AAD}\x{3093}\x{3060}\x{308A}\x{3059}\x{308B}\x{9593}\x{3060}\x{3051}\x{306F}\x{8A69}\x{4EBA}\x{3067}"
            text run at (898,0) width 48: "\x{3042}\x{308B}\x{3002}"
          RenderBR {BR} at (898,48) size 17x0
          RenderText {#text} at (924,0) size 17x304
            text run at (924,0) width 304: "\x{3000}\x{305D}\x{308C}\x{3059}\x{3089}\x{3001}\x{666E}\x{901A}\x{306E}\x{829D}\x{5C45}\x{3084}\x{5C0F}\x{8AAC}\x{3067}\x{306F}\x{4EBA}\x{60C5}\x{3092}"
          RenderRuby (inline) {RUBY} at (0,0) size 17x16
            RenderRubyRun (anonymous) at (924,304) size 17x16
              RenderRubyText {RT} at (-9,0) size 9x16
                RenderText {#text} at (0,0) size 9x16
                  text run at (0,0) width 16: "\x{307E}\x{306C}"
              RenderRubyBase (anonymous) at (0,0) size 17x16
                RenderInline {RB} at (0,0) size 17x16
                  RenderText {#text} at (0,0) size 17x16
                    text run at (0,0) width 16: "\x{514D}"
          RenderText {#text} at (924,320) size 60x480
            text run at (924,320) width 160: "\x{304B}\x{308C}\x{306C}\x{3002}\x{82E6}\x{3057}\x{3093}\x{3060}\x{308A}\x{3001}"
            text run at (941,0) width 480: "\x{6012}\x{3063}\x{305F}\x{308A}\x{3001}\x{9A12}\x{3044}\x{3060}\x{308A}\x{3001}\x{6CE3}\x{3044}\x{305F}\x{308A}\x{3059}\x{308B}\x{3002}\x{898B}\x{308B}\x{3082}\x{306E}\x{3082}\x{3044}\x{3064}\x{304B}\x{305D}\x{306E}\x{4E2D}\x{306B}\x{540C}"
            text run at (967,0) width 416: "\x{5316}\x{3057}\x{3066}\x{82E6}\x{3057}\x{3093}\x{3060}\x{308A}\x{3001}\x{6012}\x{3063}\x{305F}\x{308A}\x{3001}\x{9A12}\x{3044}\x{3060}\x{308A}\x{3001}\x{6CE3}\x{3044}\x{305F}\x{308A}\x{3059}\x{308B}\x{3002}"
          RenderRuby (inline) {RUBY} at (0,0) size 17x32
            RenderRubyRun (anonymous) at (967,416) size 17x32
              RenderRubyText {RT} at (-9,0) size 9x32
                RenderText {#text} at (0,4) size 9x24
                  text run at (0,4) width 24: "\x{3068}\x{308A}\x{3048}"
              RenderRubyBase (anonymous) at (0,0) size 17x32
                RenderInline {RB} at (0,0) size 17x32
                  RenderText {#text} at (0,0) size 17x32
                    text run at (0,0) width 32: "\x{53D6}\x{67C4}"
          RenderText {#text} at (967,448) size 43x480
            text run at (967,448) width 32: "\x{306F}\x{5229}"
            text run at (993,0) width 32: "\x{617E}\x{304C}"
          RenderRuby (inline) {RUBY} at (0,0) size 17x16
            RenderRubyRun (anonymous) at (993,32) size 17x16
              RenderRubyText {RT} at (-9,0) size 9x16
                RenderText {#text} at (0,0) size 9x16
                  text run at (0,0) width 16: "\x{307E}\x{3058}"
              RenderRubyBase (anonymous) at (0,0) size 17x16
                RenderInline {RB} at (0,0) size 17x16
                  RenderText {#text} at (0,0) size 17x16
                    text run at (0,0) width 16: "\x{4EA4}"
          RenderText {#text} at (993,48) size 17x112
            text run at (993,48) width 112: "\x{3089}\x{306C}\x{3068}\x{4E91}\x{3046}\x{70B9}\x{306B}"
          RenderRuby (inline) {RUBY} at (0,0) size 17x16
            RenderRubyRun (anonymous) at (993,160) size 17x16
              RenderRubyText {RT} at (-9,0) size 9x16
                RenderText {#text} at (0,0) size 9x16
                  text run at (0,0) width 16: "\x{305D}\x{3093}"
              RenderRubyBase (anonymous) at (0,0) size 17x16
                RenderInline {RB} at (0,0) size 17x16
                  RenderText {#text} at (0,0) size 17x16
                    text run at (0,0) width 16: "\x{5B58}"
          RenderText {#text} at (993,176) size 17x304
            text run at (993,176) width 304: "\x{3059}\x{308B}\x{304B}\x{3082}\x{77E5}\x{308C}\x{306C}\x{304C}\x{3001}\x{4EA4}\x{3089}\x{306C}\x{3060}\x{3051}\x{306B}\x{305D}\x{306E}\x{4ED6}\x{306E}"
          RenderRuby (inline) {RUBY} at (0,0) size 17x36
            RenderRubyRun (anonymous) at (1019,0) size 17x40
              RenderRubyText {RT} at (-9,0) size 9x40
                RenderText {#text} at (0,0) size 9x40
                  text run at (0,0) width 40: "\x{3058}\x{3087}\x{3046}\x{3057}\x{3087}"
              RenderRubyBase (anonymous) at (0,0) size 17x40
                RenderInline {RB} at (0,0) size 17x32
                  RenderText {#text} at (0,4) size 17x32
                    text run at (0,4) width 32: "\x{60C5}\x{7DD2}"
          RenderText {#text} at (1019,36) size 17x304
            text run at (1019,36) width 304: "\x{306F}\x{5E38}\x{3088}\x{308A}\x{306F}\x{4F59}\x{8A08}\x{306B}\x{6D3B}\x{52D5}\x{3059}\x{308B}\x{3060}\x{308D}\x{3046}\x{3002}\x{305D}\x{308C}\x{304C}"
          RenderRuby (inline) {RUBY} at (0,0) size 17x16
            RenderRubyRun (anonymous) at (1019,340) size 17x16
              RenderRubyText {RT} at (-9,0) size 9x16
                RenderText {#text} at (0,0) size 9x16
                  text run at (0,0) width 16: "\x{3044}\x{3084}"
              RenderRubyBase (anonymous) at (0,0) size 17x16
                RenderInline {RB} at (0,0) size 17x16
                  RenderText {#text} at (0,0) size 17x16
                    text run at (0,0) width 16: "\x{5ACC}"
          RenderText {#text} at (1019,356) size 17x32
            text run at (1019,356) width 32: "\x{3060}\x{3002}"
          RenderBR {BR} at (1019,388) size 17x0
          RenderText {#text} at (1036,0) size 43x480
            text run at (1036,0) width 480: "\x{3000}\x{82E6}\x{3057}\x{3093}\x{3060}\x{308A}\x{3001}\x{6012}\x{3063}\x{305F}\x{308A}\x{3001}\x{9A12}\x{3044}\x{3060}\x{308A}\x{3001}\x{6CE3}\x{3044}\x{305F}\x{308A}\x{306F}\x{4EBA}\x{306E}\x{4E16}\x{306B}\x{3064}\x{304D}\x{3082}\x{306E}"
            text run at (1062,0) width 192: "\x{3060}\x{3002}\x{4F59}\x{3082}\x{4E09}\x{5341}\x{5E74}\x{306E}\x{9593}\x{305D}\x{308C}\x{3092}"
          RenderRuby (inline) {RUBY} at (0,0) size 17x32
            RenderRubyRun (anonymous) at (1062,192) size 17x32
              RenderRubyText {RT} at (-9,0) size 9x32
                RenderText {#text} at (0,4) size 9x24
                  text run at (0,4) width 24: "\x{3057}\x{3068}\x{304A}"
              RenderRubyBase (anonymous) at (0,0) size 17x32
                RenderInline {RB} at (0,0) size 17x32
                  RenderText {#text} at (0,0) size 17x32
                    text run at (0,0) width 32: "\x{4ED5}\x{901A}"
          RenderText {#text} at (1062,224) size 17x48
            text run at (1062,224) width 48: "\x{3057}\x{3066}\x{3001}"
          RenderRuby (inline) {RUBY} at (0,0) size 17x32
            RenderRubyRun (anonymous) at (1062,272) size 17x32
              RenderRubyText {RT} at (-9,0) size 9x32
                RenderText {#text} at (0,0) size 9x32
                  text run at (0,0) width 32: "\x{3042}\x{304D}\x{3042}\x{304D}"
              RenderRubyBase (anonymous) at (0,0) size 17x32
                RenderInline {RB} at (0,0) size 17x32
                  RenderText {#text} at (0,0) size 17x32
                    text run at (0,0) width 32: "\x{98FD}\x{3005}"
          RenderText {#text} at (1062,304) size 17x48
            text run at (1062,304) width 48: "\x{3057}\x{305F}\x{3002}"
          RenderRuby (inline) {RUBY} at (0,0) size 17x16
            RenderRubyRun (anonymous) at (1062,352) size 17x16
              RenderRubyText {RT} at (-9,0) size 9x16
                RenderText {#text} at (0,4) size 9x8
                  text run at (0,4) width 8: "\x{3042}"
              RenderRubyBase (anonymous) at (0,0) size 17x16
                RenderInline {RB} at (0,0) size 17x16
                  RenderText {#text} at (0,0) size 17x16
                    text run at (0,0) width 16: "\x{98FD}"
          RenderText {#text} at (1062,368) size 60x480
            text run at (1062,368) width 112: "\x{304D}\x{98FD}\x{304D}\x{3057}\x{305F}\x{4E0A}\x{306B}"
            text run at (1079,0) width 480: "\x{829D}\x{5C45}\x{3084}\x{5C0F}\x{8AAC}\x{3067}\x{540C}\x{3058}\x{523A}\x{6FC0}\x{3092}\x{7E70}\x{308A}\x{8FD4}\x{3057}\x{3066}\x{306F}\x{5927}\x{5909}\x{3060}\x{3002}\x{4F59}\x{304C}\x{6B32}\x{3059}\x{308B}\x{8A69}\x{306F}\x{305D}\x{3093}"
            text run at (1105,0) width 128: "\x{306A}\x{4E16}\x{9593}\x{7684}\x{306E}\x{4EBA}\x{60C5}\x{3092}"
          RenderRuby (inline) {RUBY} at (0,0) size 17x32
            RenderRubyRun (anonymous) at (1105,128) size 17x32
              RenderRubyText {RT} at (-9,0) size 9x32
                RenderText {#text} at (0,8) size 9x16
                  text run at (0,8) width 16: "\x{3053}\x{3076}"
              RenderRubyBase (anonymous) at (0,0) size 17x32
                RenderInline {RB} at (0,0) size 17x32
                  RenderText {#text} at (0,0) size 17x32
                    text run at (0,0) width 32: "\x{9F13}\x{821E}"
          RenderText {#text} at (1105,160) size 43x480
            text run at (1105,160) width 320: "\x{3059}\x{308B}\x{3088}\x{3046}\x{306A}\x{3082}\x{306E}\x{3067}\x{306F}\x{306A}\x{3044}\x{3002}\x{4FD7}\x{5FF5}\x{3092}\x{653E}\x{68C4}\x{3057}\x{3066}\x{3001}"
            text run at (1131,0) width 96: "\x{3057}\x{3070}\x{3089}\x{304F}\x{3067}\x{3082}"
          RenderRuby (inline) {RUBY} at (0,0) size 17x32
            RenderRubyRun (anonymous) at (1131,96) size 17x32
              RenderRubyText {RT} at (-9,0) size 9x32
                RenderText {#text} at (0,0) size 9x32
                  text run at (0,0) width 32: "\x{3058}\x{3093}\x{304B}\x{3044}"
              RenderRubyBase (anonymous) at (0,0) size 17x32
                RenderInline {RB} at (0,0) size 17x32
                  RenderText {#text} at (0,0) size 17x32
                    text run at (0,0) width 32: "\x{5875}\x{754C}"
          RenderText {#text} at (1131,128) size 77x480
            text run at (1131,128) width 352: "\x{3092}\x{96E2}\x{308C}\x{305F}\x{5FC3}\x{6301}\x{3061}\x{306B}\x{306A}\x{308C}\x{308B}\x{8A69}\x{3067}\x{3042}\x{308B}\x{3002}\x{3044}\x{304F}\x{3089}\x{5091}\x{4F5C}\x{3067}"
            text run at (1148,0) width 480: "\x{3082}\x{4EBA}\x{60C5}\x{3092}\x{96E2}\x{308C}\x{305F}\x{829D}\x{5C45}\x{306F}\x{306A}\x{3044}\x{3001}\x{7406}\x{975E}\x{3092}\x{7D76}\x{3057}\x{305F}\x{5C0F}\x{8AAC}\x{306F}\x{5C11}\x{304B}\x{308D}\x{3046}\x{3002}\x{3069}\x{3053}\x{307E}"
            text run at (1165,0) width 480: "\x{3067}\x{3082}\x{4E16}\x{9593}\x{3092}\x{51FA}\x{308B}\x{4E8B}\x{304C}\x{51FA}\x{6765}\x{306C}\x{306E}\x{304C}\x{5F7C}\x{3089}\x{306E}\x{7279}\x{8272}\x{3067}\x{3042}\x{308B}\x{3002}\x{3053}\x{3068}\x{306B}\x{897F}\x{6D0B}\x{306E}\x{8A69}"
            text run at (1191,0) width 304: "\x{306B}\x{306A}\x{308B}\x{3068}\x{3001}\x{4EBA}\x{4E8B}\x{304C}\x{6839}\x{672C}\x{306B}\x{306A}\x{308B}\x{304B}\x{3089}\x{3044}\x{308F}\x{3086}\x{308B}"
          RenderRuby (inline) {RUBY} at (0,0) size 17x32
            RenderRubyRun (anonymous) at (1191,304) size 17x32
              RenderRubyText {RT} at (-9,0) size 9x32
                RenderText {#text} at (0,4) size 9x24
                  text run at (0,4) width 24: "\x{3057}\x{3044}\x{304B}"
              RenderRubyBase (anonymous) at (0,0) size 17x32
                RenderInline {RB} at (0,0) size 17x32
                  RenderText {#text} at (0,0) size 17x32
                    text run at (0,0) width 32: "\x{8A69}\x{6B4C}"
          RenderText {#text} at (1191,336) size 43x480
            text run at (1191,336) width 144: "\x{306E}\x{7D14}\x{7C8B}\x{306A}\x{308B}\x{3082}\x{306E}\x{3082}\x{3053}"
            text run at (1217,0) width 16: "\x{306E}"
          RenderRuby (inline) {RUBY} at (0,0) size 17x16
            RenderRubyRun (anonymous) at (1217,12) size 17x24
              RenderRubyText {RT} at (-9,0) size 9x24
                RenderText {#text} at (0,0) size 9x24
                  text run at (0,0) width 24: "\x{304D}\x{3087}\x{3046}"
              RenderRubyBase (anonymous) at (0,0) size 17x24
                RenderInline {RB} at (0,0) size 17x16
                  RenderText {#text} at (0,4) size 17x16
                    text run at (0,4) width 16: "\x{5883}"
          RenderText {#text} at (1217,32) size 17x16
            text run at (1217,32) width 16: "\x{3092}"
          RenderRuby (inline) {RUBY} at (0,0) size 17x32
            RenderRubyRun (anonymous) at (1217,48) size 17x32
              RenderRubyText {RT} at (-9,0) size 9x32
                RenderText {#text} at (0,4) size 9x24
                  text run at (0,4) width 24: "\x{3052}\x{3060}\x{3064}"
              RenderRubyBase (anonymous) at (0,0) size 17x32
                RenderInline {RB} at (0,0) size 17x32
                  RenderText {#text} at (0,0) size 17x32
                    text run at (0,0) width 32: "\x{89E3}\x{8131}"
          RenderText {#text} at (1217,80) size 43x480
            text run at (1217,80) width 400: "\x{3059}\x{308B}\x{4E8B}\x{3092}\x{77E5}\x{3089}\x{306C}\x{3002}\x{3069}\x{3053}\x{307E}\x{3067}\x{3082}\x{540C}\x{60C5}\x{3060}\x{3068}\x{304B}\x{3001}\x{611B}\x{3060}\x{3068}\x{304B}\x{3001}\x{6B63}"
            text run at (1243,0) width 176: "\x{7FA9}\x{3060}\x{3068}\x{304B}\x{3001}\x{81EA}\x{7531}\x{3060}\x{3068}\x{304B}\x{3001}"
          RenderRuby (inline) {RUBY} at (0,0) size 17x32
            RenderRubyRun (anonymous) at (1243,176) size 17x32
              RenderRubyText {RT} at (-9,0) size 9x32
                RenderText {#text} at (0,4) size 9x24
                  text run at (0,4) width 24: "\x{3046}\x{304D}\x{3088}"
              RenderRubyBase (anonymous) at (0,0) size 17x32
                RenderInline {RB} at (0,0) size 17x32
                  RenderText {#text} at (0,0) size 17x32
                    text run at (0,0) width 32: "\x{6D6E}\x{4E16}"
          RenderText {#text} at (1243,208) size 17x16
            text run at (1243,208) width 16: "\x{306E}"
          RenderRuby (inline) {RUBY} at (0,0) size 17x48
            RenderRubyRun (anonymous) at (1243,224) size 17x48
              RenderRubyText {RT} at (-9,0) size 9x48
                RenderText {#text} at (0,4) size 9x40
                  text run at (0,4) width 40: "\x{304B}\x{3093}\x{3053}\x{3046}\x{3070}"
              RenderRubyBase (anonymous) at (0,0) size 17x48
                RenderInline {RB} at (0,0) size 17x48
                  RenderText {#text} at (0,0) size 17x48
                    text run at (0,0) width 48: "\x{52E7}\x{5DE5}\x{5834}"
          RenderText {#text} at (1243,272) size 17x160
            text run at (1243,272) width 160: "\x{306B}\x{3042}\x{308B}\x{3082}\x{306E}\x{3060}\x{3051}\x{3067}\x{7528}\x{3092}"
          RenderRuby (inline) {RUBY} at (0,0) size 17x16
            RenderRubyRun (anonymous) at (1243,432) size 17x16
              RenderRubyText {RT} at (-9,0) size 9x16
                RenderText {#text} at (0,0) size 9x16
                  text run at (0,0) width 16: "\x{3079}\x{3093}"
              RenderRubyBase (anonymous) at (0,0) size 17x16
                RenderInline {RB} at (0,0) size 17x16
                  RenderText {#text} at (0,0) size 17x16
                    text run at (0,0) width 16: "\x{5F01}"
          RenderText {#text} at (1243,448) size 43x480
            text run at (1243,448) width 32: "\x{3058}\x{3066}"
            text run at (1269,0) width 288: "\x{3044}\x{308B}\x{3002}\x{3044}\x{304F}\x{3089}\x{8A69}\x{7684}\x{306B}\x{306A}\x{3063}\x{3066}\x{3082}\x{5730}\x{9762}\x{306E}\x{4E0A}\x{3092}"
          RenderRuby (inline) {RUBY} at (0,0) size 17x16
            RenderRubyRun (anonymous) at (1269,288) size 17x16
              RenderRubyText {RT} at (-9,0) size 9x16
                RenderText {#text} at (0,4) size 9x8
                  text run at (0,4) width 8: "\x{304B}"
              RenderRubyBase (anonymous) at (0,0) size 17x16
                RenderInline {RB} at (0,0) size 17x16
                  RenderText {#text} at (0,0) size 17x16
                    text run at (0,0) width 16: "\x{99B3}"
          RenderText {#text} at (1269,304) size 17x112
            text run at (1269,304) width 112: "\x{3051}\x{3066}\x{3042}\x{308B}\x{3044}\x{3066}\x{3001}"
          RenderRuby (inline) {RUBY} at (0,0) size 17x16
            RenderRubyRun (anonymous) at (1269,416) size 17x16
              RenderRubyText {RT} at (-9,0) size 9x16
                RenderText {#text} at (0,0) size 9x16
                  text run at (0,0) width 16: "\x{305C}\x{306B}"
              RenderRubyBase (anonymous) at (0,0) size 17x16
                RenderInline {RB} at (0,0) size 17x16
                  RenderText {#text} at (0,0) size 17x16
                    text run at (0,0) width 16: "\x{92AD}"
          RenderText {#text} at (1269,432) size 43x480
            text run at (1269,432) width 48: "\x{306E}\x{52D8}\x{5B9A}"
            text run at (1295,0) width 240: "\x{3092}\x{5FD8}\x{308C}\x{308B}\x{3072}\x{307E}\x{304C}\x{306A}\x{3044}\x{3002}\x{30B7}\x{30A7}\x{30EC}\x{30FC}\x{304C}"
          RenderRuby (inline) {RUBY} at (0,0) size 17x32
            RenderRubyRun (anonymous) at (1295,240) size 17x32
              RenderRubyText {RT} at (-9,0) size 9x32
                RenderText {#text} at (0,4) size 9x24
                  text run at (0,4) width 24: "\x{3072}\x{3070}\x{308A}"
              RenderRubyBase (anonymous) at (0,0) size 17x32
                RenderInline {RB} at (0,0) size 17x32
                  RenderText {#text} at (0,0) size 17x32
                    text run at (0,0) width 32: "\x{96F2}\x{96C0}"
          RenderText {#text} at (1295,272) size 34x480
            text run at (1295,272) width 208: "\x{3092}\x{805E}\x{3044}\x{3066}\x{5606}\x{606F}\x{3057}\x{305F}\x{306E}\x{3082}\x{7121}\x{7406}\x{306F}"
            text run at (1312,0) width 48: "\x{306A}\x{3044}\x{3002}"
          RenderBR {BR} at (1312,48) size 17x0
          RenderText {#text} at (1338,0) size 17x160
            text run at (1338,0) width 160: "\x{3000}\x{3046}\x{308C}\x{3057}\x{3044}\x{4E8B}\x{306B}\x{6771}\x{6D0B}\x{306E}"
          RenderRuby (inline) {RUBY} at (0,0) size 17x32
            RenderRubyRun (anonymous) at (1338,160) size 17x32
              RenderRubyText {RT} at (-9,0) size 9x32
                RenderText {#text} at (0,4) size 9x24
                  text run at (0,4) width 24: "\x{3057}\x{3044}\x{304B}"
              RenderRubyBase (anonymous) at (0,0) size 17x32
                RenderInline {RB} at (0,0) size 17x32
                  RenderText {#text} at (0,0) size 17x32
                    text run at (0,0) width 32: "\x{8A69}\x{6B4C}"
          RenderText {#text} at (1338,192) size 17x64
            text run at (1338,192) width 64: "\x{306F}\x{305D}\x{3053}\x{3092}"
          RenderRuby (inline) {RUBY} at (0,0) size 17x32
            RenderRubyRun (anonymous) at (1338,256) size 17x32
              RenderRubyText {RT} at (-9,0) size 9x32
                RenderText {#text} at (0,4) size 9x24
                  text run at (0,4) width 24: "\x{3052}\x{3060}\x{3064}"
              RenderRubyBase (anonymous) at (0,0) size 17x32
                RenderInline {RB} at (0,0) size 17x32
                  RenderText {#text} at (0,0) size 17x32
                    text run at (0,0) width 32: "\x{89E3}\x{8131}"
          RenderText {#text} at (1338,288) size 17x112
            text run at (1338,288) width 112: "\x{3057}\x{305F}\x{306E}\x{304C}\x{3042}\x{308B}\x{3002}"
          RenderRuby (inline) {RUBY} at (0,0) size 17x36
            RenderRubyRun (anonymous) at (1338,396) size 17x40
              RenderRubyText {RT} at (-9,0) size 9x40
                RenderText {#text} at (0,0) size 9x40
                  text run at (0,0) width 40: "\x{304D}\x{304F}\x{3092}\x{3068}\x{308B}"
              RenderRubyBase (anonymous) at (0,0) size 17x40
                RenderInline {RB} at (0,0) size 17x32
                  RenderText {#text} at (0,4) size 17x32
                    text run at (0,4) width 32: "\x{63A1}\x{83CA}"
          RenderRuby (inline) {RUBY} at (0,0) size 17x48
            RenderRubyRun (anonymous) at (1364,0) size 17x48
              RenderRubyText {RT} at (-9,0) size 9x48
                RenderText {#text} at (0,0) size 9x48
                  text run at (0,0) width 48: "\x{3068}\x{3046}\x{308A}\x{306E}\x{3082}\x{3068}"
              RenderRubyBase (anonymous) at (0,0) size 17x48
                RenderInline {RB} at (0,0) size 17x48
                  RenderText {#text} at (0,0) size 17x48
                    text run at (0,0) width 48: "\x{6771}\x{7C6C}\x{4E0B}"
          RenderText {#text} at (1364,48) size 17x16
            text run at (1364,48) width 16: "\x{3001}"
          RenderRuby (inline) {RUBY} at (0,0) size 17x52
            RenderRubyRun (anonymous) at (1364,60) size 17x56
              RenderRubyText {RT} at (-9,0) size 9x56
                RenderText {#text} at (0,0) size 9x56
                  text run at (0,0) width 56: "\x{3086}\x{3046}\x{305C}\x{3093}\x{3068}\x{3057}\x{3066}"
              RenderRubyBase (anonymous) at (0,0) size 17x56
                RenderInline {RB} at (0,0) size 17x32
                  RenderText {#text} at (0,12) size 17x32
                    text run at (0,12) width 32: "\x{60A0}\x{7136}"
          RenderRuby (inline) {RUBY} at (0,0) size 17x52
            RenderRubyRun (anonymous) at (1364,116) size 17x56
              RenderRubyText {RT} at (-9,0) size 9x56
                RenderText {#text} at (0,0) size 9x56
                  text run at (0,0) width 56: "\x{306A}\x{3093}\x{3056}\x{3093}\x{3092}\x{307F}\x{308B}"
              RenderRubyBase (anonymous) at (0,0) size 17x56
                RenderInline {RB} at (0,0) size 17x48
                  RenderText {#text} at (0,4) size 17x48
                    text run at (0,4) width 48: "\x{898B}\x{5357}\x{5C71}"
          RenderText {#text} at (1364,168) size 17x128
            text run at (1364,168) width 128: "\x{3002}\x{305F}\x{3060}\x{305D}\x{308C}\x{304E}\x{308A}\x{306E}"
          RenderRuby (inline) {RUBY} at (0,0) size 17x16
            RenderRubyRun (anonymous) at (1364,296) size 17x16
              RenderRubyText {RT} at (-9,0) size 9x16
                RenderText {#text} at (0,0) size 9x16
                  text run at (0,0) width 16: "\x{3046}\x{3061}"
              RenderRubyBase (anonymous) at (0,0) size 17x16
                RenderInline {RB} at (0,0) size 17x16
                  RenderText {#text} at (0,0) size 17x16
                    text run at (0,0) width 16: "\x{88CF}"
          RenderText {#text} at (1364,312) size 43x472
            text run at (1364,312) width 160: "\x{306B}\x{6691}\x{82E6}\x{3057}\x{3044}\x{4E16}\x{306E}\x{4E2D}\x{3092}\x{307E}"
            text run at (1390,0) width 368: "\x{308B}\x{3067}\x{5FD8}\x{308C}\x{305F}\x{5149}\x{666F}\x{304C}\x{51FA}\x{3066}\x{304F}\x{308B}\x{3002}\x{57A3}\x{306E}\x{5411}\x{3046}\x{306B}\x{96A3}\x{308A}\x{306E}\x{5A18}\x{304C}"
          RenderRuby (inline) {RUBY} at (0,0) size 17x16
            RenderRubyRun (anonymous) at (1390,368) size 17x16
              RenderRubyText {RT} at (-9,0) size 9x16
                RenderText {#text} at (0,0) size 9x16
                  text run at (0,0) width 16: "\x{306E}\x{305E}"
              RenderRubyBase (anonymous) at (0,0) size 17x16
                RenderInline {RB} at (0,0) size 17x16
                  RenderText {#text} at (0,0) size 17x16
                    text run at (0,0) width 16: "\x{8997}"
          RenderText {#text} at (1390,384) size 43x480
            text run at (1390,384) width 96: "\x{3044}\x{3066}\x{308B}\x{8A33}\x{3067}\x{3082}"
            text run at (1416,0) width 80: "\x{306A}\x{3051}\x{308C}\x{3070}\x{3001}"
          RenderRuby (inline) {RUBY} at (0,0) size 17x32
            RenderRubyRun (anonymous) at (1416,80) size 17x32
              RenderRubyText {RT} at (-9,0) size 9x32
                RenderText {#text} at (0,0) size 9x32
                  text run at (0,0) width 32: "\x{306A}\x{3093}\x{3056}\x{3093}"
              RenderRubyBase (anonymous) at (0,0) size 17x32
                RenderInline {RB} at (0,0) size 17x32
                  RenderText {#text} at (0,0) size 17x32
                    text run at (0,0) width 32: "\x{5357}\x{5C71}"
          RenderText {#text} at (1416,112) size 17x320
            text run at (1416,112) width 320: "\x{306B}\x{89AA}\x{53CB}\x{304C}\x{5949}\x{8077}\x{3057}\x{3066}\x{3044}\x{308B}\x{6B21}\x{7B2C}\x{3067}\x{3082}\x{306A}\x{3044}\x{3002}\x{8D85}\x{7136}\x{3068}"
          RenderRuby (inline) {RUBY} at (0,0) size 17x64
            RenderRubyRun (anonymous) at (1442,0) size 17x64
              RenderRubyText {RT} at (-9,0) size 9x64
                RenderText {#text} at (0,0) size 9x64
                  text run at (0,0) width 64: "\x{3057}\x{3085}\x{3063}\x{305B}\x{3051}\x{3093}\x{3066}\x{304D}"
              RenderRubyBase (anonymous) at (0,0) size 17x64
                RenderInline {RB} at (0,0) size 17x64
                  RenderText {#text} at (0,0) size 17x64
                    text run at (0,0) width 64: "\x{51FA}\x{4E16}\x{9593}\x{7684}"
          RenderText {#text} at (1442,64) size 17x336
            text run at (1442,64) width 336: "\x{306B}\x{5229}\x{5BB3}\x{640D}\x{5F97}\x{306E}\x{6C57}\x{3092}\x{6D41}\x{3057}\x{53BB}\x{3063}\x{305F}\x{5FC3}\x{6301}\x{3061}\x{306B}\x{306A}\x{308C}\x{308B}\x{3002}"
          RenderRuby (inline) {RUBY} at (0,0) size 17x20
            RenderRubyRun (anonymous) at (1442,396) size 17x24
              RenderRubyText {RT} at (-9,0) size 9x24
                RenderText {#text} at (0,0) size 9x24
                  text run at (0,0) width 24: "\x{3072}\x{3068}\x{308A}"
              RenderRubyBase (anonymous) at (0,0) size 17x24
                RenderInline {RB} at (0,0) size 17x16
                  RenderText {#text} at (0,4) size 17x16
                    text run at (0,4) width 16: "\x{72EC}"
          RenderRuby (inline) {RUBY} at (0,0) size 17x76
            RenderRubyRun (anonymous) at (1468,0) size 17x80
              RenderRubyText {RT} at (-9,0) size 9x80
                RenderText {#text} at (0,0) size 9x80
                  text run at (0,0) width 80: "\x{3086}\x{3046}\x{3053}\x{3046}\x{306E}\x{3046}\x{3061}\x{306B}\x{3056}\x{3057}"
              RenderRubyBase (anonymous) at (0,0) size 17x80
                RenderInline {RB} at (0,0) size 17x64
                  RenderText {#text} at (0,8) size 17x64
                    text run at (0,8) width 64: "\x{5750}\x{5E7D}\x{7BC1}\x{88CF}"
          RenderText {#text} at (1468,76) size 17x16
            text run at (1468,76) width 16: "\x{3001}"
          RenderRuby (inline) {RUBY} at (0,0) size 17x52
            RenderRubyRun (anonymous) at (1468,88) size 17x56
              RenderRubyText {RT} at (-9,0) size 9x56
                RenderText {#text} at (0,0) size 9x56
                  text run at (0,0) width 56: "\x{304D}\x{3093}\x{3092}\x{3060}\x{3093}\x{3058}\x{3066}"
              RenderRubyBase (anonymous) at (0,0) size 17x56
                RenderInline {RB} at (0,0) size 17x32
                  RenderText {#text} at (0,12) size 17x32
                    text run at (0,12) width 32: "\x{5F3E}\x{7434}"
          RenderRuby (inline) {RUBY} at (0,0) size 17x68
            RenderRubyRun (anonymous) at (1468,144) size 17x72
              RenderRubyText {RT} at (-9,0) size 9x72
                RenderText {#text} at (0,0) size 9x72
                  text run at (0,0) width 72: "\x{307E}\x{305F}\x{3061}\x{3087}\x{3046}\x{3057}\x{3087}\x{3046}\x{3059}"
              RenderRubyBase (anonymous) at (0,0) size 17x72
                RenderInline {RB} at (0,0) size 17x48
                  RenderText {#text} at (0,12) size 17x48
                    text run at (0,12) width 48: "\x{5FA9}\x{9577}\x{562F}"
          RenderText {#text} at (1468,212) size 17x16
            text run at (1468,212) width 16: "\x{3001}"
          RenderRuby (inline) {RUBY} at (0,0) size 17x32
            RenderRubyRun (anonymous) at (1468,228) size 17x32
              RenderRubyText {RT} at (-9,0) size 9x32
                RenderText {#text} at (0,0) size 9x32
                  text run at (0,0) width 32: "\x{3057}\x{3093}\x{308A}\x{3093}"
              RenderRubyBase (anonymous) at (0,0) size 17x32
                RenderInline {RB} at (0,0) size 17x32
                  RenderText {#text} at (0,0) size 17x32
                    text run at (0,0) width 32: "\x{6DF1}\x{6797}"
          RenderRuby (inline) {RUBY} at (0,0) size 17x48
            RenderRubyRun (anonymous) at (1468,260) size 17x48
              RenderRubyText {RT} at (-9,0) size 9x48
                RenderText {#text} at (0,4) size 9x40
                  text run at (0,4) width 40: "\x{3072}\x{3068}\x{3057}\x{3089}\x{305A}"
              RenderRubyBase (anonymous) at (0,0) size 17x48
                RenderInline {RB} at (0,0) size 17x48
                  RenderText {#text} at (0,0) size 17x48
                    text run at (0,0) width 48: "\x{4EBA}\x{4E0D}\x{77E5}"
          RenderText {#text} at (1468,308) size 17x16
            text run at (1468,308) width 16: "\x{3001}"
          RenderRuby (inline) {RUBY} at (0,0) size 17x60
            RenderRubyRun (anonymous) at (1468,320) size 17x64
              RenderRubyText {RT} at (-9,0) size 9x64
                RenderText {#text} at (0,0) size 9x64
                  text run at (0,0) width 64: "\x{3081}\x{3044}\x{3052}\x{3064}\x{304D}\x{305F}\x{308A}\x{3066}"
              RenderRubyBase (anonymous) at (0,0) size 17x64
                RenderInline {RB} at (0,0) size 17x48
                  RenderText {#text} at (0,8) size 17x48
                    text run at (0,8) width 48: "\x{660E}\x{6708}\x{6765}"
          RenderRuby (inline) {RUBY} at (0,0) size 17x36
            RenderRubyRun (anonymous) at (1468,384) size 17x40
              RenderRubyText {RT} at (-9,0) size 9x40
                RenderText {#text} at (0,0) size 9x40
                  text run at (0,0) width 40: "\x{3042}\x{3044}\x{3066}\x{3089}\x{3059}"
              RenderRubyBase (anonymous) at (0,0) size 17x40
                RenderInline {RB} at (0,0) size 17x32
                  RenderText {#text} at (0,4) size 17x32
                    text run at (0,4) width 32: "\x{76F8}\x{7167}"
          RenderText {#text} at (1468,420) size 43x484
            text run at (1468,420) width 64: "\x{3002}\x{305F}\x{3060}\x{4E8C}"
            text run at (1494,0) width 96: "\x{5341}\x{5B57}\x{306E}\x{3046}\x{3061}\x{306B}"
          RenderRuby (inline) {RUBY} at (0,0) size 17x16
            RenderRubyRun (anonymous) at (1494,96) size 17x16
              RenderRubyText {RT} at (-9,0) size 9x16
                RenderText {#text} at (0,0) size 9x16
                  text run at (0,0) width 16: "\x{3086}\x{3046}"
              RenderRubyBase (anonymous) at (0,0) size 17x16
                RenderInline {RB} at (0,0) size 17x16
                  RenderText {#text} at (0,0) size 17x16
                    text run at (0,0) width 16: "\x{512A}"
          RenderText {#text} at (1494,112) size 17x16
            text run at (1494,112) width 16: "\x{306B}"
          RenderRuby (inline) {RUBY} at (0,0) size 17x48
            RenderRubyRun (anonymous) at (1494,128) size 17x48
              RenderRubyText {RT} at (-9,0) size 9x48
                RenderText {#text} at (0,0) size 9x48
                  text run at (0,0) width 48: "\x{3079}\x{3064}\x{3051}\x{3093}\x{3053}\x{3093}"
              RenderRubyBase (anonymous) at (0,0) size 17x48
                RenderInline {RB} at (0,0) size 17x48
                  RenderText {#text} at (0,0) size 17x48
                    text run at (0,0) width 48: "\x{5225}\x{4E7E}\x{5764}"
          RenderText {#text} at (1494,176) size 17x16
            text run at (1494,176) width 16: "\x{3092}"
          RenderRuby (inline) {RUBY} at (0,0) size 17x32
            RenderRubyRun (anonymous) at (1494,188) size 17x40
              RenderRubyText {RT} at (-9,0) size 9x40
                RenderText {#text} at (0,0) size 9x40
                  text run at (0,0) width 40: "\x{3053}\x{3093}\x{308A}\x{3085}\x{3046}"
              RenderRubyBase (anonymous) at (0,0) size 17x40
                RenderInline {RB} at (0,0) size 17x32
                  RenderText {#text} at (0,4) size 17x32
                    text run at (0,4) width 32: "\x{5EFA}\x{7ACB}"
          RenderText {#text} at (1494,224) size 17x160
            text run at (1494,224) width 160: "\x{3057}\x{3066}\x{3044}\x{308B}\x{3002}\x{3053}\x{306E}\x{4E7E}\x{5764}\x{306E}"
          RenderRuby (inline) {RUBY} at (0,0) size 17x32
            RenderRubyRun (anonymous) at (1494,384) size 17x32
              RenderRubyText {RT} at (-9,0) size 9x32
                RenderText {#text} at (0,4) size 9x24
                  text run at (0,4) width 24: "\x{304F}\x{3069}\x{304F}"
              RenderRubyBase (anonymous) at (0,0) size 17x32
                RenderInline {RB} at (0,0) size 17x32
                  RenderText {#text} at (0,0) size 17x32
                    text run at (0,0) width 32: "\x{529F}\x{5FB3}"
          RenderText {#text} at (1494,416) size 43x432
            text run at (1494,416) width 16: "\x{306F}"
            text run at (1520,0) width 16: "\x{300C}"
          RenderRuby (inline) {RUBY} at (0,0) size 17x48
            RenderRubyRun (anonymous) at (1520,16) size 17x48
              RenderRubyText {RT} at (-9,0) size 9x48
                RenderText {#text} at (0,4) size 9x40
                  text run at (0,4) width 40: "\x{307B}\x{3068}\x{3068}\x{304E}\x{3059}"
              RenderRubyBase (anonymous) at (0,0) size 17x48
                RenderInline {RB} at (0,0) size 17x48
                  RenderText {#text} at (0,0) size 17x48
                    text run at (0,0) width 48: "\x{4E0D}\x{5982}\x{5E30}"
          RenderText {#text} at (1520,64) size 17x48
            text run at (1520,64) width 48: "\x{300D}\x{3084}\x{300C}"
          RenderRuby (inline) {RUBY} at (0,0) size 17x64
            RenderRubyRun (anonymous) at (1520,112) size 17x64
              RenderRubyText {RT} at (-9,0) size 9x64
                RenderText {#text} at (0,4) size 9x56
                  text run at (0,4) width 56: "\x{3053}\x{3093}\x{3058}\x{304D}\x{3084}\x{3057}\x{3083}"
              RenderRubyBase (anonymous) at (0,0) size 17x64
                RenderInline {RB} at (0,0) size 17x64
                  RenderText {#text} at (0,0) size 17x64
                    text run at (0,0) width 64: "\x{91D1}\x{8272}\x{591C}\x{53C9}"
          RenderText {#text} at (1520,176) size 43x480
            text run at (1520,176) width 304: "\x{300D}\x{306E}\x{529F}\x{5FB3}\x{3067}\x{306F}\x{306A}\x{3044}\x{3002}\x{6C7D}\x{8239}\x{3001}\x{6C7D}\x{8ECA}\x{3001}\x{6A29}\x{5229}\x{3001}\x{7FA9}"
            text run at (1546,0) width 208: "\x{52D9}\x{3001}\x{9053}\x{5FB3}\x{3001}\x{793C}\x{7FA9}\x{3067}\x{75B2}\x{308C}\x{679C}\x{3066}\x{305F}"
          RenderRuby (inline) {RUBY} at (0,0) size 17x16
            RenderRubyRun (anonymous) at (1546,208) size 17x16
              RenderRubyText {RT} at (-9,0) size 9x16
                RenderText {#text} at (0,0) size 9x16
                  text run at (0,0) width 16: "\x{306E}\x{3061}"
              RenderRubyBase (anonymous) at (0,0) size 17x16
                RenderInline {RB} at (0,0) size 17x16
                  RenderText {#text} at (0,0) size 17x16
                    text run at (0,0) width 16: "\x{5F8C}"
          RenderText {#text} at (1546,224) size 34x480
            text run at (1546,224) width 256: "\x{306B}\x{3001}\x{3059}\x{3079}\x{3066}\x{3092}\x{5FD8}\x{5374}\x{3057}\x{3066}\x{3050}\x{3063}\x{3059}\x{308A}\x{5BDD}\x{8FBC}"
            text run at (1563,0) width 160: "\x{3080}\x{3088}\x{3046}\x{306A}\x{529F}\x{5FB3}\x{3067}\x{3042}\x{308B}\x{3002}"
          RenderBR {BR} at (1563,160) size 17x0
scrolled to 3222,0
