layer at (0,0) size 800x600
  RenderView at (0,0) size 800x600
layer at (0,0) size 800x600
  RenderBlock {HTML} at (0,0) size 800x600
    RenderBody {BODY} at (8,8) size 784x576
      RenderBlock {DIV} at (0,0) size 784x34
        RenderBlock {UL} at (0,0) size 784x34
          RenderListItem {LI} at (40,0) size 744x17
            RenderListMarker at (-17,0) size 7x17: bullet
            RenderInline {A} at (0,0) size 37x17 [color=#0000EE]
              RenderText {#text} at (707,0) size 37x17
                text run at (707,0) width 37: "Home"
          RenderListItem {LI} at (40,17) size 744x17
            RenderListMarker at (-17,0) size 7x17: bullet
            RenderInline {A} at (0,0) size 53x17 [color=#0000EE]
              RenderText {#text} at (691,0) size 53x17
                text run at (691,0) width 53: "Archives"
      RenderBlock {P} at (0,50) size 784x34
        RenderText {#text} at (0,0) size 777x34
          text run at (0,0) width 512: "This test case illustrates the correct positioning of list item bullets according to CSS3. "
          text run at (512,0) width 265: "The bullets should be on the far left, with the"
          text run at (0,17) width 210: "text of the list items on the far right."
