layer at (0,0) size 800x600
  RenderView at (0,0) size 800x600
layer at (0,0) size 800x600
  RenderBlock {HTML} at (0,0) size 800x600
    RenderBody {BODY} at (8,8) size 784x576
      RenderBlock {OL} at (0,0) size 784x34
        RenderListItem {LI} at (40,0) size 744x34
          RenderBlock (anonymous) at (0,0) size 744x17
            RenderListMarker at (-20,0) size 16x17: "1"
            RenderInline {I} at (0,0) size 75x17
              RenderInline {U} at (0,0) size 75x17
                RenderText {#text} at (0,0) size 75x17
                  text run at (0,0) width 75: "Hello world"
            RenderText {#text} at (0,0) size 0x0
          RenderBlock {OL} at (0,17) size 744x17
            RenderListItem {LI} at (40,0) size 704x17
              RenderListMarker at (-20,0) size 16x17: "1"
              RenderText {#text} at (0,0) size 57x17
                text run at (0,0) width 57: "Goodbye"
