layer at (0,0) size 800x600
  RenderView at (0,0) size 800x600
layer at (0,0) size 800x600
  RenderBlock {HTML} at (0,0) size 800x600
    RenderBody {BODY} at (8,8) size 784x576
      RenderBlock {P} at (0,0) size 784x17
        RenderText {#text} at (0,0) size 593x17
          text run at (0,0) width 492: "This tests that the size of the list marker is not effected by the width of the border. "
          text run at (492,0) width 101: "See bug #11957"
      RenderBlock {UL} at (0,33) size 784x37 [border: (10px dashed #000000)]
        RenderListItem {LI} at (50,10) size 724x17
          RenderListMarker at (-17,0) size 7x17: bullet
          RenderText {#text} at (0,0) size 251x17
            text run at (0,0) width 251: "The list-marker should be the normal size."
