layer at (0,0) size 800x600
  RenderView at (0,0) size 800x600
layer at (0,0) size 800x600
  RenderBlock {HTML} at (0,0) size 800x600
    RenderBody {BODY} at (8,8) size 784x584
      RenderBlock {P} at (0,0) size 784x17
        RenderText {#text} at (0,0) size 51x17
          text run at (0,0) width 51: "Test for "
        RenderInline {I} at (0,0) size 664x17
          RenderInline {A} at (0,0) size 350x17 [color=#0000EE]
            RenderText {#text} at (51,0) size 350x17
              text run at (51,0) width 350: "http://bugzilla.opendarwin.org/show_bug.cgi?id=7761"
          RenderText {#text} at (401,0) size 314x17
            text run at (401,0) width 314: " Tabs in class attribute not treated as whitespace"
        RenderText {#text} at (715,0) size 4x17
          text run at (715,0) width 4: "."
      RenderBlock {P} at (0,33) size 784x17
        RenderText {#text} at (0,0) size 215x17
          text run at (0,0) width 215: "All of the following should be green:"
      RenderBlock {DIV} at (0,66) size 784x17 [color=#008000]
        RenderText {#text} at (0,0) size 55x17
          text run at (0,0) width 55: "Tab after"
      RenderBlock {DIV} at (0,83) size 784x17 [color=#008000]
        RenderText {#text} at (0,0) size 67x17
          text run at (0,0) width 67: "Tab before"
      RenderBlock {DIV} at (0,100) size 784x17 [color=#008000]
        RenderText {#text} at (0,0) size 81x17
          text run at (0,0) width 81: "Newline after"
      RenderBlock {DIV} at (0,117) size 784x17 [color=#008000]
        RenderText {#text} at (0,0) size 93x17
          text run at (0,0) width 93: "Newline before"
      RenderBlock {DIV} at (0,134) size 784x17 [color=#008000]
        RenderText {#text} at (0,0) size 75x17
          text run at (0,0) width 75: "Spaces after"
      RenderBlock {DIV} at (0,151) size 784x17 [color=#008000]
        RenderText {#text} at (0,0) size 87x17
          text run at (0,0) width 87: "Spaces before"
      RenderBlock {DIV} at (0,168) size 784x17 [color=#008000]
        RenderText {#text} at (0,0) size 52x17
          text run at (0,0) width 52: "CR after"
      RenderBlock {DIV} at (0,185) size 784x17 [color=#008000]
        RenderText {#text} at (0,0) size 64x17
          text run at (0,0) width 64: "CR before"
