layer at (0,0) size 800x600
  RenderView at (0,0) size 800x600
layer at (0,0) size 800x600
  RenderBlock {HTML} at (0,0) size 800x600
    RenderBody {BODY} at (8,8) size 784x584
      RenderTable {TABLE} at (0,0) size 170x23
        RenderTableSection {TBODY} at (0,0) size 170x23
          RenderTableRow {TR} at (0,2) size 170x19
            RenderTableCell {TD} at (2,2) size 166x19 [r=0 c=0 rs=1 cs=1]
              RenderBlock {DIV} at (1,1) size 164x17
                RenderText {#text} at (0,0) size 160x17
                  text run at (0,0) width 160: "This text should not break "
                RenderInline (generated) at (0,0) size 4x17
                  RenderText at (160,0) size 4x17
                    text run at (160,0) width 4: "."
