layer at (0,0) size 800x600
  RenderView at (0,0) size 800x600
layer at (0,0) size 800x600
  RenderBlock {HTML} at (0,0) size 800x600
    RenderBody {BODY} at (0,20) size 800x580
layer at (0,20) size 170x200
  RenderBlock {DIV} at (0,0) size 170x200 [border: none (20px solid #C0C0C0)]
    RenderMultiColumnSet at (20,0) size 150x200
layer at (20,20) size 419x200
  RenderMultiColumnFlowThread at (20,0) size 419x200
    RenderText {#text} at (0,0) size 85x173
      text run at (0,0) width 169: "Lorem ipsum dolor sit amet,"
      text run at (17,0) width 73: "consectetur "
      text run at (17,73) width 84: "adipiscing elit."
      text run at (34,0) width 173: "Curabitur neque elit, pulvinar"
      text run at (51,0) width 97: "eget lobortis at, "
      text run at (51,97) width 66: "convallis ut"
      text run at (68,0) width 42: "lectus. "
    RenderText {#text} at (68,94) size 133x186
      text run at (68,94) width 58: " vulputate"
      text run at (85,0) width 137: "tincidunt leo, eu varius "
      text run at (85,137) width 28: "nunc"
      text run at (102,0) width 167: "ullamcorper vel. Integer nec"
      text run at (119,0) width 185: "dolor sed ante pharetra lacinia."
      text run at (150,0) width 186: "Integer dignissim iaculis nulla et"
      text run at (167,0) width 148: "rutrum. Praesent pretium"
      text run at (184,0) width 54: "euismod "
      text run at (184,54) width 99: "est eget laoreet. "
    RenderText {#text} at (201,0) size 201x195
      text run at (201,0) width 195: "suscipit suscipit elementum. Duis"
      text run at (218,0) width 73: "consectetur "
      text run at (218,73) width 114: "pulvinar tempor. In"
      text run at (235,0) width 159: "mi sapien, malesuada vitae"
      text run at (252,0) width 134: "posuere ut, adipiscing "
      text run at (252,134) width 46: "id odio."
      text run at (269,0) width 190: "Integer est mi, luctus sed cursus"
      text run at (300,0) width 156: "in, cursus vitae urna. Nam"
      text run at (317,0) width 172: "consectetur orci tempor nibh"
      text run at (334,0) width 192: "iaculis eu dignissim odio laoreet."
      text run at (351,0) width 50: "Aenean "
      text run at (351,50) width 139: "congue fermentum nibh"
      text run at (368,0) width 185: "sed malesuada. Curabitur enim"
      text run at (385,0) width 94: "leo, porttitor ut "
      text run at (385,94) width 71: "interdum et,"
    RenderText {#text} at (402,47) size 17x57
      text run at (402,47) width 57: " ut lorem."
layer at (20,20) size 17x52
  RenderInline (relative positioned) {SPAN} at (0,0) size 17x52 [bgcolor=#FFFF00]
    RenderText {#text} at (68,42) size 17x52
      text run at (68,42) width 52: "Vivamus"
layer at (20,20) size 17x42
  RenderInline (relative positioned) {SPAN} at (0,0) size 17x42 [bgcolor=#FFFF00]
    RenderText {#text} at (184,153) size 17x42
      text run at (184,153) width 42: "Integer"
layer at (20,20) size 17x47
  RenderInline (relative positioned) {SPAN} at (0,0) size 17x47 [bgcolor=#FFFF00]
    RenderText {#text} at (402,0) size 17x47
      text run at (402,0) width 47: "pulvinar"
