layer at (0,0) size 800x600
  RenderView at (0,0) size 800x600
layer at (0,0) size 800x600
  RenderBlock {HTML} at (0,0) size 800x600
    RenderBody {BODY} at (8,8) size 784x584
layer at (8,8) size 784x578
  RenderBlock {DIV} at (0,0) size 784x578
    RenderMultiColumnSet at (0,0) size 784x578
layer at (8,8) size 384x1156 backgroundClip at (0,0) size 800x600 clip at (0,0) size 800x600
  RenderMultiColumnFlowThread at (0,0) size 384x1156
    RenderText {#text} at (0,0) size 383x1156
      text run at (0,0) width 350: "This content should be split into two columns. This content"
      text run at (0,17) width 363: "should be split into two columns. This content should be split"
      text run at (0,34) width 383: "into two columns. This content should be split into two columns."
      text run at (0,51) width 350: "This content should be split into two columns. This content"
      text run at (0,68) width 363: "should be split into two columns. This content should be split"
      text run at (0,85) width 383: "into two columns. This content should be split into two columns."
      text run at (0,102) width 350: "This content should be split into two columns. This content"
      text run at (0,119) width 363: "should be split into two columns. This content should be split"
      text run at (0,136) width 383: "into two columns. This content should be split into two columns."
      text run at (0,153) width 350: "This content should be split into two columns. This content"
      text run at (0,170) width 363: "should be split into two columns. This content should be split"
      text run at (0,187) width 383: "into two columns. This content should be split into two columns."
      text run at (0,204) width 350: "This content should be split into two columns. This content"
      text run at (0,221) width 363: "should be split into two columns. This content should be split"
      text run at (0,238) width 383: "into two columns. This content should be split into two columns."
      text run at (0,255) width 350: "This content should be split into two columns. This content"
      text run at (0,272) width 363: "should be split into two columns. This content should be split"
      text run at (0,289) width 383: "into two columns. This content should be split into two columns."
      text run at (0,306) width 350: "This content should be split into two columns. This content"
      text run at (0,323) width 363: "should be split into two columns. This content should be split"
      text run at (0,340) width 383: "into two columns. This content should be split into two columns."
      text run at (0,357) width 350: "This content should be split into two columns. This content"
      text run at (0,374) width 363: "should be split into two columns. This content should be split"
      text run at (0,391) width 383: "into two columns. This content should be split into two columns."
      text run at (0,408) width 350: "This content should be split into two columns. This content"
      text run at (0,425) width 363: "should be split into two columns. This content should be split"
      text run at (0,442) width 383: "into two columns. This content should be split into two columns."
      text run at (0,459) width 350: "This content should be split into two columns. This content"
      text run at (0,476) width 363: "should be split into two columns. This content should be split"
      text run at (0,493) width 383: "into two columns. This content should be split into two columns."
      text run at (0,510) width 350: "This content should be split into two columns. This content"
      text run at (0,527) width 363: "should be split into two columns. This content should be split"
      text run at (0,544) width 383: "into two columns. This content should be split into two columns."
      text run at (0,561) width 350: "This content should be split into two columns. This content"
      text run at (0,578) width 363: "should be split into two columns. This content should be split"
      text run at (0,595) width 383: "into two columns. This content should be split into two columns."
      text run at (0,612) width 350: "This content should be split into two columns. This content"
      text run at (0,629) width 363: "should be split into two columns. This content should be split"
      text run at (0,646) width 383: "into two columns. This content should be split into two columns."
      text run at (0,663) width 350: "This content should be split into two columns. This content"
      text run at (0,680) width 363: "should be split into two columns. This content should be split"
      text run at (0,697) width 383: "into two columns. This content should be split into two columns."
      text run at (0,714) width 350: "This content should be split into two columns. This content"
      text run at (0,731) width 363: "should be split into two columns. This content should be split"
      text run at (0,748) width 383: "into two columns. This content should be split into two columns."
      text run at (0,765) width 350: "This content should be split into two columns. This content"
      text run at (0,782) width 363: "should be split into two columns. This content should be split"
      text run at (0,799) width 383: "into two columns. This content should be split into two columns."
      text run at (0,816) width 350: "This content should be split into two columns. This content"
      text run at (0,833) width 363: "should be split into two columns. This content should be split"
      text run at (0,850) width 383: "into two columns. This content should be split into two columns."
      text run at (0,867) width 350: "This content should be split into two columns. This content"
      text run at (0,884) width 363: "should be split into two columns. This content should be split"
      text run at (0,901) width 383: "into two columns. This content should be split into two columns."
      text run at (0,918) width 350: "This content should be split into two columns. This content"
      text run at (0,935) width 363: "should be split into two columns. This content should be split"
      text run at (0,952) width 383: "into two columns. This content should be split into two columns."
      text run at (0,969) width 350: "This content should be split into two columns. This content"
      text run at (0,986) width 363: "should be split into two columns. This content should be split"
      text run at (0,1003) width 383: "into two columns. This content should be split into two columns."
      text run at (0,1020) width 350: "This content should be split into two columns. This content"
      text run at (0,1037) width 363: "should be split into two columns. This content should be split"
      text run at (0,1054) width 383: "into two columns. This content should be split into two columns."
      text run at (0,1071) width 350: "This content should be split into two columns. This content"
      text run at (0,1088) width 363: "should be split into two columns. This content should be split"
      text run at (0,1105) width 383: "into two columns. This content should be split into two columns."
      text run at (0,1122) width 350: "This content should be split into two columns. This content"
      text run at (0,1139) width 196: "should be split into two columns."
