layer at (0,0) size 785x766
  RenderView at (0,0) size 785x600
layer at (0,0) size 785x766
  RenderBlock {HTML} at (0,0) size 785x766
    RenderBody {BODY} at (8,8) size 769x750
layer at (8,8) size 769x367
  RenderBlock {DIV} at (0,0) size 769x367 [border: (5px solid #0000FF)]
    RenderMultiColumnSet at (5,5) size 759x357
layer at (13,13) size 372x425
  RenderMultiColumnFlowThread at (5,5) size 372x425
    RenderBlock (anonymous) at (0,0) size 372x357
      RenderText {#text} at (0,0) size 104x17
        text run at (0,0) width 104: "This is some text."
      RenderBR {BR} at (104,14) size 0x0
      RenderText {#text} at (0,17) size 104x17
        text run at (0,17) width 104: "This is some text."
      RenderBR {BR} at (104,31) size 0x0
      RenderText {#text} at (0,34) size 104x17
        text run at (0,34) width 104: "This is some text."
      RenderBR {BR} at (104,48) size 0x0
      RenderText {#text} at (0,51) size 104x17
        text run at (0,51) width 104: "This is some text."
      RenderBR {BR} at (104,65) size 0x0
      RenderText {#text} at (0,68) size 104x17
        text run at (0,68) width 104: "This is some text."
      RenderBR {BR} at (104,82) size 0x0
      RenderText {#text} at (0,85) size 104x17
        text run at (0,85) width 104: "This is some text."
      RenderBR {BR} at (104,99) size 0x0
      RenderText {#text} at (0,102) size 104x17
        text run at (0,102) width 104: "This is some text."
      RenderBR {BR} at (104,116) size 0x0
      RenderText {#text} at (0,119) size 104x17
        text run at (0,119) width 104: "This is some text."
      RenderBR {BR} at (104,133) size 0x0
      RenderText {#text} at (0,136) size 104x17
        text run at (0,136) width 104: "This is some text."
      RenderBR {BR} at (104,150) size 0x0
      RenderText {#text} at (0,153) size 104x17
        text run at (0,153) width 104: "This is some text."
      RenderBR {BR} at (104,167) size 0x0
      RenderText {#text} at (0,170) size 104x17
        text run at (0,170) width 104: "This is some text."
      RenderBR {BR} at (104,184) size 0x0
      RenderText {#text} at (0,187) size 104x17
        text run at (0,187) width 104: "This is some text."
      RenderBR {BR} at (104,201) size 0x0
      RenderText {#text} at (0,204) size 104x17
        text run at (0,204) width 104: "This is some text."
      RenderBR {BR} at (104,218) size 0x0
      RenderText {#text} at (0,221) size 104x17
        text run at (0,221) width 104: "This is some text."
      RenderBR {BR} at (104,235) size 0x0
      RenderText {#text} at (0,238) size 104x17
        text run at (0,238) width 104: "This is some text."
      RenderBR {BR} at (104,252) size 0x0
      RenderText {#text} at (0,255) size 104x17
        text run at (0,255) width 104: "This is some text."
      RenderBR {BR} at (104,269) size 0x0
      RenderText {#text} at (0,272) size 104x17
        text run at (0,272) width 104: "This is some text."
      RenderBR {BR} at (104,286) size 0x0
      RenderText {#text} at (0,289) size 104x17
        text run at (0,289) width 104: "This is some text."
      RenderBR {BR} at (104,303) size 0x0
      RenderText {#text} at (0,306) size 104x17
        text run at (0,306) width 104: "This is some text."
      RenderBR {BR} at (104,320) size 0x0
      RenderText {#text} at (0,323) size 104x17
        text run at (0,323) width 104: "This is some text."
      RenderBR {BR} at (104,337) size 0x0
      RenderText {#text} at (0,340) size 104x17
        text run at (0,340) width 104: "This is some text."
      RenderBR {BR} at (104,354) size 0x0
    RenderBlock {DIV} at (0,357) size 372x68
      RenderText {#text} at (0,0) size 247x17
        text run at (0,0) width 247: "This text should be in the second column."
      RenderBR {BR} at (247,14) size 0x0
      RenderText {#text} at (0,17) size 247x17
        text run at (0,17) width 247: "This text should be in the second column."
      RenderBR {BR} at (247,31) size 0x0
      RenderText {#text} at (0,34) size 247x17
        text run at (0,34) width 247: "This text should be in the second column."
      RenderBR {BR} at (247,48) size 0x0
      RenderText {#text} at (0,51) size 247x17
        text run at (0,51) width 247: "This text should be in the second column."
      RenderBR {BR} at (247,65) size 0x0
layer at (8,391) size 769x367
  RenderBlock {DIV} at (0,383) size 769x367 [border: (5px solid #0000FF)]
    RenderMultiColumnSet at (5,5) size 759x357
layer at (13,396) size 372x714 backgroundClip at (0,0) size 785x766 clip at (0,0) size 785x766
  RenderMultiColumnFlowThread at (5,5) size 372x714
    RenderBlock (anonymous) at (0,0) size 372x68
      RenderText {#text} at (0,0) size 226x17
        text run at (0,0) width 226: "This text should be in the first column."
      RenderBR {BR} at (226,14) size 0x0
      RenderText {#text} at (0,17) size 226x17
        text run at (0,17) width 226: "This text should be in the first column."
      RenderBR {BR} at (226,31) size 0x0
      RenderText {#text} at (0,34) size 226x17
        text run at (0,34) width 226: "This text should be in the first column."
      RenderBR {BR} at (226,48) size 0x0
      RenderText {#text} at (0,51) size 226x17
        text run at (0,51) width 226: "This text should be in the first column."
      RenderBR {BR} at (226,65) size 0x0
    RenderBlock {DIV} at (0,357) size 372x357
      RenderText {#text} at (0,0) size 104x17
        text run at (0,0) width 104: "This is some text."
      RenderBR {BR} at (104,14) size 0x0
      RenderText {#text} at (0,17) size 104x17
        text run at (0,17) width 104: "This is some text."
      RenderBR {BR} at (104,31) size 0x0
      RenderText {#text} at (0,34) size 104x17
        text run at (0,34) width 104: "This is some text."
      RenderBR {BR} at (104,48) size 0x0
      RenderText {#text} at (0,51) size 104x17
        text run at (0,51) width 104: "This is some text."
      RenderBR {BR} at (104,65) size 0x0
      RenderText {#text} at (0,68) size 104x17
        text run at (0,68) width 104: "This is some text."
      RenderBR {BR} at (104,82) size 0x0
      RenderText {#text} at (0,85) size 104x17
        text run at (0,85) width 104: "This is some text."
      RenderBR {BR} at (104,99) size 0x0
      RenderText {#text} at (0,102) size 104x17
        text run at (0,102) width 104: "This is some text."
      RenderBR {BR} at (104,116) size 0x0
      RenderText {#text} at (0,119) size 104x17
        text run at (0,119) width 104: "This is some text."
      RenderBR {BR} at (104,133) size 0x0
      RenderText {#text} at (0,136) size 104x17
        text run at (0,136) width 104: "This is some text."
      RenderBR {BR} at (104,150) size 0x0
      RenderText {#text} at (0,153) size 104x17
        text run at (0,153) width 104: "This is some text."
      RenderBR {BR} at (104,167) size 0x0
      RenderText {#text} at (0,170) size 104x17
        text run at (0,170) width 104: "This is some text."
      RenderBR {BR} at (104,184) size 0x0
      RenderText {#text} at (0,187) size 104x17
        text run at (0,187) width 104: "This is some text."
      RenderBR {BR} at (104,201) size 0x0
      RenderText {#text} at (0,204) size 104x17
        text run at (0,204) width 104: "This is some text."
      RenderBR {BR} at (104,218) size 0x0
      RenderText {#text} at (0,221) size 104x17
        text run at (0,221) width 104: "This is some text."
      RenderBR {BR} at (104,235) size 0x0
      RenderText {#text} at (0,238) size 104x17
        text run at (0,238) width 104: "This is some text."
      RenderBR {BR} at (104,252) size 0x0
      RenderText {#text} at (0,255) size 104x17
        text run at (0,255) width 104: "This is some text."
      RenderBR {BR} at (104,269) size 0x0
      RenderText {#text} at (0,272) size 104x17
        text run at (0,272) width 104: "This is some text."
      RenderBR {BR} at (104,286) size 0x0
      RenderText {#text} at (0,289) size 104x17
        text run at (0,289) width 104: "This is some text."
      RenderBR {BR} at (104,303) size 0x0
      RenderText {#text} at (0,306) size 104x17
        text run at (0,306) width 104: "This is some text."
      RenderBR {BR} at (104,320) size 0x0
      RenderText {#text} at (0,323) size 104x17
        text run at (0,323) width 104: "This is some text."
      RenderBR {BR} at (104,337) size 0x0
      RenderText {#text} at (0,340) size 104x17
        text run at (0,340) width 104: "This is some text."
      RenderBR {BR} at (104,354) size 0x0
