layer at (0,0) size 1166x1680
  RenderView at (0,0) size 785x585
layer at (0,0) size 785x1680
  RenderBlock {HTML} at (0,0) size 785x1680
    RenderBody {BODY} at (8,8) size 769x1664
layer at (8,8) size 769x404
  RenderBlock {DIV} at (0,0) size 769x404 [border: (2px solid #000000)]
    RenderMultiColumnSet at (2,2) size 765x400
layer at (10,10) size 375x722
  RenderMultiColumnFlowThread at (2,2) size 375x722
    RenderBlock (anonymous) at (0,0) size 375x238
      RenderText {#text} at (0,0) size 104x17
        text run at (0,0) width 104: "This is some text."
      RenderBR {BR} at (104,14) size 0x0
      RenderText {#text} at (0,17) size 104x17
        text run at (0,17) width 104: "This is some text."
      RenderBR {BR} at (104,31) size 0x0
      RenderText {#text} at (0,34) size 104x17
        text run at (0,34) width 104: "This is some text."
      RenderBR {BR} at (104,48) size 0x0
      RenderText {#text} at (0,51) size 104x17
        text run at (0,51) width 104: "This is some text."
      RenderBR {BR} at (104,65) size 0x0
      RenderText {#text} at (0,68) size 104x17
        text run at (0,68) width 104: "This is some text."
      RenderBR {BR} at (104,82) size 0x0
      RenderText {#text} at (0,85) size 104x17
        text run at (0,85) width 104: "This is some text."
      RenderBR {BR} at (104,99) size 0x0
      RenderText {#text} at (0,102) size 104x17
        text run at (0,102) width 104: "This is some text."
      RenderBR {BR} at (104,116) size 0x0
      RenderText {#text} at (0,119) size 104x17
        text run at (0,119) width 104: "This is some text."
      RenderBR {BR} at (104,133) size 0x0
      RenderText {#text} at (0,136) size 104x17
        text run at (0,136) width 104: "This is some text."
      RenderBR {BR} at (104,150) size 0x0
      RenderText {#text} at (0,153) size 104x17
        text run at (0,153) width 104: "This is some text."
      RenderBR {BR} at (104,167) size 0x0
      RenderText {#text} at (0,170) size 104x17
        text run at (0,170) width 104: "This is some text."
      RenderBR {BR} at (104,184) size 0x0
      RenderText {#text} at (0,187) size 104x17
        text run at (0,187) width 104: "This is some text."
      RenderBR {BR} at (104,201) size 0x0
      RenderText {#text} at (0,204) size 104x17
        text run at (0,204) width 104: "This is some text."
      RenderBR {BR} at (104,218) size 0x0
      RenderText {#text} at (0,221) size 104x17
        text run at (0,221) width 104: "This is some text."
      RenderBR {BR} at (104,235) size 0x0
    RenderBlock {P} at (0,254) size 375x452
      RenderBlock (floating) {SPAN} at (0,0) size 78x142
        RenderText {#text} at (0,0) size 78x142
          text run at (0,0) width 78: "T"
      RenderText {#text} at (78,0) size 95x17
        text run at (78,0) width 95: "his is some text."
      RenderBR {BR} at (173,14) size 0x0
      RenderText {#text} at (78,17) size 104x17
        text run at (78,17) width 104: "This is some text."
      RenderBR {BR} at (182,31) size 0x0
      RenderText {#text} at (78,34) size 104x17
        text run at (78,34) width 104: "This is some text."
      RenderBR {BR} at (182,48) size 0x0
      RenderText {#text} at (78,51) size 104x17
        text run at (78,51) width 104: "This is some text."
      RenderBR {BR} at (182,65) size 0x0
      RenderText {#text} at (78,68) size 104x17
        text run at (78,68) width 104: "This is some text."
      RenderBR {BR} at (182,82) size 0x0
      RenderText {#text} at (78,85) size 104x17
        text run at (78,85) width 104: "This is some text."
      RenderBR {BR} at (182,99) size 0x0
      RenderText {#text} at (78,102) size 104x17
        text run at (78,102) width 104: "This is some text."
      RenderBR {BR} at (182,116) size 0x0
      RenderText {#text} at (78,119) size 104x17
        text run at (78,119) width 104: "This is some text."
      RenderBR {BR} at (182,133) size 0x0
      RenderText {#text} at (0,146) size 104x17
        text run at (0,146) width 104: "This is some text."
      RenderBR {BR} at (104,160) size 0x0
      RenderText {#text} at (0,163) size 104x17
        text run at (0,163) width 104: "This is some text."
      RenderBR {BR} at (104,177) size 0x0
      RenderText {#text} at (0,180) size 104x17
        text run at (0,180) width 104: "This is some text."
      RenderBR {BR} at (104,194) size 0x0
      RenderText {#text} at (0,197) size 104x17
        text run at (0,197) width 104: "This is some text."
      RenderBR {BR} at (104,211) size 0x0
      RenderText {#text} at (0,214) size 104x17
        text run at (0,214) width 104: "This is some text."
      RenderBR {BR} at (104,228) size 0x0
      RenderText {#text} at (0,231) size 104x17
        text run at (0,231) width 104: "This is some text."
      RenderBR {BR} at (104,245) size 0x0
      RenderText {#text} at (0,248) size 104x17
        text run at (0,248) width 104: "This is some text."
      RenderBR {BR} at (104,262) size 0x0
      RenderText {#text} at (0,265) size 104x17
        text run at (0,265) width 104: "This is some text."
      RenderBR {BR} at (104,279) size 0x0
      RenderText {#text} at (0,282) size 104x17
        text run at (0,282) width 104: "This is some text."
      RenderBR {BR} at (104,296) size 0x0
      RenderText {#text} at (0,299) size 104x17
        text run at (0,299) width 104: "This is some text."
      RenderBR {BR} at (104,313) size 0x0
      RenderText {#text} at (0,316) size 104x17
        text run at (0,316) width 104: "This is some text."
      RenderBR {BR} at (104,330) size 0x0
      RenderText {#text} at (0,333) size 104x17
        text run at (0,333) width 104: "This is some text."
      RenderBR {BR} at (104,347) size 0x0
      RenderText {#text} at (0,350) size 104x17
        text run at (0,350) width 104: "This is some text."
      RenderBR {BR} at (104,364) size 0x0
      RenderText {#text} at (0,367) size 104x17
        text run at (0,367) width 104: "This is some text."
      RenderBR {BR} at (104,381) size 0x0
      RenderText {#text} at (0,384) size 104x17
        text run at (0,384) width 104: "This is some text."
      RenderBR {BR} at (104,398) size 0x0
      RenderText {#text} at (0,401) size 104x17
        text run at (0,401) width 104: "This is some text."
      RenderBR {BR} at (104,415) size 0x0
      RenderText {#text} at (0,418) size 104x17
        text run at (0,418) width 104: "This is some text."
      RenderBR {BR} at (104,432) size 0x0
      RenderText {#text} at (0,435) size 104x17
        text run at (0,435) width 104: "This is some text."
      RenderBR {BR} at (104,449) size 0x0
layer at (8,428) size 769x404
  RenderBlock {DIV} at (0,420) size 769x404 [border: (2px solid #000000)]
    RenderMultiColumnSet at (2,2) size 765x400
layer at (10,430) size 375x867
  RenderMultiColumnFlowThread at (2,2) size 375x867
    RenderBlock (anonymous) at (0,0) size 375x238
      RenderText {#text} at (0,0) size 104x17
        text run at (0,0) width 104: "This is some text."
      RenderBR {BR} at (104,14) size 0x0
      RenderText {#text} at (0,17) size 104x17
        text run at (0,17) width 104: "This is some text."
      RenderBR {BR} at (104,31) size 0x0
      RenderText {#text} at (0,34) size 104x17
        text run at (0,34) width 104: "This is some text."
      RenderBR {BR} at (104,48) size 0x0
      RenderText {#text} at (0,51) size 104x17
        text run at (0,51) width 104: "This is some text."
      RenderBR {BR} at (104,65) size 0x0
      RenderText {#text} at (0,68) size 104x17
        text run at (0,68) width 104: "This is some text."
      RenderBR {BR} at (104,82) size 0x0
      RenderText {#text} at (0,85) size 104x17
        text run at (0,85) width 104: "This is some text."
      RenderBR {BR} at (104,99) size 0x0
      RenderText {#text} at (0,102) size 104x17
        text run at (0,102) width 104: "This is some text."
      RenderBR {BR} at (104,116) size 0x0
      RenderText {#text} at (0,119) size 104x17
        text run at (0,119) width 104: "This is some text."
      RenderBR {BR} at (104,133) size 0x0
      RenderText {#text} at (0,136) size 104x17
        text run at (0,136) width 104: "This is some text."
      RenderBR {BR} at (104,150) size 0x0
      RenderText {#text} at (0,153) size 104x17
        text run at (0,153) width 104: "This is some text."
      RenderBR {BR} at (104,167) size 0x0
      RenderText {#text} at (0,170) size 104x17
        text run at (0,170) width 104: "This is some text."
      RenderBR {BR} at (104,184) size 0x0
      RenderText {#text} at (0,187) size 104x17
        text run at (0,187) width 104: "This is some text."
      RenderBR {BR} at (104,201) size 0x0
      RenderText {#text} at (0,204) size 104x17
        text run at (0,204) width 104: "This is some text."
      RenderBR {BR} at (104,218) size 0x0
      RenderText {#text} at (0,221) size 104x17
        text run at (0,221) width 104: "This is some text."
      RenderBR {BR} at (104,235) size 0x0
    RenderBlock {P} at (0,254) size 375x597
      RenderImage {IMG} at (0,146) size 100x100 [bgcolor=#008000]
      RenderImage {IMG} at (274,146) size 101x200 [bgcolor=#008000]
      RenderText {#text} at (100,146) size 100x17
        text run at (100,146) width 100: "This is some text"
      RenderBR {BR} at (200,160) size 0x0
      RenderText {#text} at (100,163) size 104x17
        text run at (100,163) width 104: "This is some text."
      RenderBR {BR} at (204,177) size 0x0
      RenderText {#text} at (100,180) size 104x17
        text run at (100,180) width 104: "This is some text."
      RenderBR {BR} at (204,194) size 0x0
      RenderText {#text} at (100,197) size 104x17
        text run at (100,197) width 104: "This is some text."
      RenderBR {BR} at (204,211) size 0x0
      RenderText {#text} at (100,214) size 104x17
        text run at (100,214) width 104: "This is some text."
      RenderBR {BR} at (204,228) size 0x0
      RenderText {#text} at (100,231) size 104x17
        text run at (100,231) width 104: "This is some text."
      RenderBR {BR} at (204,245) size 0x0
      RenderText {#text} at (0,248) size 104x17
        text run at (0,248) width 104: "This is some text."
      RenderBR {BR} at (104,262) size 0x0
      RenderText {#text} at (0,265) size 104x17
        text run at (0,265) width 104: "This is some text."
      RenderBR {BR} at (104,279) size 0x0
      RenderText {#text} at (0,282) size 104x17
        text run at (0,282) width 104: "This is some text."
      RenderBR {BR} at (104,296) size 0x0
      RenderText {#text} at (0,299) size 104x17
        text run at (0,299) width 104: "This is some text."
      RenderBR {BR} at (104,313) size 0x0
      RenderText {#text} at (0,316) size 104x17
        text run at (0,316) width 104: "This is some text."
      RenderBR {BR} at (104,330) size 0x0
      RenderText {#text} at (0,333) size 104x17
        text run at (0,333) width 104: "This is some text."
      RenderBR {BR} at (104,347) size 0x0
      RenderText {#text} at (0,350) size 104x17
        text run at (0,350) width 104: "This is some text."
      RenderBR {BR} at (104,364) size 0x0
      RenderText {#text} at (0,367) size 104x17
        text run at (0,367) width 104: "This is some text."
      RenderBR {BR} at (104,381) size 0x0
      RenderText {#text} at (0,384) size 104x17
        text run at (0,384) width 104: "This is some text."
      RenderBR {BR} at (104,398) size 0x0
      RenderText {#text} at (0,401) size 104x17
        text run at (0,401) width 104: "This is some text."
      RenderBR {BR} at (104,415) size 0x0
      RenderText {#text} at (0,418) size 104x17
        text run at (0,418) width 104: "This is some text."
      RenderBR {BR} at (104,432) size 0x0
      RenderText {#text} at (0,435) size 104x17
        text run at (0,435) width 104: "This is some text."
      RenderBR {BR} at (104,449) size 0x0
      RenderText {#text} at (0,452) size 104x17
        text run at (0,452) width 104: "This is some text."
      RenderBR {BR} at (104,466) size 0x0
      RenderText {#text} at (0,469) size 104x17
        text run at (0,469) width 104: "This is some text."
      RenderBR {BR} at (104,483) size 0x0
      RenderText {#text} at (0,486) size 104x17
        text run at (0,486) width 104: "This is some text."
      RenderBR {BR} at (104,500) size 0x0
      RenderText {#text} at (0,503) size 104x17
        text run at (0,503) width 104: "This is some text."
      RenderBR {BR} at (104,517) size 0x0
      RenderText {#text} at (0,520) size 104x17
        text run at (0,520) width 104: "This is some text."
      RenderBR {BR} at (104,534) size 0x0
      RenderText {#text} at (0,546) size 104x17
        text run at (0,546) width 104: "This is some text."
      RenderBR {BR} at (104,560) size 0x0
      RenderText {#text} at (0,563) size 104x17
        text run at (0,563) width 104: "This is some text."
      RenderBR {BR} at (104,577) size 0x0
      RenderText {#text} at (0,580) size 104x17
        text run at (0,580) width 104: "This is some text."
      RenderBR {BR} at (104,594) size 0x0
layer at (8,848) size 769x404
  RenderBlock {DIV} at (0,840) size 769x404 [border: (2px solid #000000)]
    RenderMultiColumnSet at (2,2) size 765x400
layer at (10,850) size 375x434
  RenderMultiColumnFlowThread at (2,2) size 375x434
    RenderImage {IMG} at (0,0) size 300x390 [bgcolor=#008000]
    RenderText {#text} at (300,0) size 369x434
      text run at (300,0) width 69: "Longer text"
      text run at (300,17) width 69: "designed to"
      text run at (300,34) width 51: "test float"
      text run at (300,51) width 22: "and"
      text run at (300,68) width 56: "wrapping"
      text run at (300,85) width 56: "behavior."
      text run at (300,102) width 69: "Longer text"
      text run at (300,119) width 69: "designed to"
      text run at (300,136) width 51: "test float"
      text run at (300,153) width 22: "and"
      text run at (300,170) width 56: "wrapping"
      text run at (300,187) width 56: "behavior."
      text run at (300,204) width 69: "Longer text"
      text run at (300,221) width 69: "designed to"
      text run at (300,238) width 51: "test float"
      text run at (300,255) width 22: "and"
      text run at (300,272) width 56: "wrapping"
      text run at (300,289) width 56: "behavior."
      text run at (300,306) width 69: "Longer text"
      text run at (300,323) width 69: "designed to"
      text run at (300,340) width 51: "test float"
      text run at (300,357) width 22: "and"
      text run at (300,374) width 56: "wrapping"
      text run at (0,400) width 343: "behavior. Longer text designed to test float and wrapping"
      text run at (0,417) width 56: "behavior."
layer at (8,1268) size 769x404
  RenderBlock {DIV} at (0,1260) size 769x404 [border: (2px solid #000000)]
    RenderMultiColumnSet at (2,2) size 765x400
layer at (10,1270) size 375x634 backgroundClip at (0,0) size 1166x1680 clip at (0,0) size 1166x1680
  RenderMultiColumnFlowThread at (2,2) size 375x634
    RenderImage {IMG} at (0,0) size 375x380 [bgcolor=#0000FF]
    RenderInline {SPAN} at (0,0) size 367x234
      RenderImage {IMG} at (0,400) size 100x20 [bgcolor=#008000]
      RenderText {#text} at (100,400) size 208x26
        text run at (100,400) width 208: "Longer text designed "
      RenderImage {IMG} at (274,426) size 101x20 [bgcolor=#008000]
      RenderText {#text} at (308,400) size 367x234
        text run at (308,400) width 59: "to test"
        text run at (0,426) width 180: "float and wrapping"
        text run at (0,452) width 363: "behavior. Longer text designed to test"
        text run at (0,478) width 351: "float and wrapping behavior. Longer"
        text run at (0,504) width 283: "text designed to test float and"
        text run at (0,530) width 303: "wrapping behavior. Longer text"
        text run at (0,556) width 335: "designed to test float and wrapping"
        text run at (0,582) width 363: "behavior. Longer text designed to test"
        text run at (0,608) width 276: "float and wrapping behavior."
    RenderText {#text} at (0,0) size 0x0
