layer at (0,0) size 800x600
  RenderView at (0,0) size 800x600
layer at (0,0) size 800x600
  RenderBlock {HTML} at (0,0) size 800x600
layer at (8,8) size 750x500
  RenderBody {BODY} at (8,8) size 750x500
    RenderMultiColumnSet at (0,0) size 750x500
layer at (8,8) size 367x930 backgroundClip at (0,0) size 800x600 clip at (0,0) size 800x600
  RenderMultiColumnFlowThread at (0,0) size 367x930
    RenderBlock {H1} at (0,21) size 367x37
      RenderText {#text} at (0,0) size 166x36
        text run at (0,0) width 166: "Header One"
    RenderBlock (anonymous) at (0,78) size 367x188
      RenderText {#text} at (0,0) size 367x187
        text run at (0,0) width 337: "Lorem ipsum dolor sit amet, consectetuer adipiscing elit."
        text run at (0,17) width 367: "Nulla varius enim ac mi. Curabitur sollicitudin felis quis lectus."
        text run at (0,34) width 362: "Quisque adipiscing rhoncus sem. Proin nulla purus, vulputate"
        text run at (0,51) width 358: "vel, varius ut, euismod et, nisi. Sed vitae felis vel orci sagittis"
        text run at (0,68) width 365: "aliquam. Cras convallis adipiscing sem. Nam nonummy enim."
        text run at (0,85) width 329: "Nullam bibendum lobortis neque. Vestibulum velit orci,"
        text run at (0,102) width 309: "tempus euismod, pretium quis, interdum vitae, nulla."
        text run at (0,119) width 321: "Phasellus eget ante et tortor condimentum vestibulum."
        text run at (0,136) width 360: "Suspendisse hendrerit quam nec felis. Sed varius turpis vitae"
        text run at (0,153) width 350: "pede. Lorem ipsum dolor sit amet, consectetuer adipiscing"
        text run at (0,170) width 21: "elit."
    RenderBlock {H1} at (0,287) size 367x37
      RenderText {#text} at (0,0) size 169x36
        text run at (0,0) width 169: "Header Two"
    RenderBlock (anonymous) at (0,344) size 367x190
      RenderText {#text} at (0,0) size 367x189
        text run at (0,0) width 337: "Lorem ipsum dolor sit amet, consectetuer adipiscing elit."
        text run at (0,17) width 367: "Nulla varius enim ac mi. Curabitur sollicitudin felis quis lectus."
        text run at (0,34) width 362: "Quisque adipiscing rhoncus sem. Proin nulla purus, vulputate"
        text run at (0,51) width 358: "vel, varius ut, euismod et, nisi. Sed vitae felis vel orci sagittis"
        text run at (0,68) width 365: "aliquam. Cras convallis adipiscing sem. Nam nonummy enim."
        text run at (0,85) width 329: "Nullam bibendum lobortis neque. Vestibulum velit orci,"
        text run at (0,102) width 309: "tempus euismod, pretium quis, interdum vitae, nulla."
        text run at (0,119) width 321: "Phasellus eget ante et tortor condimentum vestibulum."
        text run at (0,136) width 360: "Suspendisse hendrerit quam nec felis. Sed varius turpis vitae"
        text run at (0,155) width 350: "pede. Lorem ipsum dolor sit amet, consectetuer adipiscing"
        text run at (0,172) width 21: "elit."
    RenderBlock {H1} at (0,555) size 367x37
      RenderText {#text} at (0,0) size 190x36
        text run at (0,0) width 190: "Header Three"
    RenderBlock {H1} at (0,838) size 367x37
      RenderText {#text} at (0,0) size 177x36
        text run at (0,0) width 177: "Header Four"
    RenderBlock (anonymous) at (0,895) size 367x35
      RenderText {#text} at (0,0) size 337x34
        text run at (0,0) width 337: "Lorem ipsum dolor sit amet, consectetuer adipiscing elit."
        text run at (0,17) width 143: "Nulla varius enim ac mi."
