layer at (0,0) size 1586x585
  RenderView at (0,0) size 800x585
layer at (0,0) size 800x585
  RenderBlock {HTML} at (0,0) size 800x585
    RenderBody {BODY} at (8,8) size 784x569
layer at (8,8) size 784x404
  RenderBlock {DIV} at (0,0) size 784x404 [border: (2px solid #000000)]
    RenderMultiColumnSet at (2,2) size 780x400
layer at (10,10) size 382x1234 backgroundClip at (0,0) size 1586x585 clip at (0,0) size 1586x585
  RenderMultiColumnFlowThread at (2,2) size 382x1234
    RenderBlock (anonymous) at (0,0) size 382x170
      RenderText {#text} at (0,0) size 104x17
        text run at (0,0) width 104: "This is some text."
      RenderBR {BR} at (104,14) size 0x0
      RenderText {#text} at (0,17) size 104x17
        text run at (0,17) width 104: "This is some text."
      RenderBR {BR} at (104,31) size 0x0
      RenderText {#text} at (0,34) size 104x17
        text run at (0,34) width 104: "This is some text."
      RenderBR {BR} at (104,48) size 0x0
      RenderText {#text} at (0,51) size 104x17
        text run at (0,51) width 104: "This is some text."
      RenderBR {BR} at (104,65) size 0x0
      RenderText {#text} at (0,68) size 104x17
        text run at (0,68) width 104: "This is some text."
      RenderBR {BR} at (104,82) size 0x0
      RenderText {#text} at (0,85) size 104x17
        text run at (0,85) width 104: "This is some text."
      RenderBR {BR} at (104,99) size 0x0
      RenderText {#text} at (0,102) size 104x17
        text run at (0,102) width 104: "This is some text."
      RenderBR {BR} at (104,116) size 0x0
      RenderText {#text} at (0,119) size 104x17
        text run at (0,119) width 104: "This is some text."
      RenderBR {BR} at (104,133) size 0x0
      RenderText {#text} at (0,136) size 104x17
        text run at (0,136) width 104: "This is some text."
      RenderBR {BR} at (104,150) size 0x0
      RenderText {#text} at (0,153) size 104x17
        text run at (0,153) width 104: "This is some text."
      RenderBR {BR} at (104,167) size 0x0
    RenderImage {IMG} at (0,400) size 250x300 [bgcolor=#008000]
    RenderBlock (anonymous) at (0,700) size 382x534
      RenderText {#text} at (0,0) size 104x17
        text run at (0,0) width 104: "This is some text."
      RenderBR {BR} at (104,14) size 0x0
      RenderText {#text} at (0,17) size 104x17
        text run at (0,17) width 104: "This is some text."
      RenderBR {BR} at (104,31) size 0x0
      RenderText {#text} at (0,34) size 104x17
        text run at (0,34) width 104: "This is some text."
      RenderBR {BR} at (104,48) size 0x0
      RenderText {#text} at (0,51) size 104x17
        text run at (0,51) width 104: "This is some text."
      RenderBR {BR} at (104,65) size 0x0
      RenderText {#text} at (0,68) size 104x17
        text run at (0,68) width 104: "This is some text."
      RenderBR {BR} at (104,82) size 0x0
      RenderText {#text} at (0,100) size 104x17
        text run at (0,100) width 104: "This is some text."
      RenderBR {BR} at (104,114) size 0x0
      RenderText {#text} at (0,117) size 104x17
        text run at (0,117) width 104: "This is some text."
      RenderBR {BR} at (104,131) size 0x0
      RenderText {#text} at (0,134) size 104x17
        text run at (0,134) width 104: "This is some text."
      RenderBR {BR} at (104,148) size 0x0
      RenderText {#text} at (0,151) size 104x17
        text run at (0,151) width 104: "This is some text."
      RenderBR {BR} at (104,165) size 0x0
      RenderText {#text} at (0,168) size 104x17
        text run at (0,168) width 104: "This is some text."
      RenderBR {BR} at (104,182) size 0x0
      RenderText {#text} at (0,185) size 104x17
        text run at (0,185) width 104: "This is some text."
      RenderBR {BR} at (104,199) size 0x0
      RenderText {#text} at (0,202) size 104x17
        text run at (0,202) width 104: "This is some text."
      RenderBR {BR} at (104,216) size 0x0
      RenderText {#text} at (0,219) size 104x17
        text run at (0,219) width 104: "This is some text."
      RenderBR {BR} at (104,233) size 0x0
      RenderText {#text} at (0,236) size 104x17
        text run at (0,236) width 104: "This is some text."
      RenderBR {BR} at (104,250) size 0x0
      RenderText {#text} at (0,253) size 104x17
        text run at (0,253) width 104: "This is some text."
      RenderBR {BR} at (104,267) size 0x0
      RenderText {#text} at (0,270) size 104x17
        text run at (0,270) width 104: "This is some text."
      RenderBR {BR} at (104,284) size 0x0
      RenderText {#text} at (0,287) size 104x17
        text run at (0,287) width 104: "This is some text."
      RenderBR {BR} at (104,301) size 0x0
      RenderText {#text} at (0,304) size 104x17
        text run at (0,304) width 104: "This is some text."
      RenderBR {BR} at (104,318) size 0x0
      RenderText {#text} at (0,321) size 104x17
        text run at (0,321) width 104: "This is some text."
      RenderBR {BR} at (104,335) size 0x0
      RenderText {#text} at (0,338) size 104x17
        text run at (0,338) width 104: "This is some text."
      RenderBR {BR} at (104,352) size 0x0
      RenderText {#text} at (0,355) size 104x17
        text run at (0,355) width 104: "This is some text."
      RenderBR {BR} at (104,369) size 0x0
      RenderText {#text} at (0,372) size 104x17
        text run at (0,372) width 104: "This is some text."
      RenderBR {BR} at (104,386) size 0x0
      RenderText {#text} at (0,389) size 104x17
        text run at (0,389) width 104: "This is some text."
      RenderBR {BR} at (104,403) size 0x0
      RenderText {#text} at (0,406) size 104x17
        text run at (0,406) width 104: "This is some text."
      RenderBR {BR} at (104,420) size 0x0
      RenderText {#text} at (0,423) size 104x17
        text run at (0,423) width 104: "This is some text."
      RenderBR {BR} at (104,437) size 0x0
      RenderText {#text} at (0,440) size 104x17
        text run at (0,440) width 104: "This is some text."
      RenderBR {BR} at (104,454) size 0x0
      RenderText {#text} at (0,457) size 104x17
        text run at (0,457) width 104: "This is some text."
      RenderBR {BR} at (104,471) size 0x0
      RenderText {#text} at (0,474) size 104x17
        text run at (0,474) width 104: "This is some text."
      RenderBR {BR} at (104,488) size 0x0
      RenderText {#text} at (0,500) size 104x17
        text run at (0,500) width 104: "This is some text."
      RenderBR {BR} at (104,514) size 0x0
      RenderText {#text} at (0,517) size 104x17
        text run at (0,517) width 104: "This is some text."
      RenderBR {BR} at (104,531) size 0x0
