layer at (0,0) size 800x600
  RenderView at (0,0) size 800x600
layer at (0,0) size 800x600
  RenderBlock {HTML} at (0,0) size 800x600
    RenderBody {BODY} at (8,8) size 784x584
      RenderBlock {DIV} at (0,0) size 154x106 [border: (2px solid #FF0000)]
        RenderText {#text} at (2,2) size 150x102
          text run at (2,2) width 148: "Even though this div is w"
          text run at (2,19) width 145: "hite-space pre, the text i"
          text run at (2,36) width 148: "nside should still wrap to"
          text run at (2,53) width 149: " multiple lines because of"
          text run at (2,70) width 150: " the word-wrap:break-w"
          text run at (2,87) width 114: "ord CSS property."
