layer at (0,0) size 800x600
  RenderView at (0,0) size 800x600
layer at (0,0) size 800x328
  RenderBlock {HTML} at (0,0) size 800x328
    RenderBody {BODY} at (8,16) size 784x296
      RenderBlock {P} at (0,0) size 784x23
        RenderTextControl {INPUT} at (612,2) size 170x19
          RenderFlexibleBox {DIV} at (2,2) size 166x15
            RenderBlock {DIV} at (15,0) size 151x15
        RenderText {#text} at (0,0) size 0x0
      RenderBlock {P} at (0,39) size 784x23
        RenderTextControl {INPUT} at (612,2) size 170x19
          RenderFlexibleBox {DIV} at (2,2) size 166x15
            RenderBlock {DIV} at (15,0) size 151x15
        RenderText {#text} at (0,0) size 0x0
      RenderBlock {P} at (0,78) size 784x23
        RenderTextControl {INPUT} at (2,2) size 170x19
          RenderFlexibleBox {DIV} at (2,2) size 166x15
            RenderBlock {DIV} at (15,0) size 151x15
        RenderText {#text} at (0,0) size 0x0
      RenderBlock {P} at (0,117) size 784x23
        RenderTextControl {INPUT} at (2,2) size 170x19
          RenderFlexibleBox {DIV} at (2,2) size 166x15
            RenderBlock {DIV} at (15,0) size 151x15
        RenderText {#text} at (0,0) size 0x0
        RenderText {#text} at (0,0) size 0x0
      RenderBlock {P} at (0,156) size 784x23
        RenderTextControl {INPUT} at (2,2) size 170x19
          RenderFlexibleBox {DIV} at (2,2) size 166x15
            RenderBlock {DIV} at (0,0) size 151x15
        RenderText {#text} at (0,0) size 0x0
      RenderBlock {P} at (0,195) size 784x23
        RenderTextControl {INPUT} at (2,2) size 170x19
          RenderFlexibleBox {DIV} at (2,2) size 166x15
            RenderBlock {DIV} at (0,0) size 151x15
        RenderText {#text} at (0,0) size 0x0
        RenderText {#text} at (0,0) size 0x0
      RenderBlock {P} at (0,234) size 784x23
        RenderTextControl {INPUT} at (2,2) size 170x19
          RenderFlexibleBox {DIV} at (2,2) size 166x15
            RenderBlock {DIV} at (15,0) size 151x15
        RenderText {#text} at (0,0) size 0x0
      RenderBlock {P} at (0,273) size 784x23
        RenderTextControl {INPUT} at (2,2) size 170x19
          RenderFlexibleBox {DIV} at (2,2) size 166x15
            RenderBlock {DIV} at (15,0) size 151x15
        RenderText {#text} at (0,0) size 0x0
        RenderText {#text} at (0,0) size 0x0
layer at (637,20) size 151x15
  RenderBlock {DIV} at (0,0) size 151x15
    RenderText {#text} at (144,0) size 7x15
      text run at (144,0) width 7: "1"
layer at (637,59) size 151x15
  RenderBlock {DIV} at (0,0) size 151x15
    RenderText {#text} at (144,0) size 7x15
      text run at (144,0) width 7: "2"
layer at (27,98) size 151x15
  RenderBlock {DIV} at (0,0) size 151x15
    RenderText {#text} at (144,0) size 7x15
      text run at (144,0) width 7: "3"
layer at (27,137) size 151x15
  RenderBlock {DIV} at (0,0) size 151x15
    RenderText {#text} at (123,0) size 28x15
      text run at (123,0) width 28: "1234"
layer at (12,176) size 151x15
  RenderBlock {DIV} at (0,0) size 151x15
    RenderText {#text} at (0,0) size 7x15
      text run at (0,0) width 7: "5"
layer at (12,215) size 151x15
  RenderBlock {DIV} at (0,0) size 151x15
    RenderText {#text} at (0,0) size 7x15
      text run at (0,0) width 7: "6"
layer at (27,254) size 151x15
  RenderBlock {DIV} at (0,0) size 151x15
    RenderText {#text} at (144,0) size 7x15
      text run at (144,0) width 7: "7"
layer at (27,293) size 151x15
  RenderBlock {DIV} at (0,0) size 151x15
    RenderText {#text} at (144,0) size 7x15
      text run at (144,0) width 7: "8"
layer at (620,18) size 15x19
  RenderBlock (relative positioned) {DIV} at (-2,-2) size 15x19
layer at (620,57) size 15x19
  RenderBlock (relative positioned) {DIV} at (-2,-2) size 15x19
layer at (10,96) size 15x19
  RenderBlock (relative positioned) {DIV} at (-2,-2) size 15x19
layer at (10,135) size 15x19
  RenderBlock (relative positioned) {DIV} at (-2,-2) size 15x19
layer at (165,174) size 15x19
  RenderBlock (relative positioned) {DIV} at (153,-2) size 15x19
layer at (165,213) size 15x19
  RenderBlock (relative positioned) {DIV} at (153,-2) size 15x19
layer at (10,252) size 15x19
  RenderBlock (relative positioned) {DIV} at (-2,-2) size 15x19
layer at (10,291) size 15x19
  RenderBlock (relative positioned) {DIV} at (-2,-2) size 15x19
caret: position 4 of child 0 {#text} of child 0 {DIV} of child 0 {DIV} of child 0 {DIV} of {#document-fragment} of child 0 {INPUT} of child 6 {P} of body
