layer at (0,0) size 800x600
  RenderView at (0,0) size 800x600
layer at (0,0) size 800x99
  RenderBlock {HTML} at (0,0) size 800x99
    RenderBody {BODY} at (8,16) size 784x67
      RenderBlock {P} at (0,0) size 784x34
        RenderInline {SPAN} at (0,0) size 445x34
          RenderBR {BR} at (0,0) size 0x17
          RenderText {#text} at (0,17) size 445x17
            text run at (0,17) width 445: "There shouldn\x{2019}t be a black dot or line above the first letter of this sentence"
        RenderText {#text} at (445,17) size 4x17
          text run at (445,17) width 4: "."
      RenderBlock {P} at (0,50) size 784x17
        RenderText {#text} at (0,0) size 51x17
          text run at (0,0) width 51: "Test for "
        RenderInline {I} at (0,0) size 658x17
          RenderInline {A} at (0,0) size 305x17 [color=#0000EE]
            RenderText {#text} at (51,0) size 305x17
              text run at (51,0) width 305: "http://bugs.webkit.org/show_bug.cgi?id=14245"
          RenderText {#text} at (356,0) size 353x17
            text run at (356,0) width 4: " "
            text run at (360,0) width 349: "Underline painted under <br>, not repainted properly"
        RenderText {#text} at (709,0) size 4x17
          text run at (709,0) width 4: "."
