layer at (0,0) size 785x1198
  RenderView at (0,0) size 785x600
layer at (0,0) size 785x1198
  RenderBlock {HTML} at (0,0) size 785x1198
    RenderBody {BODY} at (8,16) size 769x1166
      RenderBlock {DIV} at (0,0) size 769x566
        RenderBlock {DIV} at (0,0) size 769x116
          RenderBlock {P} at (0,0) size 769x17
            RenderText {#text} at (0,0) size 28x17
              text run at (0,0) width 28: "LTR"
          RenderBlock (anonymous) at (0,33) size 769x17
            RenderInline {SPAN} at (0,0) size 43x21 [bgcolor=#008000] [border: (2px solid #FF0000)]
              RenderText {#text} at (22,0) size 21x17
                text run at (22,0) width 21: "aaa"
          RenderBlock (anonymous) at (0,66) size 769x17
            RenderBlock {DIV} at (0,0) size 769x17
              RenderText {#text} at (0,0) size 24x17
                text run at (0,0) width 24: "bbb"
          RenderBlock (anonymous) at (0,99) size 769x17
            RenderInline {SPAN} at (0,0) size 43x21 [bgcolor=#008000] [border: (2px solid #FF0000)]
              RenderText {#text} at (0,0) size 21x17
                text run at (0,0) width 21: "ccc"
            RenderText {#text} at (0,0) size 0x0
        RenderBlock {HR} at (0,132) size 769x2 [border: (1px inset #000000)]
        RenderBlock {DIV} at (0,150) size 769x116
          RenderBlock {P} at (0,0) size 769x17
            RenderText {#text} at (0,0) size 142x17
              text run at (0,0) width 142: "LTR, empty inline after."
          RenderBlock (anonymous) at (0,33) size 769x17
            RenderInline {SPAN} at (0,0) size 43x21 [bgcolor=#008000] [border: (2px solid #FF0000)]
              RenderText {#text} at (22,0) size 21x17
                text run at (22,0) width 21: "aaa"
          RenderBlock (anonymous) at (0,66) size 769x17
            RenderBlock {DIV} at (0,0) size 769x17
              RenderText {#text} at (0,0) size 24x17
                text run at (0,0) width 24: "bbb"
          RenderBlock (anonymous) at (0,99) size 769x17
            RenderInline {SPAN} at (0,0) size 22x21 [bgcolor=#008000] [border: (2px solid #FF0000)]
            RenderText {#text} at (0,0) size 0x0
        RenderBlock {HR} at (0,282) size 769x2 [border: (1px inset #000000)]
        RenderBlock {DIV} at (0,300) size 769x116
          RenderBlock {P} at (0,0) size 769x17
            RenderText {#text} at (0,0) size 154x17
              text run at (0,0) width 154: "LTR, empty inline before."
          RenderBlock (anonymous) at (0,33) size 769x17
            RenderInline {SPAN} at (0,0) size 22x21 [bgcolor=#008000] [border: (2px solid #FF0000)]
          RenderBlock (anonymous) at (0,66) size 769x17
            RenderBlock {DIV} at (0,0) size 769x17
              RenderText {#text} at (0,0) size 24x17
                text run at (0,0) width 24: "bbb"
          RenderBlock (anonymous) at (0,99) size 769x17
            RenderInline {SPAN} at (0,0) size 43x21 [bgcolor=#008000] [border: (2px solid #FF0000)]
              RenderText {#text} at (0,0) size 21x17
                text run at (0,0) width 21: "ccc"
            RenderText {#text} at (0,0) size 0x0
        RenderBlock {HR} at (0,432) size 769x2 [border: (1px inset #000000)]
        RenderBlock {DIV} at (0,450) size 769x116
          RenderBlock {P} at (0,0) size 769x17
            RenderText {#text} at (0,0) size 211x17
              text run at (0,0) width 211: "LTR, empty inline before and after."
          RenderBlock (anonymous) at (0,33) size 769x17
            RenderInline {SPAN} at (0,0) size 22x21 [bgcolor=#008000] [border: (2px solid #FF0000)]
          RenderBlock (anonymous) at (0,66) size 769x17
            RenderBlock {DIV} at (0,0) size 769x17
              RenderText {#text} at (0,0) size 24x17
                text run at (0,0) width 24: "bbb"
          RenderBlock (anonymous) at (0,99) size 769x17
            RenderInline {SPAN} at (0,0) size 22x21 [bgcolor=#008000] [border: (2px solid #FF0000)]
            RenderText {#text} at (0,0) size 0x0
      RenderBlock {HR} at (0,582) size 769x2 [border: (1px inset #000000)]
      RenderBlock {DIV} at (0,600) size 769x566
        RenderBlock {DIV} at (0,0) size 769x116
          RenderBlock {P} at (0,0) size 769x17
            RenderText {#text} at (741,0) size 28x17
              text run at (741,0) width 28: "RTL"
          RenderBlock (anonymous) at (0,33) size 769x17
            RenderInline {SPAN} at (0,0) size 43x21 [bgcolor=#008000] [border: (2px solid #FF0000)]
              RenderText {#text} at (726,0) size 21x17
                text run at (726,0) width 21: "aaa"
          RenderBlock (anonymous) at (0,66) size 769x17
            RenderBlock {DIV} at (0,0) size 769x17
              RenderText {#text} at (745,0) size 24x17
                text run at (745,0) width 24: "bbb"
          RenderBlock (anonymous) at (0,99) size 769x17
            RenderInline {SPAN} at (0,0) size 43x21 [bgcolor=#008000] [border: (2px solid #FF0000)]
              RenderText {#text} at (748,0) size 21x17
                text run at (748,0) width 21: "ccc"
            RenderText {#text} at (0,0) size 0x0
        RenderBlock {HR} at (0,132) size 769x2 [border: (1px inset #000000)]
        RenderBlock {DIV} at (0,150) size 769x116
          RenderBlock {P} at (0,0) size 769x17
            RenderText {#text} at (627,0) size 142x17
              text run at (627,0) width 4 RTL: "."
              text run at (631,0) width 138: "RTL, empty inline after"
          RenderBlock (anonymous) at (0,33) size 769x17
            RenderInline {SPAN} at (0,0) size 43x21 [bgcolor=#008000] [border: (2px solid #FF0000)]
              RenderText {#text} at (726,0) size 21x17
                text run at (726,0) width 21: "aaa"
          RenderBlock (anonymous) at (0,66) size 769x17
            RenderBlock {DIV} at (0,0) size 769x17
              RenderText {#text} at (745,0) size 24x17
                text run at (745,0) width 24: "bbb"
          RenderBlock (anonymous) at (0,99) size 769x17
            RenderInline {SPAN} at (0,0) size 22x21 [bgcolor=#008000] [border: (2px solid #FF0000)]
            RenderText {#text} at (0,0) size 0x0
        RenderBlock {HR} at (0,282) size 769x2 [border: (1px inset #000000)]
        RenderBlock {DIV} at (0,300) size 769x116
          RenderBlock {P} at (0,0) size 769x17
            RenderText {#text} at (615,0) size 154x17
              text run at (615,0) width 4 RTL: "."
              text run at (619,0) width 150: "RTL, empty inline before"
          RenderBlock (anonymous) at (0,33) size 769x17
            RenderInline {SPAN} at (0,0) size 22x21 [bgcolor=#008000] [border: (2px solid #FF0000)]
          RenderBlock (anonymous) at (0,66) size 769x17
            RenderBlock {DIV} at (0,0) size 769x17
              RenderText {#text} at (745,0) size 24x17
                text run at (745,0) width 24: "bbb"
          RenderBlock (anonymous) at (0,99) size 769x17
            RenderInline {SPAN} at (0,0) size 43x21 [bgcolor=#008000] [border: (2px solid #FF0000)]
              RenderText {#text} at (748,0) size 21x17
                text run at (748,0) width 21: "ccc"
            RenderText {#text} at (0,0) size 0x0
        RenderBlock {HR} at (0,432) size 769x2 [border: (1px inset #000000)]
        RenderBlock {DIV} at (0,450) size 769x116
          RenderBlock {P} at (0,0) size 769x17
            RenderText {#text} at (558,0) size 211x17
              text run at (558,0) width 4 RTL: "."
              text run at (562,0) width 207: "RTL, empty inline before and after"
          RenderBlock (anonymous) at (0,33) size 769x17
            RenderInline {SPAN} at (0,0) size 22x21 [bgcolor=#008000] [border: (2px solid #FF0000)]
          RenderBlock (anonymous) at (0,66) size 769x17
            RenderBlock {DIV} at (0,0) size 769x17
              RenderText {#text} at (745,0) size 24x17
                text run at (745,0) width 24: "bbb"
          RenderBlock (anonymous) at (0,99) size 769x17
            RenderInline {SPAN} at (0,0) size 22x21 [bgcolor=#008000] [border: (2px solid #FF0000)]
            RenderText {#text} at (0,0) size 0x0
