layer at (0,0) size 800x600
  RenderView at (0,0) size 800x600
layer at (0,0) size 800x538
  RenderBlock {HTML} at (0,0) size 800x538
    RenderBody {BODY} at (8,21) size 784x349
      RenderBlock {H1} at (0,0) size 784x36 [color=#990000]
        RenderText {#text} at (0,0) size 699x36
          text run at (0,0) width 699: "Webkit background image positioning on RTL text"
      RenderBlock {H2} at (0,57) size 784x27
        RenderText {#text} at (0,0) size 262x26
          text run at (0,0) width 262: "Behaviour within <p> tag"
      RenderBlock (floating) {DIV} at (0,103) size 318x198 [bgcolor=#DDDDDD]
        RenderBlock {P} at (6,22) size 306x153
          RenderText {#text} at (40,0) size 259x153
            text run at (40,0) width 242: "Lorem ipsum dolor sit amet, consectetur"
            text run at (40,17) width 88: "adipiscing elit. "
            text run at (128,17) width 169: "Nam mollis, elit eu vulputate"
            text run at (40,34) width 233: "ornare, est urna congue felis, id auctor "
            text run at (273,34) width 26: "arcu"
            text run at (40,51) width 256: "odio imperdiet nulla. Cras viverra interdum"
            text run at (40,68) width 77: "diam blandit "
            text run at (117,68) width 175: "adipiscing. Aliquam erat felis,"
            text run at (40,85) width 173: "iaculis sit amet rhoncus quis, "
            text run at (213,85) width 80: "condimentum"
            text run at (40,102) width 233: "at nisl. Duis malesuada quam vel augue"
            text run at (40,119) width 97: "hendrerit porta. "
            text run at (137,119) width 132: "Nulla vitae elementum"
            text run at (40,136) width 43: "mauris."
      RenderBlock (floating) {DIV} at (332,103) size 318x147 [bgcolor=#DDDDDD]
        RenderBlock {P} at (6,22) size 306x102
          RenderText {#text} at (26,0) size 266x102
            text run at (26,0) width 240 RTL: "\x{5D4}\x{5D5}\x{5D1}\x{5DC}\x{5EA} \x{5D3}\x{5D9}\x{5E8}\x{5D5}\x{5EA} \x{5D1}\x{5DB}\x{5DC} \x{5D4}\x{5D0}\x{5E8}\x{5E5} \x{5E9}\x{5D9}\x{5E8}\x{5D5}\x{5EA},"
            text run at (0,17) width 266 RTL: "\x{5D0}\x{5D9}\x{5DB}\x{5D5}\x{5EA} \x{5D5}\x{5DE}\x{5D7}\x{5D9}\x{5E8}\x{5D9}\x{5DD} \x{5DC}\x{5DC}\x{5D0} \x{5EA}\x{5D7}\x{5E8}\x{5D5}\x{5EA} \x{5D4}\x{5D5}\x{5D1}\x{5DC}\x{5EA}"
            text run at (26,34) width 240 RTL: "\x{5D3}\x{5D9}\x{5E8}\x{5D5}\x{5EA} \x{5D1}\x{5DB}\x{5DC} \x{5D4}\x{5D0}\x{5E8}\x{5E5} \x{5E9}\x{5D9}\x{5E8}\x{5D5}\x{5EA}, \x{5D0}\x{5D9}\x{5DB}\x{5D5}\x{5EA}"
            text run at (0,51) width 266 RTL: "\x{5D5}\x{5DE}\x{5D7}\x{5D9}\x{5E8}\x{5D9}\x{5DD} \x{5DC}\x{5DC}\x{5D0} \x{5EA}\x{5D7}\x{5E8}\x{5D5}\x{5EA} \x{5D4}\x{5D5}\x{5D1}\x{5DC}\x{5EA} \x{5D3}\x{5D9}\x{5E8}\x{5D5}\x{5EA}"
            text run at (6,68) width 260 RTL: "\x{5D1}\x{5DB}\x{5DC} \x{5D4}\x{5D0}\x{5E8}\x{5E5} \x{5E9}\x{5D9}\x{5E8}\x{5D5}\x{5EA}, \x{5D0}\x{5D9}\x{5DB}\x{5D5}\x{5EA} \x{5D5}\x{5DE}\x{5D7}\x{5D9}\x{5E8}\x{5D9}\x{5DD}"
            text run at (182,85) width 84 RTL: "\x{5DC}\x{5DC}\x{5D0} \x{5EA}\x{5D7}\x{5E8}\x{5D5}\x{5EA}"
      RenderBlock {HR} at (0,300) size 784x3 [border: (1px inset #000000)]
      RenderBlock {H2} at (0,322) size 784x27
        RenderText {#text} at (0,0) size 261x26
          text run at (0,0) width 261: "Behaviour within <a> tag"
      RenderBlock (floating) {DIV} at (0,368) size 318x149 [bgcolor=#DDDDDD]
        RenderInline {A} at (0,0) size 304x136 [color=#0000EE]
          RenderText {#text} at (46,6) size 304x136
            text run at (46,6) width 242: "Lorem ipsum dolor sit amet, consectetur"
            text run at (6,23) width 304: "adipiscing elit. Nam mollis, elit eu vulputate ornare,"
            text run at (6,40) width 98: "est urna congue "
            text run at (104,40) width 205: "felis, id auctor arcu odio imperdiet"
            text run at (6,57) width 202: "nulla. Cras viverra interdum diam "
            text run at (208,57) width 40: "blandit"
            text run at (6,74) width 265: "adipiscing. Aliquam erat felis, iaculis sit amet"
            text run at (6,91) width 83: "rhoncus quis, "
            text run at (89,91) width 220: "condimentum at nisl. Duis malesuada"
            text run at (6,108) width 194: "quam vel augue hendrerit porta. "
            text run at (200,108) width 64: "Nulla vitae"
            text run at (6,125) width 111: "elementum mauris."
        RenderText {#text} at (0,0) size 0x0
      RenderBlock (floating) {DIV} at (332,368) size 318x115 [bgcolor=#DDDDDD]
        RenderInline {A} at (0,0) size 300x102 [color=#0000EE]
          RenderText {#text} at (32,6) size 300x102
            text run at (32,6) width 240 RTL: "\x{5D4}\x{5D5}\x{5D1}\x{5DC}\x{5EA} \x{5D3}\x{5D9}\x{5E8}\x{5D5}\x{5EA} \x{5D1}\x{5DB}\x{5DC} \x{5D4}\x{5D0}\x{5E8}\x{5E5} \x{5E9}\x{5D9}\x{5E8}\x{5D5}\x{5EA},"
            text run at (46,23) width 266 RTL: "\x{5D0}\x{5D9}\x{5DB}\x{5D5}\x{5EA} \x{5D5}\x{5DE}\x{5D7}\x{5D9}\x{5E8}\x{5D9}\x{5DD} \x{5DC}\x{5DC}\x{5D0} \x{5EA}\x{5D7}\x{5E8}\x{5D5}\x{5EA} \x{5D4}\x{5D5}\x{5D1}\x{5DC}\x{5EA}"
            text run at (72,40) width 240 RTL: "\x{5D3}\x{5D9}\x{5E8}\x{5D5}\x{5EA} \x{5D1}\x{5DB}\x{5DC} \x{5D4}\x{5D0}\x{5E8}\x{5E5} \x{5E9}\x{5D9}\x{5E8}\x{5D5}\x{5EA}, \x{5D0}\x{5D9}\x{5DB}\x{5D5}\x{5EA}"
            text run at (12,57) width 300 RTL: "\x{5D5}\x{5DE}\x{5D7}\x{5D9}\x{5E8}\x{5D9}\x{5DD} \x{5DC}\x{5DC}\x{5D0} \x{5EA}\x{5D7}\x{5E8}\x{5D5}\x{5EA} \x{5D4}\x{5D5}\x{5D1}\x{5DC}\x{5EA} \x{5D3}\x{5D9}\x{5E8}\x{5D5}\x{5EA} \x{5D1}\x{5DB}\x{5DC}"
            text run at (52,74) width 260 RTL: "\x{5D4}\x{5D0}\x{5E8}\x{5E5} \x{5E9}\x{5D9}\x{5E8}\x{5D5}\x{5EA}, \x{5D0}\x{5D9}\x{5DB}\x{5D5}\x{5EA} \x{5D5}\x{5DE}\x{5D7}\x{5D9}\x{5E8}\x{5D9}\x{5DD} \x{5DC}\x{5DC}\x{5D0}"
            text run at (262,91) width 50 RTL: "\x{5EA}\x{5D7}\x{5E8}\x{5D5}\x{5EA}"
        RenderText {#text} at (0,0) size 0x0
