layer at (0,0) size 900x585
  RenderView at (0,0) size 800x585
layer at (0,0) size 800x585
  RenderBlock {HTML} at (0,0) size 800x585
    RenderBody {BODY} at (8,8) size 800x569
      RenderBlock {DIV} at (0,0) size 800x0
      RenderBlock {DIV} at (0,0) size 800x0
      RenderBlock {DIV} at (0,0) size 800x0
      RenderBlock {DIV} at (0,0) size 800x0
      RenderBlock {DIV} at (0,0) size 800x0
      RenderBlock {DIV} at (0,0) size 800x0
      RenderBlock {DIV} at (0,0) size 800x0
      RenderBlock {DIV} at (0,0) size 800x0
layer at (165,549) size 243x26
  RenderBlock (positioned) {FONT} at (165,549) size 243x26
    RenderText {#text} at (0,0) size 243x26
      text run at (0,0) width 243: "RTL-Center-Aligned"
layer at (-84,457) size 92x78 backgroundClip at (0,0) size 900x585 clip at (0,0) size 900x585
  RenderBlock (positioned) {FONT} at (-84,457) size 92x78
    RenderText {#text} at (0,0) size 92x78
      text run at (0,0) width 61: "RTL-"
      text run at (0,26) width 61: "Left-"
      text run at (0,52) width 92: "Aligned"
layer at (581,459) size 227x26
  RenderBlock (positioned) {FONT} at (581,459) size 227x26
    RenderText {#text} at (0,0) size 227x26
      text run at (0,0) width 227: "RTL-Right-Aligned"
layer at (612,409) size 196x26
  RenderBlock (positioned) {FONT} at (612,409) size 196x26
    RenderText {#text} at (0,0) size 196x26
      text run at (0,0) width 196: "RTL-No-Aligned"
layer at (408,359) size 243x26
  RenderBlock (positioned) {FONT} at (408,359) size 243x26
    RenderText {#text} at (0,0) size 243x26
      text run at (0,0) width 243: "LTR-Center-Aligned"
layer at (8,309) size 214x26
  RenderBlock (positioned) {FONT} at (8,309) size 214x26
    RenderText {#text} at (0,0) size 214x26
      text run at (0,0) width 214: "LTR-Left-Aligned"
layer at (808,207) size 92x78
  RenderBlock (positioned) {FONT} at (808,207) size 92x78
    RenderText {#text} at (31,0) size 92x78
      text run at (31,0) width 61: "LTR-"
      text run at (18,26) width 74: "Right-"
      text run at (0,52) width 92: "Aligned"
layer at (8,209) size 196x26
  RenderBlock (positioned) {FONT} at (8,209) size 196x26
    RenderText {#text} at (0,0) size 196x26
      text run at (0,0) width 196: "LTR-No-Aligned"
