layer at (0,0) size 800x600
  RenderView at (0,0) size 800x600
layer at (0,0) size 800x82
  RenderBlock {HTML} at (0,0) size 800x82
    RenderBody {BODY} at (8,16) size 784x50
      RenderBlock {P} at (0,0) size 784x17
        RenderText {#text} at (0,0) size 129x17
          text run at (0,0) width 129: "this should not be red"
      RenderBlock {P} at (0,33) size 784x17
        RenderText {#text} at (0,0) size 134x17
          text run at (0,0) width 134: "this should not be blue"
