layer at (0,0) size 800x600
  RenderView at (0,0) size 800x600
layer at (0,0) size 800x217
  RenderBlock {HTML} at (0,0) size 800x217
    RenderBody {BODY} at (8,16) size 784x193
      RenderBlock {P} at (0,0) size 784x17
        RenderText {#text} at (0,0) size 370x17
          text run at (0,0) width 370: "Test passes if all the T and surrounding punctuation are green."
      RenderBlock {DIV} at (0,33) size 784x40
        RenderInline (generated) at (0,0) size 45x40 [color=#008000]
          RenderText {#text} at (0,0) size 45x40
            text run at (0,0) width 45: "(T)"
        RenderText {#text} at (45,18) size 17x17
          text run at (45,18) width 17: "est"
      RenderBlock {DIV} at (0,73) size 784x40
        RenderInline (generated) at (0,0) size 52x40 [color=#008000]
          RenderText {#text} at (0,0) size 52x40
            text run at (0,0) width 52: "\x{201C}T\x{201D}"
        RenderText {#text} at (52,18) size 17x17
          text run at (52,18) width 17: "est"
      RenderBlock {DIV} at (0,113) size 784x40
        RenderInline (generated) at (0,0) size 71x40 [color=#008000]
          RenderText {#text} at (0,0) size 71x40
            text run at (0,0) width 71: "\x{AB} T \x{BB}"
        RenderText {#text} at (71,18) size 17x17
          text run at (71,18) width 17: "est"
      RenderBlock {DIV} at (0,153) size 784x40
        RenderInline (generated) at (0,0) size 71x40 [color=#008000]
          RenderText {#text} at (0,0) size 71x40
            text run at (0,0) width 71: "\x{AB} T \x{BB}"
        RenderText {#text} at (71,18) size 33x17
          text run at (71,18) width 33: "    est"
