layer at (0,0) size 800x600
  RenderView at (0,0) size 800x600
layer at (0,0) size 800x600
  RenderBlock {HTML} at (0,0) size 800x600
    RenderBody {BODY} at (8,8) size 784x584
      RenderBlock {P} at (0,0) size 784x17
        RenderText {#text} at (0,0) size 51x17
          text run at (0,0) width 51: "Test for "
        RenderInline {A} at (0,0) size 281x17 [color=#0000EE]
          RenderText {#text} at (51,0) size 281x17
            text run at (51,0) width 281: "http://bugs.webkit.org/show_bug.cgi?id=4104 "
        RenderText {#text} at (332,0) size 234x17
          text run at (332,0) width 234: "first-letter not updating style with hover"
      RenderBlock {P} at (0,33) size 784x17
        RenderText {#text} at (0,0) size 367x17
          text run at (0,0) width 367: "The next line of text should turn green when we hover over it."
      RenderBlock {DIV} at (0,66) size 784x34 [color=#008000]
        RenderInline (generated) at (0,0) size 9x17 [color=#0000FF]
          RenderText {#text} at (0,0) size 9x17
            text run at (0,0) width 9: "T"
        RenderText {#text} at (9,0) size 760x34
          text run at (9,0) width 751: "he first letter of this paragraph should be larger than the rest. If you hover over this paragraph, all of the text (including the first"
          text run at (0,17) width 450: "letter) should turn green. If the first letter remains black, then there is a bug!"
