layer at (0,0) size 800x600
  RenderView at (0,0) size 800x600
layer at (0,0) size 800x600
  RenderBlock {HTML} at (0,0) size 800x600
    RenderBody {BODY} at (8,8) size 784x576
      RenderBlock {P} at (0,0) size 784x34
        RenderText {#text} at (0,0) size 51x17
          text run at (0,0) width 51: "Test for "
        RenderInline {I} at (0,0) size 732x34
          RenderInline {A} at (0,0) size 350x17 [color=#0000EE]
            RenderText {#text} at (51,0) size 350x17
              text run at (51,0) width 350: "http://bugzilla.opendarwin.org/show_bug.cgi?id=3560"
          RenderText {#text} at (401,0) size 732x34
            text run at (401,0) width 331: " page with use of first-letter crashes reproducibly in"
            text run at (0,17) width 189: "RenderObject::renderArena()"
        RenderText {#text} at (189,17) size 4x17
          text run at (189,17) width 4: "."
      RenderBlock {P} at (0,50) size 784x17
        RenderText {#text} at (0,0) size 217x17
          text run at (0,0) width 217: "The next three lines should all read \x{201C}"
        RenderInline {SPAN} at (0,0) size 9x17 [color=#0000FF]
          RenderText {#text} at (217,0) size 9x17
            text run at (217,0) width 9: "P"
        RenderText {#text} at (226,0) size 197x17
          text run at (226,0) width 197: "ASS\x{201D}, with nothing before the P."
      RenderBlock {HR} at (0,83) size 784x2 [border: (1px inset #000000)]
      RenderBlock {P} at (0,101) size 784x17
        RenderInline (generated) at (0,0) size 9x17 [color=#0000FF]
          RenderText {#text} at (0,0) size 9x17
            text run at (0,0) width 9: "P"
        RenderText {#text} at (9,0) size 29x17
          text run at (9,0) width 29: "ASS"
      RenderBlock {P} at (0,134) size 784x17
        RenderInline (generated) at (0,0) size 9x17 [color=#0000FF]
          RenderText {#text} at (0,0) size 9x17
            text run at (0,0) width 9: "P"
        RenderText {#text} at (9,0) size 29x17
          text run at (9,0) width 29: "ASS"
      RenderBlock {P} at (0,167) size 784x17
        RenderInline (generated) at (0,0) size 9x17 [color=#0000FF]
          RenderText {#text} at (0,0) size 9x17
            text run at (0,0) width 9: "P"
        RenderText {#text} at (9,0) size 29x17
          text run at (9,0) width 29: "ASS"
