layer at (0,0) size 800x600
  RenderView at (0,0) size 800x600
layer at (0,0) size 800x600
  RenderBlock {HTML} at (0,0) size 800x600
    RenderBody {BODY} at (8,8) size 784x576
      RenderBlock {P} at (0,0) size 784x34
        RenderText {#text} at (0,0) size 51x17
          text run at (0,0) width 51: "Test for "
        RenderInline {I} at (0,0) size 666x34
          RenderInline {A} at (0,0) size 305x17 [color=#0000EE]
            RenderText {#text} at (51,0) size 305x17
              text run at (51,0) width 305: "http://bugs.webkit.org/show_bug.cgi?id=14545"
          RenderText {#text} at (356,0) size 666x34
            text run at (356,0) width 4: " "
            text run at (360,0) width 306: "REGRESSION (r21854-r21869): Repro crash in"
            text run at (0,17) width 322: "RenderBlock::updateFirstLetter @ nola.com/rose/"
        RenderText {#text} at (322,17) size 4x17
          text run at (322,17) width 4: "."
      RenderBlock {P} at (0,50) size 784x17
        RenderText {#text} at (0,0) size 229x17
          text run at (0,0) width 229: "The following lines should be identical:"
      RenderBlock {DIV} at (0,83) size 784x17
        RenderInline (generated) at (0,0) size 9x17 [color=#008000]
          RenderText {#text} at (0,0) size 9x17
            text run at (0,0) width 9: "L"
        RenderText {#text} at (9,0) size 72x17
          text run at (9,0) width 72: "orem Ipsum"
      RenderBlock {P} at (0,116) size 784x17
        RenderInline {SPAN} at (0,0) size 9x17 [color=#008000]
          RenderText {#text} at (0,0) size 9x17
            text run at (0,0) width 9: "L"
        RenderText {#text} at (9,0) size 72x17
          text run at (9,0) width 72: "orem Ipsum"
