layer at (0,0) size 800x600
  RenderView at (0,0) size 800x600
layer at (0,0) size 800x600
  RenderBlock {HTML} at (0,0) size 800x600
    RenderBody {BODY} at (8,8) size 784x584
      RenderBlock {P} at (0,0) size 784x34
        RenderText {#text} at (0,0) size 773x34
          text run at (0,0) width 458: "This tests that when @font-face rules with unicode-range are specified for a "
          text run at (458,0) width 315: "font that exists on the system, the system font is used"
          text run at (0,17) width 104: "for all characters "
          text run at (104,17) width 145: "not explictly overridden."
      RenderBlock {P} at (0,50) size 784x17
        RenderText {#text} at (0,0) size 483x17
          text run at (0,0) width 419: "In the next line, the digits should be in Times, but the letters should be "
          text run at (419,0) width 64: "in Courier."
      RenderBlock (anonymous) at (0,83) size 784x26
        RenderInline {SPAN} at (0,0) size 271x26
          RenderText {#text} at (0,0) size 271x26
            text run at (0,0) width 271: "ABCDEFGHIJ 1234567890"
        RenderText {#text} at (0,0) size 0x0
