layer at (0,0) size 800x600
  RenderView at (0,0) size 800x600
layer at (0,0) size 800x600
  RenderBlock {HTML} at (0,0) size 800x600
    RenderBody {BODY} at (8,8) size 784x584
      RenderBlock {DIV} at (0,0) size 784x17
        RenderText {#text} at (0,0) size 51x17
          text run at (0,0) width 51: "Test for "
        RenderInline {A} at (0,0) size 110x17 [color=#0000EE]
          RenderText {#text} at (51,0) size 110x17
            text run at (51,0) width 110: "Bugzilla Bug 9934"
        RenderText {#text} at (161,0) size 425x17
          text run at (161,0) width 425: " Selecting text in text field with {line-height:100%} causes it to bounce."
      RenderBlock {DIV} at (0,17) size 784x23
        RenderTextControl {INPUT} at (2,2) size 170x19
      RenderBlock {DIV} at (0,40) size 784x17
        RenderText {#text} at (0,0) size 755x17
          text run at (0,0) width 542: "Select the text in the text field using horizontal mouse movements, then drag up and down. "
          text run at (542,0) width 213: "The text should not move vertically."
layer at (12,29) size 166x15
  RenderBlock {DIV} at (2,2) size 166x15
    RenderText {#text} at (0,0) size 75x15
      text run at (0,0) width 75: "Lorem Ipsum"
