layer at (0,0) size 800x600
  RenderView at (0,0) size 800x600
layer at (0,0) size 800x600
  RenderBlock {HTML} at (0,0) size 800x600
    RenderBody {BODY} at (8,8) size 784x582
      RenderBlock {P} at (0,0) size 784x17
        RenderText {#text} at (0,0) size 300x17
          text run at (0,0) width 300: "Test :nth-child() when dynamically adding siblings."
      RenderBlock {P} at (0,33) size 784x17
        RenderInline {A} at (0,0) size 291x17 [color=#0000EE]
          RenderText {#text} at (0,0) size 291x17
            text run at (0,0) width 291: "https://bugs.webkit.org/show_bug.cgi?id=26362"
      RenderBlock {DIV} at (10,66) size 764x199 [border: (1px solid #000000)]
        RenderBlock {P} at (11,6) size 747x17 [color=#FF0000]
          RenderText {#text} at (0,0) size 59x17
            text run at (0,0) width 13: "P "
            text run at (13,0) width 46: "red text"
        RenderBlock {DIV} at (6,23) size 752x17
          RenderText {#text} at (0,0) size 27x17
            text run at (0,0) width 27: "DIV"
        RenderBlock {P} at (11,40) size 747x17
          RenderText {#text} at (0,0) size 9x17
            text run at (0,0) width 9: "P"
        RenderBlock {DIV} at (6,57) size 752x17 [color=#FF0000] [bgcolor=#9999FF]
          RenderText {#text} at (0,0) size 125x17
            text run at (0,0) width 31: "DIV "
            text run at (31,0) width 50: "red text "
            text run at (81,0) width 44: "blue bg"
        RenderBlock {P} at (11,74) size 747x17
          RenderText {#text} at (0,0) size 9x17
            text run at (0,0) width 9: "P"
        RenderBlock {DIV} at (6,91) size 752x17
          RenderText {#text} at (0,0) size 27x17
            text run at (0,0) width 27: "DIV"
        RenderBlock {P} at (11,108) size 747x17 [color=#FF0000]
          RenderText {#text} at (0,0) size 59x17
            text run at (0,0) width 13: "P "
            text run at (13,0) width 46: "red text"
        RenderBlock {DIV} at (6,125) size 752x17
          RenderText {#text} at (0,0) size 27x17
            text run at (0,0) width 27: "DIV"
        RenderBlock {P} at (11,142) size 747x17
          RenderText {#text} at (0,0) size 9x17
            text run at (0,0) width 9: "P"
        RenderBlock {DIV} at (6,159) size 752x17 [color=#FF0000]
          RenderText {#text} at (0,0) size 77x17
            text run at (0,0) width 31: "DIV "
            text run at (31,0) width 46: "red text"
        RenderBlock {P} at (11,176) size 747x17
          RenderText {#text} at (0,0) size 9x17
            text run at (0,0) width 9: "P"
      RenderBlock {DIV} at (10,275) size 764x216 [border: (1px solid #000000)]
        RenderText {#text} at (6,6) size 251x17
          text run at (6,6) width 251: "child 0: PASS: found color rgb(255, 0, 0)"
        RenderBR {BR} at (257,20) size 0x0
        RenderText {#text} at (6,23) size 235x17
          text run at (6,23) width 235: "child 1: PASS: found color rgb(0, 0, 0)"
        RenderBR {BR} at (241,37) size 0x0
        RenderText {#text} at (6,40) size 235x17
          text run at (6,40) width 235: "child 2: PASS: found color rgb(0, 0, 0)"
        RenderBR {BR} at (241,54) size 0x0
        RenderText {#text} at (6,57) size 251x17
          text run at (6,57) width 251: "child 3: PASS: found color rgb(255, 0, 0)"
        RenderBR {BR} at (257,71) size 0x0
        RenderText {#text} at (6,74) size 235x17
          text run at (6,74) width 235: "child 4: PASS: found color rgb(0, 0, 0)"
        RenderBR {BR} at (241,88) size 0x0
        RenderText {#text} at (6,91) size 235x17
          text run at (6,91) width 235: "child 5: PASS: found color rgb(0, 0, 0)"
        RenderBR {BR} at (241,105) size 0x0
        RenderText {#text} at (6,108) size 251x17
          text run at (6,108) width 251: "child 6: PASS: found color rgb(255, 0, 0)"
        RenderBR {BR} at (257,122) size 0x0
        RenderText {#text} at (6,125) size 235x17
          text run at (6,125) width 235: "child 7: PASS: found color rgb(0, 0, 0)"
        RenderBR {BR} at (241,139) size 0x0
        RenderText {#text} at (6,142) size 235x17
          text run at (6,142) width 235: "child 8: PASS: found color rgb(0, 0, 0)"
        RenderBR {BR} at (241,156) size 0x0
        RenderText {#text} at (6,159) size 251x17
          text run at (6,159) width 251: "child 9: PASS: found color rgb(255, 0, 0)"
        RenderBR {BR} at (257,173) size 0x0
        RenderText {#text} at (6,176) size 243x17
          text run at (6,176) width 243: "child 10: PASS: found color rgb(0, 0, 0)"
        RenderBR {BR} at (249,190) size 0x0
        RenderText {#text} at (6,193) size 273x17
          text run at (6,193) width 273: "div 1: PASS: found color rgb(153, 153, 255)"
        RenderBR {BR} at (279,207) size 0x0
