layer at (0,0) size 800x600
  RenderView at (0,0) size 800x600
layer at (0,0) size 800x422
  RenderBlock {HTML} at (0,0) size 800x422
    RenderBody {BODY} at (8,8) size 784x406
      RenderBlock {DIV} at (0,0) size 784x406
layer at (8,8) size 402x102
  RenderBlock {DIV} at (0,0) size 402x102 [border: (1px solid #000000)]
    RenderNamedFlowFragment at (1,1) size 400x100
layer at (8,110) size 502x182
  RenderBlock {DIV} at (0,102) size 502x182 [border: (1px solid #000000)]
    RenderNamedFlowFragment at (1,1) size 500x180
layer at (8,292) size 202x122
  RenderBlock {DIV} at (0,284) size 202x122 [border: (1px solid #000000)]
    RenderNamedFlowFragment at (1,1) size 200x120
Named flows
  Named flow 'flow1'
    layer at (0,0) size 500x400
      RenderNamedFlowThread at (0,0) size 500x400
        RenderBlock {DIV} at (25,0) size 450x372
          RenderBlock {DIV} at (27,15) size 396x342 [border: (1px solid #0000FF)]
            RenderBlock {DIV} at (40,11) size 316x288 [border: (1px solid #008000)]
              RenderBlock {P} at (1,17) size 314x91
                RenderText {#text} at (-17,0) size 332x91
                  text run at (-17,0) width 248: "This line of text should not get out of"
                  text run at (-17,17) width 248: "the region. This line of text should"
                  text run at (-17,34) width 248: "not get out of the region. This line of"
                  text run at (0,57) width 314: "text should not get out of the region. This line"
                  text run at (0,74) width 260: "of text should not get out of the region."
              RenderBlock {P} at (1,124) size 314x85
                RenderText {#text} at (0,0) size 314x85
                  text run at (0,0) width 314: "This line of text should not get out of the"
                  text run at (0,17) width 314: "region. This line of text should not get out of"
                  text run at (0,34) width 314: "the region. This line of text should not get out"
                  text run at (0,51) width 314: "of the region. This line of text should not get"
                  text run at (0,68) width 115: "out of the region."
              RenderBlock {P} at (1,225) size 314x46
                RenderText {#text} at (0,0) size 367x46
                  text run at (0,0) width 314: "This line of text should not get out of the"
                  text run at (-52,29) width 48: "region."
    Regions for named flow 'flow1'
      RenderNamedFlowFragment (anonymous child of {DIV} #region1)
      RenderNamedFlowFragment (anonymous child of {DIV} #region2)
      RenderNamedFlowFragment (anonymous child of {DIV} #region3)
