layer at (0,0) size 800x600
  RenderView at (0,0) size 800x600
layer at (0,0) size 800x276
  RenderBlock {HTML} at (0,0) size 800x276
    RenderBody {BODY} at (8,16) size 784x244
layer at (8,16) size 204x34
  RenderBlock {DIV} at (0,0) size 204x34 [border: (2px solid #000000)]
    RenderNamedFlowFragment at (2,2) size 200x30
layer at (8,66) size 204x54
  RenderBlock {DIV} at (0,50) size 204x54 [border: (2px solid #000000)]
    RenderNamedFlowFragment at (2,2) size 200x50
layer at (8,136) size 204x54
  RenderBlock {DIV} at (0,120) size 204x54 [border: (2px solid #000000)]
    RenderNamedFlowFragment at (2,2) size 200x50
layer at (8,206) size 204x54
  RenderBlock {DIV} at (0,190) size 204x54 [border: (2px solid #000000)]
    RenderNamedFlowFragment at (2,2) size 200x50
Named flows
  Named flow 'flow'
    layer at (0,0) size 200x180
      RenderNamedFlowThread at (0,0) size 200x180
        RenderBlock {DIV} at (0,30) size 200x117
          RenderBlock {P} at (0,0) size 200x117
            RenderInline {B} at (0,0) size 109x17
              RenderText {#text} at (0,0) size 109x17
                text run at (0,0) width 109: "Text in region 2."
            RenderText {#text} at (109,0) size 142x34
              text run at (109,0) width 33: " This"
              text run at (0,17) width 111: "paragraph has \""
            RenderInline {I} at (0,0) size 172x50
              RenderText {#text} at (111,17) size 172x50
                text run at (111,17) width 53: "-webkit-"
                text run at (0,50) width 172: "region-break-after: always"
            RenderText {#text} at (172,50) size 10x17
              text run at (172,50) width 10: "\"."
            RenderInline {B} at (0,0) size 176x50
              RenderText {#text} at (0,67) size 176x50
                text run at (0,67) width 176: "There should be nothing in"
                text run at (0,100) width 166: "this region after this line."
    Regions for named flow 'flow'
      RenderNamedFlowFragment (anonymous child of {DIV} #region1)
      RenderNamedFlowFragment (anonymous child of {DIV} #region2)
      RenderNamedFlowFragment (anonymous child of {DIV} #region3)
      RenderNamedFlowFragment (anonymous child of {DIV} #region4)
