layer at (0,0) size 785x935
  RenderView at (0,0) size 785x585
layer at (0,0) size 785x585
  RenderBlock {HTML} at (0,0) size 785x585
    RenderBody {BODY} at (0,0) size 785x585
      RenderText {#text} at (0,0) size 336x17
        text run at (0,0) width 336: "ffffffffffffffffffffffffffffffffffffffffffffffffffffffffffffffffffffffffffffffffffff"
      RenderBR {BR} at (336,14) size 0x0
      RenderText {#text} at (0,17) size 336x17
        text run at (0,17) width 336: "ffffffffffffffffffffffffffffffffffffffffffffffffffffffffffffffffffffffffffffffffffff"
      RenderBR {BR} at (336,31) size 0x0
      RenderText {#text} at (0,34) size 336x17
        text run at (0,34) width 336: "ffffffffffffffffffffffffffffffffffffffffffffffffffffffffffffffffffffffffffffffffffff"
      RenderBR {BR} at (336,48) size 0x0
      RenderText {#text} at (0,51) size 336x17
        text run at (0,51) width 336: "ffffffffffffffffffffffffffffffffffffffffffffffffffffffffffffffffffffffffffffffffffff"
      RenderBR {BR} at (336,65) size 0x0
      RenderText {#text} at (0,68) size 336x17
        text run at (0,68) width 336: "ffffffffffffffffffffffffffffffffffffffffffffffffffffffffffffffffffffffffffffffffffff"
      RenderBR {BR} at (336,82) size 0x0
      RenderText {#text} at (0,85) size 336x17
        text run at (0,85) width 336: "ffffffffffffffffffffffffffffffffffffffffffffffffffffffffffffffffffffffffffffffffffff"
      RenderBR {BR} at (336,99) size 0x0
      RenderText {#text} at (0,102) size 336x17
        text run at (0,102) width 336: "ffffffffffffffffffffffffffffffffffffffffffffffffffffffffffffffffffffffffffffffffffff"
      RenderBR {BR} at (336,116) size 0x0
      RenderText {#text} at (0,119) size 336x17
        text run at (0,119) width 336: "ffffffffffffffffffffffffffffffffffffffffffffffffffffffffffffffffffffffffffffffffffff"
      RenderBR {BR} at (336,133) size 0x0
      RenderText {#text} at (0,136) size 336x17
        text run at (0,136) width 336: "ffffffffffffffffffffffffffffffffffffffffffffffffffffffffffffffffffffffffffffffffffff"
      RenderBR {BR} at (336,150) size 0x0
      RenderText {#text} at (0,153) size 336x17
        text run at (0,153) width 336: "ffffffffffffffffffffffffffffffffffffffffffffffffffffffffffffffffffffffffffffffffffff"
      RenderBR {BR} at (336,167) size 0x0
      RenderText {#text} at (0,170) size 336x17
        text run at (0,170) width 336: "ffffffffffffffffffffffffffffffffffffffffffffffffffffffffffffffffffffffffffffffffffff"
      RenderBR {BR} at (336,184) size 0x0
      RenderText {#text} at (0,187) size 336x17
        text run at (0,187) width 336: "ffffffffffffffffffffffffffffffffffffffffffffffffffffffffffffffffffffffffffffffffffff"
      RenderBR {BR} at (336,201) size 0x0
      RenderText {#text} at (0,204) size 336x17
        text run at (0,204) width 336: "ffffffffffffffffffffffffffffffffffffffffffffffffffffffffffffffffffffffffffffffffffff"
      RenderBR {BR} at (336,218) size 0x0
      RenderText {#text} at (0,221) size 336x17
        text run at (0,221) width 336: "ffffffffffffffffffffffffffffffffffffffffffffffffffffffffffffffffffffffffffffffffffff"
      RenderBR {BR} at (336,235) size 0x0
      RenderText {#text} at (0,238) size 336x17
        text run at (0,238) width 336: "ffffffffffffffffffffffffffffffffffffffffffffffffffffffffffffffffffffffffffffffffffff"
      RenderBR {BR} at (336,252) size 0x0
      RenderText {#text} at (0,255) size 336x17
        text run at (0,255) width 336: "ffffffffffffffffffffffffffffffffffffffffffffffffffffffffffffffffffffffffffffffffffff"
      RenderBR {BR} at (336,269) size 0x0
      RenderText {#text} at (0,272) size 336x17
        text run at (0,272) width 336: "ffffffffffffffffffffffffffffffffffffffffffffffffffffffffffffffffffffffffffffffffffff"
      RenderBR {BR} at (336,286) size 0x0
      RenderText {#text} at (0,289) size 336x17
        text run at (0,289) width 336: "ffffffffffffffffffffffffffffffffffffffffffffffffffffffffffffffffffffffffffffffffffff"
      RenderBR {BR} at (336,303) size 0x0
      RenderText {#text} at (0,306) size 336x17
        text run at (0,306) width 336: "ffffffffffffffffffffffffffffffffffffffffffffffffffffffffffffffffffffffffffffffffffff"
      RenderBR {BR} at (336,320) size 0x0
      RenderText {#text} at (0,323) size 336x17
        text run at (0,323) width 336: "ffffffffffffffffffffffffffffffffffffffffffffffffffffffffffffffffffffffffffffffffffff"
      RenderBR {BR} at (336,337) size 0x0
      RenderText {#text} at (0,340) size 336x17
        text run at (0,340) width 336: "ffffffffffffffffffffffffffffffffffffffffffffffffffffffffffffffffffffffffffffffffffff"
      RenderBR {BR} at (336,354) size 0x0
      RenderText {#text} at (0,357) size 336x17
        text run at (0,357) width 336: "ffffffffffffffffffffffffffffffffffffffffffffffffffffffffffffffffffffffffffffffffffff"
      RenderBR {BR} at (336,371) size 0x0
      RenderText {#text} at (0,374) size 336x17
        text run at (0,374) width 336: "ffffffffffffffffffffffffffffffffffffffffffffffffffffffffffffffffffffffffffffffffffff"
      RenderBR {BR} at (336,388) size 0x0
      RenderText {#text} at (0,391) size 336x17
        text run at (0,391) width 336: "ffffffffffffffffffffffffffffffffffffffffffffffffffffffffffffffffffffffffffffffffffff"
      RenderBR {BR} at (336,405) size 0x0
      RenderText {#text} at (0,408) size 336x17
        text run at (0,408) width 336: "ffffffffffffffffffffffffffffffffffffffffffffffffffffffffffffffffffffffffffffffffffff"
      RenderBR {BR} at (336,422) size 0x0
      RenderText {#text} at (0,425) size 336x17
        text run at (0,425) width 336: "ffffffffffffffffffffffffffffffffffffffffffffffffffffffffffffffffffffffffffffffffffff"
      RenderBR {BR} at (336,439) size 0x0
      RenderText {#text} at (0,442) size 336x17
        text run at (0,442) width 336: "ffffffffffffffffffffffffffffffffffffffffffffffffffffffffffffffffffffffffffffffffffff"
      RenderBR {BR} at (336,456) size 0x0
      RenderText {#text} at (0,459) size 336x17
        text run at (0,459) width 336: "ffffffffffffffffffffffffffffffffffffffffffffffffffffffffffffffffffffffffffffffffffff"
      RenderBR {BR} at (336,473) size 0x0
      RenderText {#text} at (0,476) size 336x17
        text run at (0,476) width 336: "ffffffffffffffffffffffffffffffffffffffffffffffffffffffffffffffffffffffffffffffffffff"
      RenderBR {BR} at (336,490) size 0x0
      RenderText {#text} at (0,493) size 336x17
        text run at (0,493) width 336: "ffffffffffffffffffffffffffffffffffffffffffffffffffffffffffffffffffffffffffffffffffff"
      RenderBR {BR} at (336,507) size 0x0
      RenderText {#text} at (0,510) size 336x17
        text run at (0,510) width 336: "ffffffffffffffffffffffffffffffffffffffffffffffffffffffffffffffffffffffffffffffffffff"
      RenderBR {BR} at (336,524) size 0x0
      RenderText {#text} at (0,527) size 336x17
        text run at (0,527) width 336: "ffffffffffffffffffffffffffffffffffffffffffffffffffffffffffffffffffffffffffffffffffff"
      RenderBR {BR} at (336,541) size 0x0
      RenderText {#text} at (0,544) size 336x17
        text run at (0,544) width 336: "ffffffffffffffffffffffffffffffffffffffffffffffffffffffffffffffffffffffffffffffffffff"
      RenderBR {BR} at (336,558) size 0x0
      RenderText {#text} at (0,561) size 336x17
        text run at (0,561) width 336: "ffffffffffffffffffffffffffffffffffffffffffffffffffffffffffffffffffffffffffffffffffff"
      RenderBR {BR} at (336,575) size 0x0
      RenderText {#text} at (0,578) size 336x17
        text run at (0,578) width 336: "ffffffffffffffffffffffffffffffffffffffffffffffffffffffffffffffffffffffffffffffffffff"
      RenderBR {BR} at (336,592) size 0x0
      RenderText {#text} at (0,595) size 336x17
        text run at (0,595) width 336: "ffffffffffffffffffffffffffffffffffffffffffffffffffffffffffffffffffffffffffffffffffff"
      RenderBR {BR} at (336,609) size 0x0
      RenderText {#text} at (0,612) size 336x17
        text run at (0,612) width 336: "ffffffffffffffffffffffffffffffffffffffffffffffffffffffffffffffffffffffffffffffffffff"
      RenderBR {BR} at (336,626) size 0x0
      RenderText {#text} at (0,629) size 336x17
        text run at (0,629) width 336: "ffffffffffffffffffffffffffffffffffffffffffffffffffffffffffffffffffffffffffffffffffff"
      RenderBR {BR} at (336,643) size 0x0
      RenderText {#text} at (0,646) size 336x17
        text run at (0,646) width 336: "ffffffffffffffffffffffffffffffffffffffffffffffffffffffffffffffffffffffffffffffffffff"
      RenderBR {BR} at (336,660) size 0x0
      RenderText {#text} at (0,663) size 336x17
        text run at (0,663) width 336: "ffffffffffffffffffffffffffffffffffffffffffffffffffffffffffffffffffffffffffffffffffff"
      RenderBR {BR} at (336,677) size 0x0
      RenderText {#text} at (0,680) size 336x17
        text run at (0,680) width 336: "ffffffffffffffffffffffffffffffffffffffffffffffffffffffffffffffffffffffffffffffffffff"
      RenderBR {BR} at (336,694) size 0x0
      RenderText {#text} at (0,697) size 336x17
        text run at (0,697) width 336: "ffffffffffffffffffffffffffffffffffffffffffffffffffffffffffffffffffffffffffffffffffff"
      RenderBR {BR} at (336,711) size 0x0
      RenderText {#text} at (0,714) size 336x17
        text run at (0,714) width 336: "ffffffffffffffffffffffffffffffffffffffffffffffffffffffffffffffffffffffffffffffffffff"
      RenderBR {BR} at (336,728) size 0x0
      RenderText {#text} at (0,731) size 336x17
        text run at (0,731) width 336: "ffffffffffffffffffffffffffffffffffffffffffffffffffffffffffffffffffffffffffffffffffff"
      RenderBR {BR} at (336,745) size 0x0
      RenderText {#text} at (0,748) size 336x17
        text run at (0,748) width 336: "ffffffffffffffffffffffffffffffffffffffffffffffffffffffffffffffffffffffffffffffffffff"
      RenderBR {BR} at (336,762) size 0x0
      RenderText {#text} at (0,765) size 336x17
        text run at (0,765) width 336: "ffffffffffffffffffffffffffffffffffffffffffffffffffffffffffffffffffffffffffffffffffff"
      RenderBR {BR} at (336,779) size 0x0
      RenderText {#text} at (0,782) size 336x17
        text run at (0,782) width 336: "ffffffffffffffffffffffffffffffffffffffffffffffffffffffffffffffffffffffffffffffffffff"
      RenderBR {BR} at (336,796) size 0x0
      RenderText {#text} at (0,799) size 336x17
        text run at (0,799) width 336: "ffffffffffffffffffffffffffffffffffffffffffffffffffffffffffffffffffffffffffffffffffff"
      RenderBR {BR} at (336,813) size 0x0
      RenderText {#text} at (0,816) size 336x17
        text run at (0,816) width 336: "ffffffffffffffffffffffffffffffffffffffffffffffffffffffffffffffffffffffffffffffffffff"
      RenderBR {BR} at (336,830) size 0x0
      RenderText {#text} at (0,833) size 336x17
        text run at (0,833) width 336: "ffffffffffffffffffffffffffffffffffffffffffffffffffffffffffffffffffffffffffffffffffff"
      RenderBR {BR} at (336,847) size 0x0
      RenderText {#text} at (0,850) size 336x17
        text run at (0,850) width 336: "ffffffffffffffffffffffffffffffffffffffffffffffffffffffffffffffffffffffffffffffffffff"
      RenderBR {BR} at (336,864) size 0x0
      RenderText {#text} at (0,867) size 336x17
        text run at (0,867) width 336: "ffffffffffffffffffffffffffffffffffffffffffffffffffffffffffffffffffffffffffffffffffff"
      RenderBR {BR} at (336,881) size 0x0
      RenderText {#text} at (0,884) size 336x17
        text run at (0,884) width 336: "ffffffffffffffffffffffffffffffffffffffffffffffffffffffffffffffffffffffffffffffffffff"
      RenderBR {BR} at (336,898) size 0x0
      RenderText {#text} at (0,901) size 336x17
        text run at (0,901) width 336: "ffffffffffffffffffffffffffffffffffffffffffffffffffffffffffffffffffffffffffffffffffff"
      RenderBR {BR} at (336,915) size 0x0
      RenderText {#text} at (0,918) size 336x17
        text run at (0,918) width 336: "ffffffffffffffffffffffffffffffffffffffffffffffffffffffffffffffffffffffffffffffffffff"
      RenderBR {BR} at (336,932) size 0x0
