layer at (0,0) size 800x600
  RenderView at (0,0) size 800x600
layer at (0,0) size 800x8
  RenderBlock {HTML} at (0,0) size 800x8
    RenderBody {BODY} at (8,8) size 784x0
layer at (8,8) size 300x300 scrollHeight 629
  RenderBlock (positioned) {DIV} at (8,8) size 300x300
    RenderText {#text} at (0,0) size 299x629
      text run at (0,0) width 242: "Lorem ipsum dolor sit amet, consectetur"
      text run at (0,17) width 294: "adipisicing elit, sed do eiusmod tempor incididunt"
      text run at (0,34) width 267: "ut labore et dolore magna aliqua. Ut enim ad"
      text run at (0,51) width 285: "minim veniam, quis nostrud exercitation ullamco"
      text run at (0,68) width 291: "laboris nisi ut aliquip ex ea commodo consequat."
      text run at (0,85) width 294: "Duis aute irure dolor in reprehenderit in voluptate"
      text run at (0,102) width 274: "velit esse cillum dolore eu fugiat nulla pariatur."
      text run at (0,119) width 286: "Excepteur sint occaecat cupidatat non proident,"
      text run at (0,136) width 295: "sunt in culpa qui officia deserunt mollit anim id est"
      text run at (0,153) width 299: "laborum. Lorem ipsum dolor sit amet, consectetur"
      text run at (0,170) width 294: "adipisicing elit, sed do eiusmod tempor incididunt"
      text run at (0,187) width 267: "ut labore et dolore magna aliqua. Ut enim ad"
      text run at (0,204) width 285: "minim veniam, quis nostrud exercitation ullamco"
      text run at (0,221) width 291: "laboris nisi ut aliquip ex ea commodo consequat."
      text run at (0,238) width 294: "Duis aute irure dolor in reprehenderit in voluptate"
      text run at (0,255) width 274: "velit esse cillum dolore eu fugiat nulla pariatur."
      text run at (0,272) width 286: "Excepteur sint occaecat cupidatat non proident,"
      text run at (0,289) width 295: "sunt in culpa qui officia deserunt mollit anim id est"
      text run at (0,306) width 299: "laborum. Lorem ipsum dolor sit amet, consectetur"
      text run at (0,323) width 294: "adipisicing elit, sed do eiusmod tempor incididunt"
      text run at (0,340) width 267: "ut labore et dolore magna aliqua. Ut enim ad"
      text run at (0,357) width 285: "minim veniam, quis nostrud exercitation ullamco"
      text run at (0,374) width 291: "laboris nisi ut aliquip ex ea commodo consequat."
      text run at (0,391) width 294: "Duis aute irure dolor in reprehenderit in voluptate"
      text run at (0,408) width 274: "velit esse cillum dolore eu fugiat nulla pariatur."
      text run at (0,425) width 286: "Excepteur sint occaecat cupidatat non proident,"
      text run at (0,442) width 295: "sunt in culpa qui officia deserunt mollit anim id est"
      text run at (0,459) width 295: "laborum.Lorem ipsum dolor sit amet, consectetur"
      text run at (0,476) width 294: "adipisicing elit, sed do eiusmod tempor incididunt"
      text run at (0,493) width 267: "ut labore et dolore magna aliqua. Ut enim ad"
      text run at (0,510) width 285: "minim veniam, quis nostrud exercitation ullamco"
      text run at (0,527) width 291: "laboris nisi ut aliquip ex ea commodo consequat."
      text run at (0,544) width 294: "Duis aute irure dolor in reprehenderit in voluptate"
      text run at (0,561) width 274: "velit esse cillum dolore eu fugiat nulla pariatur."
      text run at (0,578) width 286: "Excepteur sint occaecat cupidatat non proident,"
      text run at (0,595) width 295: "sunt in culpa qui officia deserunt mollit anim id est"
      text run at (0,612) width 53: "laborum."
