layer at (0,0) size 800x600
  RenderView at (0,0) size 800x600
layer at (0,0) size 800x600
  RenderBlock {HTML} at (0,0) size 800x600
    RenderBody {BODY} at (8,8) size 784x584
      RenderBlock (anonymous) at (0,0) size 784x17
        RenderText {#text} at (0,0) size 589x17
          text run at (0,0) width 589: "This tests that the scrollbar and resize corner are not visible on an element that has visibility:hidden."
layer at (8,25) size 50x70
  RenderBlock {DIV} at (0,17) size 50x70
    RenderText {#text} at (0,0) size 46x68
      text run at (0,0) width 26: "You"
      text run at (0,17) width 39: "should"
      text run at (0,34) width 43: "not see"
      text run at (0,51) width 46: "this text"
