layer at (0,0) size 800x600
  RenderView at (0,0) size 800x600
layer at (0,0) size 328x600
  RenderBlock {HTML} at (0,0) size 329x600
    RenderBody {BODY} at (16,8) size 305x584
      RenderBlock {P} at (0,0) size 34x584
        RenderText {#text} at (0,0) size 17x130
          text run at (0,0) width 130: "This is a test case for "
        RenderInline {I} at (0,0) size 34x558
          RenderText {#text} at (0,130) size 34x558
            text run at (0,130) width 428: "http://bugzilla.opendarwin.org/show_bug.cgi?id=5826 Blocks with"
            text run at (17,0) width 421: "direction:rtl and overflow:auto or scroll have incorrect scrollbars"
        RenderText {#text} at (17,421) size 17x4
          text run at (17,421) width 4: "."
      RenderBlock (anonymous) at (50,0) size 17x584
        RenderText {#text} at (0,0) size 17x429
          text run at (0,0) width 429: "The right column should be a mirror-image of the left column in terms of"
      RenderBlock {UL} at (83,0) size 51x584
        RenderListItem {LI} at (0,40) size 17x544
          RenderListMarker at (0,-17) size 17x7: bullet
          RenderText {#text} at (0,0) size 17x159
            text run at (0,0) width 159: "the presence of a scrollbar"
        RenderListItem {LI} at (17,40) size 17x544
          RenderListMarker at (0,-17) size 17x7: bullet
          RenderText {#text} at (0,0) size 17x218
            text run at (0,0) width 218: "the initial position of the scroll thumb"
        RenderListItem {LI} at (34,40) size 17x544
          RenderListMarker at (0,-17) size 17x7: bullet
          RenderText {#text} at (0,0) size 17x307
            text run at (0,0) width 307: "which letters are visible initially and when you scroll"
      RenderTable {TABLE} at (150,0) size 155x256
        RenderTableSection {TBODY} at (0,0) size 155x256
          RenderTableRow {TR} at (0,2) size 151x256
            RenderTableCell {TD} at (2,2) size 151x125 [r=0 c=0 rs=1 cs=1]
            RenderTableCell {TD} at (2,129) size 151x125 [r=0 c=1 rs=1 cs=1]
layer at (173,15) size 44x115 clip at (173,25) size 29x100 scrollHeight 175
  RenderBlock {DIV} at (5,5) size 45x115 [bgcolor=#FFFF00] [border: (10px solid #FF0000) none (5px solid #008000) none]
    RenderText {#text} at (0,10) size 17x175
      text run at (0,10) width 175: "abcdefghijklmnopqrstuvwxyz"
layer at (221,15) size 44x115 clip at (221,25) size 44x100
  RenderBlock {DIV} at (53,5) size 45x115 [bgcolor=#FFFF00] [border: (10px solid #FF0000) none (5px solid #008000) none]
    RenderBlock {DIV} at (0,10) size 17x100 [bgcolor=#D3D3D3]
      RenderText {#text} at (0,-75) size 17x175
        text run at (0,-75) width 175: "abcdefghijklmnopqrstuvwxyz"
layer at (269,15) size 44x115 clip at (269,25) size 29x100 scrollHeight 175
  RenderBlock {DIV} at (101,5) size 45x115 [bgcolor=#FFFF00] [border: (10px solid #FF0000) none (5px solid #008000) none]
    RenderBlock {DIV} at (0,10) size 17x100 [bgcolor=#D3D3D3]
      RenderText {#text} at (0,0) size 17x175
        text run at (0,0) width 175: "abcdefghijklmnopqrstuvwxyz"
layer at (173,142) size 44x115 clip at (173,147) size 29x100 scrollY 75 scrollHeight 175
  RenderBlock {DIV} at (5,5) size 45x115 [bgcolor=#FFFF00] [border: (5px solid #008000) none (10px solid #FF0000) none]
    RenderText {#text} at (0,-70) size 17x175
      text run at (0,-70) width 175: "zyxwvutsrqponmlkjihgfedcba"
layer at (221,142) size 44x115 clip at (221,147) size 44x100
  RenderBlock {DIV} at (53,5) size 45x115 [bgcolor=#FFFF00] [border: (5px solid #008000) none (10px solid #FF0000) none]
    RenderBlock {DIV} at (0,5) size 17x100 [bgcolor=#D3D3D3]
      RenderText {#text} at (0,0) size 17x175
        text run at (0,0) width 175: "zyxwvutsrqponmlkjihgfedcba"
layer at (269,142) size 44x115 clip at (269,147) size 29x100 scrollY 75 scrollHeight 175
  RenderBlock {DIV} at (101,5) size 45x115 [bgcolor=#FFFF00] [border: (5px solid #008000) none (10px solid #FF0000) none]
    RenderBlock {DIV} at (0,5) size 17x100 [bgcolor=#D3D3D3]
      RenderText {#text} at (0,-75) size 17x175
        text run at (0,-75) width 175: "zyxwvutsrqponmlkjihgfedcba"
