layer at (0,0) size 800x600
  RenderView at (0,0) size 800x600
layer at (0,0) size 800x600
  RenderBlock {HTML} at (0,0) size 800x600
    RenderBody {BODY} at (8,8) size 784x584
layer at (8,8) size 404x404 clip at (10,10) size 400x400 scrollHeight 2064
  RenderBlock {DIV} at (0,0) size 404x404 [border: (2px solid #000000)]
    RenderMultiColumnSet at (2,2) size 400x400
layer at (10,10) size 400x1940 backgroundClip at (10,10) size 400x400 clip at (10,10) size 400x400
  RenderMultiColumnFlowThread at (2,2) size 400x1940
    RenderText {#text} at (0,0) size 400x1940
      text run at (0,0) width 396: "Lorem ipsum dolor sit amet, consectetur adipiscing elit. Maecenas"
      text run at (0,17) width 400: "lacinia massa in lectus pretium vulputate. Curabitur viverra augue in"
      text run at (0,34) width 365: "leo faucibus congue. Vestibulum ligula neque, commodo eget"
      text run at (0,51) width 385: "blandit sit amet, facilisis vitae mi. Vivamus pretium lorem a quam"
      text run at (0,68) width 364: "imperdiet in placerat purus sagittis. Aliquam ut dui nibh. Cras"
      text run at (0,85) width 367: "faucibus imperdiet pellentesque. Curabitur vel tortor quam, ut"
      text run at (0,102) width 386: "pharetra eros. Mauris euismod, justo in mattis ultricies, risus velit"
      text run at (0,119) width 373: "pretium ligula, eu sodales libero dolor et massa. Phasellus eros"
      text run at (0,136) width 363: "quam, faucibus sed consectetur et, elementum ut erat. Morbi"
      text run at (0,153) width 390: "fringilla, lorem non fermentum vulputate, quam metus ullamcorper"
      text run at (0,170) width 375: "quam, eu porttitor diam metus eget augue. Donec non lorem et"
      text run at (0,187) width 400: "arcu adipiscing suscipit. Donec porta euismod magna a fermentum."
      text run at (0,204) width 390: "Suspendisse vestibulum rhoncus bibendum. Nam in nisi eget nulla"
      text run at (0,221) width 393: "vestibulum rutrum. Aenean eu libero turpis. Lorem ipsum dolor sit"
      text run at (0,238) width 394: "amet, consectetur adipiscing elit. Maecenas lacinia massa in lectus"
      text run at (0,255) width 392: "pretium vulputate. Curabitur viverra augue in leo faucibus congue."
      text run at (0,272) width 383: "Vestibulum ligula neque, commodo eget blandit sit amet, facilisis"
      text run at (0,289) width 367: "vitae mi. Vivamus pretium lorem a quam imperdiet in placerat"
      text run at (0,306) width 351: "purus sagittis. Aliquam ut dui nibh. Cras faucibus imperdiet"
      text run at (0,323) width 388: "pellentesque. Curabitur vel tortor quam, ut pharetra eros. Mauris"
      text run at (0,340) width 357: "euismod, justo in mattis ultricies, risus velit pretium ligula, eu"
      text run at (0,357) width 387: "sodales libero dolor et massa. Phasellus eros quam, faucibus sed"
      text run at (0,374) width 358: "consectetur et, elementum ut erat. Morbi fringilla, lorem non"
      text run at (0,400) width 388: "fermentum vulputate, quam metus ullamcorper quam, eu porttitor"
      text run at (0,417) width 356: "diam metus eget augue. Donec non lorem et arcu adipiscing"
      text run at (0,434) width 385: "suscipit. Donec porta euismod magna a fermentum. Suspendisse"
      text run at (0,451) width 379: "vestibulum rhoncus bibendum. Nam in nisi eget nulla vestibulum"
      text run at (0,468) width 363: "rutrum. Aenean eu libero turpis. Lorem ipsum dolor sit amet,"
      text run at (0,485) width 357: "consectetur adipiscing elit. Maecenas lacinia massa in lectus"
      text run at (0,502) width 392: "pretium vulputate. Curabitur viverra augue in leo faucibus congue."
      text run at (0,519) width 383: "Vestibulum ligula neque, commodo eget blandit sit amet, facilisis"
      text run at (0,536) width 367: "vitae mi. Vivamus pretium lorem a quam imperdiet in placerat"
      text run at (0,553) width 351: "purus sagittis. Aliquam ut dui nibh. Cras faucibus imperdiet"
      text run at (0,570) width 388: "pellentesque. Curabitur vel tortor quam, ut pharetra eros. Mauris"
      text run at (0,587) width 357: "euismod, justo in mattis ultricies, risus velit pretium ligula, eu"
      text run at (0,604) width 387: "sodales libero dolor et massa. Phasellus eros quam, faucibus sed"
      text run at (0,621) width 358: "consectetur et, elementum ut erat. Morbi fringilla, lorem non"
      text run at (0,638) width 388: "fermentum vulputate, quam metus ullamcorper quam, eu porttitor"
      text run at (0,655) width 356: "diam metus eget augue. Donec non lorem et arcu adipiscing"
      text run at (0,672) width 385: "suscipit. Donec porta euismod magna a fermentum. Suspendisse"
      text run at (0,689) width 379: "vestibulum rhoncus bibendum. Nam in nisi eget nulla vestibulum"
      text run at (0,706) width 363: "rutrum. Aenean eu libero turpis. Lorem ipsum dolor sit amet,"
      text run at (0,723) width 357: "consectetur adipiscing elit. Maecenas lacinia massa in lectus"
      text run at (0,740) width 392: "pretium vulputate. Curabitur viverra augue in leo faucibus congue."
      text run at (0,757) width 383: "Vestibulum ligula neque, commodo eget blandit sit amet, facilisis"
      text run at (0,774) width 367: "vitae mi. Vivamus pretium lorem a quam imperdiet in placerat"
      text run at (0,800) width 351: "purus sagittis. Aliquam ut dui nibh. Cras faucibus imperdiet"
      text run at (0,817) width 388: "pellentesque. Curabitur vel tortor quam, ut pharetra eros. Mauris"
      text run at (0,834) width 357: "euismod, justo in mattis ultricies, risus velit pretium ligula, eu"
      text run at (0,851) width 387: "sodales libero dolor et massa. Phasellus eros quam, faucibus sed"
      text run at (0,868) width 358: "consectetur et, elementum ut erat. Morbi fringilla, lorem non"
      text run at (0,885) width 388: "fermentum vulputate, quam metus ullamcorper quam, eu porttitor"
      text run at (0,902) width 356: "diam metus eget augue. Donec non lorem et arcu adipiscing"
      text run at (0,919) width 385: "suscipit. Donec porta euismod magna a fermentum. Suspendisse"
      text run at (0,936) width 379: "vestibulum rhoncus bibendum. Nam in nisi eget nulla vestibulum"
      text run at (0,953) width 363: "rutrum. Aenean eu libero turpis. Lorem ipsum dolor sit amet,"
      text run at (0,970) width 357: "consectetur adipiscing elit. Maecenas lacinia massa in lectus"
      text run at (0,987) width 392: "pretium vulputate. Curabitur viverra augue in leo faucibus congue."
      text run at (0,1004) width 383: "Vestibulum ligula neque, commodo eget blandit sit amet, facilisis"
      text run at (0,1021) width 367: "vitae mi. Vivamus pretium lorem a quam imperdiet in placerat"
      text run at (0,1038) width 351: "purus sagittis. Aliquam ut dui nibh. Cras faucibus imperdiet"
      text run at (0,1055) width 388: "pellentesque. Curabitur vel tortor quam, ut pharetra eros. Mauris"
      text run at (0,1072) width 357: "euismod, justo in mattis ultricies, risus velit pretium ligula, eu"
      text run at (0,1089) width 387: "sodales libero dolor et massa. Phasellus eros quam, faucibus sed"
      text run at (0,1106) width 358: "consectetur et, elementum ut erat. Morbi fringilla, lorem non"
      text run at (0,1123) width 388: "fermentum vulputate, quam metus ullamcorper quam, eu porttitor"
      text run at (0,1140) width 356: "diam metus eget augue. Donec non lorem et arcu adipiscing"
      text run at (0,1157) width 385: "suscipit. Donec porta euismod magna a fermentum. Suspendisse"
      text run at (0,1174) width 379: "vestibulum rhoncus bibendum. Nam in nisi eget nulla vestibulum"
      text run at (0,1200) width 363: "rutrum. Aenean eu libero turpis. Lorem ipsum dolor sit amet,"
      text run at (0,1217) width 357: "consectetur adipiscing elit. Maecenas lacinia massa in lectus"
      text run at (0,1234) width 392: "pretium vulputate. Curabitur viverra augue in leo faucibus congue."
      text run at (0,1251) width 383: "Vestibulum ligula neque, commodo eget blandit sit amet, facilisis"
      text run at (0,1268) width 367: "vitae mi. Vivamus pretium lorem a quam imperdiet in placerat"
      text run at (0,1285) width 351: "purus sagittis. Aliquam ut dui nibh. Cras faucibus imperdiet"
      text run at (0,1302) width 388: "pellentesque. Curabitur vel tortor quam, ut pharetra eros. Mauris"
      text run at (0,1319) width 357: "euismod, justo in mattis ultricies, risus velit pretium ligula, eu"
      text run at (0,1336) width 387: "sodales libero dolor et massa. Phasellus eros quam, faucibus sed"
      text run at (0,1353) width 358: "consectetur et, elementum ut erat. Morbi fringilla, lorem non"
      text run at (0,1370) width 388: "fermentum vulputate, quam metus ullamcorper quam, eu porttitor"
      text run at (0,1387) width 356: "diam metus eget augue. Donec non lorem et arcu adipiscing"
      text run at (0,1404) width 385: "suscipit. Donec porta euismod magna a fermentum. Suspendisse"
      text run at (0,1421) width 379: "vestibulum rhoncus bibendum. Nam in nisi eget nulla vestibulum"
      text run at (0,1438) width 363: "rutrum. Aenean eu libero turpis. Lorem ipsum dolor sit amet,"
      text run at (0,1455) width 357: "consectetur adipiscing elit. Maecenas lacinia massa in lectus"
      text run at (0,1472) width 392: "pretium vulputate. Curabitur viverra augue in leo faucibus congue."
      text run at (0,1489) width 383: "Vestibulum ligula neque, commodo eget blandit sit amet, facilisis"
      text run at (0,1506) width 367: "vitae mi. Vivamus pretium lorem a quam imperdiet in placerat"
      text run at (0,1523) width 351: "purus sagittis. Aliquam ut dui nibh. Cras faucibus imperdiet"
      text run at (0,1540) width 388: "pellentesque. Curabitur vel tortor quam, ut pharetra eros. Mauris"
      text run at (0,1557) width 357: "euismod, justo in mattis ultricies, risus velit pretium ligula, eu"
      text run at (0,1574) width 387: "sodales libero dolor et massa. Phasellus eros quam, faucibus sed"
      text run at (0,1600) width 358: "consectetur et, elementum ut erat. Morbi fringilla, lorem non"
      text run at (0,1617) width 388: "fermentum vulputate, quam metus ullamcorper quam, eu porttitor"
      text run at (0,1634) width 356: "diam metus eget augue. Donec non lorem et arcu adipiscing"
      text run at (0,1651) width 385: "suscipit. Donec porta euismod magna a fermentum. Suspendisse"
      text run at (0,1668) width 379: "vestibulum rhoncus bibendum. Nam in nisi eget nulla vestibulum"
      text run at (0,1685) width 363: "rutrum. Aenean eu libero turpis. Lorem ipsum dolor sit amet,"
      text run at (0,1702) width 357: "consectetur adipiscing elit. Maecenas lacinia massa in lectus"
      text run at (0,1719) width 392: "pretium vulputate. Curabitur viverra augue in leo faucibus congue."
      text run at (0,1736) width 383: "Vestibulum ligula neque, commodo eget blandit sit amet, facilisis"
      text run at (0,1753) width 367: "vitae mi. Vivamus pretium lorem a quam imperdiet in placerat"
      text run at (0,1770) width 351: "purus sagittis. Aliquam ut dui nibh. Cras faucibus imperdiet"
      text run at (0,1787) width 388: "pellentesque. Curabitur vel tortor quam, ut pharetra eros. Mauris"
      text run at (0,1804) width 357: "euismod, justo in mattis ultricies, risus velit pretium ligula, eu"
      text run at (0,1821) width 387: "sodales libero dolor et massa. Phasellus eros quam, faucibus sed"
      text run at (0,1838) width 358: "consectetur et, elementum ut erat. Morbi fringilla, lorem non"
      text run at (0,1855) width 388: "fermentum vulputate, quam metus ullamcorper quam, eu porttitor"
      text run at (0,1872) width 356: "diam metus eget augue. Donec non lorem et arcu adipiscing"
      text run at (0,1889) width 385: "suscipit. Donec porta euismod magna a fermentum. Suspendisse"
      text run at (0,1906) width 379: "vestibulum rhoncus bibendum. Nam in nisi eget nulla vestibulum"
      text run at (0,1923) width 190: "rutrum. Aenean eu libero turpis."
