layer at (0,0) size 785x1200
  RenderView at (0,0) size 785x600
    RenderMultiColumnSet at (0,0) size 785x600
layer at (0,0) size 785x999
  RenderMultiColumnFlowThread at (0,0) size 785x999
layer at (0,0) size 785x999
  RenderBlock {HTML} at (0,0) size 785x999
    RenderBody {BODY} at (8,8) size 769x983
      RenderText {#text} at (0,0) size 768x983
        text run at (0,0) width 747: "Lorem ipsum dolor sit amet, consectetur adipiscing elit. Maecenas lacinia massa in lectus pretium vulputate. Curabitur viverra"
        text run at (0,17) width 759: "augue in leo faucibus congue. Vestibulum ligula neque, commodo eget blandit sit amet, facilisis vitae mi. Vivamus pretium lorem"
        text run at (0,34) width 768: "a quam imperdiet in placerat purus sagittis. Aliquam ut dui nibh. Cras faucibus imperdiet pellentesque. Curabitur vel tortor quam,"
        text run at (0,51) width 748: "ut pharetra eros. Mauris euismod, justo in mattis ultricies, risus velit pretium ligula, eu sodales libero dolor et massa. Phasellus"
        text run at (0,68) width 712: "eros quam, faucibus sed consectetur et, elementum ut erat. Morbi fringilla, lorem non fermentum vulputate, quam metus"
        text run at (0,85) width 729: "ullamcorper quam, eu porttitor diam metus eget augue. Donec non lorem et arcu adipiscing suscipit. Donec porta euismod"
        text run at (0,102) width 735: "magna a fermentum. Suspendisse vestibulum rhoncus bibendum. Nam in nisi eget nulla vestibulum rutrum. Aenean eu libero"
        text run at (0,119) width 743: "turpis. Lorem ipsum dolor sit amet, consectetur adipiscing elit. Maecenas lacinia massa in lectus pretium vulputate. Curabitur"
        text run at (0,136) width 766: "viverra augue in leo faucibus congue. Vestibulum ligula neque, commodo eget blandit sit amet, facilisis vitae mi. Vivamus pretium"
        text run at (0,153) width 765: "lorem a quam imperdiet in placerat purus sagittis. Aliquam ut dui nibh. Cras faucibus imperdiet pellentesque. Curabitur vel tortor"
        text run at (0,170) width 730: "quam, ut pharetra eros. Mauris euismod, justo in mattis ultricies, risus velit pretium ligula, eu sodales libero dolor et massa."
        text run at (0,187) width 732: "Phasellus eros quam, faucibus sed consectetur et, elementum ut erat. Morbi fringilla, lorem non fermentum vulputate, quam"
        text run at (0,204) width 768: "metus ullamcorper quam, eu porttitor diam metus eget augue. Donec non lorem et arcu adipiscing suscipit. Donec porta euismod"
        text run at (0,221) width 735: "magna a fermentum. Suspendisse vestibulum rhoncus bibendum. Nam in nisi eget nulla vestibulum rutrum. Aenean eu libero"
        text run at (0,238) width 743: "turpis. Lorem ipsum dolor sit amet, consectetur adipiscing elit. Maecenas lacinia massa in lectus pretium vulputate. Curabitur"
        text run at (0,255) width 766: "viverra augue in leo faucibus congue. Vestibulum ligula neque, commodo eget blandit sit amet, facilisis vitae mi. Vivamus pretium"
        text run at (0,272) width 765: "lorem a quam imperdiet in placerat purus sagittis. Aliquam ut dui nibh. Cras faucibus imperdiet pellentesque. Curabitur vel tortor"
        text run at (0,289) width 730: "quam, ut pharetra eros. Mauris euismod, justo in mattis ultricies, risus velit pretium ligula, eu sodales libero dolor et massa."
        text run at (0,306) width 732: "Phasellus eros quam, faucibus sed consectetur et, elementum ut erat. Morbi fringilla, lorem non fermentum vulputate, quam"
        text run at (0,323) width 768: "metus ullamcorper quam, eu porttitor diam metus eget augue. Donec non lorem et arcu adipiscing suscipit. Donec porta euismod"
        text run at (0,340) width 735: "magna a fermentum. Suspendisse vestibulum rhoncus bibendum. Nam in nisi eget nulla vestibulum rutrum. Aenean eu libero"
        text run at (0,357) width 743: "turpis. Lorem ipsum dolor sit amet, consectetur adipiscing elit. Maecenas lacinia massa in lectus pretium vulputate. Curabitur"
        text run at (0,374) width 766: "viverra augue in leo faucibus congue. Vestibulum ligula neque, commodo eget blandit sit amet, facilisis vitae mi. Vivamus pretium"
        text run at (0,391) width 765: "lorem a quam imperdiet in placerat purus sagittis. Aliquam ut dui nibh. Cras faucibus imperdiet pellentesque. Curabitur vel tortor"
        text run at (0,408) width 730: "quam, ut pharetra eros. Mauris euismod, justo in mattis ultricies, risus velit pretium ligula, eu sodales libero dolor et massa."
        text run at (0,425) width 732: "Phasellus eros quam, faucibus sed consectetur et, elementum ut erat. Morbi fringilla, lorem non fermentum vulputate, quam"
        text run at (0,442) width 768: "metus ullamcorper quam, eu porttitor diam metus eget augue. Donec non lorem et arcu adipiscing suscipit. Donec porta euismod"
        text run at (0,459) width 735: "magna a fermentum. Suspendisse vestibulum rhoncus bibendum. Nam in nisi eget nulla vestibulum rutrum. Aenean eu libero"
        text run at (0,476) width 743: "turpis. Lorem ipsum dolor sit amet, consectetur adipiscing elit. Maecenas lacinia massa in lectus pretium vulputate. Curabitur"
        text run at (0,493) width 766: "viverra augue in leo faucibus congue. Vestibulum ligula neque, commodo eget blandit sit amet, facilisis vitae mi. Vivamus pretium"
        text run at (0,510) width 765: "lorem a quam imperdiet in placerat purus sagittis. Aliquam ut dui nibh. Cras faucibus imperdiet pellentesque. Curabitur vel tortor"
        text run at (0,527) width 730: "quam, ut pharetra eros. Mauris euismod, justo in mattis ultricies, risus velit pretium ligula, eu sodales libero dolor et massa."
        text run at (0,544) width 732: "Phasellus eros quam, faucibus sed consectetur et, elementum ut erat. Morbi fringilla, lorem non fermentum vulputate, quam"
        text run at (0,561) width 768: "metus ullamcorper quam, eu porttitor diam metus eget augue. Donec non lorem et arcu adipiscing suscipit. Donec porta euismod"
        text run at (0,592) width 735: "magna a fermentum. Suspendisse vestibulum rhoncus bibendum. Nam in nisi eget nulla vestibulum rutrum. Aenean eu libero"
        text run at (0,609) width 743: "turpis. Lorem ipsum dolor sit amet, consectetur adipiscing elit. Maecenas lacinia massa in lectus pretium vulputate. Curabitur"
        text run at (0,626) width 766: "viverra augue in leo faucibus congue. Vestibulum ligula neque, commodo eget blandit sit amet, facilisis vitae mi. Vivamus pretium"
        text run at (0,643) width 765: "lorem a quam imperdiet in placerat purus sagittis. Aliquam ut dui nibh. Cras faucibus imperdiet pellentesque. Curabitur vel tortor"
        text run at (0,660) width 730: "quam, ut pharetra eros. Mauris euismod, justo in mattis ultricies, risus velit pretium ligula, eu sodales libero dolor et massa."
        text run at (0,677) width 732: "Phasellus eros quam, faucibus sed consectetur et, elementum ut erat. Morbi fringilla, lorem non fermentum vulputate, quam"
        text run at (0,694) width 768: "metus ullamcorper quam, eu porttitor diam metus eget augue. Donec non lorem et arcu adipiscing suscipit. Donec porta euismod"
        text run at (0,711) width 735: "magna a fermentum. Suspendisse vestibulum rhoncus bibendum. Nam in nisi eget nulla vestibulum rutrum. Aenean eu libero"
        text run at (0,728) width 743: "turpis. Lorem ipsum dolor sit amet, consectetur adipiscing elit. Maecenas lacinia massa in lectus pretium vulputate. Curabitur"
        text run at (0,745) width 766: "viverra augue in leo faucibus congue. Vestibulum ligula neque, commodo eget blandit sit amet, facilisis vitae mi. Vivamus pretium"
        text run at (0,762) width 765: "lorem a quam imperdiet in placerat purus sagittis. Aliquam ut dui nibh. Cras faucibus imperdiet pellentesque. Curabitur vel tortor"
        text run at (0,779) width 730: "quam, ut pharetra eros. Mauris euismod, justo in mattis ultricies, risus velit pretium ligula, eu sodales libero dolor et massa."
        text run at (0,796) width 732: "Phasellus eros quam, faucibus sed consectetur et, elementum ut erat. Morbi fringilla, lorem non fermentum vulputate, quam"
        text run at (0,813) width 768: "metus ullamcorper quam, eu porttitor diam metus eget augue. Donec non lorem et arcu adipiscing suscipit. Donec porta euismod"
        text run at (0,830) width 735: "magna a fermentum. Suspendisse vestibulum rhoncus bibendum. Nam in nisi eget nulla vestibulum rutrum. Aenean eu libero"
        text run at (0,847) width 743: "turpis. Lorem ipsum dolor sit amet, consectetur adipiscing elit. Maecenas lacinia massa in lectus pretium vulputate. Curabitur"
        text run at (0,864) width 766: "viverra augue in leo faucibus congue. Vestibulum ligula neque, commodo eget blandit sit amet, facilisis vitae mi. Vivamus pretium"
        text run at (0,881) width 765: "lorem a quam imperdiet in placerat purus sagittis. Aliquam ut dui nibh. Cras faucibus imperdiet pellentesque. Curabitur vel tortor"
        text run at (0,898) width 730: "quam, ut pharetra eros. Mauris euismod, justo in mattis ultricies, risus velit pretium ligula, eu sodales libero dolor et massa."
        text run at (0,915) width 732: "Phasellus eros quam, faucibus sed consectetur et, elementum ut erat. Morbi fringilla, lorem non fermentum vulputate, quam"
        text run at (0,932) width 768: "metus ullamcorper quam, eu porttitor diam metus eget augue. Donec non lorem et arcu adipiscing suscipit. Donec porta euismod"
        text run at (0,949) width 735: "magna a fermentum. Suspendisse vestibulum rhoncus bibendum. Nam in nisi eget nulla vestibulum rutrum. Aenean eu libero"
        text run at (0,966) width 37: "turpis."
