layer at (0,0) size 800x600
  RenderView at (0,0) size 800x600
layer at (0,0) size 800x600
  RenderBlock {HTML} at (0,0) size 800x600
    RenderBody {BODY} at (8,8) size 784x584
layer at (8,8) size 404x404 clip at (10,10) size 400x385 scrollWidth 2480
  RenderBlock {DIV} at (0,0) size 404x404 [border: (2px solid #000000)]
    RenderMultiColumnSet at (2,2) size 400x385
layer at (10,10) size 400x1959 backgroundClip at (10,10) size 400x385 clip at (10,10) size 400x385
  RenderMultiColumnFlowThread at (2,2) size 400x1959
    RenderText {#text} at (0,0) size 400x1959
      text run at (0,0) width 396: "Lorem ipsum dolor sit amet, consectetur adipiscing elit. Maecenas"
      text run at (0,17) width 400: "lacinia massa in lectus pretium vulputate. Curabitur viverra augue in"
      text run at (0,34) width 365: "leo faucibus congue. Vestibulum ligula neque, commodo eget"
      text run at (0,51) width 385: "blandit sit amet, facilisis vitae mi. Vivamus pretium lorem a quam"
      text run at (0,68) width 364: "imperdiet in placerat purus sagittis. Aliquam ut dui nibh. Cras"
      text run at (0,85) width 367: "faucibus imperdiet pellentesque. Curabitur vel tortor quam, ut"
      text run at (0,102) width 386: "pharetra eros. Mauris euismod, justo in mattis ultricies, risus velit"
      text run at (0,119) width 373: "pretium ligula, eu sodales libero dolor et massa. Phasellus eros"
      text run at (0,136) width 363: "quam, faucibus sed consectetur et, elementum ut erat. Morbi"
      text run at (0,153) width 390: "fringilla, lorem non fermentum vulputate, quam metus ullamcorper"
      text run at (0,170) width 375: "quam, eu porttitor diam metus eget augue. Donec non lorem et"
      text run at (0,187) width 400: "arcu adipiscing suscipit. Donec porta euismod magna a fermentum."
      text run at (0,204) width 390: "Suspendisse vestibulum rhoncus bibendum. Nam in nisi eget nulla"
      text run at (0,221) width 393: "vestibulum rutrum. Aenean eu libero turpis. Lorem ipsum dolor sit"
      text run at (0,238) width 394: "amet, consectetur adipiscing elit. Maecenas lacinia massa in lectus"
      text run at (0,255) width 392: "pretium vulputate. Curabitur viverra augue in leo faucibus congue."
      text run at (0,272) width 383: "Vestibulum ligula neque, commodo eget blandit sit amet, facilisis"
      text run at (0,289) width 367: "vitae mi. Vivamus pretium lorem a quam imperdiet in placerat"
      text run at (0,306) width 351: "purus sagittis. Aliquam ut dui nibh. Cras faucibus imperdiet"
      text run at (0,323) width 388: "pellentesque. Curabitur vel tortor quam, ut pharetra eros. Mauris"
      text run at (0,340) width 357: "euismod, justo in mattis ultricies, risus velit pretium ligula, eu"
      text run at (0,357) width 387: "sodales libero dolor et massa. Phasellus eros quam, faucibus sed"
      text run at (0,385) width 358: "consectetur et, elementum ut erat. Morbi fringilla, lorem non"
      text run at (0,402) width 388: "fermentum vulputate, quam metus ullamcorper quam, eu porttitor"
      text run at (0,419) width 356: "diam metus eget augue. Donec non lorem et arcu adipiscing"
      text run at (0,436) width 385: "suscipit. Donec porta euismod magna a fermentum. Suspendisse"
      text run at (0,453) width 379: "vestibulum rhoncus bibendum. Nam in nisi eget nulla vestibulum"
      text run at (0,470) width 363: "rutrum. Aenean eu libero turpis. Lorem ipsum dolor sit amet,"
      text run at (0,487) width 357: "consectetur adipiscing elit. Maecenas lacinia massa in lectus"
      text run at (0,504) width 392: "pretium vulputate. Curabitur viverra augue in leo faucibus congue."
      text run at (0,521) width 383: "Vestibulum ligula neque, commodo eget blandit sit amet, facilisis"
      text run at (0,538) width 367: "vitae mi. Vivamus pretium lorem a quam imperdiet in placerat"
      text run at (0,555) width 351: "purus sagittis. Aliquam ut dui nibh. Cras faucibus imperdiet"
      text run at (0,572) width 388: "pellentesque. Curabitur vel tortor quam, ut pharetra eros. Mauris"
      text run at (0,589) width 357: "euismod, justo in mattis ultricies, risus velit pretium ligula, eu"
      text run at (0,606) width 387: "sodales libero dolor et massa. Phasellus eros quam, faucibus sed"
      text run at (0,623) width 358: "consectetur et, elementum ut erat. Morbi fringilla, lorem non"
      text run at (0,640) width 388: "fermentum vulputate, quam metus ullamcorper quam, eu porttitor"
      text run at (0,657) width 356: "diam metus eget augue. Donec non lorem et arcu adipiscing"
      text run at (0,674) width 385: "suscipit. Donec porta euismod magna a fermentum. Suspendisse"
      text run at (0,691) width 379: "vestibulum rhoncus bibendum. Nam in nisi eget nulla vestibulum"
      text run at (0,708) width 363: "rutrum. Aenean eu libero turpis. Lorem ipsum dolor sit amet,"
      text run at (0,725) width 357: "consectetur adipiscing elit. Maecenas lacinia massa in lectus"
      text run at (0,742) width 392: "pretium vulputate. Curabitur viverra augue in leo faucibus congue."
      text run at (0,770) width 383: "Vestibulum ligula neque, commodo eget blandit sit amet, facilisis"
      text run at (0,787) width 367: "vitae mi. Vivamus pretium lorem a quam imperdiet in placerat"
      text run at (0,804) width 351: "purus sagittis. Aliquam ut dui nibh. Cras faucibus imperdiet"
      text run at (0,821) width 388: "pellentesque. Curabitur vel tortor quam, ut pharetra eros. Mauris"
      text run at (0,838) width 357: "euismod, justo in mattis ultricies, risus velit pretium ligula, eu"
      text run at (0,855) width 387: "sodales libero dolor et massa. Phasellus eros quam, faucibus sed"
      text run at (0,872) width 358: "consectetur et, elementum ut erat. Morbi fringilla, lorem non"
      text run at (0,889) width 388: "fermentum vulputate, quam metus ullamcorper quam, eu porttitor"
      text run at (0,906) width 356: "diam metus eget augue. Donec non lorem et arcu adipiscing"
      text run at (0,923) width 385: "suscipit. Donec porta euismod magna a fermentum. Suspendisse"
      text run at (0,940) width 379: "vestibulum rhoncus bibendum. Nam in nisi eget nulla vestibulum"
      text run at (0,957) width 363: "rutrum. Aenean eu libero turpis. Lorem ipsum dolor sit amet,"
      text run at (0,974) width 357: "consectetur adipiscing elit. Maecenas lacinia massa in lectus"
      text run at (0,991) width 392: "pretium vulputate. Curabitur viverra augue in leo faucibus congue."
      text run at (0,1008) width 383: "Vestibulum ligula neque, commodo eget blandit sit amet, facilisis"
      text run at (0,1025) width 367: "vitae mi. Vivamus pretium lorem a quam imperdiet in placerat"
      text run at (0,1042) width 351: "purus sagittis. Aliquam ut dui nibh. Cras faucibus imperdiet"
      text run at (0,1059) width 388: "pellentesque. Curabitur vel tortor quam, ut pharetra eros. Mauris"
      text run at (0,1076) width 357: "euismod, justo in mattis ultricies, risus velit pretium ligula, eu"
      text run at (0,1093) width 387: "sodales libero dolor et massa. Phasellus eros quam, faucibus sed"
      text run at (0,1110) width 358: "consectetur et, elementum ut erat. Morbi fringilla, lorem non"
      text run at (0,1127) width 388: "fermentum vulputate, quam metus ullamcorper quam, eu porttitor"
      text run at (0,1155) width 356: "diam metus eget augue. Donec non lorem et arcu adipiscing"
      text run at (0,1172) width 385: "suscipit. Donec porta euismod magna a fermentum. Suspendisse"
      text run at (0,1189) width 379: "vestibulum rhoncus bibendum. Nam in nisi eget nulla vestibulum"
      text run at (0,1206) width 363: "rutrum. Aenean eu libero turpis. Lorem ipsum dolor sit amet,"
      text run at (0,1223) width 357: "consectetur adipiscing elit. Maecenas lacinia massa in lectus"
      text run at (0,1240) width 392: "pretium vulputate. Curabitur viverra augue in leo faucibus congue."
      text run at (0,1257) width 383: "Vestibulum ligula neque, commodo eget blandit sit amet, facilisis"
      text run at (0,1274) width 367: "vitae mi. Vivamus pretium lorem a quam imperdiet in placerat"
      text run at (0,1291) width 351: "purus sagittis. Aliquam ut dui nibh. Cras faucibus imperdiet"
      text run at (0,1308) width 388: "pellentesque. Curabitur vel tortor quam, ut pharetra eros. Mauris"
      text run at (0,1325) width 357: "euismod, justo in mattis ultricies, risus velit pretium ligula, eu"
      text run at (0,1342) width 387: "sodales libero dolor et massa. Phasellus eros quam, faucibus sed"
      text run at (0,1359) width 358: "consectetur et, elementum ut erat. Morbi fringilla, lorem non"
      text run at (0,1376) width 388: "fermentum vulputate, quam metus ullamcorper quam, eu porttitor"
      text run at (0,1393) width 356: "diam metus eget augue. Donec non lorem et arcu adipiscing"
      text run at (0,1410) width 385: "suscipit. Donec porta euismod magna a fermentum. Suspendisse"
      text run at (0,1427) width 379: "vestibulum rhoncus bibendum. Nam in nisi eget nulla vestibulum"
      text run at (0,1444) width 363: "rutrum. Aenean eu libero turpis. Lorem ipsum dolor sit amet,"
      text run at (0,1461) width 357: "consectetur adipiscing elit. Maecenas lacinia massa in lectus"
      text run at (0,1478) width 392: "pretium vulputate. Curabitur viverra augue in leo faucibus congue."
      text run at (0,1495) width 383: "Vestibulum ligula neque, commodo eget blandit sit amet, facilisis"
      text run at (0,1512) width 367: "vitae mi. Vivamus pretium lorem a quam imperdiet in placerat"
      text run at (0,1540) width 351: "purus sagittis. Aliquam ut dui nibh. Cras faucibus imperdiet"
      text run at (0,1557) width 388: "pellentesque. Curabitur vel tortor quam, ut pharetra eros. Mauris"
      text run at (0,1574) width 357: "euismod, justo in mattis ultricies, risus velit pretium ligula, eu"
      text run at (0,1591) width 387: "sodales libero dolor et massa. Phasellus eros quam, faucibus sed"
      text run at (0,1608) width 358: "consectetur et, elementum ut erat. Morbi fringilla, lorem non"
      text run at (0,1625) width 388: "fermentum vulputate, quam metus ullamcorper quam, eu porttitor"
      text run at (0,1642) width 356: "diam metus eget augue. Donec non lorem et arcu adipiscing"
      text run at (0,1659) width 385: "suscipit. Donec porta euismod magna a fermentum. Suspendisse"
      text run at (0,1676) width 379: "vestibulum rhoncus bibendum. Nam in nisi eget nulla vestibulum"
      text run at (0,1693) width 363: "rutrum. Aenean eu libero turpis. Lorem ipsum dolor sit amet,"
      text run at (0,1710) width 357: "consectetur adipiscing elit. Maecenas lacinia massa in lectus"
      text run at (0,1727) width 392: "pretium vulputate. Curabitur viverra augue in leo faucibus congue."
      text run at (0,1744) width 383: "Vestibulum ligula neque, commodo eget blandit sit amet, facilisis"
      text run at (0,1761) width 367: "vitae mi. Vivamus pretium lorem a quam imperdiet in placerat"
      text run at (0,1778) width 351: "purus sagittis. Aliquam ut dui nibh. Cras faucibus imperdiet"
      text run at (0,1795) width 388: "pellentesque. Curabitur vel tortor quam, ut pharetra eros. Mauris"
      text run at (0,1812) width 357: "euismod, justo in mattis ultricies, risus velit pretium ligula, eu"
      text run at (0,1829) width 387: "sodales libero dolor et massa. Phasellus eros quam, faucibus sed"
      text run at (0,1846) width 358: "consectetur et, elementum ut erat. Morbi fringilla, lorem non"
      text run at (0,1863) width 388: "fermentum vulputate, quam metus ullamcorper quam, eu porttitor"
      text run at (0,1880) width 356: "diam metus eget augue. Donec non lorem et arcu adipiscing"
      text run at (0,1897) width 385: "suscipit. Donec porta euismod magna a fermentum. Suspendisse"
      text run at (0,1925) width 379: "vestibulum rhoncus bibendum. Nam in nisi eget nulla vestibulum"
      text run at (0,1942) width 190: "rutrum. Aenean eu libero turpis."
