layer at (0,0) size 800x600
  RenderView at (0,0) size 800x600
layer at (0,0) size 800x600
  RenderBlock {HTML} at (0,0) size 800x600
    RenderBody {BODY} at (8,8) size 784x584
layer at (0,42) size 800x558 clip at (0,42) size 785x558 scrollY 290 scrollHeight 848
  RenderBlock (positioned) {DIV} at (0,42) size 800x558
layer at (0,-248) size 532x848 backgroundClip at (0,42) size 785x558 clip at (0,42) size 785x558
  RenderBlock (positioned) {DIV} at (0,0) size 532x848
    RenderBlock (anonymous) at (0,0) size 532x17
      RenderText {#text} at (0,0) size 532x17
        text run at (0,0) width 532: "This tests that we can scroll to reveal something in a nested positioned block in overflow."
    RenderBlock {DIV} at (0,17) size 532x800
    RenderBlock (anonymous) at (0,817) size 532x31
      RenderButton {INPUT} at (2,2) size 219x27 [bgcolor=#C0C0C0]
        RenderBlock (anonymous) at (6,6) size 207x15
          RenderText at (0,0) size 207x15
            text run at (0,0) width 207: "If you can see this, test has passed"
      RenderText {#text} at (0,0) size 0x0
