layer at (0,0) size 785x774
  RenderView at (0,0) size 785x600
layer at (0,0) size 785x774
  RenderBlock {HTML} at (0,0) size 785x774
    RenderBody {BODY} at (8,8) size 769x758
      RenderText {#text} at (0,0) size 0x0
      RenderText {#text} at (0,0) size 0x0
layer at (10,10) size 339x754
  RenderTextControl {TEXTAREA} at (2,2) size 339x754
    RenderBlock {DIV} at (2,2) size 335x15
      RenderText {#text} at (0,0) size 70x15
        text run at (0,0) width 70: "Sample text"
