layer at (0,0) size 800x600
  RenderView at (0,0) size 800x600
layer at (0,0) size 800x600
  RenderBlock {HTML} at (0,0) size 800x600
    RenderBody {BODY} at (8,8) size 784x584
      RenderBlock {P} at (0,0) size 784x17
        RenderText {#text} at (0,0) size 51x17
          text run at (0,0) width 51: "Test for "
        RenderInline {I} at (0,0) size 572x17
          RenderInline {A} at (0,0) size 305x17 [color=#0000EE]
            RenderText {#text} at (51,0) size 305x17
              text run at (51,0) width 305: "http://bugs.webkit.org/show_bug.cgi?id=12782"
          RenderText {#text} at (356,0) size 267x17
            text run at (356,0) width 4: " "
            text run at (360,0) width 263: "Reproducible crash in BidiContext::deref"
        RenderText {#text} at (623,0) size 4x17
          text run at (623,0) width 4: "."
      RenderBlock {P} at (0,33) size 784x17
        RenderText {#text} at (0,0) size 236x17
          text run at (0,0) width 236: "No assertion failure means SUCCESS."
      RenderBlock {DIV} at (0,66) size 784x17
        RenderInline {SPAN} at (0,0) size 20x17
          RenderText {#text} at (0,0) size 20x17
            text run at (0,0) width 20: "foo"
      RenderBlock {DIV} at (0,83) size 784x0
