layer at (0,0) size 800x600
  RenderView at (0,0) size 800x600
layer at (0,0) size 800x99
  RenderBlock {HTML} at (0,0) size 800x99
    RenderBody {BODY} at (8,16) size 784x67
      RenderBlock {UL} at (0,0) size 784x34
        RenderListItem {LI} at (40,0) size 744x17 [bgcolor=#00FF00]
          RenderListMarker at (-17,0) size 7x17: bullet
          RenderText {#text} at (0,0) size 287x17
            text run at (0,0) width 287: "The background of this list item should be green"
        RenderListItem {LI} at (40,17) size 744x17 [bgcolor=#00FF00]
          RenderListMarker at (-17,0) size 7x17: bullet
          RenderText {#text} at (0,0) size 362x17
            text run at (0,0) width 362: "The background of this second list item should be also green"
      RenderBlock {P} at (0,50) size 784x17 [bgcolor=#00FF00]
        RenderText {#text} at (0,0) size 307x17
          text run at (0,0) width 307: "The background of this paragraph should be green."
