layer at (0,0) size 800x600
  RenderView at (0,0) size 800x600
layer at (0,0) size 800x83
  RenderBlock {HTML} at (0,0) size 800x83
    RenderBody {BODY} at (8,16) size 784x51
      RenderBlock {UL} at (0,0) size 784x51
        RenderListItem {LI} at (40,0) size 744x17 [bgcolor=#00FF00]
          RenderListMarker at (-17,0) size 7x17: bullet
          RenderText {#text} at (0,0) size 404x17
            text run at (0,0) width 404: "This list item should have green background because its class is \"t1\""
        RenderListItem {LI} at (40,17) size 744x17 [bgcolor=#00FF00]
          RenderListMarker at (-17,0) size 7x17: bullet
          RenderText {#text} at (0,0) size 404x17
            text run at (0,0) width 404: "This list item should have green background because its class is \"t2\""
        RenderListItem {LI} at (40,34) size 744x17 [bgcolor=#00FF00]
          RenderListMarker at (-17,0) size 7x17: bullet
          RenderInline {SPAN} at (0,0) size 572x17
            RenderText {#text} at (0,0) size 572x17
              text run at (0,0) width 319: "This list item should have green background because "
              text run at (319,0) width 253: "the inner SPAN does not match SPAN.t3"
          RenderText {#text} at (0,0) size 0x0
