layer at (0,0) size 800x600
  RenderView at (0,0) size 800x600
layer at (0,0) size 800x49
  RenderBlock {HTML} at (0,0) size 800x49
    RenderBody {BODY} at (8,16) size 784x17
      RenderBlock {P} at (0,0) size 784x17
        RenderInline {A} at (0,0) size 242x17 [color=#0000EE] [bgcolor=#00FF00]
          RenderText {#text} at (0,0) size 242x17
            text run at (0,0) width 242: "This link should have green background."
        RenderText {#text} at (242,0) size 141x17
          text run at (242,0) width 141: " (Don't follow this link.)"
