layer at (0,0) size 800x600
  RenderView at (0,0) size 800x600
layer at (0,0) size 800x49
  RenderBlock {HTML} at (0,0) size 800x49
    RenderBody {BODY} at (8,16) size 784x17
      RenderBlock {P} at (0,0) size 784x17
        RenderText {#text} at (0,0) size 154x17
          text run at (0,0) width 154: "The background color of "
        RenderInline {A} at (0,0) size 47x17 [color=#0000EE]
          RenderText {#text} at (154,0) size 47x17
            text run at (154,0) width 47: "anchors"
        RenderText {#text} at (201,0) size 145x17
          text run at (201,0) width 4: " "
          text run at (205,0) width 141: "in this page should turn "
        RenderInline {A} at (0,0) size 49x17 [color=#0000EE]
          RenderText {#text} at (346,0) size 49x17
            text run at (346,0) width 49: "to green"
        RenderText {#text} at (395,0) size 123x17
          text run at (395,0) width 123: " when they have the "
        RenderInline {A} at (0,0) size 32x17 [color=#0000EE]
          RenderText {#text} at (518,0) size 32x17
            text run at (518,0) width 32: "focus"
        RenderText {#text} at (550,0) size 4x17
          text run at (550,0) width 4: "."
