layer at (0,0) size 800x600
  RenderView at (0,0) size 800x600
layer at (0,0) size 800x149
  RenderBlock {HTML} at (0,0) size 800x149
    RenderBody {BODY} at (8,16) size 784x117
      RenderBlock {P} at (0,0) size 784x17
        RenderText {#text} at (0,0) size 712x17
          text run at (0,0) width 213: "This paragraph should be unstyled. "
          text run at (213,0) width 432: "The background of the following paragraph should become green when "
          text run at (645,0) width 67: "you follow "
        RenderInline {A} at (0,0) size 45x17 [color=#0000EE]
          RenderText {#text} at (712,0) size 45x17
            text run at (712,0) width 45: "this link"
        RenderText {#text} at (757,0) size 4x17
          text run at (757,0) width 4: "."
      RenderBlock {P} at (0,33) size 784x34
        RenderText {#text} at (0,0) size 698x17
          text run at (0,0) width 257: "This paragraph should initially be unstyled. "
          text run at (257,0) width 441: "It should become green when you select the link above. When you select "
        RenderInline {A} at (0,0) size 45x17 [color=#0000EE]
          RenderText {#text} at (698,0) size 45x17
            text run at (698,0) width 45: "this link"
        RenderText {#text} at (743,0) size 758x34
          text run at (743,0) width 15: ", it"
          text run at (0,17) width 235: "should return to being unstyled and the "
          text run at (235,17) width 352: "background of the paragraph below should become green."
      RenderBlock {P} at (0,83) size 784x34
        RenderText {#text} at (0,0) size 701x17
          text run at (0,0) width 257: "This paragraph should initially be unstyled. "
          text run at (257,0) width 444: "It should become green when you select the link above. When you follow "
        RenderInline {A} at (0,0) size 45x17 [color=#0000EE]
          RenderText {#text} at (701,0) size 45x17
            text run at (701,0) width 45: "this link"
        RenderText {#text} at (746,0) size 772x34
          text run at (746,0) width 26: ", the"
          text run at (0,17) width 105: "three paragraphs "
          text run at (105,17) width 204: "should all return to being unstyled."
