layer at (0,0) size 800x600
  RenderView at (0,0) size 800x600
layer at (0,0) size 800x68
  RenderBlock {HTML} at (0,0) size 800x68
    RenderBody {BODY} at (8,16) size 784x36
      RenderBlock {P} at (0,0) size 784x36
        RenderInline (generated) at (0,0) size 19x36 [bgcolor=#00FF00]
          RenderText {#text} at (0,0) size 19x36
            text run at (0,0) width 19: "T"
        RenderText {#text} at (19,15) size 454x17
          text run at (19,15) width 312: "his very long paragraph should have a big first letter "
          text run at (331,15) width 142: "with green background."
