layer at (0,0) size 800x600
  RenderView at (0,0) size 800x600
layer at (0,0) size 800x600
  RenderBlock {HTML} at (0,0) size 800x600
    RenderBody {BODY} at (8,8) size 784x576
      RenderBlock {P} at (0,0) size 784x17
        RenderText {#text} at (0,0) size 720x17
          text run at (0,0) width 720: "Test that visited style matches to the topmost link in a decendant selector. The link should be green, with red underlining."
      RenderBlock {P} at (0,33) size 784x17
        RenderInline {A} at (0,0) size 27x17 [color=#FF0000]
          RenderInline {SPAN} at (0,0) size 27x17 [color=#008000]
            RenderText {#text} at (0,0) size 27x17
              text run at (0,0) width 27: "Link"
        RenderText {#text} at (0,0) size 0x0
      RenderBlock {P} at (0,66) size 784x17
        RenderText {#text} at (0,0) size 686x17
          text run at (0,0) width 686: "Test that visited style matches to the topmost link in a child selector. The link should be green, with red underlining."
      RenderBlock {P} at (0,99) size 784x17
        RenderInline {A} at (0,0) size 27x17 [color=#FF0000]
          RenderInline {SPAN} at (0,0) size 27x17 [color=#008000]
            RenderText {#text} at (0,0) size 27x17
              text run at (0,0) width 27: "Link"
        RenderText {#text} at (0,0) size 0x0
      RenderBlock {P} at (0,132) size 784x17
        RenderText {#text} at (0,0) size 620x17
          text run at (0,0) width 620: "Test that visited style does not match to non-topmost links. The link should be red, with red underlining."
      RenderBlock {P} at (0,165) size 784x17
        RenderInline {A} at (0,0) size 0x0 [color=#FF0000]
          RenderInline {SPAN} at (0,0) size 0x0
        RenderInline {A} at (0,0) size 27x17 [color=#FF0000]
          RenderText {#text} at (0,0) size 27x17
            text run at (0,0) width 27: "Link"
        RenderText {#text} at (0,0) size 0x0
      RenderBlock {P} at (0,198) size 784x34
        RenderText {#text} at (0,0) size 748x34
          text run at (0,0) width 748: "Test that direct adjacent selector doesn't match visited style. The link should be red, with red underlining. The span should be"
          text run at (0,17) width 37: "green."
      RenderBlock {P} at (0,248) size 784x17
        RenderInline {A} at (0,0) size 27x17 [color=#FF0000]
          RenderText {#text} at (0,0) size 27x17
            text run at (0,0) width 27: "Link"
        RenderText {#text} at (27,0) size 4x17
          text run at (27,0) width 4: " "
        RenderInline {SPAN} at (0,0) size 31x17 [color=#008000]
          RenderText {#text} at (31,0) size 31x17
            text run at (31,0) width 31: "Span"
        RenderText {#text} at (0,0) size 0x0
      RenderBlock {P} at (0,281) size 784x34
        RenderText {#text} at (0,0) size 758x34
          text run at (0,0) width 758: "Test that indirect adjacent selector doesn't match visited style. The link should be red, with red underlining. The span should be"
          text run at (0,17) width 37: "green."
      RenderBlock {P} at (0,331) size 784x17
        RenderInline {A} at (0,0) size 27x17 [color=#FF0000]
          RenderText {#text} at (0,0) size 27x17
            text run at (0,0) width 27: "Link"
        RenderText {#text} at (27,0) size 4x17
          text run at (27,0) width 4: " "
        RenderInline {SPAN} at (0,0) size 31x17 [color=#008000]
          RenderText {#text} at (31,0) size 31x17
            text run at (31,0) width 31: "Span"
        RenderText {#text} at (0,0) size 0x0
