layer at (0,0) size 800x600
  RenderView at (0,0) size 800x600
layer at (0,0) size 800x107
  RenderBlock {HTML} at (0,0) size 800x107
    RenderBody {BODY} at (8,8) size 784x91
      RenderBlock {DETAILS} at (0,0) size 784x91 [border: (1px solid #000000)]
        RenderBlock (anonymous) at (1,1) size 782x17
          RenderInline (generated) at (0,0) size 39x17
            RenderText at (0,0) size 39x17
              text run at (0,0) width 39: "before"
        RenderBlock {SUMMARY} at (1,18) size 782x55 [border: (1px solid #000000)]
          RenderBlock (anonymous) at (1,1) size 780x17
            RenderInline (generated) at (0,0) size 39x17
              RenderText at (0,0) size 39x17
                text run at (0,0) width 39: "before"
            RenderDetailsMarker {DIV} at (39,4) size 11x11: down
            RenderText {#text} at (55,0) size 58x17
              text run at (55,0) width 58: "Summary"
          RenderBlock {DIV} at (1,18) size 780x19 [border: (1px solid #000000)]
            RenderText {#text} at (1,1) size 56x17
              text run at (1,1) width 56: "Inner Div"
          RenderBlock (anonymous) at (1,37) size 780x17
            RenderInline (generated) at (0,0) size 27x17
              RenderText at (0,0) size 27x17
                text run at (0,0) width 27: "after"
        RenderBlock (anonymous) at (1,73) size 782x17
          RenderText {#text} at (0,0) size 0x0
          RenderText {#text} at (0,0) size 45x17
            text run at (0,0) width 45: "Details "
          RenderInline (generated) at (0,0) size 27x17
            RenderText at (45,0) size 27x17
              text run at (45,0) width 27: "after"
