layer at (0,0) size 800x600
  RenderView at (0,0) size 800x600
layer at (0,0) size 800x600
  RenderBlock {HTML} at (0,0) size 800x600
    RenderBody {BODY} at (8,16) size 784x568
      RenderBlock {DIV} at (16,0) size 400x102
        RenderBlock (floating) at (2,0) size 49x52 [color=#FF0000] [border: (2px solid #FF0000)]
          RenderText {#text} at (3,-11) size 43x73
            text run at (3,-11) width 43: "A"
        RenderText {#text} at (53,17) size 392x85
          text run at (53,17) width 339: "n example of first-letter. This letter should span 3 lines of"
          text run at (53,34) width 314: "text, and so it should align itself cleanly with the cap-"
          text run at (53,51) width 323: "height of the A lining up with the cap-height of the first"
          text run at (0,68) width 371: "line, and the baseline of the A lining up with the baseline of the"
          text run at (0,85) width 55: "third line."
      RenderBlock {SPAN} at (0,118) size 784x102
        RenderBlock {DIV} at (368,0) size 400x102
          RenderBlock (floating) at (349,0) size 49x52 [color=#FF0000] [border: (2px solid #FF0000)]
            RenderText {#text} at (3,-11) size 43x73
              text run at (3,-11) width 43: "A"
          RenderText {#text} at (22,17) size 397x85
            text run at (22,17) width 325: "n RTL example of first-letter. This letter should span 3"
            text run at (19,34) width 328: "lines of text, and so it should align itself cleanly with the"
            text run at (22,51) width 325: "cap-height of the A lining up with the cap-height of the"
            text run at (3,68) width 397: "first line, and the baseline of the A lining up with the baseline of the"
            text run at (345,85) width 4 RTL: "."
            text run at (349,85) width 51: "third line"
