layer at (0,0) size 800x600
  RenderView at (0,0) size 800x600
layer at (0,0) size 800x600
  RenderBlock {HTML} at (0,0) size 800x600
    RenderBody {BODY} at (8,16) size 784x568
      RenderBlock {DIV} at (16,0) size 400x68
        RenderBlock (floating) at (2,20) size 27x29
          RenderText {#text} at (0,-9) size 27x46
            text run at (0,-9) width 27: "A"
        RenderText {#text} at (31,0) size 400x68
          text run at (31,0) width 369: "n example of first-letter. This letter should span 3 lines of text,"
          text run at (31,17) width 357: "and so it should align itself cleanly with the cap-height of the"
          text run at (31,34) width 322: "A lining up with the cap-height of the first line, and the"
          text run at (0,51) width 354: "baseline of the A lining up with the baseline of the third line."
      RenderBlock {SPAN} at (0,84) size 784x68
        RenderBlock {DIV} at (368,0) size 400x68
          RenderBlock (floating) at (371,20) size 27x29
            RenderText {#text} at (0,-9) size 27x46
              text run at (0,-9) width 27: "A"
          RenderText {#text} at (14,0) size 396x68
            text run at (14,0) width 355: "n RTL example of first-letter. This letter should span 3 lines"
            text run at (4,17) width 365: "of text, and so it should align itself cleanly with the cap-height"
            text run at (9,34) width 360: "of the A lining up with the cap-height of the first line, and the"
            text run at (46,51) width 4 RTL: "."
            text run at (50,51) width 350: "baseline of the A lining up with the baseline of the third line"
