layer at (0,0) size 800x600
  RenderView at (0,0) size 800x600
layer at (0,0) size 800x600
  RenderBlock {HTML} at (0,0) size 800x600
    RenderBody {BODY} at (8,8) size 784x584 [color=#FF0000]
      RenderBlock {P} at (0,0) size 784x17
        RenderText {#text} at (0,0) size 349x17
          text run at (0,0) width 349: "Should say \x{201C}BEFORE CONTENT AFTER CONTENT\x{201D}"
      RenderTable {DIV} at (0,33) size 181x17
        RenderTableSection (anonymous) at (0,0) size 181x17
          RenderTableRow (anonymous) at (0,0) size 181x17
            RenderTableCell (anonymous) at (0,0) size 59x17 [r=0 c=0 rs=1 cs=1]
              RenderText at (0,0) size 59x17
                text run at (0,0) width 59: "BEFORE"
            RenderTableCell (anonymous) at (59,0) size 74x17 [r=0 c=1 rs=1 cs=1]
              RenderBlock {DIV} at (0,0) size 74x17
                RenderText {#text} at (0,0) size 74x17
                  text run at (0,0) width 74: "CONTENT"
            RenderTableCell (anonymous) at (133,0) size 48x17 [r=0 c=2 rs=1 cs=1]
              RenderText at (0,0) size 48x17
                text run at (0,0) width 48: "AFTER"
      RenderBlock (anonymous) at (0,50) size 784x17
        RenderText {#text} at (0,0) size 74x17
          text run at (0,0) width 74: "CONTENT"
        RenderText {#text} at (0,0) size 0x0
