layer at (0,0) size 800x600
  RenderView at (0,0) size 800x600
layer at (0,0) size 800x600
  RenderBlock {HTML} at (0,0) size 800x600
    RenderBody {BODY} at (8,8) size 784x584
      RenderInline {SPAN} at (0,0) size 755x79 [border: (5px solid #000000)]
        RenderText {#text} at (7,15) size 755x65
          text run at (7,15) width 392: "This is a span that crosses multiple lines and has a border-radius. "
          text run at (399,15) width 356: "The border-radius should only apply at the endpoints of the"
          text run at (0,63) width 636: "span, and the edges that are \"open\" should just be solid right up to the edge (with no rounding or clipping)."
      RenderText {#text} at (0,0) size 0x0
