layer at (0,0) size 800x600
  RenderView at (0,0) size 800x600
layer at (0,0) size 800x600
  RenderBlock {HTML} at (0,0) size 800x600
    RenderBody {BODY} at (42,42) size 716x516
      RenderBlock {P} at (0,0) size 716x34
        RenderText {#text} at (0,0) size 700x34
          text run at (0,0) width 700: "This test checks for a regression against rdar://problem/4364302 leftmargin and topmargin should match marginwidth"
          text run at (0,17) width 180: "and marginheight respectively."
      RenderBlock {P} at (0,50) size 716x17
        RenderText {#text} at (0,0) size 439x17
          text run at (0,0) width 439: "If it passes, the left, top, right, and bottom margins of the page will be 42."
