layer at (0,0) size 800x600
  RenderView at (0,0) size 800x600
layer at (0,0) size 800x600
  RenderBlock {HTML} at (0,0) size 800x600
    RenderBody {BODY} at (8,8) size 784x584
      RenderInline {SPAN} at (0,0) size 782x238
        RenderText {#text} at (0,0) size 782x238
          text run at (0,0) width 442: "I am typing a lot of text so that this goes onto many lines. I am still typing. "
          text run at (442,0) width 340: "I am typing a lot of text so that this goes onto many lines."
          text run at (0,17) width 779: "I am still typing. I am typing a lot of text so that this goes onto many lines. I am still typing. I am typing a lot of text so that this goes"
          text run at (0,34) width 780: "onto many lines. I am still typing. I am typing a lot of text so that this goes onto many lines. I am still typing. I am typing a lot of text"
          text run at (0,51) width 768: "so that this goes onto many lines. I am still typing. I am typing a lot of text so that this goes onto many lines. I am still typing. I am"
          text run at (0,68) width 782: "typing a lot of text so that this goes onto many lines. I am still typing. I am typing a lot of text so that this goes onto many lines. I am"
          text run at (0,85) width 779: "still typing. I am typing a lot of text so that this goes onto many lines. I am still typing. I am typing a lot of text so that this goes onto"
          text run at (0,102) width 767: "many lines. I am still typing. I am typing a lot of text so that this goes onto many lines. I am still typing. I am typing a lot of text so"
          text run at (0,119) width 750: "that this goes onto many lines. I am still typing. I am typing a lot of text so that this goes onto many lines. I am still typing. I am"
          text run at (0,136) width 782: "typing a lot of text so that this goes onto many lines. I am still typing. I am typing a lot of text so that this goes onto many lines. I am"
          text run at (0,153) width 779: "still typing. I am typing a lot of text so that this goes onto many lines. I am still typing. I am typing a lot of text so that this goes onto"
          text run at (0,170) width 767: "many lines. I am still typing. I am typing a lot of text so that this goes onto many lines. I am still typing. I am typing a lot of text so"
          text run at (0,187) width 750: "that this goes onto many lines. I am still typing. I am typing a lot of text so that this goes onto many lines. I am still typing. I am"
          text run at (0,204) width 782: "typing a lot of text so that this goes onto many lines. I am still typing. I am typing a lot of text so that this goes onto many lines. I am"
          text run at (0,221) width 505: "still typing. I am typing a lot of text so that this goes onto many lines. I am still typing."
      RenderText {#text} at (0,0) size 0x0
