layer at (0,0) size 800x600
  RenderView at (0,0) size 800x600
layer at (0,0) size 800x148
  RenderBlock {HTML} at (0,0) size 800x148
    RenderBody {BODY} at (8,16) size 784x116
      RenderBlock {P} at (0,0) size 784x17
        RenderText {#text} at (0,0) size 247x17
          text run at (0,0) width 247: "This line should not have red background"
      RenderBlock {P} at (0,33) size 784x17 [bgcolor=#00FF00]
        RenderText {#text} at (0,0) size 228x17
          text run at (0,0) width 228: "This line should have lime background"
      RenderBlock {P} at (0,66) size 784x17
        RenderText {#text} at (0,0) size 247x17
          text run at (0,0) width 247: "This line should not have red background"
      RenderBlock {P} at (0,99) size 784x17 [bgcolor=#00FF00]
        RenderText {#text} at (0,0) size 228x17
          text run at (0,0) width 228: "This line should have lime background"
