layer at (0,0) size 800x600
  RenderView at (0,0) size 800x600
layer at (0,0) size 800x284
  RenderBlock {HTML} at (0,0) size 800x284
    RenderBody {BODY} at (8,16) size 784x260
      RenderBlock {P} at (0,0) size 784x34
        RenderText {#text} at (0,0) size 99x17
          text run at (0,0) width 99: "This is a test for "
        RenderInline {I} at (0,0) size 743x34
          RenderInline {A} at (0,0) size 350x17 [color=#0000EE]
            RenderText {#text} at (99,0) size 350x17
              text run at (99,0) width 350: "http://bugzilla.opendarwin.org/show_bug.cgi?id=9669"
          RenderText {#text} at (449,0) size 743x34
            text run at (449,0) width 4: " "
            text run at (453,0) width 290: "Incomplete repaint when changing an inline's"
            text run at (0,17) width 43: "border"
        RenderText {#text} at (43,17) size 4x17
          text run at (43,17) width 4: "."
      RenderBlock {HR} at (0,50) size 784x2 [border: (1px inset #000000)]
      RenderBlock {DIV} at (0,60) size 200x200
        RenderText {#text} at (0,0) size 190x51
          text run at (0,0) width 190: "Cras faucibus. Nunc adipiscing,"
          text run at (0,17) width 171: "enim in scelerisque convallis,"
          text run at (0,34) width 39: "augue "
        RenderInline {SPAN} at (0,0) size 33x47 [border: (30px solid #0000FF) none]
          RenderText {#text} at (39,34) size 33x17
            text run at (39,34) width 33: "purus"
        RenderText {#text} at (72,34) size 176x68
          text run at (72,34) width 103: " eleifend lacus, at"
          text run at (0,51) width 175: "sagittis eros leo pulvinar velit."
          text run at (0,68) width 176: "Integer sollicitudin nisi ut urna"
          text run at (0,85) width 99: "blandit convallis."
