layer at (0,0) size 800x600
  RenderView at (0,0) size 800x600
layer at (0,0) size 800x503
  RenderBlock {HTML} at (0,0) size 800x503
    RenderBody {BODY} at (8,16) size 784x479
      RenderBlock {P} at (0,0) size 784x17
        RenderInline {B} at (0,0) size 61x17
          RenderText {#text} at (0,0) size 61x17
            text run at (0,0) width 61: "BUG ID:"
        RenderText {#text} at (61,0) size 4x17
          text run at (61,0) width 4: " "
        RenderInline {A} at (0,0) size 108x17 [color=#0000EE]
          RenderText {#text} at (65,0) size 108x17
            text run at (65,0) width 108: "Bugzilla bug 8032"
        RenderText {#text} at (173,0) size 496x17
          text run at (173,0) width 496: " REGRESSION: Focus ring not completely redrawn after a Delete changes its size"
      RenderBlock {P} at (0,33) size 784x17
        RenderText {#text} at (0,0) size 354x17
          text run at (0,0) width 354: "Note that this bug (and the test) are just outline versions of "
        RenderInline {A} at (0,0) size 108x17 [color=#0000EE]
          RenderText {#text} at (354,0) size 108x17
            text run at (354,0) width 108: "Bugzilla bug 6301"
        RenderText {#text} at (462,0) size 55x17
          text run at (462,0) width 55: " and test "
        RenderInline {A} at (0,0) size 154x17 [color=#0000EE]
          RenderText {#text} at (517,0) size 154x17
            text run at (517,0) width 154: "border-repaint-glitch.html"
        RenderText {#text} at (0,0) size 0x0
      RenderBlock {P} at (0,66) size 784x23 [bgcolor=#98FB98]
        RenderInline {B} at (0,0) size 86x17
          RenderText {#text} at (3,3) size 86x17
            text run at (3,3) width 86: "TEST PASS:"
        RenderText {#text} at (89,3) size 412x17
          text run at (89,3) width 4: " "
          text run at (93,3) width 408: "The boxes will resize, maintaining their solid red rectangular outlines."
      RenderBlock {P} at (0,105) size 784x57 [bgcolor=#FF3300]
        RenderInline {B} at (0,0) size 84x17
          RenderText {#text} at (3,3) size 84x17
            text run at (3,3) width 84: "TEST FAIL:"
        RenderText {#text} at (87,3) size 771x51
          text run at (87,3) width 4: " "
          text run at (91,3) width 683: "The boxes will resize, but the outlines will break. The first box will be missing small segments from either side of its"
          text run at (3,20) width 766: "bottom outline. The second box will have small red horizontal segments protruding inwards from both sides of the outline, where"
          text run at (3,37) width 183: "the bottom outline was before."
      RenderBlock {DIV} at (0,178) size 222x142 [border: (1px solid #0000FF)]
        RenderBlock {DIV} at (11,21) size 200x40 [bgcolor=#008080]
          RenderBlock {DIV} at (10,0) size 180x40 [bgcolor=#C0C0C0]
      RenderBlock (anonymous) at (0,320) size 784x17
        RenderBR {BR} at (0,0) size 0x17
      RenderBlock {DIV} at (0,337) size 222x142 [border: (1px solid #0000FF)]
        RenderBlock {DIV} at (11,21) size 200x60 [bgcolor=#008080]
          RenderBlock {DIV} at (10,0) size 180x60 [bgcolor=#C0C0C0]
