layer at (0,0) size 800x600
  RenderView at (0,0) size 800x600
layer at (0,0) size 800x600
  RenderBlock {HTML} at (0,0) size 800x600
    RenderBody {BODY} at (8,8) size 784x584
      RenderBlock {P} at (0,0) size 784x17
        RenderText {#text} at (0,0) size 144x17
          text run at (0,0) width 144: "This is a repaint test for "
        RenderInline {I} at (0,0) size 586x17
          RenderInline {A} at (0,0) size 311x17 [color=#0000EE]
            RenderText {#text} at (144,0) size 311x17
              text run at (144,0) width 311: "https://bugs.webkit.org/show_bug.cgi?id=22159"
          RenderText {#text} at (455,0) size 275x17
            text run at (455,0) width 4: " "
            text run at (459,0) width 271: "Repaint issue with outlines in child objects"
        RenderText {#text} at (730,0) size 4x17
          text run at (730,0) width 4: "."
      RenderBlock {P} at (0,33) size 784x17
        RenderText {#text} at (0,0) size 310x17
          text run at (0,0) width 310: "If the test passes, you should not see any red below"
      RenderBlock {HR} at (0,66) size 784x2 [border: (1px inset #000000)]
layer at (0,240) size 220x50
  RenderBlock (positioned) {DIV} at (0,240) size 220x50 [border: (10px solid #FF0000)]
layer at (10,250) size 200x50
  RenderBlock (positioned) {DIV} at (10,250) size 200x50
    RenderBlock {DIV} at (0,0) size 200x30 [bgcolor=#DDDDDD]
