layer at (0,0) size 800x600
  RenderView at (0,0) size 800x600
layer at (0,0) size 800x600
  RenderBlock {HTML} at (0,0) size 800x600
    RenderBody {BODY} at (8,8) size 784x584
      RenderBlock {P} at (0,0) size 784x34
        RenderText {#text} at (0,0) size 51x17
          text run at (0,0) width 51: "Test for "
        RenderInline {I} at (0,0) size 766x34
          RenderInline {A} at (0,0) size 305x17 [color=#0000EE]
            RenderText {#text} at (51,0) size 305x17
              text run at (51,0) width 305: "http://bugs.webkit.org/show_bug.cgi?id=12590"
          RenderText {#text} at (356,0) size 766x34
            text run at (356,0) width 4: " "
            text run at (360,0) width 406: "REGRESSION: Text selection is weird in textareas in Trac wiki"
            text run at (0,17) width 85: "editing pages"
        RenderText {#text} at (85,17) size 4x17
          text run at (85,17) width 4: "."
layer at (13,58) size 126x126 clip at (16,61) size 105x120 scrollY 34 scrollHeight 154
  RenderBlock {DIV} at (5,50) size 126x126 [border: (3px solid #000000)]
    RenderBlock {DIV} at (13,13) size 85x100
    RenderBlock (anonymous) at (13,113) size 85x34
      RenderInline {SPAN} at (0,0) size 40x34
        RenderText {#text} at (0,0) size 40x17
          text run at (0,0) width 40: "Lorem"
        RenderBR {BR} at (40,14) size 0x0
        RenderText {#text} at (0,17) size 35x17
          text run at (0,17) width 35: "ipsum"
      RenderText {#text} at (0,0) size 0x0
