layer at (0,0) size 800x600
  RenderView at (0,0) size 800x600
layer at (0,0) size 800x50
  RenderBlock {HTML} at (0,0) size 800x50
    RenderBody {BODY} at (8,8) size 784x34
      RenderBlock {DIV} at (0,0) size 784x17
        RenderText {#text} at (0,0) size 167x17
          text run at (0,0) width 167: "This should be a yen-sign: \x{A5}"
      RenderBlock {DIV} at (0,17) size 784x17
        RenderText {#text} at (0,0) size 172x17
          text run at (0,0) width 172: "This should be a backslash: \\"
