layer at (0,0) size 800x600
  RenderView at (0,0) size 800x600
layer at (0,0) size 800x600
  RenderBlock {HTML} at (0,0) size 800x600
    RenderBody {BODY} at (8,8) size 784x584
      RenderBlock {P} at (0,0) size 784x17
        RenderText {#text} at (0,0) size 491x17
          text run at (0,0) width 491: "In each box below, the words or letters should be in the same order on every line."
      RenderBlock {DIV} at (8,33) size 768x61 [border: (1px solid #ADD8E6)]
        RenderBlock {DIV} at (5,5) size 758x17
          RenderText {#text} at (0,0) size 44x17
            text run at (0,0) width 44: "Lorem "
          RenderInline {SPAN} at (0,0) size 71x17
            RenderText {#text} at (44,0) size 71x17
              text run at (44,0) width 71: "ipsum dolor"
          RenderText {#text} at (115,0) size 54x17
            text run at (115,0) width 54: " sit amet."
        RenderBlock {DIV} at (5,22) size 758x17
          RenderText {#text} at (0,0) size 44x17
            text run at (0,0) width 44: "Lorem "
          RenderInline {SPAN} at (0,0) size 35x17
            RenderText {#text} at (44,0) size 35x17
              text run at (44,0) width 35: "ipsum"
          RenderInline {SPAN} at (0,0) size 36x17
            RenderText {#text} at (79,0) size 36x17
              text run at (79,0) width 36: " dolor"
          RenderText {#text} at (115,0) size 54x17
            text run at (115,0) width 54: " sit amet."
        RenderBlock {DIV} at (5,39) size 758x17
          RenderText {#text} at (0,0) size 44x17
            text run at (0,0) width 44: "Lorem "
          RenderInline {SPAN} at (0,0) size 39x17
            RenderText {#text} at (44,0) size 39x17
              text run at (44,0) width 39: "ipsum "
          RenderInline {B} at (0,0) size 91x17
            RenderInline {SPAN} at (0,0) size 34x17
              RenderText {#text} at (83,0) size 34x17
                text run at (83,0) width 34: "dolor"
            RenderText {#text} at (117,0) size 4x17
              text run at (117,0) width 4: " "
            RenderInline {I} at (0,0) size 16x17
              RenderText {#text} at (121,0) size 16x17
                text run at (121,0) width 16: "sit"
            RenderText {#text} at (137,0) size 37x17
              text run at (137,0) width 37: " amet"
          RenderText {#text} at (174,0) size 4x17
            text run at (174,0) width 4: "."
      RenderBlock {DIV} at (8,102) size 768x61 [border: (1px solid #ADD8E6)]
        RenderBlock {DIV} at (5,5) size 758x17
          RenderText {#text} at (0,0) size 44x17
            text run at (0,0) width 44: "Lorem "
          RenderInline {SPAN} at (0,0) size 75x17
            RenderText {#text} at (44,0) size 75x17
              text run at (44,0) width 24 RTL: " \x{5DB}\x{5DC}"
              text run at (68,0) width 7: "if"
              text run at (75,0) width 44 RTL: "\x{5D9}\x{5D5}\x{5EA}\x{5E8} "
          RenderText {#text} at (119,0) size 54x17
            text run at (119,0) width 54: " sit amet."
        RenderBlock {DIV} at (5,22) size 758x17
          RenderText {#text} at (0,0) size 44x17
            text run at (0,0) width 44: "Lorem "
          RenderInline {SPAN} at (0,0) size 44x17
            RenderText {#text} at (75,0) size 44x17
              text run at (75,0) width 44 RTL: "\x{5D9}\x{5D5}\x{5EA}\x{5E8} "
          RenderInline {SPAN} at (0,0) size 31x17
            RenderText {#text} at (44,0) size 31x17
              text run at (44,0) width 24 RTL: " \x{5DB}\x{5DC}"
              text run at (68,0) width 7: "if"
          RenderText {#text} at (119,0) size 54x17
            text run at (119,0) width 54: " sit amet."
        RenderBlock {DIV} at (5,39) size 758x17
          RenderText {#text} at (0,0) size 44x17
            text run at (0,0) width 44: "Lorem "
          RenderInline {SPAN} at (0,0) size 44x17
            RenderText {#text} at (77,0) size 44x17
              text run at (77,0) width 44 RTL: "\x{5D9}\x{5D5}\x{5EA}\x{5E8} "
          RenderInline {B} at (0,0) size 134x17
            RenderInline {SPAN} at (0,0) size 33x17
              RenderText {#text} at (44,0) size 33x17
                text run at (44,0) width 24 RTL: " \x{5DB}\x{5DC}"
                text run at (68,0) width 9: "if"
            RenderText {#text} at (121,0) size 4x17
              text run at (121,0) width 4: " "
            RenderInline {I} at (0,0) size 16x17
              RenderText {#text} at (125,0) size 16x17
                text run at (125,0) width 16: "sit"
            RenderText {#text} at (141,0) size 37x17
              text run at (141,0) width 37: " amet"
          RenderText {#text} at (178,0) size 4x17
            text run at (178,0) width 4: "."
      RenderBlock {DIV} at (8,171) size 768x44 [border: (1px solid #ADD8E6)]
        RenderBlock {DIV} at (5,5) size 758x17
          RenderInline {SPAN} at (0,0) size 19x17
            RenderText {#text} at (0,0) size 19x17
              text run at (0,0) width 19: "a b"
          RenderText {#text} at (0,0) size 0x0
        RenderBlock {DIV} at (5,22) size 758x17
          RenderInline {SPAN} at (0,0) size 7x17
            RenderText {#text} at (0,0) size 7x17
              text run at (0,0) width 7: "a"
          RenderInline {SPAN} at (0,0) size 12x17
            RenderText {#text} at (7,0) size 12x17
              text run at (7,0) width 12: " b"
          RenderText {#text} at (0,0) size 0x0
      RenderBlock {DIV} at (8,223) size 768x61 [border: (1px solid #ADD8E6)]
        RenderBlock {DIV} at (5,5) size 758x17
          RenderText {#text} at (724,0) size 34x17
            text run at (724,0) width 34 RTL: "\x{5D0}\x{5D7}\x{5EA} "
          RenderInline {SPAN} at (0,0) size 94x17
            RenderText {#text} at (630,0) size 94x17
              text run at (630,0) width 94 RTL: "\x{5E9}\x{5EA}\x{5D9}\x{5D9}\x{5DD} \x{5E9}\x{5DC}\x{5D5}\x{5E9}"
          RenderText {#text} at (548,0) size 82x17
            text run at (548,0) width 82 RTL: " \x{5D0}\x{5E8}\x{5D1}\x{5E2} \x{5D7}\x{5DE}\x{5E9}."
        RenderBlock {DIV} at (5,22) size 758x17
          RenderText {#text} at (724,0) size 34x17
            text run at (724,0) width 34 RTL: "\x{5D0}\x{5D7}\x{5EA} "
          RenderInline {SPAN} at (0,0) size 50x17
            RenderText {#text} at (674,0) size 50x17
              text run at (674,0) width 50 RTL: "\x{5E9}\x{5EA}\x{5D9}\x{5D9}\x{5DD}"
          RenderInline {SPAN} at (0,0) size 44x17
            RenderText {#text} at (630,0) size 44x17
              text run at (630,0) width 44 RTL: " \x{5E9}\x{5DC}\x{5D5}\x{5E9}"
          RenderText {#text} at (548,0) size 82x17
            text run at (548,0) width 82 RTL: " \x{5D0}\x{5E8}\x{5D1}\x{5E2} \x{5D7}\x{5DE}\x{5E9}."
        RenderBlock {DIV} at (5,39) size 758x17
          RenderText {#text} at (724,0) size 34x17
            text run at (724,0) width 34 RTL: "\x{5D0}\x{5D7}\x{5EA} "
          RenderInline {SPAN} at (0,0) size 54x17
            RenderText {#text} at (670,0) size 54x17
              text run at (670,0) width 54 RTL: "\x{5E9}\x{5EA}\x{5D9}\x{5D9}\x{5DD} "
          RenderInline {B} at (0,0) size 112x17
            RenderInline {SPAN} at (0,0) size 40x17
              RenderText {#text} at (630,0) size 40x17
                text run at (630,0) width 40 RTL: "\x{5E9}\x{5DC}\x{5D5}\x{5E9}"
            RenderText {#text} at (626,0) size 4x17
              text run at (626,0) width 4 RTL: " "
            RenderInline {I} at (0,0) size 34x17
              RenderText {#text} at (592,0) size 34x17
                text run at (592,0) width 34 RTL: "\x{5D0}\x{5E8}\x{5D1}\x{5E2}"
            RenderText {#text} at (558,0) size 34x17
              text run at (558,0) width 34 RTL: " \x{5D7}\x{5DE}\x{5E9}"
          RenderText {#text} at (554,0) size 4x17
            text run at (554,0) width 4 RTL: "."
