layer at (0,0) size 785x963
  RenderView at (0,0) size 785x600
layer at (0,0) size 785x963
  RenderBlock {HTML} at (0,0) size 785x963
    RenderBody {BODY} at (8,16) size 769x931
      RenderBlock {P} at (0,0) size 769x17
        RenderText {#text} at (0,0) size 403x17
          text run at (0,0) width 403: "In all of the following, there should not be a hyphen before \x{201C}lorem\x{201D}."
      RenderBlock {P} at (0,33) size 769x17
        RenderText {#text} at (0,0) size 19x17
          text run at (0,0) width 19: "Do"
        RenderBlock (floating) {SPAN} at (756,0) size 13x19 [border: (1px solid #FF0000)]
          RenderText {#text} at (1,1) size 11x17
            text run at (1,1) width 11: "X"
        RenderText {#text} at (19,0) size 73x17
          text run at (19,0) width 73: "\x{AD}lorem ipsum"
      RenderBlock {P} at (0,66) size 769x17
        RenderBlock (floating) {SPAN} at (756,0) size 13x19 [border: (1px solid #FF0000)]
          RenderText {#text} at (1,1) size 11x17
            text run at (1,1) width 11: "X"
        RenderText {#text} at (0,0) size 73x17
          text run at (0,0) width 73: "lorem ipsum"
      RenderBlock {P} at (0,99) size 769x19
        RenderText {#text} at (0,1) size 19x17
          text run at (0,1) width 19: "Do"
        RenderText {#text} at (32,1) size 73x17
          text run at (32,1) width 73: "\x{AD}lorem ipsum"
      RenderBlock {P} at (0,134) size 769x17
        RenderText {#text} at (0,0) size 19x17
          text run at (0,0) width 19: "Do"
        RenderText {#text} at (19,0) size 73x17
          text run at (19,0) width 73: "\x{AD}lorem ipsum"
      RenderBlock (anonymous) at (0,167) size 769x17
        RenderText {#text} at (0,0) size 19x17
          text run at (0,0) width 19: "Do"
      RenderBlock {P} at (0,200) size 769x17
        RenderText {#text} at (0,0) size 73x17
          text run at (0,0) width 73: "lorem ipsum"
      RenderBlock {P} at (0,233) size 769x34
        RenderText {#text} at (0,0) size 19x17
          text run at (0,0) width 19: "Do"
        RenderBR {BR} at (19,14) size 0x0
        RenderText {#text} at (0,17) size 73x17
          text run at (0,17) width 73: "lorem ipsum"
      RenderBlock {P} at (0,283) size 769x17
        RenderText {#text} at (0,0) size 19x17
          text run at (0,0) width 19: "Do"
        RenderInline {SPAN} at (0,0) size 34x17
          RenderText {#text} at (19,0) size 34x17
            text run at (19,0) width 34: "\x{AD}lorem"
        RenderText {#text} at (53,0) size 39x17
          text run at (53,0) width 39: " ipsum"
      RenderBlock {P} at (0,316) size 769x17
        RenderText {#text} at (0,0) size 11x17
          text run at (0,0) width 11: "D"
        RenderInline {SPAN} at (0,0) size 8x17
          RenderText {#text} at (11,0) size 8x17
            text run at (11,0) width 8: "o"
        RenderText {#text} at (19,0) size 73x17
          text run at (19,0) width 73: "\x{AD}lorem ipsum"
      RenderBlock {P} at (0,349) size 769x17
        RenderText {#text} at (0,0) size 23x17
          text run at (0,0) width 23: "Do "
        RenderInline {SPAN} at (0,0) size 34x17
          RenderText {#text} at (23,0) size 34x17
            text run at (23,0) width 34: "\x{AD}lorem"
        RenderText {#text} at (57,0) size 39x17
          text run at (57,0) width 39: " ipsum"
      RenderBlock {P} at (0,382) size 769x17
        RenderText {#text} at (0,0) size 11x17
          text run at (0,0) width 11: "D"
        RenderInline {SPAN} at (0,0) size 12x17
          RenderText {#text} at (11,0) size 12x17
            text run at (11,0) width 12: "o "
        RenderText {#text} at (23,0) size 73x17
          text run at (23,0) width 73: "\x{AD}lorem ipsum"
      RenderBlock {P} at (0,415) size 769x17
        RenderText {#text} at (0,0) size 23x17
          text run at (0,0) width 23: "Do "
        RenderInline {SPAN} at (0,0) size 34x17
          RenderText {#text} at (23,0) size 34x17
            text run at (23,0) width 34: "\x{AD}lorem"
        RenderText {#text} at (57,0) size 39x17
          text run at (57,0) width 39: " ipsum"
      RenderBlock {P} at (0,448) size 769x17
        RenderText {#text} at (0,0) size 11x17
          text run at (0,0) width 11: "D"
        RenderInline {SPAN} at (0,0) size 12x17
          RenderText {#text} at (11,0) size 12x17
            text run at (11,0) width 12: "o "
        RenderText {#text} at (23,0) size 73x17
          text run at (23,0) width 73: "\x{AD}lorem ipsum"
      RenderBlock {P} at (0,481) size 769x17
        RenderText {#text} at (0,0) size 61x17
          text run at (0,0) width 61: "Do \x{AD} lorem"
      RenderBlock {P} at (0,514) size 769x17
        RenderText {#text} at (0,0) size 57x17
          text run at (0,0) width 57: "Do\x{AD} \x{AD}lorem"
      RenderBlock {P} at (0,547) size 769x17
        RenderText {#text} at (0,0) size 57x17
          text run at (0,0) width 23: "Do "
          text run at (23,0) width 34: "\x{AD}lorem"
      RenderBlock {P} at (0,580) size 769x17
        RenderText {#text} at (0,0) size 57x17
          text run at (0,0) width 23: "Do\x{AD} "
          text run at (23,0) width 34: "lorem"
      RenderBlock {P} at (0,613) size 769x17
        RenderText {#text} at (0,0) size 61x17
          text run at (0,0) width 27: "Do \x{AD} "
          text run at (27,0) width 34: "lorem"
      RenderBlock {P} at (0,646) size 769x17
        RenderText {#text} at (0,0) size 61x17
          text run at (0,0) width 23: "Do "
          text run at (23,0) width 38: "\x{AD} lorem"
      RenderBlock {P} at (0,679) size 769x17
        RenderText {#text} at (0,0) size 19x17
          text run at (0,0) width 19: "Do"
        RenderInline {SPAN} at (0,0) size 0x17
        RenderText {#text} at (19,0) size 73x17
          text run at (19,0) width 73: "\x{AD}lorem ipsum"
      RenderBlock {P} at (0,712) size 769x17
        RenderText {#text} at (0,0) size 92x17
          text run at (0,0) width 92: "Do\x{AD}\x{AD}lorem ipsum"
      RenderBlock {P} at (0,745) size 769x17
        RenderInline {SPAN} at (0,0) size 19x17
          RenderText {#text} at (0,0) size 19x17
            text run at (0,0) width 19: "Do\x{AD}"
        RenderText {#text} at (19,0) size 73x17
          text run at (19,0) width 73: "\x{AD}lorem ipsum"
      RenderBlock {P} at (0,778) size 769x17
        RenderText {#text} at (0,0) size 19x17
          text run at (0,0) width 19: "Do\x{AD}"
        RenderInline {SPAN} at (0,0) size 73x17
          RenderText {#text} at (19,0) size 73x17
            text run at (19,0) width 73: "\x{AD}lorem ipsum"
      RenderBlock {P} at (0,811) size 769x17
        RenderInline {SPAN} at (0,0) size 19x17
          RenderText {#text} at (0,0) size 19x17
            text run at (0,0) width 19: "Do\x{AD}\x{AD}"
        RenderText {#text} at (19,0) size 73x17
          text run at (19,0) width 73: "lorem ipsum"
      RenderBlock {P} at (0,844) size 769x17
        RenderText {#text} at (0,0) size 230x17
          text run at (0,0) width 230: "The following pair should be the same:"
      RenderBlock {P} at (0,877) size 769x19
        RenderText {#text} at (0,1) size 15x17
          text run at (0,1) width 15: "W"
        RenderBlock {SPAN} at (15,0) size 13x19 [border: (1px solid #FF0000)]
          RenderText {#text} at (1,1) size 11x17
            text run at (1,1) width 11: "X"
        RenderText {#text} at (28,1) size 11x17
          text run at (28,1) width 11: "Y"
      RenderBlock {P} at (0,912) size 769x19
        RenderText {#text} at (0,1) size 15x17
          text run at (0,1) width 15: "W"
        RenderBlock {SPAN} at (15,0) size 13x19 [border: (1px solid #FF0000)]
          RenderText {#text} at (1,1) size 11x17
            text run at (1,1) width 11: "X"
        RenderText {#text} at (28,1) size 11x17
          text run at (28,1) width 11: "Y"
layer at (27,115) size 13x19
  RenderBlock (relative positioned) {SPAN} at (19,0) size 13x19 [border: (1px solid #FF0000)]
    RenderText {#text} at (1,1) size 11x17
      text run at (1,1) width 11: "X"
layer at (772,150) size 13x19
  RenderBlock (positioned) {SPAN} at (772,150) size 13x19 [border: (1px solid #FF0000)]
    RenderText {#text} at (1,1) size 11x17
      text run at (1,1) width 11: "X"
