layer at (0,0) size 800x600
  RenderView at (0,0) size 800x600
layer at (0,0) size 800x600
  RenderBlock {HTML} at (0,0) size 800x600
    RenderBody {BODY} at (8,8) size 784x576
      RenderBlock {P} at (0,0) size 784x53
        RenderInline {FONT} at (0,0) size 301x53
          RenderText {#text} at (0,0) size 301x53
            text run at (0,0) width 301: "First paragraph."
      RenderBlock (anonymous) at (0,69) size 784x0
        RenderInline {FONT} at (0,0) size 0x0
          RenderText {#text} at (0,0) size 0x0
      RenderBlock (anonymous) at (0,101) size 784x53
        RenderBlock {P} at (0,0) size 784x53
          RenderText {#text} at (0,0) size 353x53
            text run at (0,0) width 353: "Second paragraph."
      RenderBlock (anonymous) at (0,202) size 784x0
        RenderInline {FONT} at (0,0) size 0x0
        RenderText {#text} at (0,0) size 0x0
        RenderInline {B} at (0,0) size 0x0
      RenderBlock {P} at (0,202) size 784x17
        RenderInline {B} at (0,0) size 101x17
          RenderInline {I} at (0,0) size 101x17
            RenderText {#text} at (0,0) size 101x17
              text run at (0,0) width 101: "Bold and Italic"
        RenderInline {I} at (0,0) size 37x17
          RenderText {#text} at (101,0) size 37x17
            text run at (101,0) width 37: " Italic"
