layer at (0,0) size 800x600
  RenderView at (0,0) size 800x600
layer at (0,0) size 800x600
  RenderBlock {HTML} at (0,0) size 800x600
    RenderBody {BODY} at (8,8) size 784x579
      RenderBlock (anonymous) at (0,0) size 784x0
        RenderInline {B} at (0,0) size 0x0
          RenderInline {NOBR} at (0,0) size 0x0
      RenderBlock {DIV} at (0,0) size 784x62
        RenderBlock (anonymous) at (0,0) size 784x34
          RenderInline {B} at (0,0) size 749x34
            RenderInline {NOBR} at (0,0) size 215x17
              RenderText {#text} at (0,0) size 215x17
                text run at (0,0) width 215: "This text is in a div inside a nobr"
            RenderText {#text} at (215,0) size 749x34
              text run at (215,0) width 534: "More text that should not be in the nobr, i.e., the nobr should have closed the div"
              text run at (0,17) width 120: "inside it implicitly."
        RenderBlock {PRE} at (0,47) size 784x15
          RenderText {#text} at (0,0) size 272x15
            text run at (0,0) width 272: "A pre tag outside everything else."
