layer at (0,0) size 800x600
  RenderView at (0,0) size 800x600
layer at (0,0) size 800x600
  RenderBlock {HTML} at (0,0) size 800x600
    RenderBody {BODY} at (8,8) size 784x584
      RenderBlock {P} at (0,0) size 784x17
        RenderText {#text} at (0,0) size 107x17
          text run at (0,0) width 107: "Tests: the bdo tag"
      RenderBlock {P} at (0,33) size 784x17
        RenderText {#text} at (0,0) size 313x17
          text run at (0,0) width 313: "The bdo element overrides the default text direction."
      RenderBlock {P} at (0,66) size 784x34
        RenderText {#text} at (0,0) size 757x34
          text run at (0,0) width 696: "If successful, the first sentence would be backward, and the second sentence regular. There should then be an extra "
          text run at (696,0) width 61: "blank line,"
          text run at (0,17) width 622: "followed by a line reading only \"A,\" and finally, a sentence where only the word \"umbrella\" is backward."
      RenderBlock {HR} at (0,116) size 784x2 [border: (1px inset #000000)]
      RenderBlock (anonymous) at (0,126) size 784x102
        RenderBR {BR} at (0,0) size 0x17
        RenderInline {BDO} at (0,0) size 212x17
          RenderText {#text} at (0,17) size 212x17
            text run at (0,17) width 212 RTL override: "This sentence should be backward."
        RenderText {#text} at (212,17) size 4x17
          text run at (212,17) width 4: " "
        RenderBR {BR} at (216,31) size 0x0
        RenderInline {BDO} at (0,0) size 199x17
          RenderText {#text} at (0,34) size 199x17
            text run at (0,34) width 199 LTR override: "This sentence should be forward."
        RenderText {#text} at (199,34) size 4x17
          text run at (199,34) width 4: " "
        RenderBR {BR} at (203,48) size 0x0
        RenderInline {BDO} at (0,0) size 0x0
        RenderText {#text} at (0,0) size 0x0
        RenderBR {BR} at (0,51) size 0x17
        RenderInline {BDO} at (0,0) size 11x17
          RenderText {#text} at (0,68) size 11x17
            text run at (0,68) width 11 RTL override: "A"
        RenderText {#text} at (11,68) size 4x17
          text run at (11,68) width 4: " "
        RenderBR {BR} at (15,82) size 0x0
        RenderInline {BDO} at (0,0) size 271x17
          RenderText {#text} at (0,85) size 25x17
            text run at (0,85) width 25 LTR override: "My "
          RenderInline {BDO} at (0,0) size 51x17
            RenderText {#text} at (25,85) size 51x17
              text run at (25,85) width 51 RTL override: "umbrella"
          RenderText {#text} at (76,85) size 195x17
            text run at (76,85) width 195 LTR override: " sure would be useful in this rain."
        RenderText {#text} at (0,0) size 0x0
