layer at (0,0) size 785x600
  RenderView at (0,0) size 785x600
    RenderMultiColumnSet at (0,0) size 785x600
layer at (0,0) size 785x1230 backgroundClip at (0,0) size 785x600 clip at (0,0) size 785x600
  RenderMultiColumnFlowThread at (0,0) size 785x1230
layer at (0,0) size 785x1230 backgroundClip at (0,0) size 785x600 clip at (0,0) size 785x600
  RenderBlock {HTML} at (0,0) size 785x1230
    RenderBody {BODY} at (8,8) size 769x1206
      RenderBlock {DIV} at (0,0) size 50x50 [bgcolor=#0000FF]
      RenderBlock {P} at (0,66) size 769x68
        RenderText {#text} at (0,0) size 753x68
          text run at (0,0) width 753: "1 Lorem ipsum dolor sit amet, consectetur adipisicing elit, sed do eiusmod tempor incididunt ut labore et dolore magna aliqua."
          text run at (0,17) width 741: "Ut enim ad minim veniam, quis nostrud exercitation ullamco laboris nisi ut aliquip ex ea commodo consequat. Duis aute irure"
          text run at (0,34) width 713: "dolor in reprehenderit in voluptate velit esse cillum dolore eu fugiat nulla pariatur. Excepteur sint occaecat cupidatat non"
          text run at (0,51) width 410: "proident, sunt in culpa qui officia deserunt mollit anim id est laborum."
      RenderBlock {DIV} at (0,150) size 50x50 [bgcolor=#0000FF]
      RenderBlock {P} at (0,216) size 769x68
        RenderText {#text} at (0,0) size 753x68
          text run at (0,0) width 753: "2 Lorem ipsum dolor sit amet, consectetur adipisicing elit, sed do eiusmod tempor incididunt ut labore et dolore magna aliqua."
          text run at (0,17) width 741: "Ut enim ad minim veniam, quis nostrud exercitation ullamco laboris nisi ut aliquip ex ea commodo consequat. Duis aute irure"
          text run at (0,34) width 713: "dolor in reprehenderit in voluptate velit esse cillum dolore eu fugiat nulla pariatur. Excepteur sint occaecat cupidatat non"
          text run at (0,51) width 410: "proident, sunt in culpa qui officia deserunt mollit anim id est laborum."
      RenderBlock {DIV} at (0,300) size 50x50 [bgcolor=#0000FF]
      RenderBlock {P} at (0,352) size 769x68
        RenderText {#text} at (0,0) size 753x68
          text run at (0,0) width 753: "3 Lorem ipsum dolor sit amet, consectetur adipisicing elit, sed do eiusmod tempor incididunt ut labore et dolore magna aliqua."
          text run at (0,17) width 741: "Ut enim ad minim veniam, quis nostrud exercitation ullamco laboris nisi ut aliquip ex ea commodo consequat. Duis aute irure"
          text run at (0,34) width 713: "dolor in reprehenderit in voluptate velit esse cillum dolore eu fugiat nulla pariatur. Excepteur sint occaecat cupidatat non"
          text run at (0,51) width 410: "proident, sunt in culpa qui officia deserunt mollit anim id est laborum."
      RenderBlock {DIV} at (0,436) size 50x50 [bgcolor=#0000FF]
      RenderBlock {P} at (0,502) size 769x81
        RenderText {#text} at (0,0) size 753x81
          text run at (0,0) width 753: "4 Lorem ipsum dolor sit amet, consectetur adipisicing elit, sed do eiusmod tempor incididunt ut labore et dolore magna aliqua."
          text run at (0,30) width 741: "Ut enim ad minim veniam, quis nostrud exercitation ullamco laboris nisi ut aliquip ex ea commodo consequat. Duis aute irure"
          text run at (0,47) width 713: "dolor in reprehenderit in voluptate velit esse cillum dolore eu fugiat nulla pariatur. Excepteur sint occaecat cupidatat non"
          text run at (0,64) width 410: "proident, sunt in culpa qui officia deserunt mollit anim id est laborum."
      RenderBlock {DIV} at (0,599) size 50x50 [bgcolor=#0000FF]
      RenderBlock {P} at (0,665) size 769x81
        RenderText {#text} at (0,0) size 753x81
          text run at (0,0) width 753: "5 Lorem ipsum dolor sit amet, consectetur adipisicing elit, sed do eiusmod tempor incididunt ut labore et dolore magna aliqua."
          text run at (0,17) width 741: "Ut enim ad minim veniam, quis nostrud exercitation ullamco laboris nisi ut aliquip ex ea commodo consequat. Duis aute irure"
          text run at (0,47) width 713: "dolor in reprehenderit in voluptate velit esse cillum dolore eu fugiat nulla pariatur. Excepteur sint occaecat cupidatat non"
          text run at (0,64) width 410: "proident, sunt in culpa qui officia deserunt mollit anim id est laborum."
      RenderBlock {DIV} at (0,762) size 50x50 [bgcolor=#0000FF]
      RenderBlock {P} at (0,828) size 769x81
        RenderText {#text} at (0,0) size 753x81
          text run at (0,0) width 753: "6 Lorem ipsum dolor sit amet, consectetur adipisicing elit, sed do eiusmod tempor incididunt ut labore et dolore magna aliqua."
          text run at (0,17) width 741: "Ut enim ad minim veniam, quis nostrud exercitation ullamco laboris nisi ut aliquip ex ea commodo consequat. Duis aute irure"
          text run at (0,34) width 713: "dolor in reprehenderit in voluptate velit esse cillum dolore eu fugiat nulla pariatur. Excepteur sint occaecat cupidatat non"
          text run at (0,64) width 410: "proident, sunt in culpa qui officia deserunt mollit anim id est laborum."
      RenderBlock {DIV} at (0,925) size 50x50 [bgcolor=#0000FF]
      RenderBlock {P} at (0,991) size 769x68
        RenderText {#text} at (0,0) size 753x68
          text run at (0,0) width 753: "7 Lorem ipsum dolor sit amet, consectetur adipisicing elit, sed do eiusmod tempor incididunt ut labore et dolore magna aliqua."
          text run at (0,17) width 741: "Ut enim ad minim veniam, quis nostrud exercitation ullamco laboris nisi ut aliquip ex ea commodo consequat. Duis aute irure"
          text run at (0,34) width 713: "dolor in reprehenderit in voluptate velit esse cillum dolore eu fugiat nulla pariatur. Excepteur sint occaecat cupidatat non"
          text run at (0,51) width 410: "proident, sunt in culpa qui officia deserunt mollit anim id est laborum."
      RenderBlock {DIV} at (0,1072) size 50x50 [bgcolor=#0000FF]
      RenderBlock {P} at (0,1138) size 769x68
        RenderText {#text} at (0,0) size 753x68
          text run at (0,0) width 753: "8 Lorem ipsum dolor sit amet, consectetur adipisicing elit, sed do eiusmod tempor incididunt ut labore et dolore magna aliqua."
          text run at (0,17) width 741: "Ut enim ad minim veniam, quis nostrud exercitation ullamco laboris nisi ut aliquip ex ea commodo consequat. Duis aute irure"
          text run at (0,34) width 713: "dolor in reprehenderit in voluptate velit esse cillum dolore eu fugiat nulla pariatur. Excepteur sint occaecat cupidatat non"
          text run at (0,51) width 410: "proident, sunt in culpa qui officia deserunt mollit anim id est laborum."
scrolled to 0,780
