layer at (0,0) size 785x600
  RenderView at (0,0) size 785x600
    RenderMultiColumnSet at (0,0) size 785x600
layer at (0,0) size 3275x180 backgroundClip at (0,0) size 785x600 clip at (0,0) size 785x600
  RenderMultiColumnFlowThread at (0,0) size 3275x180
layer at (0,0) size 3275x180 backgroundClip at (0,0) size 785x600 clip at (0,0) size 785x600
  RenderBlock {HTML} at (0,0) size 3275x180
    RenderBody {BODY} at (8,8) size 3251x164
      RenderBlock {DIV} at (0,0) size 50x50 [bgcolor=#0000FF]
      RenderBlock {P} at (66,0) size 323x164
        RenderText {#text} at (0,0) size 323x163
          text run at (0,0) width 144: "1 Lorem ipsum dolor sit"
          text run at (17,0) width 106: "amet, consectetur"
          text run at (34,0) width 132: "adipisicing elit, sed do"
          text run at (51,0) width 158: "eiusmod tempor incididunt"
          text run at (68,0) width 154: "ut labore et dolore magna"
          text run at (85,0) width 148: "aliqua. Ut enim ad minim"
          text run at (102,0) width 123: "veniam, quis nostrud"
          text run at (119,0) width 163: "exercitation ullamco laboris"
          text run at (136,0) width 113: "nisi ut aliquip ex ea"
          text run at (153,0) width 161: "commodo consequat. Duis"
          text run at (170,0) width 106: "aute irure dolor in"
          text run at (187,0) width 153: "reprehenderit in voluptate"
          text run at (204,0) width 153: "velit esse cillum dolore eu"
          text run at (221,0) width 117: "fugiat nulla pariatur."
          text run at (238,0) width 143: "Excepteur sint occaecat"
          text run at (255,0) width 139: "cupidatat non proident,"
          text run at (272,0) width 136: "sunt in culpa qui officia"
          text run at (289,0) width 155: "deserunt mollit anim id est"
          text run at (306,0) width 53: "laborum."
      RenderBlock {DIV} at (405,0) size 50x50 [bgcolor=#0000FF]
      RenderBlock {P} at (471,0) size 323x164
        RenderText {#text} at (0,0) size 323x163
          text run at (0,0) width 144: "2 Lorem ipsum dolor sit"
          text run at (17,0) width 106: "amet, consectetur"
          text run at (34,0) width 132: "adipisicing elit, sed do"
          text run at (51,0) width 158: "eiusmod tempor incididunt"
          text run at (68,0) width 154: "ut labore et dolore magna"
          text run at (85,0) width 148: "aliqua. Ut enim ad minim"
          text run at (102,0) width 123: "veniam, quis nostrud"
          text run at (119,0) width 163: "exercitation ullamco laboris"
          text run at (136,0) width 113: "nisi ut aliquip ex ea"
          text run at (153,0) width 161: "commodo consequat. Duis"
          text run at (170,0) width 106: "aute irure dolor in"
          text run at (187,0) width 153: "reprehenderit in voluptate"
          text run at (204,0) width 153: "velit esse cillum dolore eu"
          text run at (221,0) width 117: "fugiat nulla pariatur."
          text run at (238,0) width 143: "Excepteur sint occaecat"
          text run at (255,0) width 139: "cupidatat non proident,"
          text run at (272,0) width 136: "sunt in culpa qui officia"
          text run at (289,0) width 155: "deserunt mollit anim id est"
          text run at (306,0) width 53: "laborum."
      RenderBlock {DIV} at (810,0) size 50x50 [bgcolor=#0000FF]
      RenderBlock {P} at (876,0) size 323x164
        RenderText {#text} at (0,0) size 323x163
          text run at (0,0) width 144: "3 Lorem ipsum dolor sit"
          text run at (17,0) width 106: "amet, consectetur"
          text run at (34,0) width 132: "adipisicing elit, sed do"
          text run at (51,0) width 158: "eiusmod tempor incididunt"
          text run at (68,0) width 154: "ut labore et dolore magna"
          text run at (85,0) width 148: "aliqua. Ut enim ad minim"
          text run at (102,0) width 123: "veniam, quis nostrud"
          text run at (119,0) width 163: "exercitation ullamco laboris"
          text run at (136,0) width 113: "nisi ut aliquip ex ea"
          text run at (153,0) width 161: "commodo consequat. Duis"
          text run at (170,0) width 106: "aute irure dolor in"
          text run at (187,0) width 153: "reprehenderit in voluptate"
          text run at (204,0) width 153: "velit esse cillum dolore eu"
          text run at (221,0) width 117: "fugiat nulla pariatur."
          text run at (238,0) width 143: "Excepteur sint occaecat"
          text run at (255,0) width 139: "cupidatat non proident,"
          text run at (272,0) width 136: "sunt in culpa qui officia"
          text run at (289,0) width 155: "deserunt mollit anim id est"
          text run at (306,0) width 53: "laborum."
      RenderBlock {DIV} at (1215,0) size 50x50 [bgcolor=#0000FF]
      RenderBlock {P} at (1281,0) size 332x164
        RenderText {#text} at (0,0) size 332x163
          text run at (0,0) width 144: "4 Lorem ipsum dolor sit"
          text run at (17,0) width 106: "amet, consectetur"
          text run at (34,0) width 132: "adipisicing elit, sed do"
          text run at (51,0) width 158: "eiusmod tempor incididunt"
          text run at (68,0) width 154: "ut labore et dolore magna"
          text run at (85,0) width 148: "aliqua. Ut enim ad minim"
          text run at (102,0) width 123: "veniam, quis nostrud"
          text run at (119,0) width 163: "exercitation ullamco laboris"
          text run at (136,0) width 113: "nisi ut aliquip ex ea"
          text run at (153,0) width 161: "commodo consequat. Duis"
          text run at (170,0) width 106: "aute irure dolor in"
          text run at (187,0) width 153: "reprehenderit in voluptate"
          text run at (204,0) width 153: "velit esse cillum dolore eu"
          text run at (221,0) width 117: "fugiat nulla pariatur."
          text run at (238,0) width 143: "Excepteur sint occaecat"
          text run at (255,0) width 139: "cupidatat non proident,"
          text run at (281,0) width 136: "sunt in culpa qui officia"
          text run at (298,0) width 155: "deserunt mollit anim id est"
          text run at (315,0) width 53: "laborum."
      RenderBlock {DIV} at (1629,0) size 50x50 [bgcolor=#0000FF]
      RenderBlock {P} at (1695,0) size 323x164
        RenderText {#text} at (0,0) size 323x163
          text run at (0,0) width 144: "5 Lorem ipsum dolor sit"
          text run at (17,0) width 106: "amet, consectetur"
          text run at (34,0) width 132: "adipisicing elit, sed do"
          text run at (51,0) width 158: "eiusmod tempor incididunt"
          text run at (68,0) width 154: "ut labore et dolore magna"
          text run at (85,0) width 148: "aliqua. Ut enim ad minim"
          text run at (102,0) width 123: "veniam, quis nostrud"
          text run at (119,0) width 163: "exercitation ullamco laboris"
          text run at (136,0) width 113: "nisi ut aliquip ex ea"
          text run at (153,0) width 161: "commodo consequat. Duis"
          text run at (170,0) width 106: "aute irure dolor in"
          text run at (187,0) width 153: "reprehenderit in voluptate"
          text run at (204,0) width 153: "velit esse cillum dolore eu"
          text run at (221,0) width 117: "fugiat nulla pariatur."
          text run at (238,0) width 143: "Excepteur sint occaecat"
          text run at (255,0) width 139: "cupidatat non proident,"
          text run at (272,0) width 136: "sunt in culpa qui officia"
          text run at (289,0) width 155: "deserunt mollit anim id est"
          text run at (306,0) width 53: "laborum."
      RenderBlock {DIV} at (2034,0) size 50x50 [bgcolor=#0000FF]
      RenderBlock {P} at (2100,0) size 332x164
        RenderText {#text} at (0,0) size 332x163
          text run at (0,0) width 144: "6 Lorem ipsum dolor sit"
          text run at (17,0) width 106: "amet, consectetur"
          text run at (34,0) width 132: "adipisicing elit, sed do"
          text run at (51,0) width 158: "eiusmod tempor incididunt"
          text run at (68,0) width 154: "ut labore et dolore magna"
          text run at (85,0) width 148: "aliqua. Ut enim ad minim"
          text run at (102,0) width 123: "veniam, quis nostrud"
          text run at (119,0) width 163: "exercitation ullamco laboris"
          text run at (136,0) width 113: "nisi ut aliquip ex ea"
          text run at (153,0) width 161: "commodo consequat. Duis"
          text run at (170,0) width 106: "aute irure dolor in"
          text run at (187,0) width 153: "reprehenderit in voluptate"
          text run at (204,0) width 153: "velit esse cillum dolore eu"
          text run at (221,0) width 117: "fugiat nulla pariatur."
          text run at (247,0) width 143: "Excepteur sint occaecat"
          text run at (264,0) width 139: "cupidatat non proident,"
          text run at (281,0) width 136: "sunt in culpa qui officia"
          text run at (298,0) width 155: "deserunt mollit anim id est"
          text run at (315,0) width 53: "laborum."
      RenderBlock {DIV} at (2448,0) size 50x50 [bgcolor=#0000FF]
      RenderBlock {P} at (2514,0) size 323x164
        RenderText {#text} at (0,0) size 323x163
          text run at (0,0) width 144: "7 Lorem ipsum dolor sit"
          text run at (17,0) width 106: "amet, consectetur"
          text run at (34,0) width 132: "adipisicing elit, sed do"
          text run at (51,0) width 158: "eiusmod tempor incididunt"
          text run at (68,0) width 154: "ut labore et dolore magna"
          text run at (85,0) width 148: "aliqua. Ut enim ad minim"
          text run at (102,0) width 123: "veniam, quis nostrud"
          text run at (119,0) width 163: "exercitation ullamco laboris"
          text run at (136,0) width 113: "nisi ut aliquip ex ea"
          text run at (153,0) width 161: "commodo consequat. Duis"
          text run at (170,0) width 106: "aute irure dolor in"
          text run at (187,0) width 153: "reprehenderit in voluptate"
          text run at (204,0) width 153: "velit esse cillum dolore eu"
          text run at (221,0) width 117: "fugiat nulla pariatur."
          text run at (238,0) width 143: "Excepteur sint occaecat"
          text run at (255,0) width 139: "cupidatat non proident,"
          text run at (272,0) width 136: "sunt in culpa qui officia"
          text run at (289,0) width 155: "deserunt mollit anim id est"
          text run at (306,0) width 53: "laborum."
      RenderBlock {DIV} at (2853,0) size 50x50 [bgcolor=#0000FF]
      RenderBlock {P} at (2919,0) size 332x164
        RenderText {#text} at (0,0) size 332x163
          text run at (0,0) width 144: "8 Lorem ipsum dolor sit"
          text run at (17,0) width 106: "amet, consectetur"
          text run at (34,0) width 132: "adipisicing elit, sed do"
          text run at (51,0) width 158: "eiusmod tempor incididunt"
          text run at (68,0) width 154: "ut labore et dolore magna"
          text run at (85,0) width 148: "aliqua. Ut enim ad minim"
          text run at (102,0) width 123: "veniam, quis nostrud"
          text run at (119,0) width 163: "exercitation ullamco laboris"
          text run at (136,0) width 113: "nisi ut aliquip ex ea"
          text run at (153,0) width 161: "commodo consequat. Duis"
          text run at (170,0) width 106: "aute irure dolor in"
          text run at (187,0) width 153: "reprehenderit in voluptate"
          text run at (213,0) width 153: "velit esse cillum dolore eu"
          text run at (230,0) width 117: "fugiat nulla pariatur."
          text run at (247,0) width 143: "Excepteur sint occaecat"
          text run at (264,0) width 139: "cupidatat non proident,"
          text run at (281,0) width 136: "sunt in culpa qui officia"
          text run at (298,0) width 155: "deserunt mollit anim id est"
          text run at (315,0) width 53: "laborum."
scrolled to 0,380
