layer at (0,0) size 800x600
  RenderView at (0,0) size 800x600
layer at (0,0) size 800x422
  RenderBlock {HTML} at (0,0) size 800x422
    RenderBody {BODY} at (8,21) size 784x385
      RenderBlock {H1} at (0,0) size 784x36
        RenderText {#text} at (0,0) size 459x36
          text run at (0,0) width 459: "Minimum and Maximum Widths"
      RenderBlock {DIV} at (0,57) size 784x25 [border: (3px solid #800080)]
        RenderText {#text} at (3,3) size 29x17
          text run at (3,3) width 29: "This "
        RenderInline {CODE} at (0,0) size 24x15
          RenderText {#text} at (32,6) size 24x15
            text run at (32,6) width 24: "div"
        RenderText {#text} at (56,3) size 389x17
          text run at (56,3) width 389: " should have a medium solid purple border, as should all the rest."
      RenderBlock {DIV} at (0,81) size 320x60 [border: (3px solid #800080)]
        RenderText {#text} at (3,3) size 29x17
          text run at (3,3) width 29: "This "
        RenderInline {CODE} at (0,0) size 24x15
          RenderText {#text} at (32,6) size 24x15
            text run at (32,6) width 24: "div"
        RenderText {#text} at (56,3) size 282x35
          text run at (56,3) width 180: " should have a width of 40%. "
          text run at (236,3) width 49: "This is a"
          text run at (3,21) width 60: "reference "
        RenderInline {CODE} at (0,0) size 24x15
          RenderText {#text} at (63,24) size 24x15
            text run at (63,24) width 24: "div"
        RenderText {#text} at (87,21) size 172x17
          text run at (87,21) width 172: " and should work as long as "
        RenderInline {CODE} at (0,0) size 40x15
          RenderText {#text} at (259,24) size 40x15
            text run at (259,24) width 40: "width"
        RenderText {#text} at (3,39) size 42x17
          text run at (3,39) width 42: "works."
      RenderBlock {DIV} at (0,140) size 320x25 [border: (3px solid #800080)]
        RenderText {#text} at (3,3) size 29x17
          text run at (3,3) width 29: "This "
        RenderInline {CODE} at (0,0) size 24x15
          RenderText {#text} at (32,6) size 24x15
            text run at (32,6) width 24: "div"
        RenderText {#text} at (56,3) size 176x17
          text run at (56,3) width 176: " should have a width of 40%."
      RenderBlock {DIV} at (0,164) size 320x25 [border: (3px solid #800080)]
        RenderText {#text} at (3,3) size 29x17
          text run at (3,3) width 29: "This "
        RenderInline {CODE} at (0,0) size 24x15
          RenderText {#text} at (32,6) size 24x15
            text run at (32,6) width 24: "div"
        RenderText {#text} at (56,3) size 176x17
          text run at (56,3) width 176: " should have a width of 40%."
      RenderBlock {DIV} at (0,188) size 320x25 [border: (3px solid #800080)]
        RenderText {#text} at (3,3) size 29x17
          text run at (3,3) width 29: "This "
        RenderInline {CODE} at (0,0) size 24x15
          RenderText {#text} at (32,6) size 24x15
            text run at (32,6) width 24: "div"
        RenderText {#text} at (56,3) size 176x17
          text run at (56,3) width 176: " should have a width of 40%."
      RenderBlock {DIV} at (0,212) size 320x25 [border: (3px solid #800080)]
        RenderText {#text} at (3,3) size 29x17
          text run at (3,3) width 29: "This "
        RenderInline {CODE} at (0,0) size 24x15
          RenderText {#text} at (32,6) size 24x15
            text run at (32,6) width 24: "div"
        RenderText {#text} at (56,3) size 176x17
          text run at (56,3) width 176: " should have a width of 40%."
      RenderBlock {DIV} at (0,236) size 320x25 [border: (3px solid #800080)]
        RenderText {#text} at (3,3) size 29x17
          text run at (3,3) width 29: "This "
        RenderInline {CODE} at (0,0) size 24x15
          RenderText {#text} at (32,6) size 24x15
            text run at (32,6) width 24: "div"
        RenderText {#text} at (56,3) size 176x17
          text run at (56,3) width 176: " should have a width of 40%."
      RenderBlock {DIV} at (0,260) size 320x25 [border: (3px solid #800080)]
        RenderText {#text} at (3,3) size 29x17
          text run at (3,3) width 29: "This "
        RenderInline {CODE} at (0,0) size 24x15
          RenderText {#text} at (32,6) size 24x15
            text run at (32,6) width 24: "div"
        RenderText {#text} at (56,3) size 176x17
          text run at (56,3) width 176: " should have a width of 40%."
      RenderBlock {DIV} at (0,284) size 320x25 [border: (3px solid #800080)]
        RenderText {#text} at (3,3) size 29x17
          text run at (3,3) width 29: "This "
        RenderInline {CODE} at (0,0) size 24x15
          RenderText {#text} at (32,6) size 24x15
            text run at (32,6) width 24: "div"
        RenderText {#text} at (56,3) size 176x17
          text run at (56,3) width 176: " should have a width of 40%."
      RenderBlock {DIV} at (0,308) size 320x25 [border: (3px solid #800080)]
        RenderText {#text} at (3,3) size 29x17
          text run at (3,3) width 29: "This "
        RenderInline {CODE} at (0,0) size 24x15
          RenderText {#text} at (32,6) size 24x15
            text run at (32,6) width 24: "div"
        RenderText {#text} at (56,3) size 176x17
          text run at (56,3) width 176: " should have a width of 40%."
      RenderBlock {P} at (0,348) size 784x37
        RenderText {#text} at (0,0) size 195x17
          text run at (0,0) width 195: "If the browser does not support "
        RenderInline {CODE} at (0,0) size 72x15
          RenderText {#text} at (195,3) size 72x15
            text run at (195,3) width 72: "min-width"
        RenderText {#text} at (267,0) size 30x17
          text run at (267,0) width 30: " and "
        RenderInline {CODE} at (0,0) size 72x15
          RenderText {#text} at (297,3) size 72x15
            text run at (297,3) width 72: "max-width"
        RenderText {#text} at (369,0) size 164x17
          text run at (369,0) width 164: ", then the widths should be "
        RenderInline {CODE} at (0,0) size 32x15
          RenderText {#text} at (533,3) size 32x15
            text run at (533,3) width 32: "auto"
        RenderText {#text} at (565,0) size 8x17
          text run at (565,0) width 8: ", "
        RenderInline {CODE} at (0,0) size 24x15
          RenderText {#text} at (573,3) size 24x15
            text run at (573,3) width 24: "40%"
        RenderText {#text} at (597,0) size 8x17
          text run at (597,0) width 8: ", "
        RenderInline {CODE} at (0,0) size 24x15
          RenderText {#text} at (605,3) size 24x15
            text run at (605,3) width 24: "30%"
        RenderText {#text} at (629,0) size 8x17
          text run at (629,0) width 8: ", "
        RenderInline {CODE} at (0,0) size 24x15
          RenderText {#text} at (637,3) size 24x15
            text run at (637,3) width 24: "50%"
        RenderText {#text} at (661,0) size 8x17
          text run at (661,0) width 8: ", "
        RenderInline {CODE} at (0,0) size 24x15
          RenderText {#text} at (669,3) size 24x15
            text run at (669,3) width 24: "50%"
        RenderText {#text} at (693,0) size 8x17
          text run at (693,0) width 8: ", "
        RenderInline {CODE} at (0,0) size 24x15
          RenderText {#text} at (701,3) size 24x15
            text run at (701,3) width 24: "40%"
        RenderText {#text} at (725,0) size 8x17
          text run at (725,0) width 8: ", "
        RenderInline {CODE} at (0,0) size 24x15
          RenderText {#text} at (733,3) size 24x15
            text run at (733,3) width 24: "30%"
        RenderText {#text} at (757,0) size 4x17
          text run at (757,0) width 4: ","
        RenderInline {CODE} at (0,0) size 24x15
          RenderText {#text} at (0,21) size 24x15
            text run at (0,21) width 24: "40%"
        RenderText {#text} at (24,18) size 8x17
          text run at (24,18) width 8: ", "
        RenderInline {CODE} at (0,0) size 32x15
          RenderText {#text} at (32,21) size 32x15
            text run at (32,21) width 32: "auto"
        RenderText {#text} at (64,18) size 182x17
          text run at (64,18) width 182: " (with 70% margin-right), and "
        RenderInline {CODE} at (0,0) size 32x15
          RenderText {#text} at (246,21) size 32x15
            text run at (246,21) width 32: "auto"
        RenderText {#text} at (278,18) size 4x17
          text run at (278,18) width 4: "."
