layer at (0,0) size 800x600
  RenderView at (0,0) size 800x600
layer at (0,0) size 800x131
  RenderBlock {HTML} at (0,0) size 800x131
    RenderBody {BODY} at (8,8) size 784x115
      RenderBlock {DIV} at (0,0) size 784x92 [border: (3px solid #FFFF00)]
        RenderBlock (anonymous) at (3,3) size 778x17
          RenderText {#text} at (0,0) size 43x17
            text run at (0,0) width 43: "Yellow"
        RenderBlock {DIV} at (3,20) size 778x69 [border: (3px solid #0000FF)]
          RenderBlock (anonymous) at (3,3) size 772x17
            RenderText {#text} at (0,0) size 27x17
              text run at (0,0) width 27: "Blue"
          RenderBlock {DIV} at (3,20) size 772x23 [border: (3px solid #008000)]
            RenderText {#text} at (3,3) size 37x17
              text run at (3,3) width 37: "Green"
          RenderBlock {DIV} at (3,43) size 772x23 [border: (3px solid #FF0000)]
            RenderText {#text} at (3,3) size 25x17
              text run at (3,3) width 25: "Red"
      RenderBlock {DIV} at (0,92) size 784x23 [border: (3px solid #000080)]
        RenderBlock {DIV} at (3,3) size 778x17
          RenderText {#text} at (0,0) size 33x17
            text run at (0,0) width 33: "Navy"
