layer at (0,0) size 800x600
  RenderView at (0,0) size 800x600
layer at (0,0) size 800x600
  RenderBlock {HTML} at (0,0) size 800x600
    RenderBody {BODY} at (8,8) size 784x584
      RenderBlock {P} at (0,0) size 784x34
        RenderText {#text} at (0,0) size 99x17
          text run at (0,0) width 99: "This is a test for "
        RenderInline {I} at (0,0) size 778x34
          RenderInline {A} at (0,0) size 311x17 [color=#0000EE]
            RenderText {#text} at (99,0) size 311x17
              text run at (99,0) width 311: "https://bugs.webkit.org/show_bug.cgi?id=18809"
          RenderText {#text} at (410,0) size 778x34
            text run at (410,0) width 4: " "
            text run at (414,0) width 364: "Forms with block level generated content and absolutely"
            text run at (0,17) width 342: "positioned labels break inline layout (fixed on reflow)"
        RenderText {#text} at (342,17) size 4x17
          text run at (342,17) width 4: "."
      RenderBlock {DIV} at (0,50) size 784x34
        RenderBlock (anonymous) at (0,0) size 784x17
          RenderText {#text} at (0,0) size 91x17
            text run at (0,0) width 91: "This should be "
          RenderText {#text} at (91,0) size 72x17
            text run at (91,0) width 72: "a single line."
        RenderBlock (generated) at (0,17) size 784x17
          RenderText at (0,0) size 184x17
            text run at (0,0) width 184: "This should be the second line."
      RenderBlock {DIV} at (0,84) size 784x17
        RenderBlock {DIV} at (0,0) size 784x0
        RenderBlock (anonymous) at (0,0) size 784x17
          RenderText {#text} at (0,0) size 91x17
            text run at (0,0) width 91: "This should be "
          RenderText {#text} at (91,0) size 72x17
            text run at (91,0) width 72: "a single line."
      RenderBlock {DIV} at (0,101) size 784x17
        RenderBlock {DIV} at (0,0) size 784x0
        RenderBlock (anonymous) at (0,0) size 784x17
          RenderText {#text} at (91,0) size 72x17
            text run at (91,0) width 72: "a single line."
          RenderBlock (floating) {SPAN} at (0,0) size 91x17
            RenderText {#text} at (0,0) size 91x17
              text run at (0,0) width 91: "This should be "
