layer at (0,0) size 800x600
  RenderView at (0,0) size 800x600
layer at (0,0) size 800x600 layerType: background only
layer at (10,10) size 620x299
  RenderBlock (positioned) zI: -1 {DIV} at (10,10) size 620x299
    RenderBlock {DIV} at (10,10) size 600x279 [color=#00FF00]
      RenderText {#text} at (0,3) size 612x36
        text run at (0,3) width 612: "xxxxxxxxxxxxxxxxx"
      RenderBR {BR} at (0,0) size 0x0
      RenderText {#text} at (0,43) size 612x36
        text run at (0,43) width 612: "xxxxxxxxxxxxxxxxx"
      RenderBR {BR} at (0,0) size 0x0
      RenderText {#text} at (0,83) size 612x36
        text run at (0,83) width 612: "xxxxxxxxxxxxxxxxx"
      RenderBR {BR} at (0,0) size 0x0
      RenderText {#text} at (0,123) size 612x36
        text run at (0,123) width 612: "xxxxxxxxxxxxxxxxx"
      RenderBR {BR} at (0,0) size 0x0
      RenderText {#text} at (0,163) size 612x36
        text run at (0,163) width 612: "xxxxxxxxxxxxxxxxx"
      RenderBR {BR} at (0,0) size 0x0
      RenderText {#text} at (0,203) size 612x36
        text run at (0,203) width 612: "xxxxxxxxxxxxxxxxx"
      RenderBR {BR} at (0,0) size 0x0
      RenderText {#text} at (0,243) size 612x36
        text run at (0,243) width 612: "xxxxxxxxxxxxxxxxx"
      RenderBR {BR} at (0,0) size 0x0
layer at (0,0) size 800x600 layerType: foreground only
  RenderBlock {HTML} at (0,0) size 800x600
    RenderBody {BODY} at (8,8) size 784x584
layer at (10,10) size 620x295
  RenderBlock (positioned) {DIV} at (10,10) size 620x295
    RenderBlock {DIV} at (10,10) size 600x146
      RenderText {#text} at (0,13) size 587x133
        text run at (0,13) width 587: "This header should be centered"
        text run at (0,93) width 303: "in the grid lines."
    RenderBlock {DIV} at (10,155) size 600x130
      RenderText {#text} at (0,35) size 104x14
        text run at (0,35) width 104: "This text should snap"
      RenderBR {BR} at (104,46) size 0x0
      RenderText {#text} at (0,75) size 115x14
        text run at (0,75) width 115: "to a 36px font-size grid."
      RenderBR {BR} at (115,86) size 0x0
      RenderText {#text} at (0,115) size 249x14
        text run at (0,115) width 249: "There should be lots of spacing between these lines."
