layer at (0,0) size 800x600
  RenderView at (0,0) size 800x600
layer at (0,0) size 800x600
  RenderBlock {HTML} at (0,0) size 800x600
    RenderBody {BODY} at (8,8) size 784x584
      RenderText {#text} at (0,0) size 764x72
        text run at (0,0) width 764: "This is just a minimal page that we navigate in response to an"
        text run at (0,36) width 181: "HTTP POST. "
      RenderBR {BR} at (181,65) size 0x0
      RenderBR {BR} at (0,72) size 0x36
      RenderText {#text} at (0,108) size 781x108
        text run at (0,108) width 781: "If the next line is empty after the colon, it probably means that"
        text run at (0,144) width 120: "we made "
        text run at (120,144) width 638: "a mistake and requested this page with a GET with"
        text run at (0,180) width 364: "no query instead of a POST. "
      RenderBR {BR} at (364,209) size 0x0
      RenderBR {BR} at (0,216) size 0x36
      RenderText {#text} at (0,252) size 692x36
        text run at (0,252) width 692: "The first text field contained: New form text from user "
      RenderBR {BR} at (692,281) size 0x0
      RenderText {#text} at (0,288) size 563x36
        text run at (0,288) width 563: "This page was requested with an HTTP GET"

============== Back Forward List ==============
        http://127.0.0.1:8000/navigation/postredirect-basic.html  **nav target**
        http://127.0.0.1:8000/navigation/resources/success200.html  **nav target**
curr->  http://127.0.0.1:8000/navigation/resources/postresult.pl?submitwithpostredirect=Submit with POST followed by a redirect&textfield1=New form text from user&textfield2=&radiogroup1=female&checkbox2=on&selectgroup1=fiat&textarea1=More new form text from user%2C which should be restored when we return to this page.&redirectHappened=true  **nav target**
===============================================
