layer at (0,0) size 800x600
  RenderView at (0,0) size 800x600
layer at (0,0) size 800x17
  RenderBlock {P} at (0,0) size 800x17
    RenderText {#text} at (0,0) size 137x17
      text run at (0,0) width 137: "Hello World, Success!"
