layer at (0,0) size 800x600
  RenderView at (0,0) size 800x600
layer at (0,0) size 800x82
  RenderBlock {HTML} at (0,0) size 800x82
    RenderBody {BODY} at (8,16) size 784x50
      RenderBlock {P} at (0,0) size 784x17
        RenderText {#text} at (0,0) size 449x17
          text run at (0,0) width 449: "The following should look like: Arabic characters 123.4 Arabic characters."
      RenderBlock {P} at (0,33) size 784x17
        RenderText {#text} at (0,0) size 104x17
          text run at (0,0) width 34 RTL: " \x{644}\x{645}\x{646}"
          text run at (34,0) width 36: "123.4"
          text run at (70,0) width 34 RTL: "\x{627}\x{628}\x{62C} "
