layer at (0,0) size 800x600
  RenderView at (0,0) size 800x600
layer at (0,0) size 800x99
  RenderBlock {HTML} at (0,0) size 800x99
    RenderBody {BODY} at (8,16) size 784x67
      RenderBlock {P} at (0,0) size 784x34
        RenderText {#text} at (0,0) size 746x34
          text run at (0,0) width 746: "The three boxes should be the same. The order in each box should be: Roman letters, Hebrew letters, digits, Hebrew letters,"
          text run at (0,17) width 87: "Roman letters."
      RenderBlock {P} at (0,50) size 784x17
        RenderInline {SPAN} at (0,0) size 143x19 [border: (1px solid #008000)]
          RenderText {#text} at (1,0) size 141x17
            text run at (1,0) width 26: "abc "
            text run at (27,0) width 34 RTL: " \x{5D3}\x{5D4}\x{5D5}"
            text run at (61,0) width 24: "123"
            text run at (85,0) width 34 RTL: "\x{5D0}\x{5D1}\x{5D2} "
            text run at (119,0) width 23: " def"
        RenderText {#text} at (143,0) size 4x17
          text run at (143,0) width 4: " "
        RenderInline {SPAN} at (0,0) size 143x19 [border: (1px solid #008000)]
          RenderText {#text} at (148,0) size 141x17
            text run at (148,0) width 26: "abc "
            text run at (174,0) width 34 RTL: " \x{5D3}\x{5D4}\x{5D5}"
            text run at (208,0) width 24: "123"
            text run at (232,0) width 34 RTL: "\x{5D0}\x{5D1}\x{5D2} "
            text run at (266,0) width 23: " def"
        RenderText {#text} at (290,0) size 4x17
          text run at (290,0) width 4: " "
        RenderInline {SPAN} at (0,0) size 143x19 [border: (1px solid #008000)]
          RenderText {#text} at (295,0) size 141x17
            text run at (295,0) width 26: "abc "
            text run at (321,0) width 34 RTL: " \x{5D3}\x{5D4}\x{5D5}"
            text run at (355,0) width 24: "123"
            text run at (379,0) width 34 RTL: "\x{5D0}\x{5D1}\x{5D2} "
            text run at (413,0) width 23: " def"
        RenderText {#text} at (0,0) size 0x0
