layer at (0,0) size 800x600
  RenderView at (0,0) size 800x600
layer at (0,0) size 800x600
  RenderBlock {HTML} at (0,0) size 800x600
    RenderBody {BODY} at (8,8) size 784x576
      RenderBlock {FORM} at (0,0) size 784x0
      RenderBlock {FORM} at (0,0) size 784x43
        RenderBlock {HR} at (0,0) size 784x2 [border: (1px inset #000000)]
        RenderBlock (anonymous) at (0,10) size 784x23
          RenderInline {LABEL} at (0,0) size 481x17
            RenderText {#text} at (0,2) size 307x17
              text run at (0,2) width 307: "This is a searchable index. Enter search keywords: "
            RenderTextControl {INPUT} at (309,2) size 170x19
        RenderBlock {HR} at (0,41) size 784x2 [border: (1px inset #000000)]
layer at (319,22) size 166x15
  RenderBlock {DIV} at (2,2) size 166x15
