layer at (0,0) size 800x600
  RenderView at (0,0) size 800x600
layer at (0,0) size 800x508
  RenderBlock {HTML} at (0,0) size 800x509
    RenderBody {BODY} at (8,8) size 784x485
      RenderBlock {UL} at (185,0) size 414x192
        RenderListItem {LI} at (0,48) size 284x72
          RenderBlock {A} at (123,0) size 161x139 [color=#CCCCCC]
            RenderBlock {B} at (0,0) size 160x70 [border: none (40px solid #00000000) (69px solid #CCCCCC) (40px solid #00000000)]
            RenderBlock {B} at (0,70) size 160x70 [border: (69px solid #CCCCCC) (40px solid #00000000) none (40px solid #00000000)]
            RenderBlock {SPAN} at (8,61) size 144x17 [color=#000000]
              RenderInline {ABBR} at (0,0) size 30x16
                RenderText {#text} at (12,0) size 30x16
                  text run at (12,0) width 30: "CSS"
              RenderText {#text} at (42,0) size 90x16
                text run at (42,0) width 90: " examples"
        RenderListItem {LI} at (0,119) size 247x72
          RenderBlock {A} at (0,0) size 160x139 [color=#CCCCCC]
            RenderBlock {B} at (0,0) size 160x70 [border: none (40px solid #00000000) (69px solid #CCCCCC) (40px solid #00000000)]
            RenderBlock {B} at (0,70) size 160x70 [border: (69px solid #CCCCCC) (40px solid #00000000) none (40px solid #00000000)]
            RenderBlock {SPAN} at (8,61) size 144x17 [color=#000000]
              RenderText {#text} at (32,0) size 80x16
                text run at (32,0) width 80: "Favelets"
        RenderListItem {LI} at (246,119) size 161x72
          RenderBlock {A} at (0,0) size 160x139 [color=#CCCCCC]
            RenderBlock {B} at (0,0) size 160x70 [border: none (40px solid #00000000) (69px solid #CCCCCC) (40px solid #00000000)]
            RenderBlock {B} at (0,70) size 160x70 [border: (69px solid #CCCCCC) (40px solid #00000000) none (40px solid #00000000)]
            RenderBlock {SPAN} at (8,61) size 144x17 [color=#000000]
              RenderInline {ABBR} at (0,0) size 20x16
                RenderText {#text} at (62,0) size 20x16
                  text run at (62,0) width 20: "CV"
        RenderListItem {LI} at (0,190) size 284x72
          RenderBlock {A} at (123,0) size 161x139 [color=#CCCCCC]
            RenderBlock {B} at (0,0) size 160x70 [border: none (40px solid #00000000) (69px solid #CCCCCC) (40px solid #00000000)]
            RenderBlock {B} at (0,70) size 160x70 [border: (69px solid #CCCCCC) (40px solid #00000000) none (40px solid #00000000)]
            RenderBlock {SPAN} at (8,61) size 144x17 [color=#000000]
              RenderText {#text} at (57,0) size 30x16
                text run at (57,0) width 30: "log"
        RenderListItem {LI} at (0,261) size 247x72
          RenderBlock {A} at (0,0) size 160x139 [color=#CCCCCC]
            RenderBlock {B} at (0,0) size 160x70 [border: none (40px solid #00000000) (69px solid #CCCCCC) (40px solid #00000000)]
            RenderBlock {B} at (0,70) size 160x70 [border: (69px solid #CCCCCC) (40px solid #00000000) none (40px solid #00000000)]
            RenderBlock {SPAN} at (8,61) size 144x33 [color=#000000]
              RenderText {#text} at (12,0) size 70x16
                text run at (12,0) width 70: "simple "
              RenderInline {ABBR} at (0,0) size 50x16
                RenderText {#text} at (82,0) size 50x16
                  text run at (82,0) width 50: "XHTML"
              RenderText {#text} at (47,16) size 50x16
                text run at (47,16) width 50: "tests"
        RenderListItem {LI} at (246,261) size 161x72
          RenderBlock {A} at (0,0) size 160x139 [color=#CCCCCC]
            RenderBlock {B} at (0,0) size 160x70 [border: none (40px solid #00000000) (69px solid #CCCCCC) (40px solid #00000000)]
            RenderBlock {B} at (0,70) size 160x70 [border: (69px solid #CCCCCC) (40px solid #00000000) none (40px solid #00000000)]
            RenderBlock {SPAN} at (8,61) size 144x17 [color=#000000]
              RenderText {#text} at (27,0) size 90x16
                text run at (27,0) width 90: "entrances"
        RenderListItem {LI} at (0,332) size 284x72
          RenderBlock {A} at (123,0) size 161x139 [color=#CCCCCC]
            RenderBlock {B} at (0,0) size 160x70 [border: none (40px solid #00000000) (69px solid #CCCCCC) (40px solid #00000000)]
            RenderBlock {B} at (0,70) size 160x70 [border: (69px solid #CCCCCC) (40px solid #00000000) none (40px solid #00000000)]
            RenderBlock {SPAN} at (8,61) size 144x17 [color=#000000]
              RenderText {#text} at (52,0) size 40x16
                text run at (52,0) width 40: "exit"
      RenderBlock {P} at (0,403) size 784x82
        RenderText {#text} at (330,32) size 124x17
          text run at (330,32) width 124: "Ceci n'est pas Flash."
