layer at (0,0) size 785x625
  RenderView at (0,0) size 785x600
layer at (0,0) size 785x625
  RenderBlock {HTML} at (0,0) size 785x626
    RenderBody {BODY} at (8,21) size 769x586
      RenderBlock {H1} at (0,0) size 769x72
        RenderText {#text} at (0,0) size 544x36
          text run at (0,0) width 544: "Margins and block formating contexts ("
        RenderInline {A} at (0,0) size 752x72 [color=#0000EE]
          RenderText {#text} at (544,0) size 752x72
            text run at (544,0) width 208: "additional tests"
            text run at (0,36) width 253: "from Alan Gresley"
        RenderText {#text} at (253,36) size 11x36
          text run at (253,36) width 11: ")"
      RenderBlock {H3} at (0,93) size 769x64
        RenderText {#text} at (0,0) size 691x21
          text run at (0,0) width 691: "The orange stripe has 'overflow: auto', 'margin-left: 100px' and 'margin-right: 100px'"
        RenderBR {BR} at (691,0) size 0x21
        RenderText {#text} at (0,21) size 660x21
          text run at (0,21) width 660: "The lime stripes are floats with various width (topmost is 0, bottommost is 150px)"
        RenderBR {BR} at (660,21) size 0x21
        RenderText {#text} at (0,42) size 401x21
          text run at (0,42) width 401: "The wrapping container has a solid silver border."
      RenderBlock {DIV} at (16,175) size 650x28 [border: (5px solid #C0C0C0)]
        RenderBlock (floating) {DIV} at (5,5) size 0x16 [bgcolor=#00FF00]
          RenderText {#text} at (0,0) size 35x17
            text run at (0,0) width 35: "floatL"
      RenderBlock {DIV} at (16,218) size 650x28 [border: (5px solid #C0C0C0)]
        RenderBlock (floating) {DIV} at (5,5) size 50x16 [bgcolor=#00FF00]
          RenderText {#text} at (0,0) size 35x17
            text run at (0,0) width 35: "floatL"
      RenderBlock {DIV} at (16,261) size 650x28 [border: (5px solid #C0C0C0)]
        RenderBlock (floating) {DIV} at (5,5) size 100x16 [bgcolor=#00FF00]
          RenderText {#text} at (0,0) size 35x17
            text run at (0,0) width 35: "floatL"
      RenderBlock {DIV} at (16,304) size 650x28 [border: (5px solid #C0C0C0)]
        RenderBlock (floating) {DIV} at (5,5) size 150x16 [bgcolor=#00FF00]
          RenderText {#text} at (0,0) size 78x17
            text run at (0,0) width 78: "floatL 150px"
      RenderBlock {DIV} at (16,347) size 650x28 [border: (5px solid #C0C0C0)]
        RenderBlock (floating) {DIV} at (645,5) size 0x16 [bgcolor=#00FF00]
          RenderText {#text} at (0,0) size 36x17
            text run at (0,0) width 36: "floatR"
      RenderBlock {DIV} at (16,390) size 650x28 [border: (5px solid #C0C0C0)]
        RenderBlock (floating) {DIV} at (595,5) size 50x16 [bgcolor=#00FF00]
          RenderText {#text} at (0,0) size 36x17
            text run at (0,0) width 36: "floatR"
      RenderBlock {DIV} at (16,433) size 650x28 [border: (5px solid #C0C0C0)]
        RenderBlock (floating) {DIV} at (545,5) size 100x16 [bgcolor=#00FF00]
          RenderText {#text} at (0,0) size 36x17
            text run at (0,0) width 36: "floatR"
      RenderBlock {DIV} at (16,476) size 650x28 [border: (5px solid #C0C0C0)]
        RenderBlock (floating) {DIV} at (495,5) size 150x16 [bgcolor=#00FF00]
          RenderText {#text} at (0,0) size 79x17
            text run at (0,0) width 79: "floatR 150px"
      RenderBlock {H3} at (0,521) size 769x64
        RenderText {#text} at (0,0) size 665x21
          text run at (0,0) width 665: "The orange stripe has 'overflow: auto', 'margin-left: auto' and 'margin-right: auto'"
        RenderBR {BR} at (665,0) size 0x21
        RenderText {#text} at (0,21) size 660x21
          text run at (0,21) width 660: "The lime stripes are floats with various width (topmost is 0, bottommost is 150px)"
        RenderBR {BR} at (660,21) size 0x21
        RenderText {#text} at (0,42) size 401x21
          text run at (0,42) width 401: "The wrapping container has a solid silver border."
layer at (129,202) size 440x17
  RenderBlock {DIV} at (105,5) size 440x17 [bgcolor=#FFA500]
    RenderText {#text} at (0,0) size 161x17
      text run at (0,0) width 161: "<div> with 'overflow: auto'"
layer at (129,245) size 440x17
  RenderBlock {DIV} at (105,5) size 440x17 [bgcolor=#FFA500]
    RenderText {#text} at (0,0) size 161x17
      text run at (0,0) width 161: "<div> with 'overflow: auto'"
layer at (129,288) size 440x17
  RenderBlock {DIV} at (105,5) size 440x17 [bgcolor=#FFA500]
    RenderText {#text} at (0,0) size 161x17
      text run at (0,0) width 161: "<div> with 'overflow: auto'"
layer at (179,331) size 390x17
  RenderBlock {DIV} at (155,5) size 390x17 [bgcolor=#FFA500]
    RenderText {#text} at (0,0) size 161x17
      text run at (0,0) width 161: "<div> with 'overflow: auto'"
layer at (129,374) size 440x17
  RenderBlock {DIV} at (105,5) size 440x17 [bgcolor=#FFA500]
    RenderText {#text} at (0,0) size 161x17
      text run at (0,0) width 161: "<div> with 'overflow: auto'"
layer at (129,417) size 440x17
  RenderBlock {DIV} at (105,5) size 440x17 [bgcolor=#FFA500]
    RenderText {#text} at (0,0) size 161x17
      text run at (0,0) width 161: "<div> with 'overflow: auto'"
layer at (129,460) size 440x17
  RenderBlock {DIV} at (105,5) size 440x17 [bgcolor=#FFA500]
    RenderText {#text} at (0,0) size 161x17
      text run at (0,0) width 161: "<div> with 'overflow: auto'"
layer at (129,503) size 390x17
  RenderBlock {DIV} at (105,5) size 390x17 [bgcolor=#FFA500]
    RenderText {#text} at (0,0) size 161x17
      text run at (0,0) width 161: "<div> with 'overflow: auto'"
