layer at (0,0) size 785x2397
  RenderView at (0,0) size 785x600
layer at (0,0) size 785x2397
  RenderBlock {HTML} at (0,0) size 785x2397
    RenderBody {BODY} at (8,16) size 769x2365
layer at (8,16) size 760x348
  RenderBlock {DIV} at (0,0) size 760x348 [border: (5px solid #800000)]
    RenderBlock {H2} at (5,24) size 750x27 [bgcolor=#EEEEEE]
      RenderText {#text} at (0,0) size 274x26
        text run at (0,0) width 274: "This is a spanning element."
    RenderMultiColumnSet at (5,70) size 750x273
layer at (13,21) size 367x544
  RenderMultiColumnFlowThread at (5,5) size 367x544
    RenderMultiColumnSpannerPlaceholder at (0,0) size 0x0
    RenderBlock (anonymous) at (0,0) size 367x544
      RenderText {#text} at (0,0) size 367x544
        text run at (0,0) width 337: "Lorem ipsum dolor sit amet, consectetuer adipiscing elit."
        text run at (0,17) width 367: "Nulla varius enim ac mi. Curabitur sollicitudin felis quis lectus."
        text run at (0,34) width 362: "Quisque adipiscing rhoncus sem. Proin nulla purus, vulputate"
        text run at (0,51) width 358: "vel, varius ut, euismod et, nisi. Sed vitae felis vel orci sagittis"
        text run at (0,68) width 365: "aliquam. Cras convallis adipiscing sem. Nam nonummy enim."
        text run at (0,85) width 329: "Nullam bibendum lobortis neque. Vestibulum velit orci,"
        text run at (0,102) width 309: "tempus euismod, pretium quis, interdum vitae, nulla."
        text run at (0,119) width 321: "Phasellus eget ante et tortor condimentum vestibulum."
        text run at (0,136) width 360: "Suspendisse hendrerit quam nec felis. Sed varius turpis vitae"
        text run at (0,153) width 350: "pede. Lorem ipsum dolor sit amet, consectetuer adipiscing"
        text run at (0,170) width 25: "elit. "
        text run at (25,170) width 337: "Lorem ipsum dolor sit amet, consectetuer adipiscing elit."
        text run at (0,187) width 367: "Nulla varius enim ac mi. Curabitur sollicitudin felis quis lectus."
        text run at (0,204) width 362: "Quisque adipiscing rhoncus sem. Proin nulla purus, vulputate"
        text run at (0,221) width 358: "vel, varius ut, euismod et, nisi. Sed vitae felis vel orci sagittis"
        text run at (0,238) width 365: "aliquam. Cras convallis adipiscing sem. Nam nonummy enim."
        text run at (0,255) width 329: "Nullam bibendum lobortis neque. Vestibulum velit orci,"
        text run at (0,272) width 309: "tempus euismod, pretium quis, interdum vitae, nulla."
        text run at (0,289) width 321: "Phasellus eget ante et tortor condimentum vestibulum."
        text run at (0,306) width 360: "Suspendisse hendrerit quam nec felis. Sed varius turpis vitae"
        text run at (0,323) width 350: "pede. Lorem ipsum dolor sit amet, consectetuer adipiscing"
        text run at (0,340) width 25: "elit. "
        text run at (25,340) width 337: "Lorem ipsum dolor sit amet, consectetuer adipiscing elit."
        text run at (0,357) width 367: "Nulla varius enim ac mi. Curabitur sollicitudin felis quis lectus."
        text run at (0,374) width 362: "Quisque adipiscing rhoncus sem. Proin nulla purus, vulputate"
        text run at (0,391) width 358: "vel, varius ut, euismod et, nisi. Sed vitae felis vel orci sagittis"
        text run at (0,408) width 365: "aliquam. Cras convallis adipiscing sem. Nam nonummy enim."
        text run at (0,425) width 329: "Nullam bibendum lobortis neque. Vestibulum velit orci,"
        text run at (0,442) width 309: "tempus euismod, pretium quis, interdum vitae, nulla."
        text run at (0,459) width 321: "Phasellus eget ante et tortor condimentum vestibulum."
        text run at (0,476) width 360: "Suspendisse hendrerit quam nec felis. Sed varius turpis vitae"
        text run at (0,493) width 350: "pede. Lorem ipsum dolor sit amet, consectetuer adipiscing"
        text run at (0,510) width 25: "elit. "
        text run at (25,510) width 337: "Lorem ipsum dolor sit amet, consectetuer adipiscing elit."
        text run at (0,527) width 143: "Nulla varius enim ac mi."
layer at (8,380) size 760x348
  RenderBlock {DIV} at (0,363) size 760x349 [border: (5px solid #800000)]
    RenderMultiColumnSet at (5,5) size 750x272
    RenderBlock {H2} at (5,296) size 750x27 [bgcolor=#EEEEEE]
      RenderText {#text} at (0,0) size 274x26
        text run at (0,0) width 274: "This is a spanning element."
    RenderMultiColumnSet at (5,342) size 750x0
layer at (13,385) size 367x544
  RenderMultiColumnFlowThread at (5,5) size 367x544
    RenderBlock (anonymous) at (0,0) size 367x544
      RenderText {#text} at (0,0) size 367x544
        text run at (0,0) width 337: "Lorem ipsum dolor sit amet, consectetuer adipiscing elit."
        text run at (0,17) width 367: "Nulla varius enim ac mi. Curabitur sollicitudin felis quis lectus."
        text run at (0,34) width 362: "Quisque adipiscing rhoncus sem. Proin nulla purus, vulputate"
        text run at (0,51) width 358: "vel, varius ut, euismod et, nisi. Sed vitae felis vel orci sagittis"
        text run at (0,68) width 365: "aliquam. Cras convallis adipiscing sem. Nam nonummy enim."
        text run at (0,85) width 329: "Nullam bibendum lobortis neque. Vestibulum velit orci,"
        text run at (0,102) width 309: "tempus euismod, pretium quis, interdum vitae, nulla."
        text run at (0,119) width 321: "Phasellus eget ante et tortor condimentum vestibulum."
        text run at (0,136) width 360: "Suspendisse hendrerit quam nec felis. Sed varius turpis vitae"
        text run at (0,153) width 350: "pede. Lorem ipsum dolor sit amet, consectetuer adipiscing"
        text run at (0,170) width 25: "elit. "
        text run at (25,170) width 337: "Lorem ipsum dolor sit amet, consectetuer adipiscing elit."
        text run at (0,187) width 367: "Nulla varius enim ac mi. Curabitur sollicitudin felis quis lectus."
        text run at (0,204) width 362: "Quisque adipiscing rhoncus sem. Proin nulla purus, vulputate"
        text run at (0,221) width 358: "vel, varius ut, euismod et, nisi. Sed vitae felis vel orci sagittis"
        text run at (0,238) width 365: "aliquam. Cras convallis adipiscing sem. Nam nonummy enim."
        text run at (0,255) width 329: "Nullam bibendum lobortis neque. Vestibulum velit orci,"
        text run at (0,272) width 309: "tempus euismod, pretium quis, interdum vitae, nulla."
        text run at (0,289) width 321: "Phasellus eget ante et tortor condimentum vestibulum."
        text run at (0,306) width 360: "Suspendisse hendrerit quam nec felis. Sed varius turpis vitae"
        text run at (0,323) width 350: "pede. Lorem ipsum dolor sit amet, consectetuer adipiscing"
        text run at (0,340) width 25: "elit. "
        text run at (25,340) width 337: "Lorem ipsum dolor sit amet, consectetuer adipiscing elit."
        text run at (0,357) width 367: "Nulla varius enim ac mi. Curabitur sollicitudin felis quis lectus."
        text run at (0,374) width 362: "Quisque adipiscing rhoncus sem. Proin nulla purus, vulputate"
        text run at (0,391) width 358: "vel, varius ut, euismod et, nisi. Sed vitae felis vel orci sagittis"
        text run at (0,408) width 365: "aliquam. Cras convallis adipiscing sem. Nam nonummy enim."
        text run at (0,425) width 329: "Nullam bibendum lobortis neque. Vestibulum velit orci,"
        text run at (0,442) width 309: "tempus euismod, pretium quis, interdum vitae, nulla."
        text run at (0,459) width 321: "Phasellus eget ante et tortor condimentum vestibulum."
        text run at (0,476) width 360: "Suspendisse hendrerit quam nec felis. Sed varius turpis vitae"
        text run at (0,493) width 350: "pede. Lorem ipsum dolor sit amet, consectetuer adipiscing"
        text run at (0,510) width 25: "elit. "
        text run at (25,510) width 337: "Lorem ipsum dolor sit amet, consectetuer adipiscing elit."
        text run at (0,527) width 143: "Nulla varius enim ac mi."
    RenderMultiColumnSpannerPlaceholder at (0,544) size 0x0
layer at (8,744) size 760x396
  RenderBlock {DIV} at (0,727) size 760x398 [border: (5px solid #800000)]
    RenderMultiColumnSet at (5,5) size 750x118
    RenderBlock {H2} at (5,142) size 750x27 [bgcolor=#EEEEEE]
      RenderText {#text} at (0,0) size 274x26
        text run at (0,0) width 274: "This is a spanning element."
    RenderMultiColumnSet at (5,188) size 750x204
layer at (13,749) size 367x625
  RenderMultiColumnFlowThread at (5,5) size 367x625
    RenderBlock {P} at (0,16) size 367x204
      RenderText {#text} at (0,0) size 367x204
        text run at (0,0) width 337: "Lorem ipsum dolor sit amet, consectetuer adipiscing elit."
        text run at (0,17) width 367: "Nulla varius enim ac mi. Curabitur sollicitudin felis quis lectus."
        text run at (0,34) width 362: "Quisque adipiscing rhoncus sem. Proin nulla purus, vulputate"
        text run at (0,51) width 358: "vel, varius ut, euismod et, nisi. Sed vitae felis vel orci sagittis"
        text run at (0,68) width 365: "aliquam. Cras convallis adipiscing sem. Nam nonummy enim."
        text run at (0,85) width 329: "Nullam bibendum lobortis neque. Vestibulum velit orci,"
        text run at (0,102) width 309: "tempus euismod, pretium quis, interdum vitae, nulla."
        text run at (0,119) width 321: "Phasellus eget ante et tortor condimentum vestibulum."
        text run at (0,136) width 360: "Suspendisse hendrerit quam nec felis. Sed varius turpis vitae"
        text run at (0,153) width 350: "pede. Lorem ipsum dolor sit amet, consectetuer adipiscing"
        text run at (0,170) width 25: "elit. "
        text run at (25,170) width 337: "Lorem ipsum dolor sit amet, consectetuer adipiscing elit."
        text run at (0,187) width 143: "Nulla varius enim ac mi."
    RenderMultiColumnSpannerPlaceholder at (0,236) size 0x0
    RenderBlock {P} at (0,252) size 367x357
      RenderText {#text} at (0,0) size 367x357
        text run at (0,0) width 337: "Lorem ipsum dolor sit amet, consectetuer adipiscing elit."
        text run at (0,17) width 367: "Nulla varius enim ac mi. Curabitur sollicitudin felis quis lectus."
        text run at (0,34) width 362: "Quisque adipiscing rhoncus sem. Proin nulla purus, vulputate"
        text run at (0,51) width 358: "vel, varius ut, euismod et, nisi. Sed vitae felis vel orci sagittis"
        text run at (0,68) width 365: "aliquam. Cras convallis adipiscing sem. Nam nonummy enim."
        text run at (0,85) width 329: "Nullam bibendum lobortis neque. Vestibulum velit orci,"
        text run at (0,102) width 309: "tempus euismod, pretium quis, interdum vitae, nulla."
        text run at (0,119) width 321: "Phasellus eget ante et tortor condimentum vestibulum."
        text run at (0,136) width 360: "Suspendisse hendrerit quam nec felis. Sed varius turpis vitae"
        text run at (0,153) width 350: "pede. Lorem ipsum dolor sit amet, consectetuer adipiscing"
        text run at (0,170) width 25: "elit. "
        text run at (25,170) width 337: "Lorem ipsum dolor sit amet, consectetuer adipiscing elit."
        text run at (0,187) width 367: "Nulla varius enim ac mi. Curabitur sollicitudin felis quis lectus."
        text run at (0,204) width 362: "Quisque adipiscing rhoncus sem. Proin nulla purus, vulputate"
        text run at (0,221) width 358: "vel, varius ut, euismod et, nisi. Sed vitae felis vel orci sagittis"
        text run at (0,238) width 365: "aliquam. Cras convallis adipiscing sem. Nam nonummy enim."
        text run at (0,255) width 329: "Nullam bibendum lobortis neque. Vestibulum velit orci,"
        text run at (0,272) width 309: "tempus euismod, pretium quis, interdum vitae, nulla."
        text run at (0,289) width 321: "Phasellus eget ante et tortor condimentum vestibulum."
        text run at (0,306) width 360: "Suspendisse hendrerit quam nec felis. Sed varius turpis vitae"
        text run at (0,323) width 350: "pede. Lorem ipsum dolor sit amet, consectetuer adipiscing"
        text run at (0,340) width 21: "elit."
layer at (8,1156) size 760x381
  RenderBlock {DIV} at (0,1140) size 760x382 [border: (5px solid #800000)]
    RenderMultiColumnSet at (5,5) size 750x102
    RenderBlock {H2} at (5,126) size 750x27 [bgcolor=#EEEEEE]
      RenderText {#text} at (0,0) size 274x26
        text run at (0,0) width 274: "This is a spanning element."
    RenderMultiColumnSet at (5,172) size 750x204
layer at (13,1161) size 367x610
  RenderMultiColumnFlowThread at (5,5) size 367x610
    RenderBlock (anonymous) at (0,0) size 367x204
      RenderText {#text} at (0,0) size 367x204
        text run at (0,0) width 337: "Lorem ipsum dolor sit amet, consectetuer adipiscing elit."
        text run at (0,17) width 367: "Nulla varius enim ac mi. Curabitur sollicitudin felis quis lectus."
        text run at (0,34) width 362: "Quisque adipiscing rhoncus sem. Proin nulla purus, vulputate"
        text run at (0,51) width 358: "vel, varius ut, euismod et, nisi. Sed vitae felis vel orci sagittis"
        text run at (0,68) width 365: "aliquam. Cras convallis adipiscing sem. Nam nonummy enim."
        text run at (0,85) width 329: "Nullam bibendum lobortis neque. Vestibulum velit orci,"
        text run at (0,102) width 309: "tempus euismod, pretium quis, interdum vitae, nulla."
        text run at (0,119) width 321: "Phasellus eget ante et tortor condimentum vestibulum."
        text run at (0,136) width 360: "Suspendisse hendrerit quam nec felis. Sed varius turpis vitae"
        text run at (0,153) width 350: "pede. Lorem ipsum dolor sit amet, consectetuer adipiscing"
        text run at (0,170) width 25: "elit. "
        text run at (25,170) width 337: "Lorem ipsum dolor sit amet, consectetuer adipiscing elit."
        text run at (0,187) width 143: "Nulla varius enim ac mi."
    RenderMultiColumnSpannerPlaceholder at (0,204) size 0x0
    RenderBlock (anonymous) at (0,204) size 367x187
      RenderInline {SPAN} at (0,0) size 40x17
        RenderText {#text} at (0,0) size 40x17
          text run at (0,0) width 40: "Lorem"
      RenderText {#text} at (40,0) size 367x187
        text run at (40,0) width 297: " ipsum dolor sit amet, consectetuer adipiscing elit."
        text run at (0,17) width 367: "Nulla varius enim ac mi. Curabitur sollicitudin felis quis lectus."
        text run at (0,34) width 362: "Quisque adipiscing rhoncus sem. Proin nulla purus, vulputate"
        text run at (0,51) width 358: "vel, varius ut, euismod et, nisi. Sed vitae felis vel orci sagittis"
        text run at (0,68) width 365: "aliquam. Cras convallis adipiscing sem. Nam nonummy enim."
        text run at (0,85) width 329: "Nullam bibendum lobortis neque. Vestibulum velit orci,"
        text run at (0,102) width 309: "tempus euismod, pretium quis, interdum vitae, nulla."
        text run at (0,119) width 321: "Phasellus eget ante et tortor condimentum vestibulum."
        text run at (0,136) width 360: "Suspendisse hendrerit quam nec felis. Sed varius turpis vitae"
        text run at (0,153) width 350: "pede. Lorem ipsum dolor sit amet, consectetuer adipiscing"
        text run at (0,170) width 21: "elit."
    RenderBlock {P} at (0,407) size 367x187
      RenderText {#text} at (0,0) size 367x187
        text run at (0,0) width 337: "Lorem ipsum dolor sit amet, consectetuer adipiscing elit."
        text run at (0,17) width 367: "Nulla varius enim ac mi. Curabitur sollicitudin felis quis lectus."
        text run at (0,34) width 362: "Quisque adipiscing rhoncus sem. Proin nulla purus, vulputate"
        text run at (0,51) width 358: "vel, varius ut, euismod et, nisi. Sed vitae felis vel orci sagittis"
        text run at (0,68) width 365: "aliquam. Cras convallis adipiscing sem. Nam nonummy enim."
        text run at (0,85) width 329: "Nullam bibendum lobortis neque. Vestibulum velit orci,"
        text run at (0,102) width 309: "tempus euismod, pretium quis, interdum vitae, nulla."
        text run at (0,119) width 321: "Phasellus eget ante et tortor condimentum vestibulum."
        text run at (0,136) width 360: "Suspendisse hendrerit quam nec felis. Sed varius turpis vitae"
        text run at (0,153) width 350: "pede. Lorem ipsum dolor sit amet, consectetuer adipiscing"
        text run at (0,170) width 21: "elit."
layer at (8,1553) size 760x398
  RenderBlock {DIV} at (0,1537) size 760x399 [border: (5px solid #800000)]
    RenderMultiColumnSet at (5,5) size 750x204
    RenderBlock {H2} at (5,228) size 750x27 [bgcolor=#EEEEEE]
      RenderText {#text} at (0,0) size 274x26
        text run at (0,0) width 274: "This is a spanning element."
    RenderMultiColumnSet at (5,274) size 750x119
layer at (13,1558) size 367x627
  RenderMultiColumnFlowThread at (5,5) size 367x627
    RenderBlock (anonymous) at (0,0) size 367x187
      RenderInline {SPAN} at (0,0) size 367x187
        RenderText {#text} at (0,0) size 367x187
          text run at (0,0) width 337: "Lorem ipsum dolor sit amet, consectetuer adipiscing elit."
          text run at (0,17) width 367: "Nulla varius enim ac mi. Curabitur sollicitudin felis quis lectus."
          text run at (0,34) width 362: "Quisque adipiscing rhoncus sem. Proin nulla purus, vulputate"
          text run at (0,51) width 358: "vel, varius ut, euismod et, nisi. Sed vitae felis vel orci sagittis"
          text run at (0,68) width 365: "aliquam. Cras convallis adipiscing sem. Nam nonummy enim."
          text run at (0,85) width 329: "Nullam bibendum lobortis neque. Vestibulum velit orci,"
          text run at (0,102) width 309: "tempus euismod, pretium quis, interdum vitae, nulla."
          text run at (0,119) width 321: "Phasellus eget ante et tortor condimentum vestibulum."
          text run at (0,136) width 360: "Suspendisse hendrerit quam nec felis. Sed varius turpis vitae"
          text run at (0,153) width 350: "pede. Lorem ipsum dolor sit amet, consectetuer adipiscing"
          text run at (0,170) width 21: "elit."
    RenderBlock (anonymous) at (0,187) size 367x34
      RenderBlock {SPAN} at (0,0) size 367x34
        RenderText {#text} at (0,0) size 337x34
          text run at (0,0) width 337: "Lorem ipsum dolor sit amet, consectetuer adipiscing elit."
          text run at (0,17) width 143: "Nulla varius enim ac mi."
    RenderBlock (anonymous) at (0,221) size 367x187
      RenderInline {SPAN} at (0,0) size 40x17
        RenderText {#text} at (0,0) size 40x17
          text run at (0,0) width 40: "Lorem"
      RenderText {#text} at (40,0) size 367x187
        text run at (40,0) width 297: " ipsum dolor sit amet, consectetuer adipiscing elit."
        text run at (0,17) width 367: "Nulla varius enim ac mi. Curabitur sollicitudin felis quis lectus."
        text run at (0,34) width 362: "Quisque adipiscing rhoncus sem. Proin nulla purus, vulputate"
        text run at (0,51) width 358: "vel, varius ut, euismod et, nisi. Sed vitae felis vel orci sagittis"
        text run at (0,68) width 365: "aliquam. Cras convallis adipiscing sem. Nam nonummy enim."
        text run at (0,85) width 329: "Nullam bibendum lobortis neque. Vestibulum velit orci,"
        text run at (0,102) width 309: "tempus euismod, pretium quis, interdum vitae, nulla."
        text run at (0,119) width 321: "Phasellus eget ante et tortor condimentum vestibulum."
        text run at (0,136) width 360: "Suspendisse hendrerit quam nec felis. Sed varius turpis vitae"
        text run at (0,153) width 350: "pede. Lorem ipsum dolor sit amet, consectetuer adipiscing"
        text run at (0,170) width 21: "elit."
    RenderMultiColumnSpannerPlaceholder at (0,408) size 0x0
    RenderBlock {P} at (0,424) size 367x187
      RenderText {#text} at (0,0) size 367x187
        text run at (0,0) width 337: "Lorem ipsum dolor sit amet, consectetuer adipiscing elit."
        text run at (0,17) width 367: "Nulla varius enim ac mi. Curabitur sollicitudin felis quis lectus."
        text run at (0,34) width 362: "Quisque adipiscing rhoncus sem. Proin nulla purus, vulputate"
        text run at (0,51) width 358: "vel, varius ut, euismod et, nisi. Sed vitae felis vel orci sagittis"
        text run at (0,68) width 365: "aliquam. Cras convallis adipiscing sem. Nam nonummy enim."
        text run at (0,85) width 329: "Nullam bibendum lobortis neque. Vestibulum velit orci,"
        text run at (0,102) width 309: "tempus euismod, pretium quis, interdum vitae, nulla."
        text run at (0,119) width 321: "Phasellus eget ante et tortor condimentum vestibulum."
        text run at (0,136) width 360: "Suspendisse hendrerit quam nec felis. Sed varius turpis vitae"
        text run at (0,153) width 350: "pede. Lorem ipsum dolor sit amet, consectetuer adipiscing"
        text run at (0,170) width 21: "elit."
layer at (8,1967) size 760x414
  RenderBlock {DIV} at (0,1951) size 760x414 [border: (5px solid #800000)]
    RenderMultiColumnSet at (5,5) size 750x236
    RenderBlock {H2} at (5,260) size 750x27 [bgcolor=#EEEEEE]
      RenderText {#text} at (0,0) size 274x26
        text run at (0,0) width 274: "This is a spanning element."
    RenderMultiColumnSet at (5,306) size 750x103
layer at (13,1972) size 367x659 backgroundClip at (0,0) size 785x2397 clip at (0,0) size 785x2397
  RenderMultiColumnFlowThread at (5,5) size 367x659
    RenderBlock {P} at (0,16) size 367x187
      RenderText {#text} at (0,0) size 367x187
        text run at (0,0) width 337: "Lorem ipsum dolor sit amet, consectetuer adipiscing elit."
        text run at (0,17) width 367: "Nulla varius enim ac mi. Curabitur sollicitudin felis quis lectus."
        text run at (0,34) width 362: "Quisque adipiscing rhoncus sem. Proin nulla purus, vulputate"
        text run at (0,51) width 358: "vel, varius ut, euismod et, nisi. Sed vitae felis vel orci sagittis"
        text run at (0,68) width 365: "aliquam. Cras convallis adipiscing sem. Nam nonummy enim."
        text run at (0,85) width 329: "Nullam bibendum lobortis neque. Vestibulum velit orci,"
        text run at (0,102) width 309: "tempus euismod, pretium quis, interdum vitae, nulla."
        text run at (0,119) width 321: "Phasellus eget ante et tortor condimentum vestibulum."
        text run at (0,136) width 360: "Suspendisse hendrerit quam nec felis. Sed varius turpis vitae"
        text run at (0,153) width 350: "pede. Lorem ipsum dolor sit amet, consectetuer adipiscing"
        text run at (0,170) width 21: "elit."
    RenderBlock {P} at (0,219) size 367x34
      RenderText {#text} at (0,0) size 337x34
        text run at (0,0) width 337: "Lorem ipsum dolor sit amet, consectetuer adipiscing elit."
        text run at (0,17) width 143: "Nulla varius enim ac mi."
    RenderBlock {P} at (0,269) size 367x187
      RenderText {#text} at (0,0) size 367x187
        text run at (0,0) width 337: "Lorem ipsum dolor sit amet, consectetuer adipiscing elit."
        text run at (0,17) width 367: "Nulla varius enim ac mi. Curabitur sollicitudin felis quis lectus."
        text run at (0,34) width 362: "Quisque adipiscing rhoncus sem. Proin nulla purus, vulputate"
        text run at (0,51) width 358: "vel, varius ut, euismod et, nisi. Sed vitae felis vel orci sagittis"
        text run at (0,68) width 365: "aliquam. Cras convallis adipiscing sem. Nam nonummy enim."
        text run at (0,85) width 329: "Nullam bibendum lobortis neque. Vestibulum velit orci,"
        text run at (0,102) width 309: "tempus euismod, pretium quis, interdum vitae, nulla."
        text run at (0,119) width 321: "Phasellus eget ante et tortor condimentum vestibulum."
        text run at (0,136) width 360: "Suspendisse hendrerit quam nec felis. Sed varius turpis vitae"
        text run at (0,153) width 350: "pede. Lorem ipsum dolor sit amet, consectetuer adipiscing"
        text run at (0,170) width 21: "elit."
    RenderMultiColumnSpannerPlaceholder at (0,472) size 0x0
    RenderBlock (anonymous) at (0,472) size 367x17
      RenderInline {SPAN} at (0,0) size 337x17
        RenderText {#text} at (0,0) size 337x17
          text run at (0,0) width 337: "Lorem ipsum dolor sit amet, consectetuer adipiscing elit."
    RenderBlock (anonymous) at (0,489) size 367x17
      RenderBlock {SPAN} at (0,0) size 367x17
        RenderText {#text} at (0,0) size 143x17
          text run at (0,0) width 143: "Nulla varius enim ac mi."
    RenderBlock (anonymous) at (0,506) size 367x153
      RenderInline {SPAN} at (0,0) size 364x153
        RenderText {#text} at (0,0) size 364x153
          text run at (0,0) width 337: "Curabitur sollicitudin felis quis lectus. Quisque adipiscing"
          text run at (0,17) width 328: "rhoncus sem. Proin nulla purus, vulputate vel, varius ut,"
          text run at (0,34) width 362: "euismod et, nisi. Sed vitae felis vel orci sagittis aliquam. Cras"
          text run at (0,51) width 325: "convallis adipiscing sem. Nam nonummy enim. Nullam"
          text run at (0,68) width 329: "bibendum lobortis neque. Vestibulum velit orci, tempus"
          text run at (0,85) width 350: "euismod, pretium quis, interdum vitae, nulla. Phasellus eget"
          text run at (0,102) width 311: "ante et tortor condimentum vestibulum. Suspendisse"
          text run at (0,119) width 364: "hendrerit quam nec felis. Sed varius turpis vitae pede. Lorem"
          text run at (0,136) width 293: "ipsum dolor sit amet, consectetuer adipiscing elit."
      RenderText {#text} at (0,0) size 0x0
