layer at (0,0) size 785x3156
  RenderView at (0,0) size 785x600
layer at (0,0) size 785x3156
  RenderBlock {HTML} at (0,0) size 785x3156
    RenderBody {BODY} at (8,16) size 769x3124
layer at (8,16) size 760x348
  RenderBlock {DIV} at (0,0) size 760x348 [border: (5px solid #800000)]
    RenderBlock {H2} at (5,24) size 750x27 [bgcolor=#EEEEEE]
      RenderText {#text} at (0,0) size 660x26
        text run at (0,0) width 660: "This is a spanning element at the beginning of the columns block."
    RenderMultiColumnSet at (5,70) size 750x273
layer at (13,21) size 367x544
  RenderMultiColumnFlowThread at (5,5) size 367x544
    RenderMultiColumnSpannerPlaceholder at (0,0) size 0x0
    RenderBlock (anonymous) at (0,0) size 367x544
      RenderText {#text} at (0,0) size 367x544
        text run at (0,0) width 337: "Lorem ipsum dolor sit amet, consectetuer adipiscing elit."
        text run at (0,17) width 367: "Nulla varius enim ac mi. Curabitur sollicitudin felis quis lectus."
        text run at (0,34) width 362: "Quisque adipiscing rhoncus sem. Proin nulla purus, vulputate"
        text run at (0,51) width 358: "vel, varius ut, euismod et, nisi. Sed vitae felis vel orci sagittis"
        text run at (0,68) width 365: "aliquam. Cras convallis adipiscing sem. Nam nonummy enim."
        text run at (0,85) width 329: "Nullam bibendum lobortis neque. Vestibulum velit orci,"
        text run at (0,102) width 309: "tempus euismod, pretium quis, interdum vitae, nulla."
        text run at (0,119) width 321: "Phasellus eget ante et tortor condimentum vestibulum."
        text run at (0,136) width 360: "Suspendisse hendrerit quam nec felis. Sed varius turpis vitae"
        text run at (0,153) width 350: "pede. Lorem ipsum dolor sit amet, consectetuer adipiscing"
        text run at (0,170) width 25: "elit. "
        text run at (25,170) width 337: "Lorem ipsum dolor sit amet, consectetuer adipiscing elit."
        text run at (0,187) width 367: "Nulla varius enim ac mi. Curabitur sollicitudin felis quis lectus."
        text run at (0,204) width 362: "Quisque adipiscing rhoncus sem. Proin nulla purus, vulputate"
        text run at (0,221) width 358: "vel, varius ut, euismod et, nisi. Sed vitae felis vel orci sagittis"
        text run at (0,238) width 365: "aliquam. Cras convallis adipiscing sem. Nam nonummy enim."
        text run at (0,255) width 329: "Nullam bibendum lobortis neque. Vestibulum velit orci,"
        text run at (0,272) width 309: "tempus euismod, pretium quis, interdum vitae, nulla."
        text run at (0,289) width 321: "Phasellus eget ante et tortor condimentum vestibulum."
        text run at (0,306) width 360: "Suspendisse hendrerit quam nec felis. Sed varius turpis vitae"
        text run at (0,323) width 350: "pede. Lorem ipsum dolor sit amet, consectetuer adipiscing"
        text run at (0,340) width 25: "elit. "
        text run at (25,340) width 337: "Lorem ipsum dolor sit amet, consectetuer adipiscing elit."
        text run at (0,357) width 367: "Nulla varius enim ac mi. Curabitur sollicitudin felis quis lectus."
        text run at (0,374) width 362: "Quisque adipiscing rhoncus sem. Proin nulla purus, vulputate"
        text run at (0,391) width 358: "vel, varius ut, euismod et, nisi. Sed vitae felis vel orci sagittis"
        text run at (0,408) width 365: "aliquam. Cras convallis adipiscing sem. Nam nonummy enim."
        text run at (0,425) width 329: "Nullam bibendum lobortis neque. Vestibulum velit orci,"
        text run at (0,442) width 309: "tempus euismod, pretium quis, interdum vitae, nulla."
        text run at (0,459) width 321: "Phasellus eget ante et tortor condimentum vestibulum."
        text run at (0,476) width 360: "Suspendisse hendrerit quam nec felis. Sed varius turpis vitae"
        text run at (0,493) width 350: "pede. Lorem ipsum dolor sit amet, consectetuer adipiscing"
        text run at (0,510) width 25: "elit. "
        text run at (25,510) width 337: "Lorem ipsum dolor sit amet, consectetuer adipiscing elit."
        text run at (0,527) width 143: "Nulla varius enim ac mi."
layer at (8,380) size 760x348
  RenderBlock {DIV} at (0,363) size 760x349 [border: (5px solid #800000)]
    RenderMultiColumnSet at (5,5) size 750x272
    RenderBlock {H2} at (5,296) size 750x27 [bgcolor=#EEEEEE]
      RenderText {#text} at (0,0) size 596x26
        text run at (0,0) width 596: "This is a spanning element at the end of the columns block."
    RenderMultiColumnSet at (5,342) size 750x0
layer at (13,385) size 367x544
  RenderMultiColumnFlowThread at (5,5) size 367x544
    RenderBlock (anonymous) at (0,0) size 367x544
      RenderText {#text} at (0,0) size 367x544
        text run at (0,0) width 337: "Lorem ipsum dolor sit amet, consectetuer adipiscing elit."
        text run at (0,17) width 367: "Nulla varius enim ac mi. Curabitur sollicitudin felis quis lectus."
        text run at (0,34) width 362: "Quisque adipiscing rhoncus sem. Proin nulla purus, vulputate"
        text run at (0,51) width 358: "vel, varius ut, euismod et, nisi. Sed vitae felis vel orci sagittis"
        text run at (0,68) width 365: "aliquam. Cras convallis adipiscing sem. Nam nonummy enim."
        text run at (0,85) width 329: "Nullam bibendum lobortis neque. Vestibulum velit orci,"
        text run at (0,102) width 309: "tempus euismod, pretium quis, interdum vitae, nulla."
        text run at (0,119) width 321: "Phasellus eget ante et tortor condimentum vestibulum."
        text run at (0,136) width 360: "Suspendisse hendrerit quam nec felis. Sed varius turpis vitae"
        text run at (0,153) width 350: "pede. Lorem ipsum dolor sit amet, consectetuer adipiscing"
        text run at (0,170) width 25: "elit. "
        text run at (25,170) width 337: "Lorem ipsum dolor sit amet, consectetuer adipiscing elit."
        text run at (0,187) width 367: "Nulla varius enim ac mi. Curabitur sollicitudin felis quis lectus."
        text run at (0,204) width 362: "Quisque adipiscing rhoncus sem. Proin nulla purus, vulputate"
        text run at (0,221) width 358: "vel, varius ut, euismod et, nisi. Sed vitae felis vel orci sagittis"
        text run at (0,238) width 365: "aliquam. Cras convallis adipiscing sem. Nam nonummy enim."
        text run at (0,255) width 329: "Nullam bibendum lobortis neque. Vestibulum velit orci,"
        text run at (0,272) width 309: "tempus euismod, pretium quis, interdum vitae, nulla."
        text run at (0,289) width 321: "Phasellus eget ante et tortor condimentum vestibulum."
        text run at (0,306) width 360: "Suspendisse hendrerit quam nec felis. Sed varius turpis vitae"
        text run at (0,323) width 350: "pede. Lorem ipsum dolor sit amet, consectetuer adipiscing"
        text run at (0,340) width 25: "elit. "
        text run at (25,340) width 337: "Lorem ipsum dolor sit amet, consectetuer adipiscing elit."
        text run at (0,357) width 367: "Nulla varius enim ac mi. Curabitur sollicitudin felis quis lectus."
        text run at (0,374) width 362: "Quisque adipiscing rhoncus sem. Proin nulla purus, vulputate"
        text run at (0,391) width 358: "vel, varius ut, euismod et, nisi. Sed vitae felis vel orci sagittis"
        text run at (0,408) width 365: "aliquam. Cras convallis adipiscing sem. Nam nonummy enim."
        text run at (0,425) width 329: "Nullam bibendum lobortis neque. Vestibulum velit orci,"
        text run at (0,442) width 309: "tempus euismod, pretium quis, interdum vitae, nulla."
        text run at (0,459) width 321: "Phasellus eget ante et tortor condimentum vestibulum."
        text run at (0,476) width 360: "Suspendisse hendrerit quam nec felis. Sed varius turpis vitae"
        text run at (0,493) width 350: "pede. Lorem ipsum dolor sit amet, consectetuer adipiscing"
        text run at (0,510) width 25: "elit. "
        text run at (25,510) width 337: "Lorem ipsum dolor sit amet, consectetuer adipiscing elit."
        text run at (0,527) width 143: "Nulla varius enim ac mi."
    RenderMultiColumnSpannerPlaceholder at (0,544) size 0x0
layer at (8,744) size 760x364
  RenderBlock {DIV} at (0,727) size 760x366 [border: (5px solid #800000)]
    RenderMultiColumnSet at (5,5) size 750x102
    RenderBlock {H2} at (5,126) size 750x27 [bgcolor=#EEEEEE]
      RenderText {#text} at (0,0) size 629x26
        text run at (0,0) width 629: "This is a spanning element in the middle of the columns block."
    RenderMultiColumnSet at (5,172) size 750x188
layer at (13,749) size 367x561
  RenderMultiColumnFlowThread at (5,5) size 367x561
    RenderBlock (anonymous) at (0,0) size 367x204
      RenderText {#text} at (0,0) size 367x204
        text run at (0,0) width 337: "Lorem ipsum dolor sit amet, consectetuer adipiscing elit."
        text run at (0,17) width 367: "Nulla varius enim ac mi. Curabitur sollicitudin felis quis lectus."
        text run at (0,34) width 362: "Quisque adipiscing rhoncus sem. Proin nulla purus, vulputate"
        text run at (0,51) width 358: "vel, varius ut, euismod et, nisi. Sed vitae felis vel orci sagittis"
        text run at (0,68) width 365: "aliquam. Cras convallis adipiscing sem. Nam nonummy enim."
        text run at (0,85) width 329: "Nullam bibendum lobortis neque. Vestibulum velit orci,"
        text run at (0,102) width 309: "tempus euismod, pretium quis, interdum vitae, nulla."
        text run at (0,119) width 321: "Phasellus eget ante et tortor condimentum vestibulum."
        text run at (0,136) width 360: "Suspendisse hendrerit quam nec felis. Sed varius turpis vitae"
        text run at (0,153) width 350: "pede. Lorem ipsum dolor sit amet, consectetuer adipiscing"
        text run at (0,170) width 25: "elit. "
        text run at (25,170) width 337: "Lorem ipsum dolor sit amet, consectetuer adipiscing elit."
        text run at (0,187) width 143: "Nulla varius enim ac mi."
    RenderMultiColumnSpannerPlaceholder at (0,204) size 0x0
    RenderBlock (anonymous) at (0,204) size 367x357
      RenderText {#text} at (0,0) size 367x357
        text run at (0,0) width 337: "Lorem ipsum dolor sit amet, consectetuer adipiscing elit."
        text run at (0,17) width 367: "Nulla varius enim ac mi. Curabitur sollicitudin felis quis lectus."
        text run at (0,34) width 362: "Quisque adipiscing rhoncus sem. Proin nulla purus, vulputate"
        text run at (0,51) width 358: "vel, varius ut, euismod et, nisi. Sed vitae felis vel orci sagittis"
        text run at (0,68) width 365: "aliquam. Cras convallis adipiscing sem. Nam nonummy enim."
        text run at (0,85) width 329: "Nullam bibendum lobortis neque. Vestibulum velit orci,"
        text run at (0,102) width 309: "tempus euismod, pretium quis, interdum vitae, nulla."
        text run at (0,119) width 321: "Phasellus eget ante et tortor condimentum vestibulum."
        text run at (0,136) width 360: "Suspendisse hendrerit quam nec felis. Sed varius turpis vitae"
        text run at (0,153) width 350: "pede. Lorem ipsum dolor sit amet, consectetuer adipiscing"
        text run at (0,170) width 25: "elit. "
        text run at (25,170) width 337: "Lorem ipsum dolor sit amet, consectetuer adipiscing elit."
        text run at (0,187) width 367: "Nulla varius enim ac mi. Curabitur sollicitudin felis quis lectus."
        text run at (0,204) width 362: "Quisque adipiscing rhoncus sem. Proin nulla purus, vulputate"
        text run at (0,221) width 358: "vel, varius ut, euismod et, nisi. Sed vitae felis vel orci sagittis"
        text run at (0,238) width 365: "aliquam. Cras convallis adipiscing sem. Nam nonummy enim."
        text run at (0,255) width 329: "Nullam bibendum lobortis neque. Vestibulum velit orci,"
        text run at (0,272) width 309: "tempus euismod, pretium quis, interdum vitae, nulla."
        text run at (0,289) width 321: "Phasellus eget ante et tortor condimentum vestibulum."
        text run at (0,306) width 360: "Suspendisse hendrerit quam nec felis. Sed varius turpis vitae"
        text run at (0,323) width 350: "pede. Lorem ipsum dolor sit amet, consectetuer adipiscing"
        text run at (0,340) width 21: "elit."
layer at (8,1124) size 760x333
  RenderBlock {DIV} at (0,1108) size 760x334 [border: (5px solid #800000)]
    RenderMultiColumnSet at (5,5) size 750x323
layer at (13,1129) size 367x646
  RenderMultiColumnFlowThread at (5,5) size 367x646
    RenderText {#text} at (0,0) size 367x211
      text run at (0,0) width 337: "Lorem ipsum dolor sit amet, consectetuer adipiscing elit."
      text run at (0,17) width 367: "Nulla varius enim ac mi. Curabitur sollicitudin felis quis lectus."
      text run at (0,34) width 362: "Quisque adipiscing rhoncus sem. Proin nulla purus, vulputate"
      text run at (0,51) width 358: "vel, varius ut, euismod et, nisi. Sed vitae felis vel orci sagittis"
      text run at (0,68) width 365: "aliquam. Cras convallis adipiscing sem. Nam nonummy enim."
      text run at (0,85) width 329: "Nullam bibendum lobortis neque. Vestibulum velit orci,"
      text run at (0,102) width 309: "tempus euismod, pretium quis, interdum vitae, nulla."
      text run at (0,119) width 321: "Phasellus eget ante et tortor condimentum vestibulum."
      text run at (0,136) width 360: "Suspendisse hendrerit quam nec felis. Sed varius turpis vitae"
      text run at (0,153) width 350: "pede. Lorem ipsum dolor sit amet, consectetuer adipiscing"
      text run at (0,170) width 25: "elit. "
      text run at (25,170) width 337: "Lorem ipsum dolor sit amet, consectetuer adipiscing elit."
      text run at (0,194) width 147: "Nulla varius enim ac mi. "
    RenderInline {H2} at (0,0) size 353x104 [bgcolor=#EEEEEE]
      RenderText {#text} at (147,187) size 353x104
        text run at (147,187) width 182: "This is a spanning"
        text run at (0,213) width 353: "element with an original display of"
        text run at (0,239) width 351: "inline in the middle of the columns"
        text run at (0,265) width 62: "block."
    RenderText {#text} at (62,272) size 365x374
      text run at (62,272) width 253: " Lorem ipsum dolor sit amet, consectetuer"
      text run at (0,291) width 358: "adipiscing elit. Nulla varius enim ac mi. Curabitur sollicitudin"
      text run at (0,323) width 360: "felis quis lectus. Quisque adipiscing rhoncus sem. Proin nulla"
      text run at (0,340) width 365: "purus, vulputate vel, varius ut, euismod et, nisi. Sed vitae felis"
      text run at (0,357) width 359: "vel orci sagittis aliquam. Cras convallis adipiscing sem. Nam"
      text run at (0,374) width 297: "nonummy enim. Nullam bibendum lobortis neque."
      text run at (0,391) width 312: "Vestibulum velit orci, tempus euismod, pretium quis,"
      text run at (0,408) width 293: "interdum vitae, nulla. Phasellus eget ante et tortor"
      text run at (0,425) width 348: "condimentum vestibulum. Suspendisse hendrerit quam nec"
      text run at (0,442) width 337: "felis. Sed varius turpis vitae pede. Lorem ipsum dolor sit"
      text run at (0,459) width 205: "amet, consectetuer adipiscing elit. "
      text run at (205,459) width 132: "Lorem ipsum dolor sit"
      text run at (0,476) width 348: "amet, consectetuer adipiscing elit. Nulla varius enim ac mi."
      text run at (0,493) width 337: "Curabitur sollicitudin felis quis lectus. Quisque adipiscing"
      text run at (0,510) width 328: "rhoncus sem. Proin nulla purus, vulputate vel, varius ut,"
      text run at (0,527) width 362: "euismod et, nisi. Sed vitae felis vel orci sagittis aliquam. Cras"
      text run at (0,544) width 325: "convallis adipiscing sem. Nam nonummy enim. Nullam"
      text run at (0,561) width 329: "bibendum lobortis neque. Vestibulum velit orci, tempus"
      text run at (0,578) width 350: "euismod, pretium quis, interdum vitae, nulla. Phasellus eget"
      text run at (0,595) width 311: "ante et tortor condimentum vestibulum. Suspendisse"
      text run at (0,612) width 364: "hendrerit quam nec felis. Sed varius turpis vitae pede. Lorem"
      text run at (0,629) width 293: "ipsum dolor sit amet, consectetuer adipiscing elit."
layer at (8,1473) size 760x350
  RenderBlock {DIV} at (0,1457) size 760x351 [border: (5px solid #800000)]
    RenderMultiColumnSet at (5,5) size 750x340
layer at (13,1478) size 367x680
  RenderMultiColumnFlowThread at (5,5) size 367x680
    RenderText {#text} at (0,0) size 367x204
      text run at (0,0) width 337: "Lorem ipsum dolor sit amet, consectetuer adipiscing elit."
      text run at (0,17) width 367: "Nulla varius enim ac mi. Curabitur sollicitudin felis quis lectus."
      text run at (0,34) width 362: "Quisque adipiscing rhoncus sem. Proin nulla purus, vulputate"
      text run at (0,51) width 358: "vel, varius ut, euismod et, nisi. Sed vitae felis vel orci sagittis"
      text run at (0,68) width 365: "aliquam. Cras convallis adipiscing sem. Nam nonummy enim."
      text run at (0,85) width 329: "Nullam bibendum lobortis neque. Vestibulum velit orci,"
      text run at (0,102) width 309: "tempus euismod, pretium quis, interdum vitae, nulla."
      text run at (0,119) width 321: "Phasellus eget ante et tortor condimentum vestibulum."
      text run at (0,136) width 360: "Suspendisse hendrerit quam nec felis. Sed varius turpis vitae"
      text run at (0,153) width 350: "pede. Lorem ipsum dolor sit amet, consectetuer adipiscing"
      text run at (0,170) width 25: "elit. "
      text run at (25,170) width 337: "Lorem ipsum dolor sit amet, consectetuer adipiscing elit."
      text run at (0,187) width 147: "Nulla varius enim ac mi. "
    RenderBlock (floating) {H2} at (0,223) size 367x79 [bgcolor=#EEEEEE]
      RenderText {#text} at (0,0) size 337x78
        text run at (0,0) width 320: "This element specifies a column"
        text run at (0,26) width 337: "span, but it is also floating, so the"
        text run at (0,52) width 324: "column-span should be ignored."
    RenderText {#text} at (147,187) size 365x493
      text run at (147,187) width 169: "Lorem ipsum dolor sit amet,"
      text run at (0,322) width 311: "consectetuer adipiscing elit. Nulla varius enim ac mi."
      text run at (0,340) width 337: "Curabitur sollicitudin felis quis lectus. Quisque adipiscing"
      text run at (0,357) width 328: "rhoncus sem. Proin nulla purus, vulputate vel, varius ut,"
      text run at (0,374) width 362: "euismod et, nisi. Sed vitae felis vel orci sagittis aliquam. Cras"
      text run at (0,391) width 325: "convallis adipiscing sem. Nam nonummy enim. Nullam"
      text run at (0,408) width 329: "bibendum lobortis neque. Vestibulum velit orci, tempus"
      text run at (0,425) width 350: "euismod, pretium quis, interdum vitae, nulla. Phasellus eget"
      text run at (0,442) width 311: "ante et tortor condimentum vestibulum. Suspendisse"
      text run at (0,459) width 364: "hendrerit quam nec felis. Sed varius turpis vitae pede. Lorem"
      text run at (0,476) width 297: "ipsum dolor sit amet, consectetuer adipiscing elit. "
      text run at (297,476) width 40: "Lorem"
      text run at (0,493) width 329: "ipsum dolor sit amet, consectetuer adipiscing elit. Nulla"
      text run at (0,510) width 331: "varius enim ac mi. Curabitur sollicitudin felis quis lectus."
      text run at (0,527) width 362: "Quisque adipiscing rhoncus sem. Proin nulla purus, vulputate"
      text run at (0,544) width 358: "vel, varius ut, euismod et, nisi. Sed vitae felis vel orci sagittis"
      text run at (0,561) width 365: "aliquam. Cras convallis adipiscing sem. Nam nonummy enim."
      text run at (0,578) width 329: "Nullam bibendum lobortis neque. Vestibulum velit orci,"
      text run at (0,595) width 309: "tempus euismod, pretium quis, interdum vitae, nulla."
      text run at (0,612) width 321: "Phasellus eget ante et tortor condimentum vestibulum."
      text run at (0,629) width 360: "Suspendisse hendrerit quam nec felis. Sed varius turpis vitae"
      text run at (0,646) width 350: "pede. Lorem ipsum dolor sit amet, consectetuer adipiscing"
      text run at (0,663) width 21: "elit."
layer at (8,1839) size 760x423
  RenderBlock {DIV} at (0,1823) size 760x424 [border: (5px solid #800000)]
    RenderBlock {H2} at (5,24) size 750x53 [bgcolor=#EEEEEE]
      RenderText {#text} at (0,0) size 705x52
        text run at (0,0) width 705: "This is a spanning element at the beginning of the columns block with"
        text run at (0,26) width 145: "block siblings."
    RenderMultiColumnSet at (5,96) size 750x322
layer at (13,1844) size 367x625
  RenderMultiColumnFlowThread at (5,5) size 367x625
    RenderMultiColumnSpannerPlaceholder at (0,0) size 0x0
    RenderBlock {P} at (0,16) size 367x187
      RenderText {#text} at (0,0) size 367x187
        text run at (0,0) width 337: "Lorem ipsum dolor sit amet, consectetuer adipiscing elit."
        text run at (0,17) width 367: "Nulla varius enim ac mi. Curabitur sollicitudin felis quis lectus."
        text run at (0,34) width 362: "Quisque adipiscing rhoncus sem. Proin nulla purus, vulputate"
        text run at (0,51) width 358: "vel, varius ut, euismod et, nisi. Sed vitae felis vel orci sagittis"
        text run at (0,68) width 365: "aliquam. Cras convallis adipiscing sem. Nam nonummy enim."
        text run at (0,85) width 329: "Nullam bibendum lobortis neque. Vestibulum velit orci,"
        text run at (0,102) width 309: "tempus euismod, pretium quis, interdum vitae, nulla."
        text run at (0,119) width 321: "Phasellus eget ante et tortor condimentum vestibulum."
        text run at (0,136) width 360: "Suspendisse hendrerit quam nec felis. Sed varius turpis vitae"
        text run at (0,153) width 350: "pede. Lorem ipsum dolor sit amet, consectetuer adipiscing"
        text run at (0,170) width 21: "elit."
    RenderBlock {P} at (0,219) size 367x187
      RenderText {#text} at (0,0) size 367x187
        text run at (0,0) width 337: "Lorem ipsum dolor sit amet, consectetuer adipiscing elit."
        text run at (0,17) width 367: "Nulla varius enim ac mi. Curabitur sollicitudin felis quis lectus."
        text run at (0,34) width 362: "Quisque adipiscing rhoncus sem. Proin nulla purus, vulputate"
        text run at (0,51) width 358: "vel, varius ut, euismod et, nisi. Sed vitae felis vel orci sagittis"
        text run at (0,68) width 365: "aliquam. Cras convallis adipiscing sem. Nam nonummy enim."
        text run at (0,85) width 329: "Nullam bibendum lobortis neque. Vestibulum velit orci,"
        text run at (0,102) width 309: "tempus euismod, pretium quis, interdum vitae, nulla."
        text run at (0,119) width 321: "Phasellus eget ante et tortor condimentum vestibulum."
        text run at (0,136) width 360: "Suspendisse hendrerit quam nec felis. Sed varius turpis vitae"
        text run at (0,153) width 350: "pede. Lorem ipsum dolor sit amet, consectetuer adipiscing"
        text run at (0,170) width 21: "elit."
    RenderBlock {P} at (0,422) size 367x187
      RenderText {#text} at (0,0) size 367x187
        text run at (0,0) width 337: "Lorem ipsum dolor sit amet, consectetuer adipiscing elit."
        text run at (0,17) width 367: "Nulla varius enim ac mi. Curabitur sollicitudin felis quis lectus."
        text run at (0,34) width 362: "Quisque adipiscing rhoncus sem. Proin nulla purus, vulputate"
        text run at (0,51) width 358: "vel, varius ut, euismod et, nisi. Sed vitae felis vel orci sagittis"
        text run at (0,68) width 365: "aliquam. Cras convallis adipiscing sem. Nam nonummy enim."
        text run at (0,85) width 329: "Nullam bibendum lobortis neque. Vestibulum velit orci,"
        text run at (0,102) width 309: "tempus euismod, pretium quis, interdum vitae, nulla."
        text run at (0,119) width 321: "Phasellus eget ante et tortor condimentum vestibulum."
        text run at (0,136) width 360: "Suspendisse hendrerit quam nec felis. Sed varius turpis vitae"
        text run at (0,153) width 350: "pede. Lorem ipsum dolor sit amet, consectetuer adipiscing"
        text run at (0,170) width 21: "elit."
layer at (8,2278) size 760x415
  RenderBlock {DIV} at (0,2262) size 760x416 [border: (5px solid #800000)]
    RenderMultiColumnSet at (5,5) size 750x313
    RenderBlock {H2} at (5,337) size 750x53 [bgcolor=#EEEEEE]
      RenderText {#text} at (0,0) size 703x52
        text run at (0,0) width 703: "This is a spanning element at the end of the columns block with block"
        text run at (0,26) width 83: "siblings."
    RenderMultiColumnSet at (5,409) size 750x0
layer at (13,2283) size 367x626
  RenderMultiColumnFlowThread at (5,5) size 367x626
    RenderBlock {P} at (0,16) size 367x187
      RenderText {#text} at (0,0) size 367x187
        text run at (0,0) width 337: "Lorem ipsum dolor sit amet, consectetuer adipiscing elit."
        text run at (0,17) width 367: "Nulla varius enim ac mi. Curabitur sollicitudin felis quis lectus."
        text run at (0,34) width 362: "Quisque adipiscing rhoncus sem. Proin nulla purus, vulputate"
        text run at (0,51) width 358: "vel, varius ut, euismod et, nisi. Sed vitae felis vel orci sagittis"
        text run at (0,68) width 365: "aliquam. Cras convallis adipiscing sem. Nam nonummy enim."
        text run at (0,85) width 329: "Nullam bibendum lobortis neque. Vestibulum velit orci,"
        text run at (0,102) width 309: "tempus euismod, pretium quis, interdum vitae, nulla."
        text run at (0,119) width 321: "Phasellus eget ante et tortor condimentum vestibulum."
        text run at (0,136) width 360: "Suspendisse hendrerit quam nec felis. Sed varius turpis vitae"
        text run at (0,153) width 350: "pede. Lorem ipsum dolor sit amet, consectetuer adipiscing"
        text run at (0,170) width 21: "elit."
    RenderBlock {P} at (0,219) size 367x196
      RenderText {#text} at (0,0) size 367x196
        text run at (0,0) width 337: "Lorem ipsum dolor sit amet, consectetuer adipiscing elit."
        text run at (0,17) width 367: "Nulla varius enim ac mi. Curabitur sollicitudin felis quis lectus."
        text run at (0,34) width 362: "Quisque adipiscing rhoncus sem. Proin nulla purus, vulputate"
        text run at (0,51) width 358: "vel, varius ut, euismod et, nisi. Sed vitae felis vel orci sagittis"
        text run at (0,68) width 365: "aliquam. Cras convallis adipiscing sem. Nam nonummy enim."
        text run at (0,94) width 329: "Nullam bibendum lobortis neque. Vestibulum velit orci,"
        text run at (0,111) width 309: "tempus euismod, pretium quis, interdum vitae, nulla."
        text run at (0,128) width 321: "Phasellus eget ante et tortor condimentum vestibulum."
        text run at (0,145) width 360: "Suspendisse hendrerit quam nec felis. Sed varius turpis vitae"
        text run at (0,162) width 350: "pede. Lorem ipsum dolor sit amet, consectetuer adipiscing"
        text run at (0,179) width 21: "elit."
    RenderBlock {P} at (0,431) size 367x187
      RenderText {#text} at (0,0) size 367x187
        text run at (0,0) width 337: "Lorem ipsum dolor sit amet, consectetuer adipiscing elit."
        text run at (0,17) width 367: "Nulla varius enim ac mi. Curabitur sollicitudin felis quis lectus."
        text run at (0,34) width 362: "Quisque adipiscing rhoncus sem. Proin nulla purus, vulputate"
        text run at (0,51) width 358: "vel, varius ut, euismod et, nisi. Sed vitae felis vel orci sagittis"
        text run at (0,68) width 365: "aliquam. Cras convallis adipiscing sem. Nam nonummy enim."
        text run at (0,85) width 329: "Nullam bibendum lobortis neque. Vestibulum velit orci,"
        text run at (0,102) width 309: "tempus euismod, pretium quis, interdum vitae, nulla."
        text run at (0,119) width 321: "Phasellus eget ante et tortor condimentum vestibulum."
        text run at (0,136) width 360: "Suspendisse hendrerit quam nec felis. Sed varius turpis vitae"
        text run at (0,153) width 350: "pede. Lorem ipsum dolor sit amet, consectetuer adipiscing"
        text run at (0,170) width 21: "elit."
    RenderMultiColumnSpannerPlaceholder at (0,626) size 0x0
layer at (8,2709) size 760x431
  RenderBlock {DIV} at (0,2693) size 760x431 [border: (5px solid #800000)]
    RenderMultiColumnSet at (5,5) size 750x211
    RenderBlock {H2} at (5,235) size 750x53 [bgcolor=#EEEEEE]
      RenderText {#text} at (0,0) size 736x52
        text run at (0,0) width 736: "This is a spanning element in the middle of the columns block with block"
        text run at (0,26) width 83: "siblings."
    RenderMultiColumnSet at (5,307) size 750x119
layer at (13,2714) size 367x633 backgroundClip at (0,0) size 785x3156 clip at (0,0) size 785x3156
  RenderMultiColumnFlowThread at (5,5) size 367x633
    RenderBlock {P} at (0,16) size 367x187
      RenderText {#text} at (0,0) size 367x187
        text run at (0,0) width 337: "Lorem ipsum dolor sit amet, consectetuer adipiscing elit."
        text run at (0,17) width 367: "Nulla varius enim ac mi. Curabitur sollicitudin felis quis lectus."
        text run at (0,34) width 362: "Quisque adipiscing rhoncus sem. Proin nulla purus, vulputate"
        text run at (0,51) width 358: "vel, varius ut, euismod et, nisi. Sed vitae felis vel orci sagittis"
        text run at (0,68) width 365: "aliquam. Cras convallis adipiscing sem. Nam nonummy enim."
        text run at (0,85) width 329: "Nullam bibendum lobortis neque. Vestibulum velit orci,"
        text run at (0,102) width 309: "tempus euismod, pretium quis, interdum vitae, nulla."
        text run at (0,119) width 321: "Phasellus eget ante et tortor condimentum vestibulum."
        text run at (0,136) width 360: "Suspendisse hendrerit quam nec felis. Sed varius turpis vitae"
        text run at (0,153) width 350: "pede. Lorem ipsum dolor sit amet, consectetuer adipiscing"
        text run at (0,170) width 21: "elit."
    RenderBlock {P} at (0,211) size 367x187
      RenderText {#text} at (0,0) size 367x187
        text run at (0,0) width 337: "Lorem ipsum dolor sit amet, consectetuer adipiscing elit."
        text run at (0,17) width 367: "Nulla varius enim ac mi. Curabitur sollicitudin felis quis lectus."
        text run at (0,34) width 362: "Quisque adipiscing rhoncus sem. Proin nulla purus, vulputate"
        text run at (0,51) width 358: "vel, varius ut, euismod et, nisi. Sed vitae felis vel orci sagittis"
        text run at (0,68) width 365: "aliquam. Cras convallis adipiscing sem. Nam nonummy enim."
        text run at (0,85) width 329: "Nullam bibendum lobortis neque. Vestibulum velit orci,"
        text run at (0,102) width 309: "tempus euismod, pretium quis, interdum vitae, nulla."
        text run at (0,119) width 321: "Phasellus eget ante et tortor condimentum vestibulum."
        text run at (0,136) width 360: "Suspendisse hendrerit quam nec felis. Sed varius turpis vitae"
        text run at (0,153) width 350: "pede. Lorem ipsum dolor sit amet, consectetuer adipiscing"
        text run at (0,170) width 21: "elit."
    RenderMultiColumnSpannerPlaceholder at (0,414) size 0x0
    RenderBlock {P} at (0,430) size 367x187
      RenderText {#text} at (0,0) size 367x187
        text run at (0,0) width 337: "Lorem ipsum dolor sit amet, consectetuer adipiscing elit."
        text run at (0,17) width 367: "Nulla varius enim ac mi. Curabitur sollicitudin felis quis lectus."
        text run at (0,34) width 362: "Quisque adipiscing rhoncus sem. Proin nulla purus, vulputate"
        text run at (0,51) width 358: "vel, varius ut, euismod et, nisi. Sed vitae felis vel orci sagittis"
        text run at (0,68) width 365: "aliquam. Cras convallis adipiscing sem. Nam nonummy enim."
        text run at (0,85) width 329: "Nullam bibendum lobortis neque. Vestibulum velit orci,"
        text run at (0,102) width 309: "tempus euismod, pretium quis, interdum vitae, nulla."
        text run at (0,119) width 321: "Phasellus eget ante et tortor condimentum vestibulum."
        text run at (0,136) width 360: "Suspendisse hendrerit quam nec felis. Sed varius turpis vitae"
        text run at (0,153) width 350: "pede. Lorem ipsum dolor sit amet, consectetuer adipiscing"
        text run at (0,170) width 21: "elit."
