layer at (0,0) size 785x2543
  RenderView at (0,0) size 785x600
layer at (0,0) size 785x2543
  RenderBlock {HTML} at (0,0) size 785x2543
    RenderBody {BODY} at (8,16) size 769x2511
layer at (8,16) size 760x382
  RenderBlock {DIV} at (0,0) size 760x382 [border: (5px solid #800000)]
    RenderMultiColumnSet at (5,5) size 750x17
    RenderBlock {H2} at (5,41) size 750x27 [bgcolor=#EEEEEE]
      RenderText {#text} at (0,0) size 274x26
        text run at (0,0) width 274: "This is a spanning element."
    RenderMultiColumnSet at (5,87) size 750x290
layer at (13,21) size 367x581
  RenderMultiColumnFlowThread at (5,5) size 367x581
    RenderBlock (generated) at (0,0) size 367x17 [bgcolor=#FFFF00]
      RenderText at (0,0) size 160x17
        text run at (0,0) width 160: "Before Generated Content"
    RenderMultiColumnSpannerPlaceholder at (0,17) size 0x0
    RenderBlock (anonymous) at (0,17) size 367x544
      RenderText {#text} at (0,0) size 367x544
        text run at (0,0) width 337: "Lorem ipsum dolor sit amet, consectetuer adipiscing elit."
        text run at (0,17) width 367: "Nulla varius enim ac mi. Curabitur sollicitudin felis quis lectus."
        text run at (0,34) width 362: "Quisque adipiscing rhoncus sem. Proin nulla purus, vulputate"
        text run at (0,51) width 358: "vel, varius ut, euismod et, nisi. Sed vitae felis vel orci sagittis"
        text run at (0,68) width 365: "aliquam. Cras convallis adipiscing sem. Nam nonummy enim."
        text run at (0,85) width 329: "Nullam bibendum lobortis neque. Vestibulum velit orci,"
        text run at (0,102) width 309: "tempus euismod, pretium quis, interdum vitae, nulla."
        text run at (0,119) width 321: "Phasellus eget ante et tortor condimentum vestibulum."
        text run at (0,136) width 360: "Suspendisse hendrerit quam nec felis. Sed varius turpis vitae"
        text run at (0,153) width 350: "pede. Lorem ipsum dolor sit amet, consectetuer adipiscing"
        text run at (0,170) width 25: "elit. "
        text run at (25,170) width 337: "Lorem ipsum dolor sit amet, consectetuer adipiscing elit."
        text run at (0,187) width 367: "Nulla varius enim ac mi. Curabitur sollicitudin felis quis lectus."
        text run at (0,204) width 362: "Quisque adipiscing rhoncus sem. Proin nulla purus, vulputate"
        text run at (0,221) width 358: "vel, varius ut, euismod et, nisi. Sed vitae felis vel orci sagittis"
        text run at (0,238) width 365: "aliquam. Cras convallis adipiscing sem. Nam nonummy enim."
        text run at (0,255) width 329: "Nullam bibendum lobortis neque. Vestibulum velit orci,"
        text run at (0,272) width 309: "tempus euismod, pretium quis, interdum vitae, nulla."
        text run at (0,289) width 321: "Phasellus eget ante et tortor condimentum vestibulum."
        text run at (0,306) width 360: "Suspendisse hendrerit quam nec felis. Sed varius turpis vitae"
        text run at (0,323) width 350: "pede. Lorem ipsum dolor sit amet, consectetuer adipiscing"
        text run at (0,340) width 25: "elit. "
        text run at (25,340) width 337: "Lorem ipsum dolor sit amet, consectetuer adipiscing elit."
        text run at (0,357) width 367: "Nulla varius enim ac mi. Curabitur sollicitudin felis quis lectus."
        text run at (0,374) width 362: "Quisque adipiscing rhoncus sem. Proin nulla purus, vulputate"
        text run at (0,391) width 358: "vel, varius ut, euismod et, nisi. Sed vitae felis vel orci sagittis"
        text run at (0,408) width 365: "aliquam. Cras convallis adipiscing sem. Nam nonummy enim."
        text run at (0,425) width 329: "Nullam bibendum lobortis neque. Vestibulum velit orci,"
        text run at (0,442) width 309: "tempus euismod, pretium quis, interdum vitae, nulla."
        text run at (0,459) width 321: "Phasellus eget ante et tortor condimentum vestibulum."
        text run at (0,476) width 360: "Suspendisse hendrerit quam nec felis. Sed varius turpis vitae"
        text run at (0,493) width 350: "pede. Lorem ipsum dolor sit amet, consectetuer adipiscing"
        text run at (0,510) width 25: "elit. "
        text run at (25,510) width 337: "Lorem ipsum dolor sit amet, consectetuer adipiscing elit."
        text run at (0,527) width 143: "Nulla varius enim ac mi."
    RenderBlock (generated) at (0,561) size 367x20 [bgcolor=#FFFF00]
      RenderText at (0,0) size 150x17
        text run at (0,0) width 150: "After Generated Content"
layer at (8,414) size 760x382
  RenderBlock {DIV} at (0,397) size 760x383 [border: (5px solid #800000)]
    RenderMultiColumnSet at (5,5) size 750x289
    RenderBlock {H2} at (5,313) size 750x27 [bgcolor=#EEEEEE]
      RenderText {#text} at (0,0) size 274x26
        text run at (0,0) width 274: "This is a spanning element."
    RenderMultiColumnSet at (5,359) size 750x18
layer at (13,419) size 367x581
  RenderMultiColumnFlowThread at (5,5) size 367x581
    RenderBlock (generated) at (0,0) size 367x17 [bgcolor=#FFFF00]
      RenderText at (0,0) size 160x17
        text run at (0,0) width 160: "Before Generated Content"
    RenderBlock (anonymous) at (0,17) size 367x544
      RenderText {#text} at (0,0) size 367x544
        text run at (0,0) width 337: "Lorem ipsum dolor sit amet, consectetuer adipiscing elit."
        text run at (0,17) width 367: "Nulla varius enim ac mi. Curabitur sollicitudin felis quis lectus."
        text run at (0,34) width 362: "Quisque adipiscing rhoncus sem. Proin nulla purus, vulputate"
        text run at (0,51) width 358: "vel, varius ut, euismod et, nisi. Sed vitae felis vel orci sagittis"
        text run at (0,68) width 365: "aliquam. Cras convallis adipiscing sem. Nam nonummy enim."
        text run at (0,85) width 329: "Nullam bibendum lobortis neque. Vestibulum velit orci,"
        text run at (0,102) width 309: "tempus euismod, pretium quis, interdum vitae, nulla."
        text run at (0,119) width 321: "Phasellus eget ante et tortor condimentum vestibulum."
        text run at (0,136) width 360: "Suspendisse hendrerit quam nec felis. Sed varius turpis vitae"
        text run at (0,153) width 350: "pede. Lorem ipsum dolor sit amet, consectetuer adipiscing"
        text run at (0,170) width 25: "elit. "
        text run at (25,170) width 337: "Lorem ipsum dolor sit amet, consectetuer adipiscing elit."
        text run at (0,187) width 367: "Nulla varius enim ac mi. Curabitur sollicitudin felis quis lectus."
        text run at (0,204) width 362: "Quisque adipiscing rhoncus sem. Proin nulla purus, vulputate"
        text run at (0,221) width 358: "vel, varius ut, euismod et, nisi. Sed vitae felis vel orci sagittis"
        text run at (0,238) width 365: "aliquam. Cras convallis adipiscing sem. Nam nonummy enim."
        text run at (0,255) width 329: "Nullam bibendum lobortis neque. Vestibulum velit orci,"
        text run at (0,272) width 309: "tempus euismod, pretium quis, interdum vitae, nulla."
        text run at (0,289) width 321: "Phasellus eget ante et tortor condimentum vestibulum."
        text run at (0,306) width 360: "Suspendisse hendrerit quam nec felis. Sed varius turpis vitae"
        text run at (0,323) width 350: "pede. Lorem ipsum dolor sit amet, consectetuer adipiscing"
        text run at (0,340) width 25: "elit. "
        text run at (25,340) width 337: "Lorem ipsum dolor sit amet, consectetuer adipiscing elit."
        text run at (0,357) width 367: "Nulla varius enim ac mi. Curabitur sollicitudin felis quis lectus."
        text run at (0,374) width 362: "Quisque adipiscing rhoncus sem. Proin nulla purus, vulputate"
        text run at (0,391) width 358: "vel, varius ut, euismod et, nisi. Sed vitae felis vel orci sagittis"
        text run at (0,408) width 365: "aliquam. Cras convallis adipiscing sem. Nam nonummy enim."
        text run at (0,425) width 329: "Nullam bibendum lobortis neque. Vestibulum velit orci,"
        text run at (0,442) width 309: "tempus euismod, pretium quis, interdum vitae, nulla."
        text run at (0,459) width 321: "Phasellus eget ante et tortor condimentum vestibulum."
        text run at (0,476) width 360: "Suspendisse hendrerit quam nec felis. Sed varius turpis vitae"
        text run at (0,493) width 350: "pede. Lorem ipsum dolor sit amet, consectetuer adipiscing"
        text run at (0,510) width 25: "elit. "
        text run at (25,510) width 337: "Lorem ipsum dolor sit amet, consectetuer adipiscing elit."
        text run at (0,527) width 143: "Nulla varius enim ac mi."
    RenderMultiColumnSpannerPlaceholder at (0,561) size 0x0
    RenderBlock (generated) at (0,561) size 367x20 [bgcolor=#FFFF00]
      RenderText at (0,0) size 150x17
        text run at (0,0) width 150: "After Generated Content"
layer at (8,812) size 760x408
  RenderBlock {DIV} at (0,795) size 760x410 [border: (5px solid #800000)]
    RenderMultiColumnSet at (5,5) size 750x127
    RenderBlock {H2} at (5,151) size 750x27 [bgcolor=#EEEEEE]
      RenderText {#text} at (0,0) size 274x26
        text run at (0,0) width 274: "This is a spanning element."
    RenderMultiColumnSet at (5,197) size 750x207
layer at (13,817) size 367x666
  RenderMultiColumnFlowThread at (5,5) size 367x666
    RenderBlock (generated) at (0,0) size 367x17 [bgcolor=#FFFF00]
      RenderText at (0,0) size 160x17
        text run at (0,0) width 160: "Before Generated Content"
    RenderBlock {P} at (0,33) size 367x213
      RenderText {#text} at (0,0) size 367x213
        text run at (0,0) width 337: "Lorem ipsum dolor sit amet, consectetuer adipiscing elit."
        text run at (0,17) width 367: "Nulla varius enim ac mi. Curabitur sollicitudin felis quis lectus."
        text run at (0,34) width 362: "Quisque adipiscing rhoncus sem. Proin nulla purus, vulputate"
        text run at (0,51) width 358: "vel, varius ut, euismod et, nisi. Sed vitae felis vel orci sagittis"
        text run at (0,68) width 365: "aliquam. Cras convallis adipiscing sem. Nam nonummy enim."
        text run at (0,94) width 329: "Nullam bibendum lobortis neque. Vestibulum velit orci,"
        text run at (0,111) width 309: "tempus euismod, pretium quis, interdum vitae, nulla."
        text run at (0,128) width 321: "Phasellus eget ante et tortor condimentum vestibulum."
        text run at (0,145) width 360: "Suspendisse hendrerit quam nec felis. Sed varius turpis vitae"
        text run at (0,162) width 350: "pede. Lorem ipsum dolor sit amet, consectetuer adipiscing"
        text run at (0,179) width 25: "elit. "
        text run at (25,179) width 337: "Lorem ipsum dolor sit amet, consectetuer adipiscing elit."
        text run at (0,196) width 143: "Nulla varius enim ac mi."
    RenderMultiColumnSpannerPlaceholder at (0,254) size 0x0
    RenderBlock {P} at (0,270) size 367x360
      RenderText {#text} at (0,0) size 367x360
        text run at (0,0) width 337: "Lorem ipsum dolor sit amet, consectetuer adipiscing elit."
        text run at (0,17) width 367: "Nulla varius enim ac mi. Curabitur sollicitudin felis quis lectus."
        text run at (0,34) width 362: "Quisque adipiscing rhoncus sem. Proin nulla purus, vulputate"
        text run at (0,51) width 358: "vel, varius ut, euismod et, nisi. Sed vitae felis vel orci sagittis"
        text run at (0,68) width 365: "aliquam. Cras convallis adipiscing sem. Nam nonummy enim."
        text run at (0,85) width 329: "Nullam bibendum lobortis neque. Vestibulum velit orci,"
        text run at (0,102) width 309: "tempus euismod, pretium quis, interdum vitae, nulla."
        text run at (0,119) width 321: "Phasellus eget ante et tortor condimentum vestibulum."
        text run at (0,136) width 360: "Suspendisse hendrerit quam nec felis. Sed varius turpis vitae"
        text run at (0,153) width 350: "pede. Lorem ipsum dolor sit amet, consectetuer adipiscing"
        text run at (0,170) width 25: "elit. "
        text run at (25,170) width 337: "Lorem ipsum dolor sit amet, consectetuer adipiscing elit."
        text run at (0,190) width 367: "Nulla varius enim ac mi. Curabitur sollicitudin felis quis lectus."
        text run at (0,207) width 362: "Quisque adipiscing rhoncus sem. Proin nulla purus, vulputate"
        text run at (0,224) width 358: "vel, varius ut, euismod et, nisi. Sed vitae felis vel orci sagittis"
        text run at (0,241) width 365: "aliquam. Cras convallis adipiscing sem. Nam nonummy enim."
        text run at (0,258) width 329: "Nullam bibendum lobortis neque. Vestibulum velit orci,"
        text run at (0,275) width 309: "tempus euismod, pretium quis, interdum vitae, nulla."
        text run at (0,292) width 321: "Phasellus eget ante et tortor condimentum vestibulum."
        text run at (0,309) width 360: "Suspendisse hendrerit quam nec felis. Sed varius turpis vitae"
        text run at (0,326) width 350: "pede. Lorem ipsum dolor sit amet, consectetuer adipiscing"
        text run at (0,343) width 21: "elit."
    RenderBlock (generated) at (0,646) size 367x20 [bgcolor=#FFFF00]
      RenderText at (0,0) size 150x17
        text run at (0,0) width 150: "After Generated Content"
layer at (8,1236) size 760x415
  RenderBlock {DIV} at (0,1220) size 760x416 [border: (5px solid #800000)]
    RenderMultiColumnSet at (5,5) size 750x119
    RenderBlock {H2} at (5,143) size 750x27 [bgcolor=#EEEEEE]
      RenderText {#text} at (0,0) size 274x26
        text run at (0,0) width 274: "This is a spanning element."
    RenderMultiColumnSet at (5,189) size 750x221
layer at (13,1241) size 367x647
  RenderMultiColumnFlowThread at (5,5) size 367x647
    RenderBlock (generated) at (0,0) size 367x17 [bgcolor=#FFFF00]
      RenderText at (0,0) size 160x17
        text run at (0,0) width 160: "Before Generated Content"
    RenderBlock (anonymous) at (0,17) size 367x204
      RenderText {#text} at (0,0) size 367x204
        text run at (0,0) width 337: "Lorem ipsum dolor sit amet, consectetuer adipiscing elit."
        text run at (0,17) width 367: "Nulla varius enim ac mi. Curabitur sollicitudin felis quis lectus."
        text run at (0,34) width 362: "Quisque adipiscing rhoncus sem. Proin nulla purus, vulputate"
        text run at (0,51) width 358: "vel, varius ut, euismod et, nisi. Sed vitae felis vel orci sagittis"
        text run at (0,68) width 365: "aliquam. Cras convallis adipiscing sem. Nam nonummy enim."
        text run at (0,85) width 329: "Nullam bibendum lobortis neque. Vestibulum velit orci,"
        text run at (0,102) width 309: "tempus euismod, pretium quis, interdum vitae, nulla."
        text run at (0,119) width 321: "Phasellus eget ante et tortor condimentum vestibulum."
        text run at (0,136) width 360: "Suspendisse hendrerit quam nec felis. Sed varius turpis vitae"
        text run at (0,153) width 350: "pede. Lorem ipsum dolor sit amet, consectetuer adipiscing"
        text run at (0,170) width 25: "elit. "
        text run at (25,170) width 337: "Lorem ipsum dolor sit amet, consectetuer adipiscing elit."
        text run at (0,187) width 143: "Nulla varius enim ac mi."
    RenderMultiColumnSpannerPlaceholder at (0,221) size 0x0
    RenderBlock (anonymous) at (0,221) size 367x187
      RenderInline {SPAN} at (0,0) size 40x17
        RenderText {#text} at (0,0) size 40x17
          text run at (0,0) width 40: "Lorem"
      RenderText {#text} at (40,0) size 367x187
        text run at (40,0) width 297: " ipsum dolor sit amet, consectetuer adipiscing elit."
        text run at (0,17) width 367: "Nulla varius enim ac mi. Curabitur sollicitudin felis quis lectus."
        text run at (0,34) width 362: "Quisque adipiscing rhoncus sem. Proin nulla purus, vulputate"
        text run at (0,51) width 358: "vel, varius ut, euismod et, nisi. Sed vitae felis vel orci sagittis"
        text run at (0,68) width 365: "aliquam. Cras convallis adipiscing sem. Nam nonummy enim."
        text run at (0,85) width 329: "Nullam bibendum lobortis neque. Vestibulum velit orci,"
        text run at (0,102) width 309: "tempus euismod, pretium quis, interdum vitae, nulla."
        text run at (0,119) width 321: "Phasellus eget ante et tortor condimentum vestibulum."
        text run at (0,136) width 360: "Suspendisse hendrerit quam nec felis. Sed varius turpis vitae"
        text run at (0,153) width 350: "pede. Lorem ipsum dolor sit amet, consectetuer adipiscing"
        text run at (0,170) width 21: "elit."
    RenderBlock {P} at (0,424) size 367x187
      RenderText {#text} at (0,0) size 367x187
        text run at (0,0) width 337: "Lorem ipsum dolor sit amet, consectetuer adipiscing elit."
        text run at (0,17) width 367: "Nulla varius enim ac mi. Curabitur sollicitudin felis quis lectus."
        text run at (0,34) width 362: "Quisque adipiscing rhoncus sem. Proin nulla purus, vulputate"
        text run at (0,51) width 358: "vel, varius ut, euismod et, nisi. Sed vitae felis vel orci sagittis"
        text run at (0,68) width 365: "aliquam. Cras convallis adipiscing sem. Nam nonummy enim."
        text run at (0,85) width 329: "Nullam bibendum lobortis neque. Vestibulum velit orci,"
        text run at (0,102) width 309: "tempus euismod, pretium quis, interdum vitae, nulla."
        text run at (0,119) width 321: "Phasellus eget ante et tortor condimentum vestibulum."
        text run at (0,136) width 360: "Suspendisse hendrerit quam nec felis. Sed varius turpis vitae"
        text run at (0,153) width 350: "pede. Lorem ipsum dolor sit amet, consectetuer adipiscing"
        text run at (0,170) width 21: "elit."
    RenderBlock (generated) at (0,627) size 367x20 [bgcolor=#FFFF00]
      RenderText at (0,0) size 150x17
        text run at (0,0) width 150: "After Generated Content"
layer at (8,1667) size 760x418
  RenderBlock {DIV} at (0,1651) size 760x419 [border: (5px solid #800000)]
    RenderMultiColumnSet at (5,5) size 750x221
    RenderBlock {H2} at (5,245) size 750x27 [bgcolor=#EEEEEE]
      RenderText {#text} at (0,0) size 274x26
        text run at (0,0) width 274: "This is a spanning element."
    RenderMultiColumnSet at (5,291) size 750x122
layer at (13,1672) size 367x667
  RenderMultiColumnFlowThread at (5,5) size 367x667
    RenderBlock (generated) at (0,0) size 367x17 [bgcolor=#FFFF00]
      RenderText at (0,0) size 160x17
        text run at (0,0) width 160: "Before Generated Content"
    RenderBlock (anonymous) at (0,17) size 367x187
      RenderInline {SPAN} at (0,0) size 367x187
        RenderText {#text} at (0,0) size 367x187
          text run at (0,0) width 337: "Lorem ipsum dolor sit amet, consectetuer adipiscing elit."
          text run at (0,17) width 367: "Nulla varius enim ac mi. Curabitur sollicitudin felis quis lectus."
          text run at (0,34) width 362: "Quisque adipiscing rhoncus sem. Proin nulla purus, vulputate"
          text run at (0,51) width 358: "vel, varius ut, euismod et, nisi. Sed vitae felis vel orci sagittis"
          text run at (0,68) width 365: "aliquam. Cras convallis adipiscing sem. Nam nonummy enim."
          text run at (0,85) width 329: "Nullam bibendum lobortis neque. Vestibulum velit orci,"
          text run at (0,102) width 309: "tempus euismod, pretium quis, interdum vitae, nulla."
          text run at (0,119) width 321: "Phasellus eget ante et tortor condimentum vestibulum."
          text run at (0,136) width 360: "Suspendisse hendrerit quam nec felis. Sed varius turpis vitae"
          text run at (0,153) width 350: "pede. Lorem ipsum dolor sit amet, consectetuer adipiscing"
          text run at (0,170) width 21: "elit."
    RenderBlock (anonymous) at (0,204) size 367x34
      RenderBlock {SPAN} at (0,0) size 367x34
        RenderText {#text} at (0,0) size 337x34
          text run at (0,0) width 337: "Lorem ipsum dolor sit amet, consectetuer adipiscing elit."
          text run at (0,17) width 143: "Nulla varius enim ac mi."
    RenderBlock (anonymous) at (0,238) size 367x187
      RenderInline {SPAN} at (0,0) size 40x17
        RenderText {#text} at (0,0) size 40x17
          text run at (0,0) width 40: "Lorem"
      RenderText {#text} at (40,0) size 367x187
        text run at (40,0) width 297: " ipsum dolor sit amet, consectetuer adipiscing elit."
        text run at (0,17) width 367: "Nulla varius enim ac mi. Curabitur sollicitudin felis quis lectus."
        text run at (0,34) width 362: "Quisque adipiscing rhoncus sem. Proin nulla purus, vulputate"
        text run at (0,51) width 358: "vel, varius ut, euismod et, nisi. Sed vitae felis vel orci sagittis"
        text run at (0,68) width 365: "aliquam. Cras convallis adipiscing sem. Nam nonummy enim."
        text run at (0,85) width 329: "Nullam bibendum lobortis neque. Vestibulum velit orci,"
        text run at (0,102) width 309: "tempus euismod, pretium quis, interdum vitae, nulla."
        text run at (0,119) width 321: "Phasellus eget ante et tortor condimentum vestibulum."
        text run at (0,136) width 360: "Suspendisse hendrerit quam nec felis. Sed varius turpis vitae"
        text run at (0,153) width 350: "pede. Lorem ipsum dolor sit amet, consectetuer adipiscing"
        text run at (0,170) width 21: "elit."
    RenderMultiColumnSpannerPlaceholder at (0,425) size 0x0
    RenderBlock {P} at (0,441) size 367x190
      RenderText {#text} at (0,0) size 367x190
        text run at (0,0) width 337: "Lorem ipsum dolor sit amet, consectetuer adipiscing elit."
        text run at (0,17) width 367: "Nulla varius enim ac mi. Curabitur sollicitudin felis quis lectus."
        text run at (0,34) width 362: "Quisque adipiscing rhoncus sem. Proin nulla purus, vulputate"
        text run at (0,51) width 358: "vel, varius ut, euismod et, nisi. Sed vitae felis vel orci sagittis"
        text run at (0,68) width 365: "aliquam. Cras convallis adipiscing sem. Nam nonummy enim."
        text run at (0,85) width 329: "Nullam bibendum lobortis neque. Vestibulum velit orci,"
        text run at (0,105) width 309: "tempus euismod, pretium quis, interdum vitae, nulla."
        text run at (0,122) width 321: "Phasellus eget ante et tortor condimentum vestibulum."
        text run at (0,139) width 360: "Suspendisse hendrerit quam nec felis. Sed varius turpis vitae"
        text run at (0,156) width 350: "pede. Lorem ipsum dolor sit amet, consectetuer adipiscing"
        text run at (0,173) width 21: "elit."
    RenderBlock (generated) at (0,647) size 367x20 [bgcolor=#FFFF00]
      RenderText at (0,0) size 150x17
        text run at (0,0) width 150: "After Generated Content"
layer at (8,2101) size 760x426
  RenderBlock {DIV} at (0,2085) size 760x426 [border: (5px solid #800000)]
    RenderMultiColumnSet at (5,5) size 750x245
    RenderBlock {H2} at (5,269) size 750x27 [bgcolor=#EEEEEE]
      RenderText {#text} at (0,0) size 274x26
        text run at (0,0) width 274: "This is a spanning element."
    RenderMultiColumnSet at (5,315) size 750x106
layer at (13,2106) size 367x700 backgroundClip at (0,0) size 785x2543 clip at (0,0) size 785x2543
  RenderMultiColumnFlowThread at (5,5) size 367x700
    RenderBlock (generated) at (0,0) size 367x17 [bgcolor=#FFFF00]
      RenderText at (0,0) size 160x17
        text run at (0,0) width 160: "Before Generated Content"
    RenderBlock {P} at (0,33) size 367x187
      RenderText {#text} at (0,0) size 367x187
        text run at (0,0) width 337: "Lorem ipsum dolor sit amet, consectetuer adipiscing elit."
        text run at (0,17) width 367: "Nulla varius enim ac mi. Curabitur sollicitudin felis quis lectus."
        text run at (0,34) width 362: "Quisque adipiscing rhoncus sem. Proin nulla purus, vulputate"
        text run at (0,51) width 358: "vel, varius ut, euismod et, nisi. Sed vitae felis vel orci sagittis"
        text run at (0,68) width 365: "aliquam. Cras convallis adipiscing sem. Nam nonummy enim."
        text run at (0,85) width 329: "Nullam bibendum lobortis neque. Vestibulum velit orci,"
        text run at (0,102) width 309: "tempus euismod, pretium quis, interdum vitae, nulla."
        text run at (0,119) width 321: "Phasellus eget ante et tortor condimentum vestibulum."
        text run at (0,136) width 360: "Suspendisse hendrerit quam nec felis. Sed varius turpis vitae"
        text run at (0,153) width 350: "pede. Lorem ipsum dolor sit amet, consectetuer adipiscing"
        text run at (0,170) width 21: "elit."
    RenderBlock {P} at (0,245) size 367x34
      RenderText {#text} at (0,0) size 337x34
        text run at (0,0) width 337: "Lorem ipsum dolor sit amet, consectetuer adipiscing elit."
        text run at (0,17) width 143: "Nulla varius enim ac mi."
    RenderBlock {P} at (0,295) size 367x187
      RenderText {#text} at (0,0) size 367x187
        text run at (0,0) width 337: "Lorem ipsum dolor sit amet, consectetuer adipiscing elit."
        text run at (0,17) width 367: "Nulla varius enim ac mi. Curabitur sollicitudin felis quis lectus."
        text run at (0,34) width 362: "Quisque adipiscing rhoncus sem. Proin nulla purus, vulputate"
        text run at (0,51) width 358: "vel, varius ut, euismod et, nisi. Sed vitae felis vel orci sagittis"
        text run at (0,68) width 365: "aliquam. Cras convallis adipiscing sem. Nam nonummy enim."
        text run at (0,85) width 329: "Nullam bibendum lobortis neque. Vestibulum velit orci,"
        text run at (0,102) width 309: "tempus euismod, pretium quis, interdum vitae, nulla."
        text run at (0,119) width 321: "Phasellus eget ante et tortor condimentum vestibulum."
        text run at (0,136) width 360: "Suspendisse hendrerit quam nec felis. Sed varius turpis vitae"
        text run at (0,153) width 350: "pede. Lorem ipsum dolor sit amet, consectetuer adipiscing"
        text run at (0,170) width 21: "elit."
    RenderMultiColumnSpannerPlaceholder at (0,490) size 0x0
    RenderBlock (anonymous) at (0,490) size 367x17
      RenderInline {SPAN} at (0,0) size 337x17
        RenderText {#text} at (0,0) size 337x17
          text run at (0,0) width 337: "Lorem ipsum dolor sit amet, consectetuer adipiscing elit."
    RenderBlock (anonymous) at (0,507) size 367x17
      RenderBlock {SPAN} at (0,0) size 367x17
        RenderText {#text} at (0,0) size 143x17
          text run at (0,0) width 143: "Nulla varius enim ac mi."
    RenderBlock (anonymous) at (0,524) size 367x156
      RenderInline {SPAN} at (0,0) size 364x156
        RenderText {#text} at (0,0) size 364x156
          text run at (0,0) width 337: "Curabitur sollicitudin felis quis lectus. Quisque adipiscing"
          text run at (0,17) width 328: "rhoncus sem. Proin nulla purus, vulputate vel, varius ut,"
          text run at (0,34) width 362: "euismod et, nisi. Sed vitae felis vel orci sagittis aliquam. Cras"
          text run at (0,51) width 325: "convallis adipiscing sem. Nam nonummy enim. Nullam"
          text run at (0,71) width 329: "bibendum lobortis neque. Vestibulum velit orci, tempus"
          text run at (0,88) width 350: "euismod, pretium quis, interdum vitae, nulla. Phasellus eget"
          text run at (0,105) width 311: "ante et tortor condimentum vestibulum. Suspendisse"
          text run at (0,122) width 364: "hendrerit quam nec felis. Sed varius turpis vitae pede. Lorem"
          text run at (0,139) width 293: "ipsum dolor sit amet, consectetuer adipiscing elit."
      RenderText {#text} at (0,0) size 0x0
    RenderBlock (generated) at (0,680) size 367x20 [bgcolor=#FFFF00]
      RenderText at (0,0) size 150x17
        text run at (0,0) width 150: "After Generated Content"
