layer at (0,0) size 785x1231
  RenderView at (0,0) size 785x600
layer at (0,0) size 785x1231
  RenderBlock {HTML} at (0,0) size 785x1232
    RenderBody {BODY} at (8,16) size 769x1200
layer at (8,16) size 760x373
  RenderBlock {DIV} at (0,0) size 760x373 [border: (5px solid #800000)]
    RenderMultiColumnSet at (5,5) size 750x8
    RenderBlock {H2} at (5,32) size 750x27 [bgcolor=#EEEEEE]
      RenderText {#text} at (0,0) size 274x26
        text run at (0,0) width 274: "This is a spanning element."
    RenderMultiColumnSet at (5,78) size 750x290
layer at (13,21) size 367x586
  RenderMultiColumnFlowThread at (5,5) size 367x586
    RenderBlock {SPAN} at (0,8) size 367x187 [color=#FFFFFF] [bgcolor=#000000]
      RenderMultiColumnSpannerPlaceholder at (0,0) size 0x0
      RenderBlock (anonymous) at (0,0) size 367x187
        RenderText {#text} at (0,0) size 367x187
          text run at (0,0) width 337: "Lorem ipsum dolor sit amet, consectetuer adipiscing elit."
          text run at (0,17) width 367: "Nulla varius enim ac mi. Curabitur sollicitudin felis quis lectus."
          text run at (0,34) width 362: "Quisque adipiscing rhoncus sem. Proin nulla purus, vulputate"
          text run at (0,51) width 358: "vel, varius ut, euismod et, nisi. Sed vitae felis vel orci sagittis"
          text run at (0,68) width 365: "aliquam. Cras convallis adipiscing sem. Nam nonummy enim."
          text run at (0,85) width 329: "Nullam bibendum lobortis neque. Vestibulum velit orci,"
          text run at (0,102) width 309: "tempus euismod, pretium quis, interdum vitae, nulla."
          text run at (0,119) width 321: "Phasellus eget ante et tortor condimentum vestibulum."
          text run at (0,136) width 360: "Suspendisse hendrerit quam nec felis. Sed varius turpis vitae"
          text run at (0,153) width 350: "pede. Lorem ipsum dolor sit amet, consectetuer adipiscing"
          text run at (0,170) width 21: "elit."
    RenderBlock (anonymous) at (0,211) size 367x375
      RenderText {#text} at (0,0) size 367x188
        text run at (0,0) width 337: "Lorem ipsum dolor sit amet, consectetuer adipiscing elit."
        text run at (0,17) width 367: "Nulla varius enim ac mi. Curabitur sollicitudin felis quis lectus."
        text run at (0,34) width 362: "Quisque adipiscing rhoncus sem. Proin nulla purus, vulputate"
        text run at (0,51) width 358: "vel, varius ut, euismod et, nisi. Sed vitae felis vel orci sagittis"
        text run at (0,68) width 365: "aliquam. Cras convallis adipiscing sem. Nam nonummy enim."
        text run at (0,86) width 329: "Nullam bibendum lobortis neque. Vestibulum velit orci,"
        text run at (0,103) width 309: "tempus euismod, pretium quis, interdum vitae, nulla."
        text run at (0,120) width 321: "Phasellus eget ante et tortor condimentum vestibulum."
        text run at (0,137) width 360: "Suspendisse hendrerit quam nec felis. Sed varius turpis vitae"
        text run at (0,154) width 350: "pede. Lorem ipsum dolor sit amet, consectetuer adipiscing"
        text run at (0,171) width 25: "elit. "
      RenderInline {SPAN} at (0,0) size 40x17
        RenderText {#text} at (25,171) size 40x17
          text run at (25,171) width 40: "Lorem"
      RenderText {#text} at (65,171) size 367x204
        text run at (65,171) width 297: " ipsum dolor sit amet, consectetuer adipiscing elit."
        text run at (0,188) width 367: "Nulla varius enim ac mi. Curabitur sollicitudin felis quis lectus."
        text run at (0,205) width 362: "Quisque adipiscing rhoncus sem. Proin nulla purus, vulputate"
        text run at (0,222) width 358: "vel, varius ut, euismod et, nisi. Sed vitae felis vel orci sagittis"
        text run at (0,239) width 365: "aliquam. Cras convallis adipiscing sem. Nam nonummy enim."
        text run at (0,256) width 329: "Nullam bibendum lobortis neque. Vestibulum velit orci,"
        text run at (0,273) width 309: "tempus euismod, pretium quis, interdum vitae, nulla."
        text run at (0,290) width 321: "Phasellus eget ante et tortor condimentum vestibulum."
        text run at (0,307) width 360: "Suspendisse hendrerit quam nec felis. Sed varius turpis vitae"
        text run at (0,324) width 350: "pede. Lorem ipsum dolor sit amet, consectetuer adipiscing"
        text run at (0,341) width 25: "elit. "
        text run at (25,341) width 337: "Lorem ipsum dolor sit amet, consectetuer adipiscing elit."
        text run at (0,358) width 143: "Nulla varius enim ac mi."
layer at (8,405) size 760x373
  RenderBlock {DIV} at (0,388) size 760x374 [border: (5px solid #800000)]
    RenderMultiColumnSet at (5,5) size 750x289
    RenderBlock {H2} at (5,313) size 750x27 [bgcolor=#EEEEEE]
      RenderText {#text} at (0,0) size 274x26
        text run at (0,0) width 274: "This is a spanning element."
    RenderMultiColumnSet at (5,359) size 750x9
layer at (13,410) size 367x593
  RenderMultiColumnFlowThread at (5,5) size 367x593
    RenderBlock (anonymous) at (0,0) size 367x527
      RenderText {#text} at (0,0) size 367x527
        text run at (0,0) width 337: "Lorem ipsum dolor sit amet, consectetuer adipiscing elit."
        text run at (0,17) width 367: "Nulla varius enim ac mi. Curabitur sollicitudin felis quis lectus."
        text run at (0,34) width 362: "Quisque adipiscing rhoncus sem. Proin nulla purus, vulputate"
        text run at (0,51) width 358: "vel, varius ut, euismod et, nisi. Sed vitae felis vel orci sagittis"
        text run at (0,68) width 365: "aliquam. Cras convallis adipiscing sem. Nam nonummy enim."
        text run at (0,85) width 329: "Nullam bibendum lobortis neque. Vestibulum velit orci,"
        text run at (0,102) width 309: "tempus euismod, pretium quis, interdum vitae, nulla."
        text run at (0,119) width 321: "Phasellus eget ante et tortor condimentum vestibulum."
        text run at (0,136) width 360: "Suspendisse hendrerit quam nec felis. Sed varius turpis vitae"
        text run at (0,153) width 350: "pede. Lorem ipsum dolor sit amet, consectetuer adipiscing"
        text run at (0,170) width 25: "elit. "
        text run at (25,170) width 337: "Lorem ipsum dolor sit amet, consectetuer adipiscing elit."
        text run at (0,187) width 367: "Nulla varius enim ac mi. Curabitur sollicitudin felis quis lectus."
        text run at (0,204) width 362: "Quisque adipiscing rhoncus sem. Proin nulla purus, vulputate"
        text run at (0,221) width 358: "vel, varius ut, euismod et, nisi. Sed vitae felis vel orci sagittis"
        text run at (0,238) width 365: "aliquam. Cras convallis adipiscing sem. Nam nonummy enim."
        text run at (0,255) width 329: "Nullam bibendum lobortis neque. Vestibulum velit orci,"
        text run at (0,272) width 309: "tempus euismod, pretium quis, interdum vitae, nulla."
        text run at (0,289) width 321: "Phasellus eget ante et tortor condimentum vestibulum."
        text run at (0,306) width 360: "Suspendisse hendrerit quam nec felis. Sed varius turpis vitae"
        text run at (0,323) width 350: "pede. Lorem ipsum dolor sit amet, consectetuer adipiscing"
        text run at (0,340) width 25: "elit. "
        text run at (25,340) width 337: "Lorem ipsum dolor sit amet, consectetuer adipiscing elit."
        text run at (0,357) width 367: "Nulla varius enim ac mi. Curabitur sollicitudin felis quis lectus."
        text run at (0,374) width 362: "Quisque adipiscing rhoncus sem. Proin nulla purus, vulputate"
        text run at (0,391) width 358: "vel, varius ut, euismod et, nisi. Sed vitae felis vel orci sagittis"
        text run at (0,408) width 365: "aliquam. Cras convallis adipiscing sem. Nam nonummy enim."
        text run at (0,425) width 329: "Nullam bibendum lobortis neque. Vestibulum velit orci,"
        text run at (0,442) width 309: "tempus euismod, pretium quis, interdum vitae, nulla."
        text run at (0,459) width 321: "Phasellus eget ante et tortor condimentum vestibulum."
        text run at (0,476) width 360: "Suspendisse hendrerit quam nec felis. Sed varius turpis vitae"
        text run at (0,493) width 350: "pede. Lorem ipsum dolor sit amet, consectetuer adipiscing"
        text run at (0,510) width 21: "elit."
    RenderBlock {SPAN} at (0,543) size 367x34 [color=#FFFFFF] [bgcolor=#000000]
      RenderBlock (anonymous) at (0,0) size 367x34
        RenderText {#text} at (0,0) size 337x34
          text run at (0,0) width 337: "Lorem ipsum dolor sit amet, consectetuer adipiscing elit."
          text run at (0,17) width 143: "Nulla varius enim ac mi."
      RenderMultiColumnSpannerPlaceholder at (0,34) size 0x0
layer at (8,794) size 760x421
  RenderBlock {DIV} at (0,777) size 760x423 [border: (5px solid #800000)]
    RenderMultiColumnSet at (5,5) size 750x135
    RenderBlock {H2} at (5,159) size 750x27 [bgcolor=#EEEEEE]
      RenderText {#text} at (0,0) size 274x26
        text run at (0,0) width 274: "This is a spanning element."
    RenderMultiColumnSet at (5,205) size 750x212
layer at (13,799) size 367x667 backgroundClip at (0,0) size 785x1231 clip at (0,0) size 785x1231
  RenderMultiColumnFlowThread at (5,5) size 367x667
    RenderBlock {P} at (0,16) size 367x187
      RenderText {#text} at (0,0) size 367x187
        text run at (0,0) width 337: "Lorem ipsum dolor sit amet, consectetuer adipiscing elit."
        text run at (0,17) width 367: "Nulla varius enim ac mi. Curabitur sollicitudin felis quis lectus."
        text run at (0,34) width 362: "Quisque adipiscing rhoncus sem. Proin nulla purus, vulputate"
        text run at (0,51) width 358: "vel, varius ut, euismod et, nisi. Sed vitae felis vel orci sagittis"
        text run at (0,68) width 365: "aliquam. Cras convallis adipiscing sem. Nam nonummy enim."
        text run at (0,85) width 329: "Nullam bibendum lobortis neque. Vestibulum velit orci,"
        text run at (0,102) width 309: "tempus euismod, pretium quis, interdum vitae, nulla."
        text run at (0,119) width 321: "Phasellus eget ante et tortor condimentum vestibulum."
        text run at (0,136) width 360: "Suspendisse hendrerit quam nec felis. Sed varius turpis vitae"
        text run at (0,153) width 350: "pede. Lorem ipsum dolor sit amet, consectetuer adipiscing"
        text run at (0,170) width 21: "elit."
    RenderBlock {SPAN} at (0,219) size 367x237 [color=#FFFFFF] [bgcolor=#000000]
      RenderBlock (anonymous) at (0,0) size 367x34
        RenderText {#text} at (0,0) size 337x34
          text run at (0,0) width 337: "Lorem ipsum dolor sit amet, consectetuer adipiscing elit."
          text run at (0,17) width 143: "Nulla varius enim ac mi."
      RenderMultiColumnSpannerPlaceholder at (0,34) size 0x0
      RenderBlock {P} at (0,50) size 367x187
        RenderText {#text} at (0,0) size 367x187
          text run at (0,0) width 337: "Lorem ipsum dolor sit amet, consectetuer adipiscing elit."
          text run at (0,17) width 367: "Nulla varius enim ac mi. Curabitur sollicitudin felis quis lectus."
          text run at (0,34) width 362: "Quisque adipiscing rhoncus sem. Proin nulla purus, vulputate"
          text run at (0,51) width 358: "vel, varius ut, euismod et, nisi. Sed vitae felis vel orci sagittis"
          text run at (0,68) width 365: "aliquam. Cras convallis adipiscing sem. Nam nonummy enim."
          text run at (0,85) width 329: "Nullam bibendum lobortis neque. Vestibulum velit orci,"
          text run at (0,102) width 309: "tempus euismod, pretium quis, interdum vitae, nulla."
          text run at (0,119) width 321: "Phasellus eget ante et tortor condimentum vestibulum."
          text run at (0,136) width 360: "Suspendisse hendrerit quam nec felis. Sed varius turpis vitae"
          text run at (0,153) width 350: "pede. Lorem ipsum dolor sit amet, consectetuer adipiscing"
          text run at (0,170) width 21: "elit."
    RenderBlock (anonymous) at (0,464) size 367x187
      RenderText {#text} at (0,0) size 367x187
        text run at (0,0) width 337: "Lorem ipsum dolor sit amet, consectetuer adipiscing elit."
        text run at (0,17) width 367: "Nulla varius enim ac mi. Curabitur sollicitudin felis quis lectus."
        text run at (0,34) width 362: "Quisque adipiscing rhoncus sem. Proin nulla purus, vulputate"
        text run at (0,51) width 358: "vel, varius ut, euismod et, nisi. Sed vitae felis vel orci sagittis"
        text run at (0,68) width 365: "aliquam. Cras convallis adipiscing sem. Nam nonummy enim."
        text run at (0,85) width 329: "Nullam bibendum lobortis neque. Vestibulum velit orci,"
        text run at (0,102) width 309: "tempus euismod, pretium quis, interdum vitae, nulla."
        text run at (0,119) width 321: "Phasellus eget ante et tortor condimentum vestibulum."
        text run at (0,136) width 360: "Suspendisse hendrerit quam nec felis. Sed varius turpis vitae"
        text run at (0,153) width 350: "pede. Lorem ipsum dolor sit amet, consectetuer adipiscing"
        text run at (0,170) width 21: "elit."
    RenderBlock {P} at (0,667) size 367x0
