layer at (0,0) size 785x2179
  RenderView at (0,0) size 785x600
layer at (0,0) size 785x2179
  RenderBlock {HTML} at (0,0) size 785x2179
    RenderBody {BODY} at (8,8) size 769x2155
      RenderBlock (anonymous) at (0,0) size 769x17
        RenderText {#text} at (0,0) size 749x17
          text run at (0,0) width 749: "In this test, all of the spanning elements have their spans turned off dynamically, and so they should just be in the column flow."
        RenderText {#text} at (0,0) size 0x0
layer at (8,41) size 760x316
  RenderBlock {DIV} at (0,33) size 760x316 [border: (5px solid #800000)]
    RenderMultiColumnSet at (5,5) size 750x306
layer at (13,46) size 367x612
  RenderMultiColumnFlowThread at (5,5) size 367x612
    RenderBlock {H2} at (0,19) size 367x27 [bgcolor=#EEEEEE]
      RenderText {#text} at (0,0) size 274x26
        text run at (0,0) width 274: "This is a spanning element."
    RenderBlock (anonymous) at (0,65) size 367x547
      RenderText {#text} at (0,0) size 367x546
        text run at (0,0) width 337: "Lorem ipsum dolor sit amet, consectetuer adipiscing elit."
        text run at (0,17) width 367: "Nulla varius enim ac mi. Curabitur sollicitudin felis quis lectus."
        text run at (0,34) width 362: "Quisque adipiscing rhoncus sem. Proin nulla purus, vulputate"
        text run at (0,51) width 358: "vel, varius ut, euismod et, nisi. Sed vitae felis vel orci sagittis"
        text run at (0,68) width 365: "aliquam. Cras convallis adipiscing sem. Nam nonummy enim."
        text run at (0,85) width 329: "Nullam bibendum lobortis neque. Vestibulum velit orci,"
        text run at (0,102) width 309: "tempus euismod, pretium quis, interdum vitae, nulla."
        text run at (0,119) width 321: "Phasellus eget ante et tortor condimentum vestibulum."
        text run at (0,136) width 360: "Suspendisse hendrerit quam nec felis. Sed varius turpis vitae"
        text run at (0,153) width 350: "pede. Lorem ipsum dolor sit amet, consectetuer adipiscing"
        text run at (0,170) width 25: "elit. "
        text run at (25,170) width 337: "Lorem ipsum dolor sit amet, consectetuer adipiscing elit."
        text run at (0,187) width 367: "Nulla varius enim ac mi. Curabitur sollicitudin felis quis lectus."
        text run at (0,204) width 362: "Quisque adipiscing rhoncus sem. Proin nulla purus, vulputate"
        text run at (0,221) width 358: "vel, varius ut, euismod et, nisi. Sed vitae felis vel orci sagittis"
        text run at (0,240) width 365: "aliquam. Cras convallis adipiscing sem. Nam nonummy enim."
        text run at (0,257) width 329: "Nullam bibendum lobortis neque. Vestibulum velit orci,"
        text run at (0,274) width 309: "tempus euismod, pretium quis, interdum vitae, nulla."
        text run at (0,291) width 321: "Phasellus eget ante et tortor condimentum vestibulum."
        text run at (0,308) width 360: "Suspendisse hendrerit quam nec felis. Sed varius turpis vitae"
        text run at (0,325) width 350: "pede. Lorem ipsum dolor sit amet, consectetuer adipiscing"
        text run at (0,342) width 25: "elit. "
        text run at (25,342) width 337: "Lorem ipsum dolor sit amet, consectetuer adipiscing elit."
        text run at (0,359) width 367: "Nulla varius enim ac mi. Curabitur sollicitudin felis quis lectus."
        text run at (0,376) width 362: "Quisque adipiscing rhoncus sem. Proin nulla purus, vulputate"
        text run at (0,393) width 358: "vel, varius ut, euismod et, nisi. Sed vitae felis vel orci sagittis"
        text run at (0,410) width 365: "aliquam. Cras convallis adipiscing sem. Nam nonummy enim."
        text run at (0,427) width 329: "Nullam bibendum lobortis neque. Vestibulum velit orci,"
        text run at (0,444) width 309: "tempus euismod, pretium quis, interdum vitae, nulla."
        text run at (0,461) width 321: "Phasellus eget ante et tortor condimentum vestibulum."
        text run at (0,478) width 360: "Suspendisse hendrerit quam nec felis. Sed varius turpis vitae"
        text run at (0,495) width 350: "pede. Lorem ipsum dolor sit amet, consectetuer adipiscing"
        text run at (0,512) width 25: "elit. "
        text run at (25,512) width 337: "Lorem ipsum dolor sit amet, consectetuer adipiscing elit."
        text run at (0,529) width 143: "Nulla varius enim ac mi."
layer at (8,373) size 760x316
  RenderBlock {DIV} at (0,365) size 760x316 [border: (5px solid #800000)]
    RenderMultiColumnSet at (5,5) size 750x306
layer at (13,378) size 367x610
  RenderMultiColumnFlowThread at (5,5) size 367x610
    RenderBlock (anonymous) at (0,0) size 367x544
      RenderText {#text} at (0,0) size 367x544
        text run at (0,0) width 337: "Lorem ipsum dolor sit amet, consectetuer adipiscing elit."
        text run at (0,17) width 367: "Nulla varius enim ac mi. Curabitur sollicitudin felis quis lectus."
        text run at (0,34) width 362: "Quisque adipiscing rhoncus sem. Proin nulla purus, vulputate"
        text run at (0,51) width 358: "vel, varius ut, euismod et, nisi. Sed vitae felis vel orci sagittis"
        text run at (0,68) width 365: "aliquam. Cras convallis adipiscing sem. Nam nonummy enim."
        text run at (0,85) width 329: "Nullam bibendum lobortis neque. Vestibulum velit orci,"
        text run at (0,102) width 309: "tempus euismod, pretium quis, interdum vitae, nulla."
        text run at (0,119) width 321: "Phasellus eget ante et tortor condimentum vestibulum."
        text run at (0,136) width 360: "Suspendisse hendrerit quam nec felis. Sed varius turpis vitae"
        text run at (0,153) width 350: "pede. Lorem ipsum dolor sit amet, consectetuer adipiscing"
        text run at (0,170) width 25: "elit. "
        text run at (25,170) width 337: "Lorem ipsum dolor sit amet, consectetuer adipiscing elit."
        text run at (0,187) width 367: "Nulla varius enim ac mi. Curabitur sollicitudin felis quis lectus."
        text run at (0,204) width 362: "Quisque adipiscing rhoncus sem. Proin nulla purus, vulputate"
        text run at (0,221) width 358: "vel, varius ut, euismod et, nisi. Sed vitae felis vel orci sagittis"
        text run at (0,238) width 365: "aliquam. Cras convallis adipiscing sem. Nam nonummy enim."
        text run at (0,255) width 329: "Nullam bibendum lobortis neque. Vestibulum velit orci,"
        text run at (0,272) width 309: "tempus euismod, pretium quis, interdum vitae, nulla."
        text run at (0,289) width 321: "Phasellus eget ante et tortor condimentum vestibulum."
        text run at (0,306) width 360: "Suspendisse hendrerit quam nec felis. Sed varius turpis vitae"
        text run at (0,323) width 350: "pede. Lorem ipsum dolor sit amet, consectetuer adipiscing"
        text run at (0,340) width 25: "elit. "
        text run at (25,340) width 337: "Lorem ipsum dolor sit amet, consectetuer adipiscing elit."
        text run at (0,357) width 367: "Nulla varius enim ac mi. Curabitur sollicitudin felis quis lectus."
        text run at (0,374) width 362: "Quisque adipiscing rhoncus sem. Proin nulla purus, vulputate"
        text run at (0,391) width 358: "vel, varius ut, euismod et, nisi. Sed vitae felis vel orci sagittis"
        text run at (0,408) width 365: "aliquam. Cras convallis adipiscing sem. Nam nonummy enim."
        text run at (0,425) width 329: "Nullam bibendum lobortis neque. Vestibulum velit orci,"
        text run at (0,442) width 309: "tempus euismod, pretium quis, interdum vitae, nulla."
        text run at (0,459) width 321: "Phasellus eget ante et tortor condimentum vestibulum."
        text run at (0,476) width 360: "Suspendisse hendrerit quam nec felis. Sed varius turpis vitae"
        text run at (0,493) width 350: "pede. Lorem ipsum dolor sit amet, consectetuer adipiscing"
        text run at (0,510) width 25: "elit. "
        text run at (25,510) width 337: "Lorem ipsum dolor sit amet, consectetuer adipiscing elit."
        text run at (0,527) width 143: "Nulla varius enim ac mi."
    RenderBlock {H2} at (0,563) size 367x27 [bgcolor=#EEEEEE]
      RenderText {#text} at (0,0) size 274x26
        text run at (0,0) width 274: "This is a spanning element."
layer at (8,705) size 760x347
  RenderBlock {DIV} at (0,697) size 760x347 [border: (5px solid #800000)]
    RenderMultiColumnSet at (5,5) size 750x337
layer at (13,710) size 367x659
  RenderMultiColumnFlowThread at (5,5) size 367x659
    RenderBlock {P} at (0,16) size 367x204
      RenderText {#text} at (0,0) size 367x204
        text run at (0,0) width 337: "Lorem ipsum dolor sit amet, consectetuer adipiscing elit."
        text run at (0,17) width 367: "Nulla varius enim ac mi. Curabitur sollicitudin felis quis lectus."
        text run at (0,34) width 362: "Quisque adipiscing rhoncus sem. Proin nulla purus, vulputate"
        text run at (0,51) width 358: "vel, varius ut, euismod et, nisi. Sed vitae felis vel orci sagittis"
        text run at (0,68) width 365: "aliquam. Cras convallis adipiscing sem. Nam nonummy enim."
        text run at (0,85) width 329: "Nullam bibendum lobortis neque. Vestibulum velit orci,"
        text run at (0,102) width 309: "tempus euismod, pretium quis, interdum vitae, nulla."
        text run at (0,119) width 321: "Phasellus eget ante et tortor condimentum vestibulum."
        text run at (0,136) width 360: "Suspendisse hendrerit quam nec felis. Sed varius turpis vitae"
        text run at (0,153) width 350: "pede. Lorem ipsum dolor sit amet, consectetuer adipiscing"
        text run at (0,170) width 25: "elit. "
        text run at (25,170) width 337: "Lorem ipsum dolor sit amet, consectetuer adipiscing elit."
        text run at (0,187) width 143: "Nulla varius enim ac mi."
    RenderBlock {H2} at (0,239) size 367x27 [bgcolor=#EEEEEE]
      RenderText {#text} at (0,0) size 274x26
        text run at (0,0) width 274: "This is a spanning element."
    RenderBlock {P} at (0,285) size 367x358
      RenderText {#text} at (0,0) size 367x357
        text run at (0,0) width 337: "Lorem ipsum dolor sit amet, consectetuer adipiscing elit."
        text run at (0,17) width 367: "Nulla varius enim ac mi. Curabitur sollicitudin felis quis lectus."
        text run at (0,34) width 362: "Quisque adipiscing rhoncus sem. Proin nulla purus, vulputate"
        text run at (0,51) width 358: "vel, varius ut, euismod et, nisi. Sed vitae felis vel orci sagittis"
        text run at (0,68) width 365: "aliquam. Cras convallis adipiscing sem. Nam nonummy enim."
        text run at (0,85) width 329: "Nullam bibendum lobortis neque. Vestibulum velit orci,"
        text run at (0,102) width 309: "tempus euismod, pretium quis, interdum vitae, nulla."
        text run at (0,119) width 321: "Phasellus eget ante et tortor condimentum vestibulum."
        text run at (0,136) width 360: "Suspendisse hendrerit quam nec felis. Sed varius turpis vitae"
        text run at (0,153) width 350: "pede. Lorem ipsum dolor sit amet, consectetuer adipiscing"
        text run at (0,170) width 25: "elit. "
        text run at (25,170) width 337: "Lorem ipsum dolor sit amet, consectetuer adipiscing elit."
        text run at (0,187) width 367: "Nulla varius enim ac mi. Curabitur sollicitudin felis quis lectus."
        text run at (0,204) width 362: "Quisque adipiscing rhoncus sem. Proin nulla purus, vulputate"
        text run at (0,221) width 358: "vel, varius ut, euismod et, nisi. Sed vitae felis vel orci sagittis"
        text run at (0,238) width 365: "aliquam. Cras convallis adipiscing sem. Nam nonummy enim."
        text run at (0,255) width 329: "Nullam bibendum lobortis neque. Vestibulum velit orci,"
        text run at (0,272) width 309: "tempus euismod, pretium quis, interdum vitae, nulla."
        text run at (0,289) width 321: "Phasellus eget ante et tortor condimentum vestibulum."
        text run at (0,306) width 360: "Suspendisse hendrerit quam nec felis. Sed varius turpis vitae"
        text run at (0,323) width 350: "pede. Lorem ipsum dolor sit amet, consectetuer adipiscing"
        text run at (0,340) width 21: "elit."
layer at (8,1068) size 760x348
  RenderBlock {DIV} at (0,1059) size 760x349 [border: (5px solid #800000)]
    RenderMultiColumnSet at (5,5) size 750x338
layer at (13,1073) size 367x676
  RenderMultiColumnFlowThread at (5,5) size 367x676
    RenderBlock (anonymous) at (0,0) size 367x204
      RenderText {#text} at (0,0) size 367x204
        text run at (0,0) width 337: "Lorem ipsum dolor sit amet, consectetuer adipiscing elit."
        text run at (0,17) width 367: "Nulla varius enim ac mi. Curabitur sollicitudin felis quis lectus."
        text run at (0,34) width 362: "Quisque adipiscing rhoncus sem. Proin nulla purus, vulputate"
        text run at (0,51) width 358: "vel, varius ut, euismod et, nisi. Sed vitae felis vel orci sagittis"
        text run at (0,68) width 365: "aliquam. Cras convallis adipiscing sem. Nam nonummy enim."
        text run at (0,85) width 329: "Nullam bibendum lobortis neque. Vestibulum velit orci,"
        text run at (0,102) width 309: "tempus euismod, pretium quis, interdum vitae, nulla."
        text run at (0,119) width 321: "Phasellus eget ante et tortor condimentum vestibulum."
        text run at (0,136) width 360: "Suspendisse hendrerit quam nec felis. Sed varius turpis vitae"
        text run at (0,153) width 350: "pede. Lorem ipsum dolor sit amet, consectetuer adipiscing"
        text run at (0,170) width 25: "elit. "
        text run at (25,170) width 337: "Lorem ipsum dolor sit amet, consectetuer adipiscing elit."
        text run at (0,187) width 143: "Nulla varius enim ac mi."
    RenderBlock {H2} at (0,223) size 367x27 [bgcolor=#EEEEEE]
      RenderText {#text} at (0,0) size 274x26
        text run at (0,0) width 274: "This is a spanning element."
    RenderBlock (anonymous) at (0,269) size 367x188
      RenderInline {SPAN} at (0,0) size 40x17
        RenderText {#text} at (0,0) size 40x17
          text run at (0,0) width 40: "Lorem"
      RenderText {#text} at (40,0) size 367x187
        text run at (40,0) width 297: " ipsum dolor sit amet, consectetuer adipiscing elit."
        text run at (0,17) width 367: "Nulla varius enim ac mi. Curabitur sollicitudin felis quis lectus."
        text run at (0,34) width 362: "Quisque adipiscing rhoncus sem. Proin nulla purus, vulputate"
        text run at (0,51) width 358: "vel, varius ut, euismod et, nisi. Sed vitae felis vel orci sagittis"
        text run at (0,68) width 365: "aliquam. Cras convallis adipiscing sem. Nam nonummy enim."
        text run at (0,85) width 329: "Nullam bibendum lobortis neque. Vestibulum velit orci,"
        text run at (0,102) width 309: "tempus euismod, pretium quis, interdum vitae, nulla."
        text run at (0,119) width 321: "Phasellus eget ante et tortor condimentum vestibulum."
        text run at (0,136) width 360: "Suspendisse hendrerit quam nec felis. Sed varius turpis vitae"
        text run at (0,153) width 350: "pede. Lorem ipsum dolor sit amet, consectetuer adipiscing"
        text run at (0,170) width 21: "elit."
    RenderBlock {P} at (0,473) size 367x187
      RenderText {#text} at (0,0) size 367x187
        text run at (0,0) width 337: "Lorem ipsum dolor sit amet, consectetuer adipiscing elit."
        text run at (0,17) width 367: "Nulla varius enim ac mi. Curabitur sollicitudin felis quis lectus."
        text run at (0,34) width 362: "Quisque adipiscing rhoncus sem. Proin nulla purus, vulputate"
        text run at (0,51) width 358: "vel, varius ut, euismod et, nisi. Sed vitae felis vel orci sagittis"
        text run at (0,68) width 365: "aliquam. Cras convallis adipiscing sem. Nam nonummy enim."
        text run at (0,85) width 329: "Nullam bibendum lobortis neque. Vestibulum velit orci,"
        text run at (0,102) width 309: "tempus euismod, pretium quis, interdum vitae, nulla."
        text run at (0,119) width 321: "Phasellus eget ante et tortor condimentum vestibulum."
        text run at (0,136) width 360: "Suspendisse hendrerit quam nec felis. Sed varius turpis vitae"
        text run at (0,153) width 350: "pede. Lorem ipsum dolor sit amet, consectetuer adipiscing"
        text run at (0,170) width 21: "elit."
layer at (8,1432) size 760x350
  RenderBlock {DIV} at (0,1423) size 760x351 [border: (5px solid #800000)]
    RenderMultiColumnSet at (5,5) size 750x340
layer at (13,1437) size 367x677
  RenderMultiColumnFlowThread at (5,5) size 367x677
    RenderBlock (anonymous) at (0,0) size 367x187
      RenderInline {SPAN} at (0,0) size 367x187
        RenderText {#text} at (0,0) size 367x187
          text run at (0,0) width 337: "Lorem ipsum dolor sit amet, consectetuer adipiscing elit."
          text run at (0,17) width 367: "Nulla varius enim ac mi. Curabitur sollicitudin felis quis lectus."
          text run at (0,34) width 362: "Quisque adipiscing rhoncus sem. Proin nulla purus, vulputate"
          text run at (0,51) width 358: "vel, varius ut, euismod et, nisi. Sed vitae felis vel orci sagittis"
          text run at (0,68) width 365: "aliquam. Cras convallis adipiscing sem. Nam nonummy enim."
          text run at (0,85) width 329: "Nullam bibendum lobortis neque. Vestibulum velit orci,"
          text run at (0,102) width 309: "tempus euismod, pretium quis, interdum vitae, nulla."
          text run at (0,119) width 321: "Phasellus eget ante et tortor condimentum vestibulum."
          text run at (0,136) width 360: "Suspendisse hendrerit quam nec felis. Sed varius turpis vitae"
          text run at (0,153) width 350: "pede. Lorem ipsum dolor sit amet, consectetuer adipiscing"
          text run at (0,170) width 21: "elit."
    RenderBlock (anonymous) at (0,187) size 367x34
      RenderBlock {SPAN} at (0,0) size 367x34
        RenderText {#text} at (0,0) size 337x34
          text run at (0,0) width 337: "Lorem ipsum dolor sit amet, consectetuer adipiscing elit."
          text run at (0,17) width 143: "Nulla varius enim ac mi."
    RenderBlock (anonymous) at (0,221) size 367x187
      RenderInline {SPAN} at (0,0) size 40x17
        RenderText {#text} at (0,0) size 40x17
          text run at (0,0) width 40: "Lorem"
      RenderText {#text} at (40,0) size 367x187
        text run at (40,0) width 297: " ipsum dolor sit amet, consectetuer adipiscing elit."
        text run at (0,17) width 367: "Nulla varius enim ac mi. Curabitur sollicitudin felis quis lectus."
        text run at (0,34) width 362: "Quisque adipiscing rhoncus sem. Proin nulla purus, vulputate"
        text run at (0,51) width 358: "vel, varius ut, euismod et, nisi. Sed vitae felis vel orci sagittis"
        text run at (0,68) width 365: "aliquam. Cras convallis adipiscing sem. Nam nonummy enim."
        text run at (0,85) width 329: "Nullam bibendum lobortis neque. Vestibulum velit orci,"
        text run at (0,102) width 309: "tempus euismod, pretium quis, interdum vitae, nulla."
        text run at (0,119) width 321: "Phasellus eget ante et tortor condimentum vestibulum."
        text run at (0,136) width 360: "Suspendisse hendrerit quam nec felis. Sed varius turpis vitae"
        text run at (0,153) width 350: "pede. Lorem ipsum dolor sit amet, consectetuer adipiscing"
        text run at (0,170) width 21: "elit."
    RenderBlock {H2} at (0,427) size 367x27 [bgcolor=#EEEEEE]
      RenderText {#text} at (0,0) size 274x26
        text run at (0,0) width 274: "This is a spanning element."
    RenderBlock {P} at (0,473) size 367x188
      RenderText {#text} at (0,0) size 367x187
        text run at (0,0) width 337: "Lorem ipsum dolor sit amet, consectetuer adipiscing elit."
        text run at (0,17) width 367: "Nulla varius enim ac mi. Curabitur sollicitudin felis quis lectus."
        text run at (0,34) width 362: "Quisque adipiscing rhoncus sem. Proin nulla purus, vulputate"
        text run at (0,51) width 358: "vel, varius ut, euismod et, nisi. Sed vitae felis vel orci sagittis"
        text run at (0,68) width 365: "aliquam. Cras convallis adipiscing sem. Nam nonummy enim."
        text run at (0,85) width 329: "Nullam bibendum lobortis neque. Vestibulum velit orci,"
        text run at (0,102) width 309: "tempus euismod, pretium quis, interdum vitae, nulla."
        text run at (0,119) width 321: "Phasellus eget ante et tortor condimentum vestibulum."
        text run at (0,136) width 360: "Suspendisse hendrerit quam nec felis. Sed varius turpis vitae"
        text run at (0,153) width 350: "pede. Lorem ipsum dolor sit amet, consectetuer adipiscing"
        text run at (0,170) width 21: "elit."
layer at (8,1798) size 760x365
  RenderBlock {DIV} at (0,1789) size 760x366 [border: (5px solid #800000)]
    RenderMultiColumnSet at (5,5) size 750x355
layer at (13,1803) size 367x710 backgroundClip at (0,0) size 785x2179 clip at (0,0) size 785x2179
  RenderMultiColumnFlowThread at (5,5) size 367x710
    RenderBlock {P} at (0,16) size 367x187
      RenderText {#text} at (0,0) size 367x187
        text run at (0,0) width 337: "Lorem ipsum dolor sit amet, consectetuer adipiscing elit."
        text run at (0,17) width 367: "Nulla varius enim ac mi. Curabitur sollicitudin felis quis lectus."
        text run at (0,34) width 362: "Quisque adipiscing rhoncus sem. Proin nulla purus, vulputate"
        text run at (0,51) width 358: "vel, varius ut, euismod et, nisi. Sed vitae felis vel orci sagittis"
        text run at (0,68) width 365: "aliquam. Cras convallis adipiscing sem. Nam nonummy enim."
        text run at (0,85) width 329: "Nullam bibendum lobortis neque. Vestibulum velit orci,"
        text run at (0,102) width 309: "tempus euismod, pretium quis, interdum vitae, nulla."
        text run at (0,119) width 321: "Phasellus eget ante et tortor condimentum vestibulum."
        text run at (0,136) width 360: "Suspendisse hendrerit quam nec felis. Sed varius turpis vitae"
        text run at (0,153) width 350: "pede. Lorem ipsum dolor sit amet, consectetuer adipiscing"
        text run at (0,170) width 21: "elit."
    RenderBlock {P} at (0,219) size 367x34
      RenderText {#text} at (0,0) size 337x34
        text run at (0,0) width 337: "Lorem ipsum dolor sit amet, consectetuer adipiscing elit."
        text run at (0,17) width 143: "Nulla varius enim ac mi."
    RenderBlock {P} at (0,269) size 367x188
      RenderText {#text} at (0,0) size 367x188
        text run at (0,0) width 337: "Lorem ipsum dolor sit amet, consectetuer adipiscing elit."
        text run at (0,17) width 367: "Nulla varius enim ac mi. Curabitur sollicitudin felis quis lectus."
        text run at (0,34) width 362: "Quisque adipiscing rhoncus sem. Proin nulla purus, vulputate"
        text run at (0,51) width 358: "vel, varius ut, euismod et, nisi. Sed vitae felis vel orci sagittis"
        text run at (0,68) width 365: "aliquam. Cras convallis adipiscing sem. Nam nonummy enim."
        text run at (0,86) width 329: "Nullam bibendum lobortis neque. Vestibulum velit orci,"
        text run at (0,103) width 309: "tempus euismod, pretium quis, interdum vitae, nulla."
        text run at (0,120) width 321: "Phasellus eget ante et tortor condimentum vestibulum."
        text run at (0,137) width 360: "Suspendisse hendrerit quam nec felis. Sed varius turpis vitae"
        text run at (0,154) width 350: "pede. Lorem ipsum dolor sit amet, consectetuer adipiscing"
        text run at (0,171) width 21: "elit."
    RenderBlock {H2} at (0,476) size 367x27 [bgcolor=#EEEEEE]
      RenderText {#text} at (0,0) size 274x26
        text run at (0,0) width 274: "This is a spanning element."
    RenderBlock (anonymous) at (0,522) size 367x18
      RenderInline {SPAN} at (0,0) size 337x17
        RenderText {#text} at (0,0) size 337x17
          text run at (0,0) width 337: "Lorem ipsum dolor sit amet, consectetuer adipiscing elit."
    RenderBlock (anonymous) at (0,539) size 367x18
      RenderBlock {SPAN} at (0,0) size 367x17
        RenderText {#text} at (0,0) size 143x17
          text run at (0,0) width 143: "Nulla varius enim ac mi."
    RenderBlock (anonymous) at (0,556) size 367x154
      RenderInline {SPAN} at (0,0) size 364x153
        RenderText {#text} at (0,0) size 364x153
          text run at (0,0) width 337: "Curabitur sollicitudin felis quis lectus. Quisque adipiscing"
          text run at (0,17) width 328: "rhoncus sem. Proin nulla purus, vulputate vel, varius ut,"
          text run at (0,34) width 362: "euismod et, nisi. Sed vitae felis vel orci sagittis aliquam. Cras"
          text run at (0,51) width 325: "convallis adipiscing sem. Nam nonummy enim. Nullam"
          text run at (0,68) width 329: "bibendum lobortis neque. Vestibulum velit orci, tempus"
          text run at (0,85) width 350: "euismod, pretium quis, interdum vitae, nulla. Phasellus eget"
          text run at (0,102) width 311: "ante et tortor condimentum vestibulum. Suspendisse"
          text run at (0,119) width 364: "hendrerit quam nec felis. Sed varius turpis vitae pede. Lorem"
          text run at (0,136) width 293: "ipsum dolor sit amet, consectetuer adipiscing elit."
      RenderText {#text} at (0,0) size 0x0
